Archive member included to satisfy reference by file (symbol)

C:/PROGRA~2/ARMGNU~1/13C7F1~1.2RE/bin/../lib/gcc/arm-none-eabi/13.2.1/thumb/v7e-m+fp/hard\libgcc.a(_arm_addsubdf3.o)
                              CMakeFiles\ddd.dir\src\main.c.obj (__aeabi_dsub)
C:/PROGRA~2/ARMGNU~1/13C7F1~1.2RE/bin/../lib/gcc/arm-none-eabi/13.2.1/thumb/v7e-m+fp/hard\libgcc.a(_arm_fixdfsi.o)
                              CMakeFiles\ddd.dir\src\main.c.obj (__aeabi_d2iz)
C:/PROGRA~2/ARMGNU~1/13C7F1~1.2RE/bin/../lib/gcc/arm-none-eabi/13.2.1/thumb/v7e-m+fp/hard\libgcc.a(_arm_truncdfsf2.o)
                              CMakeFiles\ddd.dir\src\main.c.obj (__aeabi_d2f)
C:/PROGRA~2/ARMGNU~1/13C7F1~1.2RE/bin/../lib/gcc/arm-none-eabi/13.2.1/thumb/v7e-m+fp/hard\libg.a(libc_a-itoa.o)
                              CMakeFiles\ddd.dir\src\main.c.obj (itoa)
C:/PROGRA~2/ARMGNU~1/13C7F1~1.2RE/bin/../lib/gcc/arm-none-eabi/13.2.1/thumb/v7e-m+fp/hard\libg.a(libc_a-malloc.o)
                              CMakeFiles\ddd.dir\src\main.c.obj (malloc)
C:/PROGRA~2/ARMGNU~1/13C7F1~1.2RE/bin/../lib/gcc/arm-none-eabi/13.2.1/thumb/v7e-m+fp/hard\libg.a(libc_a-utoa.o)
                              C:/PROGRA~2/ARMGNU~1/13C7F1~1.2RE/bin/../lib/gcc/arm-none-eabi/13.2.1/thumb/v7e-m+fp/hard\libg.a(libc_a-itoa.o) (__utoa)
C:/PROGRA~2/ARMGNU~1/13C7F1~1.2RE/bin/../lib/gcc/arm-none-eabi/13.2.1/thumb/v7e-m+fp/hard\libg.a(libc_a-qsort.o)
                              CMakeFiles\ddd.dir\engine\render.c.obj (qsort)
C:/PROGRA~2/ARMGNU~1/13C7F1~1.2RE/bin/../lib/gcc/arm-none-eabi/13.2.1/thumb/v7e-m+fp/hard\libg.a(libc_a-memmove.o)
                              CMakeFiles\ddd.dir\src\main.c.obj (memmove)
C:/PROGRA~2/ARMGNU~1/13C7F1~1.2RE/bin/../lib/gcc/arm-none-eabi/13.2.1/thumb/v7e-m+fp/hard\libg.a(libc_a-memset.o)
                              CMakeFiles\ddd.dir\engine\3dmath.c.obj (memset)
C:/PROGRA~2/ARMGNU~1/13C7F1~1.2RE/bin/../lib/gcc/arm-none-eabi/13.2.1/thumb/v7e-m+fp/hard\libg.a(libc_a-stpcpy.o)
                              CMakeFiles\ddd.dir\src\main.c.obj (stpcpy)
C:/PROGRA~2/ARMGNU~1/13C7F1~1.2RE/bin/../lib/gcc/arm-none-eabi/13.2.1/thumb/v7e-m+fp/hard\libg.a(libc_a-impure.o)
                              C:/PROGRA~2/ARMGNU~1/13C7F1~1.2RE/bin/../lib/gcc/arm-none-eabi/13.2.1/thumb/v7e-m+fp/hard\libg.a(libc_a-malloc.o) (_impure_ptr)
C:/PROGRA~2/ARMGNU~1/13C7F1~1.2RE/bin/../lib/gcc/arm-none-eabi/13.2.1/thumb/v7e-m+fp/hard\libg.a(libc_a-strcpy.o)
                              CMakeFiles\ddd.dir\src\main.c.obj (strcpy)
C:/PROGRA~2/ARMGNU~1/13C7F1~1.2RE/bin/../lib/gcc/arm-none-eabi/13.2.1/thumb/v7e-m+fp/hard\libg.a(libc_a-strlen.o)
                              CMakeFiles\ddd.dir\src\main.c.obj (strlen)
C:/PROGRA~2/ARMGNU~1/13C7F1~1.2RE/bin/../lib/gcc/arm-none-eabi/13.2.1/thumb/v7e-m+fp/hard\libg.a(libc_a-findfp.o)
                              C:/PROGRA~2/ARMGNU~1/13C7F1~1.2RE/bin/../lib/gcc/arm-none-eabi/13.2.1/thumb/v7e-m+fp/hard\libg.a(libc_a-impure.o) (__sf)
C:/PROGRA~2/ARMGNU~1/13C7F1~1.2RE/bin/../lib/gcc/arm-none-eabi/13.2.1/thumb/v7e-m+fp/hard\libg.a(libc_a-fwalk.o)
                              C:/PROGRA~2/ARMGNU~1/13C7F1~1.2RE/bin/../lib/gcc/arm-none-eabi/13.2.1/thumb/v7e-m+fp/hard\libg.a(libc_a-findfp.o) (_fwalk_sglue)
C:/PROGRA~2/ARMGNU~1/13C7F1~1.2RE/bin/../lib/gcc/arm-none-eabi/13.2.1/thumb/v7e-m+fp/hard\libg.a(libc_a-stdio.o)
                              C:/PROGRA~2/ARMGNU~1/13C7F1~1.2RE/bin/../lib/gcc/arm-none-eabi/13.2.1/thumb/v7e-m+fp/hard\libg.a(libc_a-findfp.o) (__sread)
C:/PROGRA~2/ARMGNU~1/13C7F1~1.2RE/bin/../lib/gcc/arm-none-eabi/13.2.1/thumb/v7e-m+fp/hard\libg.a(libc_a-closer.o)
                              C:/PROGRA~2/ARMGNU~1/13C7F1~1.2RE/bin/../lib/gcc/arm-none-eabi/13.2.1/thumb/v7e-m+fp/hard\libg.a(libc_a-stdio.o) (_close_r)
C:/PROGRA~2/ARMGNU~1/13C7F1~1.2RE/bin/../lib/gcc/arm-none-eabi/13.2.1/thumb/v7e-m+fp/hard\libg.a(libc_a-reent.o)
                              C:/PROGRA~2/ARMGNU~1/13C7F1~1.2RE/bin/../lib/gcc/arm-none-eabi/13.2.1/thumb/v7e-m+fp/hard\libg.a(libc_a-closer.o) (errno)
C:/PROGRA~2/ARMGNU~1/13C7F1~1.2RE/bin/../lib/gcc/arm-none-eabi/13.2.1/thumb/v7e-m+fp/hard\libg.a(libc_a-lseekr.o)
                              C:/PROGRA~2/ARMGNU~1/13C7F1~1.2RE/bin/../lib/gcc/arm-none-eabi/13.2.1/thumb/v7e-m+fp/hard\libg.a(libc_a-stdio.o) (_lseek_r)
C:/PROGRA~2/ARMGNU~1/13C7F1~1.2RE/bin/../lib/gcc/arm-none-eabi/13.2.1/thumb/v7e-m+fp/hard\libg.a(libc_a-readr.o)
                              C:/PROGRA~2/ARMGNU~1/13C7F1~1.2RE/bin/../lib/gcc/arm-none-eabi/13.2.1/thumb/v7e-m+fp/hard\libg.a(libc_a-stdio.o) (_read_r)
C:/PROGRA~2/ARMGNU~1/13C7F1~1.2RE/bin/../lib/gcc/arm-none-eabi/13.2.1/thumb/v7e-m+fp/hard\libg.a(libc_a-writer.o)
                              C:/PROGRA~2/ARMGNU~1/13C7F1~1.2RE/bin/../lib/gcc/arm-none-eabi/13.2.1/thumb/v7e-m+fp/hard\libg.a(libc_a-stdio.o) (_write_r)
C:/PROGRA~2/ARMGNU~1/13C7F1~1.2RE/bin/../lib/gcc/arm-none-eabi/13.2.1/thumb/v7e-m+fp/hard\libg.a(libc_a-lock.o)
[...]
Memory Configuration

Name             Origin             Length             Attributes
*default*        0x00000000         0xffffffff

Linker script and memory map

LOAD CMakeFiles\ddd.dir\src\main.c.obj
LOAD CMakeFiles\ddd.dir\engine\3dmath.c.obj
LOAD CMakeFiles\ddd.dir\engine\actor.c.obj
LOAD CMakeFiles\ddd.dir\engine\camera.c.obj
LOAD CMakeFiles\ddd.dir\engine\fsm.c.obj
LOAD CMakeFiles\ddd.dir\engine\quaternion.c.obj
LOAD CMakeFiles\ddd.dir\engine\render.c.obj
LOAD CMakeFiles\ddd.dir\engine\scene.c.obj
LOAD CMakeFiles\ddd.dir\engine\symbols.c.obj
LOAD CMakeFiles\ddd.dir\C_\Users\shrin\Documents\PlaydateSDK\C_API\buildsupport\setup.c.obj
START GROUP
LOAD C:/PROGRA~2/ARMGNU~1/13C7F1~1.2RE/bin/../lib/gcc/arm-none-eabi/13.2.1/thumb/v7e-m+fp/hard\libgcc.a
LOAD C:/PROGRA~2/ARMGNU~1/13C7F1~1.2RE/bin/../lib/gcc/arm-none-eabi/13.2.1/thumb/v7e-m+fp/hard\libg.a
LOAD C:/PROGRA~2/ARMGNU~1/13C7F1~1.2RE/bin/../lib/gcc/arm-none-eabi/13.2.1/thumb/v7e-m+fp/hard\libc.a
END GROUP
START GROUP
LOAD C:/PROGRA~2/ARMGNU~1/13C7F1~1.2RE/bin/../lib/gcc/arm-none-eabi/13.2.1/thumb/v7e-m+fp/hard\libgcc.a
LOAD C:/PROGRA~2/ARMGNU~1/13C7F1~1.2RE/bin/../lib/gcc/arm-none-eabi/13.2.1/thumb/v7e-m+fp/hard\libc.a
LOAD C:/PROGRA~2/ARMGNU~1/13C7F1~1.2RE/bin/../lib/gcc/arm-none-eabi/13.2.1/thumb/v7e-m+fp/hard\libm.a
END GROUP

.text           0x00000000     0x5f5c
 *(.text)
 .text          0x00000000      0x378 C:/PROGRA~2/ARMGNU~1/13C7F1~1.2RE/bin/../lib/gcc/arm-none-eabi/13.2.1/thumb/v7e-m+fp/hard\libgcc.a(_arm_addsubdf3.o)
                0x00000000                __aeabi_drsub
                0x00000008                __aeabi_dsub
                0x00000008                __subdf3
                0x0000000c                __aeabi_dadd
                0x0000000c                __adddf3
                0x00000284                __floatunsidf
                0x00000284                __aeabi_ui2d
                0x000002a4                __floatsidf
                0x000002a4                __aeabi_i2d
                0x000002c8                __aeabi_f2d
                0x000002c8                __extendsfdf2
                0x0000030c                __floatundidf
                0x0000030c                __aeabi_ul2d
                0x0000031c                __floatdidf
                0x0000031c                __aeabi_l2d
 .text          0x00000378       0x50 C:/PROGRA~2/ARMGNU~1/13C7F1~1.2RE/bin/../lib/gcc/arm-none-eabi/13.2.1/thumb/v7e-m+fp/hard\libgcc.a(_arm_fixdfsi.o)
                0x00000378                __aeabi_d2iz
                0x00000378                __fixdfsi
 .text          0x000003c8       0xa0 C:/PROGRA~2/ARMGNU~1/13C7F1~1.2RE/bin/../lib/gcc/arm-none-eabi/13.2.1/thumb/v7e-m+fp/hard\libgcc.a(_arm_truncdfsf2.o)
                0x000003c8                __truncdfsf2
                0x000003c8                __aeabi_d2f
 *fill*         0x00000468       0x18 
 .text          0x00000480       0xd8 C:/PROGRA~2/ARMGNU~1/13C7F1~1.2RE/bin/../lib/gcc/arm-none-eabi/13.2.1/thumb/v7e-m+fp/hard\libg.a(libc_a-strlen.o)
                0x00000480                strlen
 .text          0x00000558      0x110 C:/PROGRA~2/ARMGNU~1/13C7F1~1.2RE/bin/../lib/gcc/arm-none-eabi/13.2.1/thumb/v7e-m+fp/hard\libgcc.a(_arm_cmpdf2.o)
                0x00000558                __gtdf2
                0x00000558                __gedf2
                0x00000560                __ltdf2
                0x00000560                __ledf2
                0x00000568                __nedf2
                0x00000568                __eqdf2
                0x00000568                __cmpdf2
                0x000005e4                __aeabi_cdrcmple
                0x000005f4                __aeabi_cdcmpeq
                0x000005f4                __aeabi_cdcmple
                0x00000604                __aeabi_dcmpeq
                0x00000618                __aeabi_dcmplt
                0x0000062c                __aeabi_dcmple
                0x00000640                __aeabi_dcmpge
                0x00000654                __aeabi_dcmpgt
 *(.text.*)
 *fill*         0x00000668        0x8 
 .text.lte      0x00000670       0x20 CMakeFiles\ddd.dir\src\main.c.obj
                0x00000670                lte
 .text.gte      0x00000690       0x1c CMakeFiles\ddd.dir\src\main.c.obj
                0x00000690                gte
 *fill*         0x000006ac        0x4 
 .text.lure_update_descend
                0x000006b0       0x30 CMakeFiles\ddd.dir\src\main.c.obj
                0x000006b0                lure_update_descend
 .text.lure_move_ascend
                0x000006e0       0x3c CMakeFiles\ddd.dir\src\main.c.obj
                0x000006e0                lure_move_ascend
 *fill*         0x0000071c        0x4 
 .text.fsm_fishing_cast_to_reeling
                0x00000720       0xa4 CMakeFiles\ddd.dir\src\main.c.obj
                0x00000720                fsm_fishing_cast_to_reeling
 *fill*         0x000007c4        0xc 
 .text.fsm_fishing_reeling_to_cast
                0x000007d0       0x44 CMakeFiles\ddd.dir\src\main.c.obj
                0x000007d0                fsm_fishing_reeling_to_cast
 *fill*         0x00000814        0xc 
 .text.fsm_fishing_init
                0x00000820       0x1c CMakeFiles\ddd.dir\src\main.c.obj
                0x00000820                fsm_fishing_init
 *fill*         0x0000083c        0x4 
 .text.underwater_update
                0x00000840        0x4 CMakeFiles\ddd.dir\src\main.c.obj
                0x00000840                underwater_update
 *fill*         0x00000844        0xc 
 .text.pattern_fit_default
                0x00000850      0x1e0 CMakeFiles\ddd.dir\src\main.c.obj
                0x00000850                pattern_fit_default
 .text.fish_update
                0x00000a30       0x78 CMakeFiles\ddd.dir\src\main.c.obj
                0x00000a30                fish_update
 *fill*         0x00000aa8        0x8 
 .text.lake_update
                0x00000ab0      0x134 CMakeFiles\ddd.dir\src\main.c.obj
                0x00000ab0                lake_update
 *fill*         0x00000be4        0xc 
 .text.underwater_camera_update
                0x00000bf0       0xb4 CMakeFiles\ddd.dir\src\main.c.obj
                0x00000bf0                underwater_camera_update
 *fill*         0x00000ca4        0xc 
 .text.lake_draw
                0x00000cb0       0x1c CMakeFiles\ddd.dir\src\main.c.obj
                0x00000cb0                lake_draw
 *fill*         0x00000ccc        0x4 
 .text.fsm_fishing_update
                0x00000cd0       0x14 CMakeFiles\ddd.dir\src\main.c.obj
                0x00000cd0                fsm_fishing_update
 *fill*         0x00000ce4        0xc 
 .text.underwater_draw
                0x00000cf0        0x4 CMakeFiles\ddd.dir\src\main.c.obj
                0x00000cf0                underwater_draw
 *fill*         0x00000cf4        0xc 
 .text.fish_vertShader
                0x00000d00       0x60 CMakeFiles\ddd.dir\src\main.c.obj
                0x00000d00                fish_vertShader
 .text.playdate_getCrankTicks
                0x00000d60       0xd4 CMakeFiles\ddd.dir\src\main.c.obj
                0x00000d60                playdate_getCrankTicks
 *fill*         0x00000e34        0xc 
 .text.lure_update
                0x00000e40      0x140 CMakeFiles\ddd.dir\src\main.c.obj
                0x00000e40                lure_update
 .text.ticker_add
                0x00000f80       0xc0 CMakeFiles\ddd.dir\src\main.c.obj
                0x00000f80                ticker_add
 .text.fishing_scene_init
                0x00001040      0x10c CMakeFiles\ddd.dir\src\main.c.obj
                0x00001040                fishing_scene_init
 *fill*         0x0000114c        0x4 
 .text.ticker_clear_first
                0x00001150      0x164 CMakeFiles\ddd.dir\src\main.c.obj
                0x00001150                ticker_clear_first
 *fill*         0x000012b4        0xc 
 .text.ui_news_ticker
                0x000012c0       0xdc CMakeFiles\ddd.dir\src\main.c.obj
                0x000012c0                ui_news_ticker
 *fill*         0x0000139c        0x4 
 .text.ui_fish_name
                0x000013a0       0x7c CMakeFiles\ddd.dir\src\main.c.obj
                0x000013a0                ui_fish_name
 *fill*         0x0000141c        0x4 
 .text.ui_depth
                0x00001420      0x210 CMakeFiles\ddd.dir\src\main.c.obj
                0x00001420                ui_depth
 .text.ui_yards
                0x00001630      0x144 CMakeFiles\ddd.dir\src\main.c.obj
                0x00001630                ui_yards
 *fill*         0x00001774        0xc 
 .text.ui_tension
                0x00001780      0x264 CMakeFiles\ddd.dir\src\main.c.obj
                0x00001780                ui_tension
 *fill*         0x000019e4        0xc 
 .text.lake_postdraw
                0x000019f0       0x28 CMakeFiles\ddd.dir\src\main.c.obj
                0x000019f0                lake_postdraw
 *fill*         0x00001a18        0x8 
 .text.underwater_postdraw
                0x00001a20       0x34 CMakeFiles\ddd.dir\src\main.c.obj
                0x00001a20                underwater_postdraw
 *fill*         0x00001a54        0xc 
 .text.shift_crank_buffer
                0x00001a60      0x108 CMakeFiles\ddd.dir\src\main.c.obj
                0x00001a60                shift_crank_buffer
 *fill*         0x00001b68        0x8 
 .text.fishing_scene_update
                0x00001b70      0x228 CMakeFiles\ddd.dir\src\main.c.obj
                0x00001b70                fishing_scene_update
 *fill*         0x00001d98        0x8 
 .text.camera_init
                0x00001da0       0xbc CMakeFiles\ddd.dir\src\main.c.obj
                0x00001da0                camera_init
 *fill*         0x00001e5c        0x4 
 .text.eventHandler
                0x00001e60      0x174 CMakeFiles\ddd.dir\src\main.c.obj
                0x00001e60                eventHandler
 *fill*         0x00001fd4        0xc 
 .text.camera_update
                0x00001fe0       0xe0 CMakeFiles\ddd.dir\src\main.c.obj
                0x00001fe0                camera_update
 .text.update   0x000020c0      0x140 CMakeFiles\ddd.dir\src\main.c.obj
 .text.Vector3_dot
                0x00002200       0x18 CMakeFiles\ddd.dir\engine\3dmath.c.obj
                0x00002200                Vector3_dot
 *fill*         0x00002218        0x8 
 .text.Vector3_lengthSquared
                0x00002220       0x1c CMakeFiles\ddd.dir\engine\3dmath.c.obj
                0x00002220                Vector3_lengthSquared
 *fill*         0x0000223c        0x4 
 .text.Vector3_subtract
                0x00002240       0x2c CMakeFiles\ddd.dir\engine\3dmath.c.obj
                0x00002240                Vector3_subtract
 *fill*         0x0000226c        0x4 
 .text.Vector3_multiplyScalar
                0x00002270       0x20 CMakeFiles\ddd.dir\engine\3dmath.c.obj
                0x00002270                Vector3_multiplyScalar
 .text.Vector3_normalize
                0x00002290       0x24 CMakeFiles\ddd.dir\engine\3dmath.c.obj
                0x00002290                Vector3_normalize
 *fill*         0x000022b4        0xc 
 .text.pnormal  0x000022c0       0x78 CMakeFiles\ddd.dir\engine\3dmath.c.obj
                0x000022c0                pnormal
 *fill*         0x00002338        0x8 
 .text.Vector3_lerp
                0x00002340       0x68 CMakeFiles\ddd.dir\engine\3dmath.c.obj
                0x00002340                Vector3_lerp
 *fill*         0x000023a8        0x8 
 .text.Matrix3_multiply
                0x000023b0      0x158 CMakeFiles\ddd.dir\engine\3dmath.c.obj
                0x000023b0                Matrix3_multiply
 *fill*         0x00002508        0x8 
 .text.Matrix3_apply
                0x00002510       0x74 CMakeFiles\ddd.dir\engine\3dmath.c.obj
                0x00002510                Matrix3_apply
 *fill*         0x00002584        0xc 
 .text.PTR_Matrix3_apply
                0x00002590       0x7c CMakeFiles\ddd.dir\engine\3dmath.c.obj
                0x00002590                PTR_Matrix3_apply
 *fill*         0x0000260c        0x4 
 .text.Matrix3_getRotationX
                0x00002610       0x4c CMakeFiles\ddd.dir\engine\3dmath.c.obj
                0x00002610                Matrix3_getRotationX
 *fill*         0x0000265c        0x4 
 .text.Matrix3_getRotationY
                0x00002660       0x4c CMakeFiles\ddd.dir\engine\3dmath.c.obj
                0x00002660                Matrix3_getRotationY
 *fill*         0x000026ac        0x4 
 .text.Matrix3_getRotationZ
                0x000026b0       0x50 CMakeFiles\ddd.dir\engine\3dmath.c.obj
                0x000026b0                Matrix3_getRotationZ
 .text.Matrix3_lookAt
                0x00002700       0xd0 CMakeFiles\ddd.dir\engine\3dmath.c.obj
                0x00002700                Matrix3_lookAt
 .text.Matrix4_getQuaternionTransform
                0x000027d0       0xf0 CMakeFiles\ddd.dir\engine\3dmath.c.obj
                0x000027d0                Matrix4_getQuaternionTransform
 .text.Matrix4_getMatrixTransform
                0x000028c0       0x9c CMakeFiles\ddd.dir\engine\3dmath.c.obj
                0x000028c0                Matrix4_getMatrixTransform
 *fill*         0x0000295c        0x4 
 .text.Matrix4_apply
                0x00002960       0xac CMakeFiles\ddd.dir\engine\3dmath.c.obj
                0x00002960                Matrix4_apply
 *fill*         0x00002a0c        0x4 
 .text.PTR_Matrix4_apply
                0x00002a10       0xb4 CMakeFiles\ddd.dir\engine\3dmath.c.obj
                0x00002a10                PTR_Matrix4_apply
 *fill*         0x00002ac4        0xc 
 .text.Quaternion_fromVector3
                0x00002ad0       0xe0 CMakeFiles\ddd.dir\engine\3dmath.c.obj
                0x00002ad0                Quaternion_fromVector3
 .text.Actor_updateTransform
                0x00002bb0      0x118 CMakeFiles\ddd.dir\engine\actor.c.obj
                0x00002bb0                Actor_updateTransform
 *fill*         0x00002cc8        0x8 
 .text.Camera_getProjectionMatrix
                0x00002cd0       0x6c CMakeFiles\ddd.dir\engine\camera.c.obj
                0x00002cd0                Camera_getProjectionMatrix
 *fill*         0x00002d3c        0x4 
 .text.Camera_worldToScreenPos
                0x00002d40       0x38 CMakeFiles\ddd.dir\engine\camera.c.obj
                0x00002d40                Camera_worldToScreenPos
 *fill*         0x00002d78        0x8 
 .text.PTR_Camera_worldToScreenPos
                0x00002d80       0x4c CMakeFiles\ddd.dir\engine\camera.c.obj
                0x00002d80                PTR_Camera_worldToScreenPos
 *fill*         0x00002dcc        0x4 
 .text.Camera_getRotationMatrix
                0x00002dd0       0xcc CMakeFiles\ddd.dir\engine\camera.c.obj
                0x00002dd0                Camera_getRotationMatrix
 *fill*         0x00002e9c        0x4 
 .text.LookTarget_setTarget
                0x00002ea0       0x24 CMakeFiles\ddd.dir\engine\camera.c.obj
                0x00002ea0                LookTarget_setTarget
 *fill*         0x00002ec4        0xc 
 .text.LookTarget_tick
                0x00002ed0       0x90 CMakeFiles\ddd.dir\engine\camera.c.obj
                0x00002ed0                LookTarget_tick
 .text.fsm_set_state
                0x00002f60       0x20 CMakeFiles\ddd.dir\engine\fsm.c.obj
                0x00002f60                fsm_set_state
 .text.compare_zdepth
                0x00002f80       0x18 CMakeFiles\ddd.dir\engine\render.c.obj
                0x00002f80                compare_zdepth
 *fill*         0x00002f98        0x8 
 .text.Line_worldDraw
                0x00002fa0      0x128 CMakeFiles\ddd.dir\engine\render.c.obj
                0x00002fa0                Line_worldDraw
 *fill*         0x000030c8        0x8 
 .text.YPlane_render
                0x000030d0       0xf0 CMakeFiles\ddd.dir\engine\render.c.obj
                0x000030d0                YPlane_render
 .text.sortTri  0x000031c0       0x78 CMakeFiles\ddd.dir\engine\render.c.obj
                0x000031c0                sortTri
 *fill*         0x00003238        0x8 
 .text.api_drawFragment
                0x00003240       0xf4 CMakeFiles\ddd.dir\engine\render.c.obj
                0x00003240                api_drawFragment
 *fill*         0x00003334        0xc 
 .text.api_fillRange
                0x00003340       0xc0 CMakeFiles\ddd.dir\engine\render.c.obj
                0x00003340                api_fillRange
 .text.api_fillTriangle
                0x00003400      0x210 CMakeFiles\ddd.dir\engine\render.c.obj
                0x00003400                api_fillTriangle
 .text.Actor_drawMesh
                0x00003610      0x414 CMakeFiles\ddd.dir\engine\render.c.obj
                0x00003610                Actor_drawMesh
 *fill*         0x00003a24        0xc 
 .text.Scene_update
                0x00003a30       0xa0 CMakeFiles\ddd.dir\engine\scene.c.obj
                0x00003a30                Scene_update
 .text.Vector3_make
                0x00003ad0        0x8 CMakeFiles\ddd.dir\engine\symbols.c.obj
                0x00003ad0                Vector3_make
 *fill*         0x00003ad8        0x8 
 .text.eventHandlerShim
                0x00003ae0       0x1c CMakeFiles\ddd.dir\C_\Users\shrin\Documents\PlaydateSDK\C_API\buildsupport\setup.c.obj
                0x00003ae0                eventHandlerShim
 *fill*         0x00003afc        0x4 
 .text._malloc_r
                0x00003b00        0xc CMakeFiles\ddd.dir\C_\Users\shrin\Documents\PlaydateSDK\C_API\buildsupport\setup.c.obj
                0x00003b00                _malloc_r
 .text.itoa     0x00003b0c       0x2c C:/PROGRA~2/ARMGNU~1/13C7F1~1.2RE/bin/../lib/gcc/arm-none-eabi/13.2.1/thumb/v7e-m+fp/hard\libg.a(libc_a-itoa.o)
                0x00003b0c                itoa
 .text.malloc   0x00003b38       0x10 C:/PROGRA~2/ARMGNU~1/13C7F1~1.2RE/bin/../lib/gcc/arm-none-eabi/13.2.1/thumb/v7e-m+fp/hard\libg.a(libc_a-malloc.o)
                0x00003b38                malloc
 .text.__utoa   0x00003b48       0x9c C:/PROGRA~2/ARMGNU~1/13C7F1~1.2RE/bin/../lib/gcc/arm-none-eabi/13.2.1/thumb/v7e-m+fp/hard\libg.a(libc_a-utoa.o)
                0x00003b48                __utoa
 .text.qsort    0x00003be4      0x628 C:/PROGRA~2/ARMGNU~1/13C7F1~1.2RE/bin/../lib/gcc/arm-none-eabi/13.2.1/thumb/v7e-m+fp/hard\libg.a(libc_a-qsort.o)
                0x00003be4                qsort
 .text.memmove  0x0000420c      0x100 C:/PROGRA~2/ARMGNU~1/13C7F1~1.2RE/bin/../lib/gcc/arm-none-eabi/13.2.1/thumb/v7e-m+fp/hard\libg.a(libc_a-memmove.o)
                0x0000420c                memmove
 .text.memset   0x0000430c       0xa4 C:/PROGRA~2/ARMGNU~1/13C7F1~1.2RE/bin/../lib/gcc/arm-none-eabi/13.2.1/thumb/v7e-m+fp/hard\libg.a(libc_a-memset.o)
                0x0000430c                memset
 .text.stpcpy   0x000043b0       0x48 C:/PROGRA~2/ARMGNU~1/13C7F1~1.2RE/bin/../lib/gcc/arm-none-eabi/13.2.1/thumb/v7e-m+fp/hard\libg.a(libc_a-stpcpy.o)
                0x000043b0                stpcpy
 .text.strcpy   0x000043f8       0xbc C:/PROGRA~2/ARMGNU~1/13C7F1~1.2RE/bin/../lib/gcc/arm-none-eabi/13.2.1/thumb/v7e-m+fp/hard\libg.a(libc_a-strcpy.o)
                0x000043f8                strcpy
 .text.atan2f   0x000044b4        0x4 C:/PROGRA~2/ARMGNU~1/13C7F1~1.2RE/bin/../lib/gcc/arm-none-eabi/13.2.1/thumb/v7e-m+fp/hard\libm.a(libm_a-wf_atan2.o)
                0x000044b4                atan2f
 .text.cosf     0x000044b8       0x70 C:/PROGRA~2/ARMGNU~1/13C7F1~1.2RE/bin/../lib/gcc/arm-none-eabi/13.2.1/thumb/v7e-m+fp/hard\libm.a(libm_a-sf_cos.o)
                0x000044b8                cosf
 .text.fabsf    0x00004528       0x10 C:/PROGRA~2/ARMGNU~1/13C7F1~1.2RE/bin/../lib/gcc/arm-none-eabi/13.2.1/thumb/v7e-m+fp/hard\libm.a(libm_a-sf_fabs.o)
                0x00004528                fabsf
 .text.sinf     0x00004538       0x74 C:/PROGRA~2/ARMGNU~1/13C7F1~1.2RE/bin/../lib/gcc/arm-none-eabi/13.2.1/thumb/v7e-m+fp/hard\libm.a(libm_a-sf_sin.o)
                0x00004538                sinf
 .text.tanf     0x000045ac       0x54 C:/PROGRA~2/ARMGNU~1/13C7F1~1.2RE/bin/../lib/gcc/arm-none-eabi/13.2.1/thumb/v7e-m+fp/hard\libm.a(libm_a-sf_tan.o)
                0x000045ac                tanf
 .text.ceil     0x00004600      0x100 C:/PROGRA~2/ARMGNU~1/13C7F1~1.2RE/bin/../lib/gcc/arm-none-eabi/13.2.1/thumb/v7e-m+fp/hard\libm.a(libm_a-s_ceil.o)
                0x00004600                ceil
 .text.__kernel_cosf
                0x00004700      0x104 C:/PROGRA~2/ARMGNU~1/13C7F1~1.2RE/bin/../lib/gcc/arm-none-eabi/13.2.1/thumb/v7e-m+fp/hard\libm.a(libm_a-kf_cos.o)
                0x00004700                __kernel_cosf
 .text.__kernel_sinf
                0x00004804       0x90 C:/PROGRA~2/ARMGNU~1/13C7F1~1.2RE/bin/../lib/gcc/arm-none-eabi/13.2.1/thumb/v7e-m+fp/hard\libm.a(libm_a-kf_sin.o)
                0x00004804                __kernel_sinf
 .text.__kernel_tanf
                0x00004894      0x1c0 C:/PROGRA~2/ARMGNU~1/13C7F1~1.2RE/bin/../lib/gcc/arm-none-eabi/13.2.1/thumb/v7e-m+fp/hard\libm.a(libm_a-kf_tan.o)
                0x00004894                __kernel_tanf
 .text.__ieee754_atan2f
                0x00004a54      0x150 C:/PROGRA~2/ARMGNU~1/13C7F1~1.2RE/bin/../lib/gcc/arm-none-eabi/13.2.1/thumb/v7e-m+fp/hard\libm.a(libm_a-ef_atan2.o)
                0x00004a54                __ieee754_atan2f
 .text.__ieee754_rem_pio2f
                0x00004ba4      0x260 C:/PROGRA~2/ARMGNU~1/13C7F1~1.2RE/bin/../lib/gcc/arm-none-eabi/13.2.1/thumb/v7e-m+fp/hard\libm.a(libm_a-ef_rem_pio2.o)
                0x00004ba4                __ieee754_rem_pio2f
 .text.atanf    0x00004e04      0x1ac C:/PROGRA~2/ARMGNU~1/13C7F1~1.2RE/bin/../lib/gcc/arm-none-eabi/13.2.1/thumb/v7e-m+fp/hard\libm.a(libm_a-sf_atan.o)
                0x00004e04                atanf
 .text.__kernel_rem_pio2f
                0x00004fb0      0x63c C:/PROGRA~2/ARMGNU~1/13C7F1~1.2RE/bin/../lib/gcc/arm-none-eabi/13.2.1/thumb/v7e-m+fp/hard\libm.a(libm_a-kf_rem_pio2.o)
                0x00004fb0                __kernel_rem_pio2f
 .text.scalbnf  0x000055ec       0xe4 C:/PROGRA~2/ARMGNU~1/13C7F1~1.2RE/bin/../lib/gcc/arm-none-eabi/13.2.1/thumb/v7e-m+fp/hard\libm.a(libm_a-sf_scalbn.o)
                0x000055ec                scalbnf
 .text.floorf   0x000056d0       0x94 C:/PROGRA~2/ARMGNU~1/13C7F1~1.2RE/bin/../lib/gcc/arm-none-eabi/13.2.1/thumb/v7e-m+fp/hard\libm.a(libm_a-sf_floor.o)
                0x000056d0                floorf
 *(.init)
 *(.fini)
 *crtbegin.o(.ctors)
 *crtbegin?.o(.ctors)
 *(EXCLUDE_FILE(*crtend.o *crtend?.o) .ctors)
 *(SORT_BY_NAME(.ctors.*))
 *(.ctors)
 *crtbegin.o(.dtors)
 *crtbegin?.o(.dtors)
 *(EXCLUDE_FILE(*crtend.o *crtend?.o) .dtors)
 *(SORT_BY_NAME(.dtors.*))
 *(.dtors)
 *(.rodata*)
 .rodata.fsm_fishing_cast_to_reeling.str1.4
                0x00005764      0x3b9 CMakeFiles\ddd.dir\src\main.c.obj
                                 0x10 (size before relaxing)
 .rodata.fsm_fishing_reeling_to_cast.str1.4
                0x00005b1d        0xf CMakeFiles\ddd.dir\src\main.c.obj
 .rodata.lure_update.str1.4
                0x00005b1d       0x15 CMakeFiles\ddd.dir\src\main.c.obj
 .rodata.fishing_scene_init.str1.4
                0x00005b1d       0x46 CMakeFiles\ddd.dir\src\main.c.obj
 .rodata.ui_fish_name.str1.4
                0x00005b1d        0xf CMakeFiles\ddd.dir\src\main.c.obj
 .rodata.ui_yards.str1.4
                0x00005b1d        0x4 CMakeFiles\ddd.dir\src\main.c.obj
 .rodata.shift_crank_buffer.str1.4
                0x00005b1d       0x34 CMakeFiles\ddd.dir\src\main.c.obj
 .rodata.fishing_scene_update.str1.4
                0x00005b1d       0x1a CMakeFiles\ddd.dir\src\main.c.obj
 .rodata.eventHandler.str1.4
                0x00005b1d       0x5c CMakeFiles\ddd.dir\src\main.c.obj
 .rodata.str1.4
                0x00005b1d      0x251 CMakeFiles\ddd.dir\src\main.c.obj
 .rodata.__utoa.str1.4
                0x00005b1d       0x25 C:/PROGRA~2/ARMGNU~1/13C7F1~1.2RE/bin/../lib/gcc/arm-none-eabi/13.2.1/thumb/v7e-m+fp/hard\libg.a(libc_a-utoa.o)
 *fill*         0x00005b1d        0x3 
 .rodata.CSWTCH.9
                0x00005b20        0xc C:/PROGRA~2/ARMGNU~1/13C7F1~1.2RE/bin/../lib/gcc/arm-none-eabi/13.2.1/thumb/v7e-m+fp/hard\libm.a(libm_a-ef_atan2.o)
 .rodata.CSWTCH.8
                0x00005b2c        0xc C:/PROGRA~2/ARMGNU~1/13C7F1~1.2RE/bin/../lib/gcc/arm-none-eabi/13.2.1/thumb/v7e-m+fp/hard\libm.a(libm_a-ef_atan2.o)
 .rodata.npio2_hw
                0x00005b38       0x80 C:/PROGRA~2/ARMGNU~1/13C7F1~1.2RE/bin/../lib/gcc/arm-none-eabi/13.2.1/thumb/v7e-m+fp/hard\libm.a(libm_a-ef_rem_pio2.o)
 .rodata.two_over_pi
                0x00005bb8      0x318 C:/PROGRA~2/ARMGNU~1/13C7F1~1.2RE/bin/../lib/gcc/arm-none-eabi/13.2.1/thumb/v7e-m+fp/hard\libm.a(libm_a-ef_rem_pio2.o)
 .rodata.atanlo
                0x00005ed0       0x10 C:/PROGRA~2/ARMGNU~1/13C7F1~1.2RE/bin/../lib/gcc/arm-none-eabi/13.2.1/thumb/v7e-m+fp/hard\libm.a(libm_a-sf_atan.o)
 .rodata.atanhi
                0x00005ee0       0x10 C:/PROGRA~2/ARMGNU~1/13C7F1~1.2RE/bin/../lib/gcc/arm-none-eabi/13.2.1/thumb/v7e-m+fp/hard\libm.a(libm_a-sf_atan.o)
 .rodata.PIo2   0x00005ef0       0x2c C:/PROGRA~2/ARMGNU~1/13C7F1~1.2RE/bin/../lib/gcc/arm-none-eabi/13.2.1/thumb/v7e-m+fp/hard\libm.a(libm_a-kf_rem_pio2.o)
 .rodata.init_jk
                0x00005f1c        0xc C:/PROGRA~2/ARMGNU~1/13C7F1~1.2RE/bin/../lib/gcc/arm-none-eabi/13.2.1/thumb/v7e-m+fp/hard\libm.a(libm_a-kf_rem_pio2.o)
 *(.eh_frame*)
 .eh_frame      0x00005f28       0x34 C:/PROGRA~2/ARMGNU~1/13C7F1~1.2RE/bin/../lib/gcc/arm-none-eabi/13.2.1/thumb/v7e-m+fp/hard\libg.a(libc_a-strlen.o)

.glue_7         0x00005f5c        0x0
 .glue_7        0x00005f5c        0x0 linker stubs

.glue_7t        0x00005f5c        0x0
 .glue_7t       0x00005f5c        0x0 linker stubs

.vfp11_veneer   0x00005f5c        0x0
 .vfp11_veneer  0x00005f5c        0x0 linker stubs

.v4_bx          0x00005f5c        0x0
 .v4_bx         0x00005f5c        0x0 linker stubs

.iplt           0x00005f5c        0x0
 .iplt          0x00005f5c        0x0 CMakeFiles\ddd.dir\src\main.c.obj

.rel.dyn        0x00005f5c        0x0
 .rel.iplt      0x00005f5c        0x0 CMakeFiles\ddd.dir\src\main.c.obj

.data           0x00005f60     0x31d8
                0x00005f60                        __etext = .
                0x00005f60                        __data_start__ = .
 *(vtable)
 *(.data*)
 .data.DefaultScene
                0x00005f60        0x4 CMakeFiles\ddd.dir\src\main.c.obj
                0x00005f60                DefaultScene
 .data.fontpath4
                0x00005f64        0x4 CMakeFiles\ddd.dir\src\main.c.obj
                0x00005f64                fontpath4
 .data.fontpath3
                0x00005f68        0x4 CMakeFiles\ddd.dir\src\main.c.obj
                0x00005f68                fontpath3
 .data.fontpath2
                0x00005f6c        0x4 CMakeFiles\ddd.dir\src\main.c.obj
                0x00005f6c                fontpath2
 .data.fontpath
                0x00005f70        0x4 CMakeFiles\ddd.dir\src\main.c.obj
                0x00005f70                fontpath
 .data.__compound_literal.12
                0x00005f74        0xc CMakeFiles\ddd.dir\src\main.c.obj
 .data.__compound_literal.11
                0x00005f80        0x8 CMakeFiles\ddd.dir\src\main.c.obj
 .data.__compound_literal.10
                0x00005f88        0x8 CMakeFiles\ddd.dir\src\main.c.obj
 .data.__compound_literal.9
                0x00005f90       0x10 CMakeFiles\ddd.dir\src\main.c.obj
 .data.__compound_literal.8
                0x00005fa0        0xc CMakeFiles\ddd.dir\src\main.c.obj
 .data.line_integrity
                0x00005fac        0x4 CMakeFiles\ddd.dir\src\main.c.obj
                0x00005fac                line_integrity
 .data.tension_offset_x
                0x00005fb0        0x4 CMakeFiles\ddd.dir\src\main.c.obj
                0x00005fb0                tension_offset_x
 .data.yards    0x00005fb4        0x4 CMakeFiles\ddd.dir\src\main.c.obj
                0x00005fb4                yards
 .data.depth_width
                0x00005fb8        0x4 CMakeFiles\ddd.dir\src\main.c.obj
                0x00005fb8                depth_width
 .data.depth    0x00005fbc        0x4 CMakeFiles\ddd.dir\src\main.c.obj
                0x00005fbc                depth
 .data.ticker_filler_table
                0x00005fc0       0x1c CMakeFiles\ddd.dir\src\main.c.obj
                0x00005fc0                ticker_filler_table
 .data.ticker_buffer
                0x00005fdc        0x4 CMakeFiles\ddd.dir\src\main.c.obj
                0x00005fdc                ticker_buffer
 .data.ticker_x
                0x00005fe0        0x4 CMakeFiles\ddd.dir\src\main.c.obj
                0x00005fe0                ticker_x
 .data.camera_lake
                0x00005fe4       0xcc CMakeFiles\ddd.dir\src\main.c.obj
                0x00005fe4                camera_lake
 .data.camera_secondary
                0x000060b0       0xcc CMakeFiles\ddd.dir\src\main.c.obj
                0x000060b0                camera_secondary
 .data.camera_default
                0x0000617c       0xcc CMakeFiles\ddd.dir\src\main.c.obj
                0x0000617c                camera_default
 .data.camera_lake_object
                0x00006248       0xdc CMakeFiles\ddd.dir\src\main.c.obj
                0x00006248                camera_lake_object
 .data.camera_secondary_object
                0x00006324       0xdc CMakeFiles\ddd.dir\src\main.c.obj
                0x00006324                camera_secondary_object
 .data.camera_default_object
                0x00006400       0xdc CMakeFiles\ddd.dir\src\main.c.obj
                0x00006400                camera_default_object
 .data.object_cast_selector
                0x000064dc       0xdc CMakeFiles\ddd.dir\src\main.c.obj
                0x000064dc                object_cast_selector
 .data.object_terrain
                0x000065b8       0xdc CMakeFiles\ddd.dir\src\main.c.obj
                0x000065b8                object_terrain
 .data.object_fish
                0x00006694       0xdc CMakeFiles\ddd.dir\src\main.c.obj
                0x00006694                object_fish
 .data.object_lure
                0x00006770       0xdc CMakeFiles\ddd.dir\src\main.c.obj
                0x00006770                object_lure
 .data.fsm_fishing
                0x0000684c     0x1010 CMakeFiles\ddd.dir\src\main.c.obj
                0x0000684c                fsm_fishing
 .data.ActiveLure
                0x0000785c        0x4 CMakeFiles\ddd.dir\src\main.c.obj
                0x0000785c                ActiveLure
 .data.LakeView
                0x00007860       0x30 CMakeFiles\ddd.dir\src\main.c.obj
                0x00007860                LakeView
 .data.UnderwaterView
                0x00007890       0x30 CMakeFiles\ddd.dir\src\main.c.obj
                0x00007890                UnderwaterView
 .data.FishingScene
                0x000078c0        0xc CMakeFiles\ddd.dir\src\main.c.obj
                0x000078c0                FishingScene
 .data.DefaultLure
                0x000078cc       0x60 CMakeFiles\ddd.dir\src\main.c.obj
                0x000078cc                DefaultLure
 .data.double_burst
                0x0000792c       0x40 CMakeFiles\ddd.dir\src\main.c.obj
                0x0000792c                double_burst
 .data.flat_plane
                0x0000796c       0x58 CMakeFiles\ddd.dir\src\main.c.obj
                0x0000796c                flat_plane
 .data.__compound_literal.7
                0x000079c4        0xc CMakeFiles\ddd.dir\src\main.c.obj
 .data.__compound_literal.6
                0x000079d0       0x30 CMakeFiles\ddd.dir\src\main.c.obj
 .data.blahaj_tri
                0x00007a00       0x58 CMakeFiles\ddd.dir\src\main.c.obj
                0x00007a00                blahaj_tri
 .data.__compound_literal.3
                0x00007a58      0x9a8 CMakeFiles\ddd.dir\src\main.c.obj
 .data.__compound_literal.2
                0x00008400      0x9c0 CMakeFiles\ddd.dir\src\main.c.obj
 .data.mesh_cube
                0x00008dc0       0x58 CMakeFiles\ddd.dir\src\main.c.obj
                0x00008dc0                mesh_cube
 .data.__compound_literal.1
                0x00008e18       0x48 CMakeFiles\ddd.dir\src\main.c.obj
 .data.__compound_literal.0
                0x00008e60       0x60 CMakeFiles\ddd.dir\src\main.c.obj
 .data.TIME_SCALE
                0x00008ec0        0x4 CMakeFiles\ddd.dir\src\main.c.obj
                0x00008ec0                TIME_SCALE
 .data.grid_points
                0x00008ec4       0x48 CMakeFiles\ddd.dir\engine\render.c.obj
                0x00008ec4                grid_points
 .data.patterns
                0x00008f0c      0x108 CMakeFiles\ddd.dir\engine\render.c.obj
 .data._impure_ptr
                0x00009014        0x4 C:/PROGRA~2/ARMGNU~1/13C7F1~1.2RE/bin/../lib/gcc/arm-none-eabi/13.2.1/thumb/v7e-m+fp/hard\libg.a(libc_a-impure.o)
                0x00009014                _impure_ptr
 .data._impure_data
                0x00009018      0x120 C:/PROGRA~2/ARMGNU~1/13C7F1~1.2RE/bin/../lib/gcc/arm-none-eabi/13.2.1/thumb/v7e-m+fp/hard\libg.a(libc_a-impure.o)
                0x00009018                _impure_data
                0x00009138                        . = ALIGN (0x4)
                [!provide]                        PROVIDE (__preinit_array_start = .)
 *(.preinit_array)
                [!provide]                        PROVIDE (__preinit_array_end = .)
                0x00009138                        . = ALIGN (0x4)
                [!provide]                        PROVIDE (__init_array_start = .)
 *(SORT_BY_NAME(.init_array.*))
 *(.init_array)
                [!provide]                        PROVIDE (__init_array_end = .)
                0x00009138                        . = ALIGN (0x4)
                [!provide]                        PROVIDE (__fini_array_start = .)
 *(SORT_BY_NAME(.fini_array.*))
 *(.fini_array)
                [!provide]                        PROVIDE (__fini_array_end = .)
                0x00009138                        . = ALIGN (0x4)
                0x00009138                        __data_end__ = .

.igot.plt       0x00009138        0x0
 .igot.plt      0x00009138        0x0 CMakeFiles\ddd.dir\src\main.c.obj

.bss            0x00009138      0x8d8
                0x00009138                        . = ALIGN (0x4)
                0x00009138                        __bss_start__ = .
 *(.bss*)
 .bss.releasedButtons
                0x00009138        0x1 CMakeFiles\ddd.dir\src\main.c.obj
                0x00009138                releasedButtons
 .bss.pressedButtons
                0x00009139        0x1 CMakeFiles\ddd.dir\src\main.c.obj
                0x00009139                pressedButtons
 .bss.heldButtons
                0x0000913a        0x1 CMakeFiles\ddd.dir\src\main.c.obj
                0x0000913a                heldButtons
 *fill*         0x0000913b        0x1 
 .bss.ActiveCamera
                0x0000913c        0x4 CMakeFiles\ddd.dir\src\main.c.obj
                0x0000913c                ActiveCamera
 .bss.ActiveScene
                0x00009140        0x4 CMakeFiles\ddd.dir\src\main.c.obj
                0x00009140                ActiveScene
 .bss.frame     0x00009144        0x4 CMakeFiles\ddd.dir\src\main.c.obj
                0x00009144                frame
 .bss.FONT_MONTSERRAT_BOLD_14
                0x00009148        0x4 CMakeFiles\ddd.dir\src\main.c.obj
                0x00009148                FONT_MONTSERRAT_BOLD_14
 .bss.FONT_MONTSERRAT_BLACK_ITALIC_24
                0x0000914c        0x4 CMakeFiles\ddd.dir\src\main.c.obj
                0x0000914c                FONT_MONTSERRAT_BLACK_ITALIC_24
 .bss.FONT_MONTSERRAT_BLACK_24
                0x00009150        0x4 CMakeFiles\ddd.dir\src\main.c.obj
                0x00009150                FONT_MONTSERRAT_BLACK_24
 .bss.font      0x00009154        0x4 CMakeFiles\ddd.dir\src\main.c.obj
                0x00009154                font
 .bss.cast_animation_timer
                0x00009158        0x4 CMakeFiles\ddd.dir\src\main.c.obj
                0x00009158                cast_animation_timer
 .bss.is_cranking
                0x0000915c        0x1 CMakeFiles\ddd.dir\src\main.c.obj
                0x0000915c                is_cranking
 *fill*         0x0000915d        0x3 
 .bss.crank_distance
                0x00009160        0x4 CMakeFiles\ddd.dir\src\main.c.obj
                0x00009160                crank_distance
 .bss.idle_duration
                0x00009164        0x4 CMakeFiles\ddd.dir\src\main.c.obj
                0x00009164                idle_duration
 .bss.crank_duration
                0x00009168        0x4 CMakeFiles\ddd.dir\src\main.c.obj
                0x00009168                crank_duration
 .bss.crank_buffer
                0x0000916c       0xa0 CMakeFiles\ddd.dir\src\main.c.obj
                0x0000916c                crank_buffer
 .bss.lure_fitness
                0x0000920c        0x4 CMakeFiles\ddd.dir\src\main.c.obj
                0x0000920c                lure_fitness
 .bss.target_underwater_camera_position
                0x00009210        0xc CMakeFiles\ddd.dir\src\main.c.obj
                0x00009210                target_underwater_camera_position
 .bss.line_tension
                0x0000921c        0x4 CMakeFiles\ddd.dir\src\main.c.obj
                0x0000921c                line_tension
 .bss.tension_meter_visible
                0x00009220        0x1 CMakeFiles\ddd.dir\src\main.c.obj
                0x00009220                tension_meter_visible
 *fill*         0x00009221        0x3 
 .bss.ticker_text
                0x00009224      0x400 CMakeFiles\ddd.dir\src\main.c.obj
                0x00009224                ticker_text
 .bss.TICKER_FONT
                0x00009624        0x4 CMakeFiles\ddd.dir\src\main.c.obj
                0x00009624                TICKER_FONT
 .bss.ticker_filler_index
                0x00009628        0x4 CMakeFiles\ddd.dir\src\main.c.obj
                0x00009628                ticker_filler_index
 .bss.next_clear_width
                0x0000962c        0x4 CMakeFiles\ddd.dir\src\main.c.obj
                0x0000962c                next_clear_width
 .bss.ticker_queue_length
                0x00009630        0x4 CMakeFiles\ddd.dir\src\main.c.obj
                0x00009630                ticker_queue_length
 .bss.ticker_queue
                0x00009634       0x80 CMakeFiles\ddd.dir\src\main.c.obj
                0x00009634                ticker_queue
 .bss.audio_reel_long
                0x000096b4        0x4 CMakeFiles\ddd.dir\src\main.c.obj
                0x000096b4                audio_reel_long
 .bss.audio_reel_click
                0x000096b8        0x4 CMakeFiles\ddd.dir\src\main.c.obj
                0x000096b8                audio_reel_click
 .bss.reel_long_player
                0x000096bc        0x4 CMakeFiles\ddd.dir\src\main.c.obj
                0x000096bc                reel_long_player
 .bss.reel_click_player
                0x000096c0        0x4 CMakeFiles\ddd.dir\src\main.c.obj
                0x000096c0                reel_click_player
 .bss.SINE_GRADIENT_OFFSET
                0x000096c4        0x4 CMakeFiles\ddd.dir\src\main.c.obj
                0x000096c4                SINE_GRADIENT_OFFSET
 .bss.SINE_GRADIENT
                0x000096c8      0x200 CMakeFiles\ddd.dir\src\main.c.obj
                0x000096c8                SINE_GRADIENT
 .bss.TICK_LASTCRANKREADING
                0x000098c8        0x4 CMakeFiles\ddd.dir\src\main.c.obj
                0x000098c8                TICK_LASTCRANKREADING
 .bss.DELTA_TIME
                0x000098cc        0x4 CMakeFiles\ddd.dir\src\main.c.obj
                0x000098cc                DELTA_TIME
 .bss.pd        0x000098d0        0x4 CMakeFiles\ddd.dir\src\main.c.obj
                0x000098d0                pd
 .bss.pdrealloc
                0x000098d4        0x4 CMakeFiles\ddd.dir\C_\Users\shrin\Documents\PlaydateSDK\C_API\buildsupport\setup.c.obj
 .bss.__sf      0x000098d8      0x138 C:/PROGRA~2/ARMGNU~1/13C7F1~1.2RE/bin/../lib/gcc/arm-none-eabi/13.2.1/thumb/v7e-m+fp/hard\libg.a(libc_a-findfp.o)
                0x000098d8                __sf
 *(COMMON)
 *(COM)
                0x00009a10                        . = ALIGN (0x4)
                0x00009a10                        __bss_end__ = .

/DISCARD/
 *(.ARM.exidx)
OUTPUT(ddd.elf elf32-littlearm)
LOAD linker stubs

.debug_info     0x00000000    0x1a0e2
 .debug_info    0x00000000     0x8d0c CMakeFiles\ddd.dir\src\main.c.obj
 .debug_info    0x00008d0c     0x211f CMakeFiles\ddd.dir\engine\3dmath.c.obj
 .debug_info    0x0000ae2b      0x85c CMakeFiles\ddd.dir\engine\actor.c.obj
 .debug_info    0x0000b687      0x717 CMakeFiles\ddd.dir\engine\camera.c.obj
 .debug_info    0x0000bd9e      0x148 CMakeFiles\ddd.dir\engine\fsm.c.obj
 .debug_info    0x0000bee6     0x74df CMakeFiles\ddd.dir\engine\render.c.obj
 .debug_info    0x000133c5      0x6e9 CMakeFiles\ddd.dir\engine\scene.c.obj
 .debug_info    0x00013aae      0x19e CMakeFiles\ddd.dir\engine\symbols.c.obj
 .debug_info    0x00013c4c     0x6496 CMakeFiles\ddd.dir\C_\Users\shrin\Documents\PlaydateSDK\C_API\buildsupport\setup.c.obj

.debug_abbrev   0x00000000     0x1b76
 .debug_abbrev  0x00000000      0x892 CMakeFiles\ddd.dir\src\main.c.obj
 .debug_abbrev  0x00000892      0x428 CMakeFiles\ddd.dir\engine\3dmath.c.obj
 .debug_abbrev  0x00000cba      0x183 CMakeFiles\ddd.dir\engine\actor.c.obj
 .debug_abbrev  0x00000e3d      0x21b CMakeFiles\ddd.dir\engine\camera.c.obj
 .debug_abbrev  0x00001058       0xea CMakeFiles\ddd.dir\engine\fsm.c.obj
 .debug_abbrev  0x00001142      0x554 CMakeFiles\ddd.dir\engine\render.c.obj
 .debug_abbrev  0x00001696      0x13b CMakeFiles\ddd.dir\engine\scene.c.obj
 .debug_abbrev  0x000017d1       0xa5 CMakeFiles\ddd.dir\engine\symbols.c.obj
 .debug_abbrev  0x00001876      0x300 CMakeFiles\ddd.dir\C_\Users\shrin\Documents\PlaydateSDK\C_API\buildsupport\setup.c.obj

.debug_loc      0x00000000     0x6d78
 .debug_loc     0x00000000     0x1c83 CMakeFiles\ddd.dir\src\main.c.obj
 .debug_loc     0x00001c83     0x2cfa CMakeFiles\ddd.dir\engine\3dmath.c.obj
 .debug_loc     0x0000497d       0xdd CMakeFiles\ddd.dir\engine\actor.c.obj
 .debug_loc     0x00004a5a      0x481 CMakeFiles\ddd.dir\engine\camera.c.obj
 .debug_loc     0x00004edb       0x87 CMakeFiles\ddd.dir\engine\fsm.c.obj
 .debug_loc     0x00004f62     0x1a8b CMakeFiles\ddd.dir\engine\render.c.obj
 .debug_loc     0x000069ed       0xf5 CMakeFiles\ddd.dir\engine\scene.c.obj
 .debug_loc     0x00006ae2       0x2c CMakeFiles\ddd.dir\engine\symbols.c.obj
 .debug_loc     0x00006b0e      0x26a CMakeFiles\ddd.dir\C_\Users\shrin\Documents\PlaydateSDK\C_API\buildsupport\setup.c.obj

.debug_aranges  0x00000000      0x460
 .debug_aranges
                0x00000000      0x198 CMakeFiles\ddd.dir\src\main.c.obj
 .debug_aranges
                0x00000198      0x158 CMakeFiles\ddd.dir\engine\3dmath.c.obj
 .debug_aranges
                0x000002f0       0x20 CMakeFiles\ddd.dir\engine\actor.c.obj
 .debug_aranges
                0x00000310       0x48 CMakeFiles\ddd.dir\engine\camera.c.obj
 .debug_aranges
                0x00000358       0x20 CMakeFiles\ddd.dir\engine\fsm.c.obj
 .debug_aranges
                0x00000378       0x70 CMakeFiles\ddd.dir\engine\render.c.obj
 .debug_aranges
                0x000003e8       0x20 CMakeFiles\ddd.dir\engine\scene.c.obj
 .debug_aranges
                0x00000408       0x20 CMakeFiles\ddd.dir\engine\symbols.c.obj
 .debug_aranges
                0x00000428       0x38 CMakeFiles\ddd.dir\C_\Users\shrin\Documents\PlaydateSDK\C_API\buildsupport\setup.c.obj

.debug_ranges   0x00000000      0xc50
 .debug_ranges  0x00000000      0x420 CMakeFiles\ddd.dir\src\main.c.obj
 .debug_ranges  0x00000420      0x4a0 CMakeFiles\ddd.dir\engine\3dmath.c.obj
 .debug_ranges  0x000008c0       0x10 CMakeFiles\ddd.dir\engine\actor.c.obj
 .debug_ranges  0x000008d0       0x38 CMakeFiles\ddd.dir\engine\camera.c.obj
 .debug_ranges  0x00000908       0x10 CMakeFiles\ddd.dir\engine\fsm.c.obj
 .debug_ranges  0x00000918      0x2d8 CMakeFiles\ddd.dir\engine\render.c.obj
 .debug_ranges  0x00000bf0       0x28 CMakeFiles\ddd.dir\engine\scene.c.obj
 .debug_ranges  0x00000c18       0x10 CMakeFiles\ddd.dir\engine\symbols.c.obj
 .debug_ranges  0x00000c28       0x28 CMakeFiles\ddd.dir\C_\Users\shrin\Documents\PlaydateSDK\C_API\buildsupport\setup.c.obj

.debug_line     0x00000000     0x57ad
 .debug_line    0x00000000     0x2464 CMakeFiles\ddd.dir\src\main.c.obj
 .debug_line    0x00002464     0x176f CMakeFiles\ddd.dir\engine\3dmath.c.obj
 .debug_line    0x00003bd3      0x19f CMakeFiles\ddd.dir\engine\actor.c.obj
 .debug_line    0x00003d72      0x340 CMakeFiles\ddd.dir\engine\camera.c.obj
 .debug_line    0x000040b2       0xb5 CMakeFiles\ddd.dir\engine\fsm.c.obj
 .debug_line    0x00004167      0xf87 CMakeFiles\ddd.dir\engine\render.c.obj
 .debug_line    0x000050ee      0x2b5 CMakeFiles\ddd.dir\engine\scene.c.obj
 .debug_line    0x000053a3       0x90 CMakeFiles\ddd.dir\engine\symbols.c.obj
 .debug_line    0x00005433      0x37a CMakeFiles\ddd.dir\C_\Users\shrin\Documents\PlaydateSDK\C_API\buildsupport\setup.c.obj

.debug_str      0x00000000     0x417e
 .debug_str     0x00000000     0x417e CMakeFiles\ddd.dir\src\main.c.obj
                               0x3aec (size before relaxing)
 .debug_str     0x0000417e      0x68a CMakeFiles\ddd.dir\engine\3dmath.c.obj
 .debug_str     0x0000417e      0x586 CMakeFiles\ddd.dir\engine\actor.c.obj
 .debug_str     0x0000417e      0x4c3 CMakeFiles\ddd.dir\engine\camera.c.obj
 .debug_str     0x0000417e      0x1c5 CMakeFiles\ddd.dir\engine\fsm.c.obj
 .debug_str     0x0000417e     0x2fbb CMakeFiles\ddd.dir\engine\render.c.obj
 .debug_str     0x0000417e      0x504 CMakeFiles\ddd.dir\engine\scene.c.obj
 .debug_str     0x0000417e      0x236 CMakeFiles\ddd.dir\engine\symbols.c.obj
 .debug_str     0x0000417e     0x2e7e CMakeFiles\ddd.dir\C_\Users\shrin\Documents\PlaydateSDK\C_API\buildsupport\setup.c.obj

.comment        0x00000000       0x44
 .comment       0x00000000       0x44 CMakeFiles\ddd.dir\src\main.c.obj
                                 0x45 (size before relaxing)
 .comment       0x00000044       0x45 CMakeFiles\ddd.dir\engine\3dmath.c.obj
 .comment       0x00000044       0x45 CMakeFiles\ddd.dir\engine\actor.c.obj
 .comment       0x00000044       0x45 CMakeFiles\ddd.dir\engine\camera.c.obj
 .comment       0x00000044       0x45 CMakeFiles\ddd.dir\engine\fsm.c.obj
 .comment       0x00000044       0x45 CMakeFiles\ddd.dir\engine\render.c.obj
 .comment       0x00000044       0x45 CMakeFiles\ddd.dir\engine\scene.c.obj
 .comment       0x00000044       0x45 CMakeFiles\ddd.dir\engine\symbols.c.obj
 .comment       0x00000044       0x45 CMakeFiles\ddd.dir\C_\Users\shrin\Documents\PlaydateSDK\C_API\buildsupport\setup.c.obj

.ARM.attributes
                0x00000000       0x32
 .ARM.attributes
                0x00000000       0x34 CMakeFiles\ddd.dir\src\main.c.obj
 .ARM.attributes
                0x00000034       0x34 CMakeFiles\ddd.dir\engine\3dmath.c.obj
 .ARM.attributes
                0x00000068       0x34 CMakeFiles\ddd.dir\engine\actor.c.obj
 .ARM.attributes
                0x0000009c       0x34 CMakeFiles\ddd.dir\engine\camera.c.obj
 .ARM.attributes
                0x000000d0       0x34 CMakeFiles\ddd.dir\engine\fsm.c.obj
 .ARM.attributes
                0x00000104       0x34 CMakeFiles\ddd.dir\engine\render.c.obj
 .ARM.attributes
                0x00000138       0x34 CMakeFiles\ddd.dir\engine\scene.c.obj
 .ARM.attributes
                0x0000016c       0x34 CMakeFiles\ddd.dir\engine\symbols.c.obj
 .ARM.attributes
                0x000001a0       0x34 CMakeFiles\ddd.dir\C_\Users\shrin\Documents\PlaydateSDK\C_API\buildsupport\setup.c.obj
 .ARM.attributes
                0x000001d4       0x22 C:/PROGRA~2/ARMGNU~1/13C7F1~1.2RE/bin/../lib/gcc/arm-none-eabi/13.2.1/thumb/v7e-m+fp/hard\libgcc.a(_arm_addsubdf3.o)
 .ARM.attributes
                0x000001f6       0x22 C:/PROGRA~2/ARMGNU~1/13C7F1~1.2RE/bin/../lib/gcc/arm-none-eabi/13.2.1/thumb/v7e-m+fp/hard\libgcc.a(_arm_fixdfsi.o)
 .ARM.attributes
                0x00000218       0x22 C:/PROGRA~2/ARMGNU~1/13C7F1~1.2RE/bin/../lib/gcc/arm-none-eabi/13.2.1/thumb/v7e-m+fp/hard\libgcc.a(_arm_truncdfsf2.o)
 .ARM.attributes
                0x0000023a       0x34 C:/PROGRA~2/ARMGNU~1/13C7F1~1.2RE/bin/../lib/gcc/arm-none-eabi/13.2.1/thumb/v7e-m+fp/hard\libg.a(libc_a-itoa.o)
 .ARM.attributes
                0x0000026e       0x34 C:/PROGRA~2/ARMGNU~1/13C7F1~1.2RE/bin/../lib/gcc/arm-none-eabi/13.2.1/thumb/v7e-m+fp/hard\libg.a(libc_a-malloc.o)
 .ARM.attributes
                0x000002a2       0x34 C:/PROGRA~2/ARMGNU~1/13C7F1~1.2RE/bin/../lib/gcc/arm-none-eabi/13.2.1/thumb/v7e-m+fp/hard\libg.a(libc_a-utoa.o)
 .ARM.attributes
                0x000002d6       0x34 C:/PROGRA~2/ARMGNU~1/13C7F1~1.2RE/bin/../lib/gcc/arm-none-eabi/13.2.1/thumb/v7e-m+fp/hard\libg.a(libc_a-qsort.o)
 .ARM.attributes
                0x0000030a       0x34 C:/PROGRA~2/ARMGNU~1/13C7F1~1.2RE/bin/../lib/gcc/arm-none-eabi/13.2.1/thumb/v7e-m+fp/hard\libg.a(libc_a-memmove.o)
 .ARM.attributes
                0x0000033e       0x34 C:/PROGRA~2/ARMGNU~1/13C7F1~1.2RE/bin/../lib/gcc/arm-none-eabi/13.2.1/thumb/v7e-m+fp/hard\libg.a(libc_a-memset.o)
 .ARM.attributes
                0x00000372       0x34 C:/PROGRA~2/ARMGNU~1/13C7F1~1.2RE/bin/../lib/gcc/arm-none-eabi/13.2.1/thumb/v7e-m+fp/hard\libg.a(libc_a-stpcpy.o)
 .ARM.attributes
                0x000003a6       0x34 C:/PROGRA~2/ARMGNU~1/13C7F1~1.2RE/bin/../lib/gcc/arm-none-eabi/13.2.1/thumb/v7e-m+fp/hard\libg.a(libc_a-impure.o)
 .ARM.attributes
                0x000003da       0x34 C:/PROGRA~2/ARMGNU~1/13C7F1~1.2RE/bin/../lib/gcc/arm-none-eabi/13.2.1/thumb/v7e-m+fp/hard\libg.a(libc_a-strcpy.o)
 .ARM.attributes
                0x0000040e       0x1c C:/PROGRA~2/ARMGNU~1/13C7F1~1.2RE/bin/../lib/gcc/arm-none-eabi/13.2.1/thumb/v7e-m+fp/hard\libg.a(libc_a-strlen.o)
 .ARM.attributes
                0x0000042a       0x34 C:/PROGRA~2/ARMGNU~1/13C7F1~1.2RE/bin/../lib/gcc/arm-none-eabi/13.2.1/thumb/v7e-m+fp/hard\libg.a(libc_a-findfp.o)
 .ARM.attributes
                0x0000045e       0x34 C:/PROGRA~2/ARMGNU~1/13C7F1~1.2RE/bin/../lib/gcc/arm-none-eabi/13.2.1/thumb/v7e-m+fp/hard\libm.a(libm_a-wf_atan2.o)
 .ARM.attributes
                0x00000492       0x34 C:/PROGRA~2/ARMGNU~1/13C7F1~1.2RE/bin/../lib/gcc/arm-none-eabi/13.2.1/thumb/v7e-m+fp/hard\libm.a(libm_a-sf_cos.o)
 .ARM.attributes
                0x000004c6       0x34 C:/PROGRA~2/ARMGNU~1/13C7F1~1.2RE/bin/../lib/gcc/arm-none-eabi/13.2.1/thumb/v7e-m+fp/hard\libm.a(libm_a-sf_fabs.o)
 .ARM.attributes
                0x000004fa       0x34 C:/PROGRA~2/ARMGNU~1/13C7F1~1.2RE/bin/../lib/gcc/arm-none-eabi/13.2.1/thumb/v7e-m+fp/hard\libm.a(libm_a-sf_sin.o)
 .ARM.attributes
                0x0000052e       0x34 C:/PROGRA~2/ARMGNU~1/13C7F1~1.2RE/bin/../lib/gcc/arm-none-eabi/13.2.1/thumb/v7e-m+fp/hard\libm.a(libm_a-sf_tan.o)
 .ARM.attributes
                0x00000562       0x34 C:/PROGRA~2/ARMGNU~1/13C7F1~1.2RE/bin/../lib/gcc/arm-none-eabi/13.2.1/thumb/v7e-m+fp/hard\libm.a(libm_a-s_ceil.o)
 .ARM.attributes
                0x00000596       0x34 C:/PROGRA~2/ARMGNU~1/13C7F1~1.2RE/bin/../lib/gcc/arm-none-eabi/13.2.1/thumb/v7e-m+fp/hard\libm.a(libm_a-kf_cos.o)
 .ARM.attributes
                0x000005ca       0x34 C:/PROGRA~2/ARMGNU~1/13C7F1~1.2RE/bin/../lib/gcc/arm-none-eabi/13.2.1/thumb/v7e-m+fp/hard\libm.a(libm_a-kf_sin.o)
 .ARM.attributes
                0x000005fe       0x34 C:/PROGRA~2/ARMGNU~1/13C7F1~1.2RE/bin/../lib/gcc/arm-none-eabi/13.2.1/thumb/v7e-m+fp/hard\libm.a(libm_a-kf_tan.o)
 .ARM.attributes
                0x00000632       0x34 C:/PROGRA~2/ARMGNU~1/13C7F1~1.2RE/bin/../lib/gcc/arm-none-eabi/13.2.1/thumb/v7e-m+fp/hard\libm.a(libm_a-ef_atan2.o)
 .ARM.attributes
                0x00000666       0x34 C:/PROGRA~2/ARMGNU~1/13C7F1~1.2RE/bin/../lib/gcc/arm-none-eabi/13.2.1/thumb/v7e-m+fp/hard\libm.a(libm_a-ef_rem_pio2.o)
 .ARM.attributes
                0x0000069a       0x34 C:/PROGRA~2/ARMGNU~1/13C7F1~1.2RE/bin/../lib/gcc/arm-none-eabi/13.2.1/thumb/v7e-m+fp/hard\libm.a(libm_a-sf_atan.o)
 .ARM.attributes
                0x000006ce       0x34 C:/PROGRA~2/ARMGNU~1/13C7F1~1.2RE/bin/../lib/gcc/arm-none-eabi/13.2.1/thumb/v7e-m+fp/hard\libm.a(libm_a-kf_rem_pio2.o)
 .ARM.attributes
                0x00000702       0x34 C:/PROGRA~2/ARMGNU~1/13C7F1~1.2RE/bin/../lib/gcc/arm-none-eabi/13.2.1/thumb/v7e-m+fp/hard\libm.a(libm_a-sf_scalbn.o)
 .ARM.attributes
                0x00000736       0x34 C:/PROGRA~2/ARMGNU~1/13C7F1~1.2RE/bin/../lib/gcc/arm-none-eabi/13.2.1/thumb/v7e-m+fp/hard\libm.a(libm_a-sf_floor.o)
 .ARM.attributes
                0x0000076a       0x22 C:/PROGRA~2/ARMGNU~1/13C7F1~1.2RE/bin/../lib/gcc/arm-none-eabi/13.2.1/thumb/v7e-m+fp/hard\libgcc.a(_arm_cmpdf2.o)

.debug_frame    0x00000000     0x17cc
 .debug_frame   0x00000000      0x68c CMakeFiles\ddd.dir\src\main.c.obj
 .debug_frame   0x0000068c      0x644 CMakeFiles\ddd.dir\engine\3dmath.c.obj
 .debug_frame   0x00000cd0       0x38 CMakeFiles\ddd.dir\engine\actor.c.obj
 .debug_frame   0x00000d08       0xc0 CMakeFiles\ddd.dir\engine\camera.c.obj
 .debug_frame   0x00000dc8       0x2c CMakeFiles\ddd.dir\engine\fsm.c.obj
 .debug_frame   0x00000df4      0x1c8 CMakeFiles\ddd.dir\engine\render.c.obj
 .debug_frame   0x00000fbc       0x3c CMakeFiles\ddd.dir\engine\scene.c.obj
 .debug_frame   0x00000ff8       0x28 CMakeFiles\ddd.dir\engine\symbols.c.obj
 .debug_frame   0x00001020       0x5c CMakeFiles\ddd.dir\C_\Users\shrin\Documents\PlaydateSDK\C_API\buildsupport\setup.c.obj
 .debug_frame   0x0000107c       0xac C:/PROGRA~2/ARMGNU~1/13C7F1~1.2RE/bin/../lib/gcc/arm-none-eabi/13.2.1/thumb/v7e-m+fp/hard\libgcc.a(_arm_addsubdf3.o)
 .debug_frame   0x00001128       0x24 C:/PROGRA~2/ARMGNU~1/13C7F1~1.2RE/bin/../lib/gcc/arm-none-eabi/13.2.1/thumb/v7e-m+fp/hard\libgcc.a(_arm_fixdfsi.o)
 .debug_frame   0x0000114c       0x24 C:/PROGRA~2/ARMGNU~1/13C7F1~1.2RE/bin/../lib/gcc/arm-none-eabi/13.2.1/thumb/v7e-m+fp/hard\libgcc.a(_arm_truncdfsf2.o)
 .debug_frame   0x00001170       0x40 C:/PROGRA~2/ARMGNU~1/13C7F1~1.2RE/bin/../lib/gcc/arm-none-eabi/13.2.1/thumb/v7e-m+fp/hard\libg.a(libc_a-itoa.o)
 .debug_frame   0x000011b0       0x30 C:/PROGRA~2/ARMGNU~1/13C7F1~1.2RE/bin/../lib/gcc/arm-none-eabi/13.2.1/thumb/v7e-m+fp/hard\libg.a(libc_a-malloc.o)
 .debug_frame   0x000011e0       0x4c C:/PROGRA~2/ARMGNU~1/13C7F1~1.2RE/bin/../lib/gcc/arm-none-eabi/13.2.1/thumb/v7e-m+fp/hard\libg.a(libc_a-utoa.o)
 .debug_frame   0x0000122c       0x44 C:/PROGRA~2/ARMGNU~1/13C7F1~1.2RE/bin/../lib/gcc/arm-none-eabi/13.2.1/thumb/v7e-m+fp/hard\libg.a(libc_a-qsort.o)
 .debug_frame   0x00001270       0x40 C:/PROGRA~2/ARMGNU~1/13C7F1~1.2RE/bin/../lib/gcc/arm-none-eabi/13.2.1/thumb/v7e-m+fp/hard\libg.a(libc_a-memmove.o)
 .debug_frame   0x000012b0       0x2c C:/PROGRA~2/ARMGNU~1/13C7F1~1.2RE/bin/../lib/gcc/arm-none-eabi/13.2.1/thumb/v7e-m+fp/hard\libg.a(libc_a-memset.o)
 .debug_frame   0x000012dc       0x20 C:/PROGRA~2/ARMGNU~1/13C7F1~1.2RE/bin/../lib/gcc/arm-none-eabi/13.2.1/thumb/v7e-m+fp/hard\libg.a(libc_a-stpcpy.o)
 .debug_frame   0x000012fc       0x20 C:/PROGRA~2/ARMGNU~1/13C7F1~1.2RE/bin/../lib/gcc/arm-none-eabi/13.2.1/thumb/v7e-m+fp/hard\libg.a(libc_a-strcpy.o)
 .debug_frame   0x0000131c      0x13c C:/PROGRA~2/ARMGNU~1/13C7F1~1.2RE/bin/../lib/gcc/arm-none-eabi/13.2.1/thumb/v7e-m+fp/hard\libg.a(libc_a-findfp.o)
 .debug_frame   0x00001458       0x20 C:/PROGRA~2/ARMGNU~1/13C7F1~1.2RE/bin/../lib/gcc/arm-none-eabi/13.2.1/thumb/v7e-m+fp/hard\libm.a(libm_a-wf_atan2.o)
 .debug_frame   0x00001478       0x34 C:/PROGRA~2/ARMGNU~1/13C7F1~1.2RE/bin/../lib/gcc/arm-none-eabi/13.2.1/thumb/v7e-m+fp/hard\libm.a(libm_a-sf_cos.o)
 .debug_frame   0x000014ac       0x20 C:/PROGRA~2/ARMGNU~1/13C7F1~1.2RE/bin/../lib/gcc/arm-none-eabi/13.2.1/thumb/v7e-m+fp/hard\libm.a(libm_a-sf_fabs.o)
 .debug_frame   0x000014cc       0x34 C:/PROGRA~2/ARMGNU~1/13C7F1~1.2RE/bin/../lib/gcc/arm-none-eabi/13.2.1/thumb/v7e-m+fp/hard\libm.a(libm_a-sf_sin.o)
 .debug_frame   0x00001500       0x30 C:/PROGRA~2/ARMGNU~1/13C7F1~1.2RE/bin/../lib/gcc/arm-none-eabi/13.2.1/thumb/v7e-m+fp/hard\libm.a(libm_a-sf_tan.o)
 .debug_frame   0x00001530       0x30 C:/PROGRA~2/ARMGNU~1/13C7F1~1.2RE/bin/../lib/gcc/arm-none-eabi/13.2.1/thumb/v7e-m+fp/hard\libm.a(libm_a-s_ceil.o)
 .debug_frame   0x00001560       0x20 C:/PROGRA~2/ARMGNU~1/13C7F1~1.2RE/bin/../lib/gcc/arm-none-eabi/13.2.1/thumb/v7e-m+fp/hard\libm.a(libm_a-kf_cos.o)
 .debug_frame   0x00001580       0x20 C:/PROGRA~2/ARMGNU~1/13C7F1~1.2RE/bin/../lib/gcc/arm-none-eabi/13.2.1/thumb/v7e-m+fp/hard\libm.a(libm_a-kf_sin.o)
 .debug_frame   0x000015a0       0x28 C:/PROGRA~2/ARMGNU~1/13C7F1~1.2RE/bin/../lib/gcc/arm-none-eabi/13.2.1/thumb/v7e-m+fp/hard\libm.a(libm_a-kf_tan.o)
 .debug_frame   0x000015c8       0x44 C:/PROGRA~2/ARMGNU~1/13C7F1~1.2RE/bin/../lib/gcc/arm-none-eabi/13.2.1/thumb/v7e-m+fp/hard\libm.a(libm_a-ef_atan2.o)
 .debug_frame   0x0000160c       0x34 C:/PROGRA~2/ARMGNU~1/13C7F1~1.2RE/bin/../lib/gcc/arm-none-eabi/13.2.1/thumb/v7e-m+fp/hard\libm.a(libm_a-ef_rem_pio2.o)
 .debug_frame   0x00001640       0x2c C:/PROGRA~2/ARMGNU~1/13C7F1~1.2RE/bin/../lib/gcc/arm-none-eabi/13.2.1/thumb/v7e-m+fp/hard\libm.a(libm_a-sf_atan.o)
 .debug_frame   0x0000166c       0x5c C:/PROGRA~2/ARMGNU~1/13C7F1~1.2RE/bin/../lib/gcc/arm-none-eabi/13.2.1/thumb/v7e-m+fp/hard\libm.a(libm_a-kf_rem_pio2.o)
 .debug_frame   0x000016c8       0x20 C:/PROGRA~2/ARMGNU~1/13C7F1~1.2RE/bin/../lib/gcc/arm-none-eabi/13.2.1/thumb/v7e-m+fp/hard\libm.a(libm_a-sf_scalbn.o)
 .debug_frame   0x000016e8       0x20 C:/PROGRA~2/ARMGNU~1/13C7F1~1.2RE/bin/../lib/gcc/arm-none-eabi/13.2.1/thumb/v7e-m+fp/hard\libm.a(libm_a-sf_floor.o)
 .debug_frame   0x00001708       0xc4 C:/PROGRA~2/ARMGNU~1/13C7F1~1.2RE/bin/../lib/gcc/arm-none-eabi/13.2.1/thumb/v7e-m+fp/hard\libgcc.a(_arm_cmpdf2.o)

.debug_line_str
                0x00000000      0x1b0
 .debug_line_str
                0x00000000      0x1b0 C:/PROGRA~2/ARMGNU~1/13C7F1~1.2RE/bin/../lib/gcc/arm-none-eabi/13.2.1/thumb/v7e-m+fp/hard\libgcc.a(_arm_addsubdf3.o)
                                 0xce (size before relaxing)
 .debug_line_str
                0x000001b0       0xce C:/PROGRA~2/ARMGNU~1/13C7F1~1.2RE/bin/../lib/gcc/arm-none-eabi/13.2.1/thumb/v7e-m+fp/hard\libgcc.a(_arm_fixdfsi.o)
 .debug_line_str
                0x000001b0       0xce C:/PROGRA~2/ARMGNU~1/13C7F1~1.2RE/bin/../lib/gcc/arm-none-eabi/13.2.1/thumb/v7e-m+fp/hard\libgcc.a(_arm_truncdfsf2.o)
 .debug_line_str
                0x000001b0       0xe2 C:/PROGRA~2/ARMGNU~1/13C7F1~1.2RE/bin/../lib/gcc/arm-none-eabi/13.2.1/thumb/v7e-m+fp/hard\libg.a(libc_a-strlen.o)
 .debug_line_str
                0x000001b0       0xce C:/PROGRA~2/ARMGNU~1/13C7F1~1.2RE/bin/../lib/gcc/arm-none-eabi/13.2.1/thumb/v7e-m+fp/hard\libgcc.a(_arm_cmpdf2.o)

Cross Reference Table

Symbol                                            File
ActiveCamera                                      CMakeFiles\ddd.dir\src\main.c.obj
ActiveLure                                        CMakeFiles\ddd.dir\src\main.c.obj
ActiveScene                                       CMakeFiles\ddd.dir\src\main.c.obj
Actor_drawMesh                                    CMakeFiles\ddd.dir\engine\render.c.obj
                                                  CMakeFiles\ddd.dir\src\main.c.obj
Actor_updateTransform                             CMakeFiles\ddd.dir\engine\actor.c.obj
                                                  CMakeFiles\ddd.dir\engine\scene.c.obj
Camera_getProjectionMatrix                        CMakeFiles\ddd.dir\engine\camera.c.obj
                                                  CMakeFiles\ddd.dir\src\main.c.obj
Camera_getRotationMatrix                          CMakeFiles\ddd.dir\engine\camera.c.obj
                                                  CMakeFiles\ddd.dir\src\main.c.obj
Camera_worldToScreenPos                           CMakeFiles\ddd.dir\engine\camera.c.obj
                                                  CMakeFiles\ddd.dir\engine\render.c.obj
DELTA_TIME                                        CMakeFiles\ddd.dir\src\main.c.obj
                                                  CMakeFiles\ddd.dir\engine\camera.c.obj
DebugScene                                        CMakeFiles\ddd.dir\src\main.c.obj
DefaultLure                                       CMakeFiles\ddd.dir\src\main.c.obj
DefaultScene                                      CMakeFiles\ddd.dir\src\main.c.obj
DefaultView                                       CMakeFiles\ddd.dir\src\main.c.obj
FONT_MONTSERRAT_BLACK_24                          CMakeFiles\ddd.dir\src\main.c.obj
FONT_MONTSERRAT_BLACK_ITALIC_24                   CMakeFiles\ddd.dir\src\main.c.obj
FONT_MONTSERRAT_BOLD_14                           CMakeFiles\ddd.dir\src\main.c.obj
FishingScene                                      CMakeFiles\ddd.dir\src\main.c.obj
GLOBAL_ORIGIN                                     CMakeFiles\ddd.dir\src\main.c.obj
GLOBAL_UNIT                                       CMakeFiles\ddd.dir\src\main.c.obj
GLOBAL_UP                                         CMakeFiles\ddd.dir\src\main.c.obj
Gradient_init                                     CMakeFiles\ddd.dir\src\main.c.obj
Gradient_sample                                   CMakeFiles\ddd.dir\src\main.c.obj
Gradient_tick                                     CMakeFiles\ddd.dir\src\main.c.obj
LakeView                                          CMakeFiles\ddd.dir\src\main.c.obj
Line_worldDraw                                    CMakeFiles\ddd.dir\engine\render.c.obj
LookTarget_setTarget                              CMakeFiles\ddd.dir\engine\camera.c.obj
                                                  CMakeFiles\ddd.dir\src\main.c.obj
LookTarget_tick                                   CMakeFiles\ddd.dir\engine\camera.c.obj
                                                  CMakeFiles\ddd.dir\engine\scene.c.obj
                                                  CMakeFiles\ddd.dir\src\main.c.obj
Matrix3_add                                       CMakeFiles\ddd.dir\engine\3dmath.c.obj
Matrix3_apply                                     CMakeFiles\ddd.dir\engine\3dmath.c.obj
                                                  CMakeFiles\ddd.dir\engine\render.c.obj
Matrix3_fromQuaternion                            CMakeFiles\ddd.dir\engine\3dmath.c.obj
Matrix3_getRotationX                              CMakeFiles\ddd.dir\engine\3dmath.c.obj
                                                  CMakeFiles\ddd.dir\engine\camera.c.obj
Matrix3_getRotationY                              CMakeFiles\ddd.dir\engine\3dmath.c.obj
                                                  CMakeFiles\ddd.dir\engine\camera.c.obj
Matrix3_getRotationZ                              CMakeFiles\ddd.dir\engine\3dmath.c.obj
                                                  CMakeFiles\ddd.dir\engine\camera.c.obj
Matrix3_lerp                                      CMakeFiles\ddd.dir\engine\3dmath.c.obj
Matrix3_lookAt                                    CMakeFiles\ddd.dir\engine\3dmath.c.obj
                                                  CMakeFiles\ddd.dir\engine\actor.c.obj
                                                  CMakeFiles\ddd.dir\src\main.c.obj
Matrix3_multiply                                  CMakeFiles\ddd.dir\engine\3dmath.c.obj
                                                  CMakeFiles\ddd.dir\engine\camera.c.obj
Matrix3_multiplyScalar                            CMakeFiles\ddd.dir\engine\3dmath.c.obj
Matrix3_rotationFromAngles                        CMakeFiles\ddd.dir\engine\3dmath.c.obj
Matrix4_apply                                     CMakeFiles\ddd.dir\engine\3dmath.c.obj
                                                  CMakeFiles\ddd.dir\engine\render.c.obj
                                                  CMakeFiles\ddd.dir\engine\camera.c.obj
Matrix4_from3                                     CMakeFiles\ddd.dir\engine\3dmath.c.obj
Matrix4_getMatrixTransform                        CMakeFiles\ddd.dir\engine\3dmath.c.obj
                                                  CMakeFiles\ddd.dir\engine\actor.c.obj
Matrix4_getQuaternionTransform                    CMakeFiles\ddd.dir\engine\3dmath.c.obj
                                                  CMakeFiles\ddd.dir\engine\actor.c.obj
Matrix4_getTransform                              CMakeFiles\ddd.dir\engine\3dmath.c.obj
Matrix4_multiply                                  CMakeFiles\ddd.dir\engine\3dmath.c.obj
PTR_Camera_worldToScreenPos                       CMakeFiles\ddd.dir\engine\camera.c.obj
                                                  CMakeFiles\ddd.dir\engine\render.c.obj
PTR_Matrix3_apply                                 CMakeFiles\ddd.dir\engine\3dmath.c.obj
                                                  CMakeFiles\ddd.dir\engine\render.c.obj
PTR_Matrix4_apply                                 CMakeFiles\ddd.dir\engine\3dmath.c.obj
                                                  CMakeFiles\ddd.dir\engine\camera.c.obj
Quaternion_LookAt                                 CMakeFiles\ddd.dir\engine\3dmath.c.obj
Quaternion_fromAngleAxis                          CMakeFiles\ddd.dir\engine\3dmath.c.obj
Quaternion_fromVector3                            CMakeFiles\ddd.dir\engine\3dmath.c.obj
                                                  CMakeFiles\ddd.dir\engine\actor.c.obj
Quaternion_normalize                              CMakeFiles\ddd.dir\engine\3dmath.c.obj
SINE_GRADIENT                                     CMakeFiles\ddd.dir\src\main.c.obj
SINE_GRADIENT_OFFSET                              CMakeFiles\ddd.dir\src\main.c.obj
Scene_update                                      CMakeFiles\ddd.dir\engine\scene.c.obj
                                                  CMakeFiles\ddd.dir\src\main.c.obj
TICKER_FONT                                       CMakeFiles\ddd.dir\src\main.c.obj
TICKER_SPEED                                      CMakeFiles\ddd.dir\src\main.c.obj
TICK_LASTCRANKREADING                             CMakeFiles\ddd.dir\src\main.c.obj
TIME_SCALE                                        CMakeFiles\ddd.dir\src\main.c.obj
UnderwaterView                                    CMakeFiles\ddd.dir\src\main.c.obj
Vector3_add                                       CMakeFiles\ddd.dir\engine\3dmath.c.obj
                                                  CMakeFiles\ddd.dir\src\main.c.obj
Vector3_applyQuaternion                           CMakeFiles\ddd.dir\engine\3dmath.c.obj
Vector3_cross                                     CMakeFiles\ddd.dir\engine\3dmath.c.obj
Vector3_dot                                       CMakeFiles\ddd.dir\engine\3dmath.c.obj
                                                  CMakeFiles\ddd.dir\engine\render.c.obj
Vector3_fromQuaternion                            CMakeFiles\ddd.dir\engine\3dmath.c.obj
Vector3_getForward                                CMakeFiles\ddd.dir\engine\3dmath.c.obj
                                                  CMakeFiles\ddd.dir\src\main.c.obj
Vector3_getLeft                                   CMakeFiles\ddd.dir\engine\3dmath.c.obj
                                                  CMakeFiles\ddd.dir\src\main.c.obj
Vector3_getUp                                     CMakeFiles\ddd.dir\engine\3dmath.c.obj
                                                  CMakeFiles\ddd.dir\src\main.c.obj
Vector3_length                                    CMakeFiles\ddd.dir\engine\3dmath.c.obj
Vector3_lengthSquared                             CMakeFiles\ddd.dir\engine\3dmath.c.obj
                                                  CMakeFiles\ddd.dir\src\main.c.obj
Vector3_lerp                                      CMakeFiles\ddd.dir\engine\3dmath.c.obj
                                                  CMakeFiles\ddd.dir\engine\camera.c.obj
Vector3_make                                      CMakeFiles\ddd.dir\engine\symbols.c.obj
                                                  CMakeFiles\ddd.dir\engine\3dmath.c.obj
Vector3_multiply                                  CMakeFiles\ddd.dir\engine\3dmath.c.obj
Vector3_multiplyScalar                            CMakeFiles\ddd.dir\engine\3dmath.c.obj
                                                  CMakeFiles\ddd.dir\src\main.c.obj
Vector3_normalize                                 CMakeFiles\ddd.dir\engine\3dmath.c.obj
                                                  CMakeFiles\ddd.dir\engine\actor.c.obj
                                                  CMakeFiles\ddd.dir\src\main.c.obj
Vector3_subtract                                  CMakeFiles\ddd.dir\engine\3dmath.c.obj
                                                  CMakeFiles\ddd.dir\engine\render.c.obj
                                                  CMakeFiles\ddd.dir\engine\actor.c.obj
                                                  CMakeFiles\ddd.dir\src\main.c.obj
YPlane_render                                     CMakeFiles\ddd.dir\engine\render.c.obj
                                                  CMakeFiles\ddd.dir\src\main.c.obj
__adddf3                                          C:/PROGRA~2/ARMGNU~1/13C7F1~1.2RE/bin/../lib/gcc/arm-none-eabi/13.2.1/thumb/v7e-m+fp/hard\libgcc.a(_arm_addsubdf3.o)
__aeabi_cdcmpeq                                   C:/PROGRA~2/ARMGNU~1/13C7F1~1.2RE/bin/../lib/gcc/arm-none-eabi/13.2.1/thumb/v7e-m+fp/hard\libgcc.a(_arm_cmpdf2.o)
__aeabi_cdcmple                                   C:/PROGRA~2/ARMGNU~1/13C7F1~1.2RE/bin/../lib/gcc/arm-none-eabi/13.2.1/thumb/v7e-m+fp/hard\libgcc.a(_arm_cmpdf2.o)
__aeabi_cdrcmple                                  C:/PROGRA~2/ARMGNU~1/13C7F1~1.2RE/bin/../lib/gcc/arm-none-eabi/13.2.1/thumb/v7e-m+fp/hard\libgcc.a(_arm_cmpdf2.o)
__aeabi_d2f                                       C:/PROGRA~2/ARMGNU~1/13C7F1~1.2RE/bin/../lib/gcc/arm-none-eabi/13.2.1/thumb/v7e-m+fp/hard\libgcc.a(_arm_truncdfsf2.o)
                                                  CMakeFiles\ddd.dir\engine\3dmath.c.obj
                                                  CMakeFiles\ddd.dir\src\main.c.obj
__aeabi_d2iz                                      C:/PROGRA~2/ARMGNU~1/13C7F1~1.2RE/bin/../lib/gcc/arm-none-eabi/13.2.1/thumb/v7e-m+fp/hard\libgcc.a(_arm_fixdfsi.o)
                                                  CMakeFiles\ddd.dir\src\main.c.obj
__aeabi_dadd                                      C:/PROGRA~2/ARMGNU~1/13C7F1~1.2RE/bin/../lib/gcc/arm-none-eabi/13.2.1/thumb/v7e-m+fp/hard\libgcc.a(_arm_addsubdf3.o)
                                                  C:/PROGRA~2/ARMGNU~1/13C7F1~1.2RE/bin/../lib/gcc/arm-none-eabi/13.2.1/thumb/v7e-m+fp/hard\libm.a(libm_a-s_ceil.o)
                                                  CMakeFiles\ddd.dir\src\main.c.obj
__aeabi_dcmpeq                                    C:/PROGRA~2/ARMGNU~1/13C7F1~1.2RE/bin/../lib/gcc/arm-none-eabi/13.2.1/thumb/v7e-m+fp/hard\libgcc.a(_arm_cmpdf2.o)
__aeabi_dcmpge                                    C:/PROGRA~2/ARMGNU~1/13C7F1~1.2RE/bin/../lib/gcc/arm-none-eabi/13.2.1/thumb/v7e-m+fp/hard\libgcc.a(_arm_cmpdf2.o)
__aeabi_dcmpgt                                    C:/PROGRA~2/ARMGNU~1/13C7F1~1.2RE/bin/../lib/gcc/arm-none-eabi/13.2.1/thumb/v7e-m+fp/hard\libgcc.a(_arm_cmpdf2.o)
                                                  C:/PROGRA~2/ARMGNU~1/13C7F1~1.2RE/bin/../lib/gcc/arm-none-eabi/13.2.1/thumb/v7e-m+fp/hard\libm.a(libm_a-s_ceil.o)
__aeabi_dcmple                                    C:/PROGRA~2/ARMGNU~1/13C7F1~1.2RE/bin/../lib/gcc/arm-none-eabi/13.2.1/thumb/v7e-m+fp/hard\libgcc.a(_arm_cmpdf2.o)
__aeabi_dcmplt                                    C:/PROGRA~2/ARMGNU~1/13C7F1~1.2RE/bin/../lib/gcc/arm-none-eabi/13.2.1/thumb/v7e-m+fp/hard\libgcc.a(_arm_cmpdf2.o)
__aeabi_drsub                                     C:/PROGRA~2/ARMGNU~1/13C7F1~1.2RE/bin/../lib/gcc/arm-none-eabi/13.2.1/thumb/v7e-m+fp/hard\libgcc.a(_arm_addsubdf3.o)
__aeabi_dsub                                      C:/PROGRA~2/ARMGNU~1/13C7F1~1.2RE/bin/../lib/gcc/arm-none-eabi/13.2.1/thumb/v7e-m+fp/hard\libgcc.a(_arm_addsubdf3.o)
                                                  CMakeFiles\ddd.dir\engine\3dmath.c.obj
                                                  CMakeFiles\ddd.dir\src\main.c.obj
__aeabi_f2d                                       C:/PROGRA~2/ARMGNU~1/13C7F1~1.2RE/bin/../lib/gcc/arm-none-eabi/13.2.1/thumb/v7e-m+fp/hard\libgcc.a(_arm_addsubdf3.o)
                                                  CMakeFiles\ddd.dir\engine\3dmath.c.obj
                                                  CMakeFiles\ddd.dir\src\main.c.obj
__aeabi_i2d                                       C:/PROGRA~2/ARMGNU~1/13C7F1~1.2RE/bin/../lib/gcc/arm-none-eabi/13.2.1/thumb/v7e-m+fp/hard\libgcc.a(_arm_addsubdf3.o)
__aeabi_l2d                                       C:/PROGRA~2/ARMGNU~1/13C7F1~1.2RE/bin/../lib/gcc/arm-none-eabi/13.2.1/thumb/v7e-m+fp/hard\libgcc.a(_arm_addsubdf3.o)
__aeabi_ui2d                                      C:/PROGRA~2/ARMGNU~1/13C7F1~1.2RE/bin/../lib/gcc/arm-none-eabi/13.2.1/thumb/v7e-m+fp/hard\libgcc.a(_arm_addsubdf3.o)
__aeabi_ul2d                                      C:/PROGRA~2/ARMGNU~1/13C7F1~1.2RE/bin/../lib/gcc/arm-none-eabi/13.2.1/thumb/v7e-m+fp/hard\libgcc.a(_arm_addsubdf3.o)
__cmpdf2                                          C:/PROGRA~2/ARMGNU~1/13C7F1~1.2RE/bin/../lib/gcc/arm-none-eabi/13.2.1/thumb/v7e-m+fp/hard\libgcc.a(_arm_cmpdf2.o)
__eqdf2                                           C:/PROGRA~2/ARMGNU~1/13C7F1~1.2RE/bin/../lib/gcc/arm-none-eabi/13.2.1/thumb/v7e-m+fp/hard\libgcc.a(_arm_cmpdf2.o)
__errno                                           C:/PROGRA~2/ARMGNU~1/13C7F1~1.2RE/bin/../lib/gcc/arm-none-eabi/13.2.1/thumb/v7e-m+fp/hard\libc.a(libc_a-errno.o)
                                                  C:/PROGRA~2/ARMGNU~1/13C7F1~1.2RE/bin/../lib/gcc/arm-none-eabi/13.2.1/thumb/v7e-m+fp/hard\libm.a(libm_a-wf_sqrt.o)
                                                  C:/PROGRA~2/ARMGNU~1/13C7F1~1.2RE/bin/../lib/gcc/arm-none-eabi/13.2.1/thumb/v7e-m+fp/hard\libm.a(libm_a-wf_acos.o)
__extendsfdf2                                     C:/PROGRA~2/ARMGNU~1/13C7F1~1.2RE/bin/../lib/gcc/arm-none-eabi/13.2.1/thumb/v7e-m+fp/hard\libgcc.a(_arm_addsubdf3.o)
__fixdfsi                                         C:/PROGRA~2/ARMGNU~1/13C7F1~1.2RE/bin/../lib/gcc/arm-none-eabi/13.2.1/thumb/v7e-m+fp/hard\libgcc.a(_arm_fixdfsi.o)
__floatdidf                                       C:/PROGRA~2/ARMGNU~1/13C7F1~1.2RE/bin/../lib/gcc/arm-none-eabi/13.2.1/thumb/v7e-m+fp/hard\libgcc.a(_arm_addsubdf3.o)
__floatsidf                                       C:/PROGRA~2/ARMGNU~1/13C7F1~1.2RE/bin/../lib/gcc/arm-none-eabi/13.2.1/thumb/v7e-m+fp/hard\libgcc.a(_arm_addsubdf3.o)
__floatundidf                                     C:/PROGRA~2/ARMGNU~1/13C7F1~1.2RE/bin/../lib/gcc/arm-none-eabi/13.2.1/thumb/v7e-m+fp/hard\libgcc.a(_arm_addsubdf3.o)
__floatunsidf                                     C:/PROGRA~2/ARMGNU~1/13C7F1~1.2RE/bin/../lib/gcc/arm-none-eabi/13.2.1/thumb/v7e-m+fp/hard\libgcc.a(_arm_addsubdf3.o)
__fp_lock_all                                     C:/PROGRA~2/ARMGNU~1/13C7F1~1.2RE/bin/../lib/gcc/arm-none-eabi/13.2.1/thumb/v7e-m+fp/hard\libg.a(libc_a-findfp.o)
__fp_unlock_all                                   C:/PROGRA~2/ARMGNU~1/13C7F1~1.2RE/bin/../lib/gcc/arm-none-eabi/13.2.1/thumb/v7e-m+fp/hard\libg.a(libc_a-findfp.o)
__gedf2                                           C:/PROGRA~2/ARMGNU~1/13C7F1~1.2RE/bin/../lib/gcc/arm-none-eabi/13.2.1/thumb/v7e-m+fp/hard\libgcc.a(_arm_cmpdf2.o)
__gtdf2                                           C:/PROGRA~2/ARMGNU~1/13C7F1~1.2RE/bin/../lib/gcc/arm-none-eabi/13.2.1/thumb/v7e-m+fp/hard\libgcc.a(_arm_cmpdf2.o)
__ieee754_acosf                                   C:/PROGRA~2/ARMGNU~1/13C7F1~1.2RE/bin/../lib/gcc/arm-none-eabi/13.2.1/thumb/v7e-m+fp/hard\libm.a(libm_a-ef_acos.o)
                                                  C:/PROGRA~2/ARMGNU~1/13C7F1~1.2RE/bin/../lib/gcc/arm-none-eabi/13.2.1/thumb/v7e-m+fp/hard\libm.a(libm_a-wf_acos.o)
__ieee754_atan2f                                  C:/PROGRA~2/ARMGNU~1/13C7F1~1.2RE/bin/../lib/gcc/arm-none-eabi/13.2.1/thumb/v7e-m+fp/hard\libm.a(libm_a-ef_atan2.o)
                                                  C:/PROGRA~2/ARMGNU~1/13C7F1~1.2RE/bin/../lib/gcc/arm-none-eabi/13.2.1/thumb/v7e-m+fp/hard\libm.a(libm_a-wf_atan2.o)
__ieee754_rem_pio2f                               C:/PROGRA~2/ARMGNU~1/13C7F1~1.2RE/bin/../lib/gcc/arm-none-eabi/13.2.1/thumb/v7e-m+fp/hard\libm.a(libm_a-ef_rem_pio2.o)
                                                  C:/PROGRA~2/ARMGNU~1/13C7F1~1.2RE/bin/../lib/gcc/arm-none-eabi/13.2.1/thumb/v7e-m+fp/hard\libm.a(libm_a-sf_tan.o)
                                                  C:/PROGRA~2/ARMGNU~1/13C7F1~1.2RE/bin/../lib/gcc/arm-none-eabi/13.2.1/thumb/v7e-m+fp/hard\libm.a(libm_a-sf_sin.o)
                                                  C:/PROGRA~2/ARMGNU~1/13C7F1~1.2RE/bin/../lib/gcc/arm-none-eabi/13.2.1/thumb/v7e-m+fp/hard\libm.a(libm_a-sf_cos.o)
__ieee754_sqrtf                                   C:/PROGRA~2/ARMGNU~1/13C7F1~1.2RE/bin/../lib/gcc/arm-none-eabi/13.2.1/thumb/v7e-m+fp/hard\libm.a(libm_a-ef_sqrt.o)
                                                  C:/PROGRA~2/ARMGNU~1/13C7F1~1.2RE/bin/../lib/gcc/arm-none-eabi/13.2.1/thumb/v7e-m+fp/hard\libm.a(libm_a-ef_acos.o)
                                                  C:/PROGRA~2/ARMGNU~1/13C7F1~1.2RE/bin/../lib/gcc/arm-none-eabi/13.2.1/thumb/v7e-m+fp/hard\libm.a(libm_a-wf_sqrt.o)
__itoa                                            C:/PROGRA~2/ARMGNU~1/13C7F1~1.2RE/bin/../lib/gcc/arm-none-eabi/13.2.1/thumb/v7e-m+fp/hard\libg.a(libc_a-itoa.o)
__kernel_cosf                                     C:/PROGRA~2/ARMGNU~1/13C7F1~1.2RE/bin/../lib/gcc/arm-none-eabi/13.2.1/thumb/v7e-m+fp/hard\libm.a(libm_a-kf_cos.o)
                                                  C:/PROGRA~2/ARMGNU~1/13C7F1~1.2RE/bin/../lib/gcc/arm-none-eabi/13.2.1/thumb/v7e-m+fp/hard\libm.a(libm_a-sf_sin.o)
                                                  C:/PROGRA~2/ARMGNU~1/13C7F1~1.2RE/bin/../lib/gcc/arm-none-eabi/13.2.1/thumb/v7e-m+fp/hard\libm.a(libm_a-sf_cos.o)
__kernel_rem_pio2f                                C:/PROGRA~2/ARMGNU~1/13C7F1~1.2RE/bin/../lib/gcc/arm-none-eabi/13.2.1/thumb/v7e-m+fp/hard\libm.a(libm_a-kf_rem_pio2.o)
                                                  C:/PROGRA~2/ARMGNU~1/13C7F1~1.2RE/bin/../lib/gcc/arm-none-eabi/13.2.1/thumb/v7e-m+fp/hard\libm.a(libm_a-ef_rem_pio2.o)
__kernel_sinf                                     C:/PROGRA~2/ARMGNU~1/13C7F1~1.2RE/bin/../lib/gcc/arm-none-eabi/13.2.1/thumb/v7e-m+fp/hard\libm.a(libm_a-kf_sin.o)
                                                  C:/PROGRA~2/ARMGNU~1/13C7F1~1.2RE/bin/../lib/gcc/arm-none-eabi/13.2.1/thumb/v7e-m+fp/hard\libm.a(libm_a-sf_sin.o)
                                                  C:/PROGRA~2/ARMGNU~1/13C7F1~1.2RE/bin/../lib/gcc/arm-none-eabi/13.2.1/thumb/v7e-m+fp/hard\libm.a(libm_a-sf_cos.o)
__kernel_tanf                                     C:/PROGRA~2/ARMGNU~1/13C7F1~1.2RE/bin/../lib/gcc/arm-none-eabi/13.2.1/thumb/v7e-m+fp/hard\libm.a(libm_a-kf_tan.o)
                                                  C:/PROGRA~2/ARMGNU~1/13C7F1~1.2RE/bin/../lib/gcc/arm-none-eabi/13.2.1/thumb/v7e-m+fp/hard\libm.a(libm_a-sf_tan.o)
__ledf2                                           C:/PROGRA~2/ARMGNU~1/13C7F1~1.2RE/bin/../lib/gcc/arm-none-eabi/13.2.1/thumb/v7e-m+fp/hard\libgcc.a(_arm_cmpdf2.o)
__lock___arc4random_mutex                         C:/PROGRA~2/ARMGNU~1/13C7F1~1.2RE/bin/../lib/gcc/arm-none-eabi/13.2.1/thumb/v7e-m+fp/hard\libg.a(libc_a-lock.o)
__lock___at_quick_exit_mutex                      C:/PROGRA~2/ARMGNU~1/13C7F1~1.2RE/bin/../lib/gcc/arm-none-eabi/13.2.1/thumb/v7e-m+fp/hard\libg.a(libc_a-lock.o)
__lock___atexit_recursive_mutex                   C:/PROGRA~2/ARMGNU~1/13C7F1~1.2RE/bin/../lib/gcc/arm-none-eabi/13.2.1/thumb/v7e-m+fp/hard\libg.a(libc_a-lock.o)
__lock___dd_hash_mutex                            C:/PROGRA~2/ARMGNU~1/13C7F1~1.2RE/bin/../lib/gcc/arm-none-eabi/13.2.1/thumb/v7e-m+fp/hard\libg.a(libc_a-lock.o)
__lock___env_recursive_mutex                      C:/PROGRA~2/ARMGNU~1/13C7F1~1.2RE/bin/../lib/gcc/arm-none-eabi/13.2.1/thumb/v7e-m+fp/hard\libg.a(libc_a-lock.o)
__lock___malloc_recursive_mutex                   C:/PROGRA~2/ARMGNU~1/13C7F1~1.2RE/bin/../lib/gcc/arm-none-eabi/13.2.1/thumb/v7e-m+fp/hard\libg.a(libc_a-lock.o)
__lock___sfp_recursive_mutex                      C:/PROGRA~2/ARMGNU~1/13C7F1~1.2RE/bin/../lib/gcc/arm-none-eabi/13.2.1/thumb/v7e-m+fp/hard\libg.a(libc_a-lock.o)
                                                  C:/PROGRA~2/ARMGNU~1/13C7F1~1.2RE/bin/../lib/gcc/arm-none-eabi/13.2.1/thumb/v7e-m+fp/hard\libg.a(libc_a-findfp.o)
__lock___tz_mutex                                 C:/PROGRA~2/ARMGNU~1/13C7F1~1.2RE/bin/../lib/gcc/arm-none-eabi/13.2.1/thumb/v7e-m+fp/hard\libg.a(libc_a-lock.o)
__ltdf2                                           C:/PROGRA~2/ARMGNU~1/13C7F1~1.2RE/bin/../lib/gcc/arm-none-eabi/13.2.1/thumb/v7e-m+fp/hard\libgcc.a(_arm_cmpdf2.o)
__nedf2                                           C:/PROGRA~2/ARMGNU~1/13C7F1~1.2RE/bin/../lib/gcc/arm-none-eabi/13.2.1/thumb/v7e-m+fp/hard\libgcc.a(_arm_cmpdf2.o)
__retarget_lock_acquire                           C:/PROGRA~2/ARMGNU~1/13C7F1~1.2RE/bin/../lib/gcc/arm-none-eabi/13.2.1/thumb/v7e-m+fp/hard\libg.a(libc_a-lock.o)
__retarget_lock_acquire_recursive                 C:/PROGRA~2/ARMGNU~1/13C7F1~1.2RE/bin/../lib/gcc/arm-none-eabi/13.2.1/thumb/v7e-m+fp/hard\libg.a(libc_a-lock.o)
                                                  C:/PROGRA~2/ARMGNU~1/13C7F1~1.2RE/bin/../lib/gcc/arm-none-eabi/13.2.1/thumb/v7e-m+fp/hard\libg.a(libc_a-fflush.o)
                                                  C:/PROGRA~2/ARMGNU~1/13C7F1~1.2RE/bin/../lib/gcc/arm-none-eabi/13.2.1/thumb/v7e-m+fp/hard\libg.a(libc_a-fclose.o)
                                                  C:/PROGRA~2/ARMGNU~1/13C7F1~1.2RE/bin/../lib/gcc/arm-none-eabi/13.2.1/thumb/v7e-m+fp/hard\libg.a(libc_a-findfp.o)
__retarget_lock_close                             C:/PROGRA~2/ARMGNU~1/13C7F1~1.2RE/bin/../lib/gcc/arm-none-eabi/13.2.1/thumb/v7e-m+fp/hard\libg.a(libc_a-lock.o)
__retarget_lock_close_recursive                   C:/PROGRA~2/ARMGNU~1/13C7F1~1.2RE/bin/../lib/gcc/arm-none-eabi/13.2.1/thumb/v7e-m+fp/hard\libg.a(libc_a-lock.o)
                                                  C:/PROGRA~2/ARMGNU~1/13C7F1~1.2RE/bin/../lib/gcc/arm-none-eabi/13.2.1/thumb/v7e-m+fp/hard\libg.a(libc_a-fclose.o)
__retarget_lock_init                              C:/PROGRA~2/ARMGNU~1/13C7F1~1.2RE/bin/../lib/gcc/arm-none-eabi/13.2.1/thumb/v7e-m+fp/hard\libg.a(libc_a-lock.o)
__retarget_lock_init_recursive                    C:/PROGRA~2/ARMGNU~1/13C7F1~1.2RE/bin/../lib/gcc/arm-none-eabi/13.2.1/thumb/v7e-m+fp/hard\libg.a(libc_a-lock.o)
                                                  C:/PROGRA~2/ARMGNU~1/13C7F1~1.2RE/bin/../lib/gcc/arm-none-eabi/13.2.1/thumb/v7e-m+fp/hard\libg.a(libc_a-findfp.o)
__retarget_lock_release                           C:/PROGRA~2/ARMGNU~1/13C7F1~1.2RE/bin/../lib/gcc/arm-none-eabi/13.2.1/thumb/v7e-m+fp/hard\libg.a(libc_a-lock.o)
__retarget_lock_release_recursive                 C:/PROGRA~2/ARMGNU~1/13C7F1~1.2RE/bin/../lib/gcc/arm-none-eabi/13.2.1/thumb/v7e-m+fp/hard\libg.a(libc_a-lock.o)
                                                  C:/PROGRA~2/ARMGNU~1/13C7F1~1.2RE/bin/../lib/gcc/arm-none-eabi/13.2.1/thumb/v7e-m+fp/hard\libg.a(libc_a-fflush.o)
                                                  C:/PROGRA~2/ARMGNU~1/13C7F1~1.2RE/bin/../lib/gcc/arm-none-eabi/13.2.1/thumb/v7e-m+fp/hard\libg.a(libc_a-fclose.o)
                                                  C:/PROGRA~2/ARMGNU~1/13C7F1~1.2RE/bin/../lib/gcc/arm-none-eabi/13.2.1/thumb/v7e-m+fp/hard\libg.a(libc_a-findfp.o)
__retarget_lock_try_acquire                       C:/PROGRA~2/ARMGNU~1/13C7F1~1.2RE/bin/../lib/gcc/arm-none-eabi/13.2.1/thumb/v7e-m+fp/hard\libg.a(libc_a-lock.o)
__retarget_lock_try_acquire_recursive             C:/PROGRA~2/ARMGNU~1/13C7F1~1.2RE/bin/../lib/gcc/arm-none-eabi/13.2.1/thumb/v7e-m+fp/hard\libg.a(libc_a-lock.o)
__sclose                                          C:/PROGRA~2/ARMGNU~1/13C7F1~1.2RE/bin/../lib/gcc/arm-none-eabi/13.2.1/thumb/v7e-m+fp/hard\libg.a(libc_a-stdio.o)
                                                  C:/PROGRA~2/ARMGNU~1/13C7F1~1.2RE/bin/../lib/gcc/arm-none-eabi/13.2.1/thumb/v7e-m+fp/hard\libg.a(libc_a-findfp.o)
__seofread                                        C:/PROGRA~2/ARMGNU~1/13C7F1~1.2RE/bin/../lib/gcc/arm-none-eabi/13.2.1/thumb/v7e-m+fp/hard\libg.a(libc_a-stdio.o)
__sf                                              C:/PROGRA~2/ARMGNU~1/13C7F1~1.2RE/bin/../lib/gcc/arm-none-eabi/13.2.1/thumb/v7e-m+fp/hard\libg.a(libc_a-findfp.o)
                                                  C:/PROGRA~2/ARMGNU~1/13C7F1~1.2RE/bin/../lib/gcc/arm-none-eabi/13.2.1/thumb/v7e-m+fp/hard\libg.a(libc_a-impure.o)
__sflush_r                                        C:/PROGRA~2/ARMGNU~1/13C7F1~1.2RE/bin/../lib/gcc/arm-none-eabi/13.2.1/thumb/v7e-m+fp/hard\libg.a(libc_a-fflush.o)
                                                  C:/PROGRA~2/ARMGNU~1/13C7F1~1.2RE/bin/../lib/gcc/arm-none-eabi/13.2.1/thumb/v7e-m+fp/hard\libg.a(libc_a-fclose.o)
__sfp                                             C:/PROGRA~2/ARMGNU~1/13C7F1~1.2RE/bin/../lib/gcc/arm-none-eabi/13.2.1/thumb/v7e-m+fp/hard\libg.a(libc_a-findfp.o)
__sfp_lock_acquire                                C:/PROGRA~2/ARMGNU~1/13C7F1~1.2RE/bin/../lib/gcc/arm-none-eabi/13.2.1/thumb/v7e-m+fp/hard\libg.a(libc_a-findfp.o)
                                                  C:/PROGRA~2/ARMGNU~1/13C7F1~1.2RE/bin/../lib/gcc/arm-none-eabi/13.2.1/thumb/v7e-m+fp/hard\libg.a(libc_a-fclose.o)
__sfp_lock_release                                C:/PROGRA~2/ARMGNU~1/13C7F1~1.2RE/bin/../lib/gcc/arm-none-eabi/13.2.1/thumb/v7e-m+fp/hard\libg.a(libc_a-findfp.o)
                                                  C:/PROGRA~2/ARMGNU~1/13C7F1~1.2RE/bin/../lib/gcc/arm-none-eabi/13.2.1/thumb/v7e-m+fp/hard\libg.a(libc_a-fclose.o)
__sglue                                           C:/PROGRA~2/ARMGNU~1/13C7F1~1.2RE/bin/../lib/gcc/arm-none-eabi/13.2.1/thumb/v7e-m+fp/hard\libg.a(libc_a-findfp.o)
                                                  C:/PROGRA~2/ARMGNU~1/13C7F1~1.2RE/bin/../lib/gcc/arm-none-eabi/13.2.1/thumb/v7e-m+fp/hard\libg.a(libc_a-fflush.o)
__sinit                                           C:/PROGRA~2/ARMGNU~1/13C7F1~1.2RE/bin/../lib/gcc/arm-none-eabi/13.2.1/thumb/v7e-m+fp/hard\libg.a(libc_a-findfp.o)
                                                  C:/PROGRA~2/ARMGNU~1/13C7F1~1.2RE/bin/../lib/gcc/arm-none-eabi/13.2.1/thumb/v7e-m+fp/hard\libg.a(libc_a-fflush.o)
                                                  C:/PROGRA~2/ARMGNU~1/13C7F1~1.2RE/bin/../lib/gcc/arm-none-eabi/13.2.1/thumb/v7e-m+fp/hard\libg.a(libc_a-fclose.o)
__sread                                           C:/PROGRA~2/ARMGNU~1/13C7F1~1.2RE/bin/../lib/gcc/arm-none-eabi/13.2.1/thumb/v7e-m+fp/hard\libg.a(libc_a-stdio.o)
                                                  C:/PROGRA~2/ARMGNU~1/13C7F1~1.2RE/bin/../lib/gcc/arm-none-eabi/13.2.1/thumb/v7e-m+fp/hard\libg.a(libc_a-findfp.o)
__sseek                                           C:/PROGRA~2/ARMGNU~1/13C7F1~1.2RE/bin/../lib/gcc/arm-none-eabi/13.2.1/thumb/v7e-m+fp/hard\libg.a(libc_a-stdio.o)
                                                  C:/PROGRA~2/ARMGNU~1/13C7F1~1.2RE/bin/../lib/gcc/arm-none-eabi/13.2.1/thumb/v7e-m+fp/hard\libg.a(libc_a-findfp.o)
__stdio_exit_handler                              C:/PROGRA~2/ARMGNU~1/13C7F1~1.2RE/bin/../lib/gcc/arm-none-eabi/13.2.1/thumb/v7e-m+fp/hard\libg.a(libc_a-findfp.o)
__subdf3                                          C:/PROGRA~2/ARMGNU~1/13C7F1~1.2RE/bin/../lib/gcc/arm-none-eabi/13.2.1/thumb/v7e-m+fp/hard\libgcc.a(_arm_addsubdf3.o)
__swrite                                          C:/PROGRA~2/ARMGNU~1/13C7F1~1.2RE/bin/../lib/gcc/arm-none-eabi/13.2.1/thumb/v7e-m+fp/hard\libg.a(libc_a-stdio.o)
                                                  C:/PROGRA~2/ARMGNU~1/13C7F1~1.2RE/bin/../lib/gcc/arm-none-eabi/13.2.1/thumb/v7e-m+fp/hard\libg.a(libc_a-findfp.o)
__truncdfsf2                                      C:/PROGRA~2/ARMGNU~1/13C7F1~1.2RE/bin/../lib/gcc/arm-none-eabi/13.2.1/thumb/v7e-m+fp/hard\libgcc.a(_arm_truncdfsf2.o)
__utoa                                            C:/PROGRA~2/ARMGNU~1/13C7F1~1.2RE/bin/../lib/gcc/arm-none-eabi/13.2.1/thumb/v7e-m+fp/hard\libg.a(libc_a-utoa.o)
                                                  C:/PROGRA~2/ARMGNU~1/13C7F1~1.2RE/bin/../lib/gcc/arm-none-eabi/13.2.1/thumb/v7e-m+fp/hard\libg.a(libc_a-itoa.o)
_close                                            C:/PROGRA~2/ARMGNU~1/13C7F1~1.2RE/bin/../lib/gcc/arm-none-eabi/13.2.1/thumb/v7e-m+fp/hard\libg.a(libc_a-closer.o)
_close_r                                          C:/PROGRA~2/ARMGNU~1/13C7F1~1.2RE/bin/../lib/gcc/arm-none-eabi/13.2.1/thumb/v7e-m+fp/hard\libg.a(libc_a-closer.o)
                                                  C:/PROGRA~2/ARMGNU~1/13C7F1~1.2RE/bin/../lib/gcc/arm-none-eabi/13.2.1/thumb/v7e-m+fp/hard\libg.a(libc_a-stdio.o)
_fclose_r                                         C:/PROGRA~2/ARMGNU~1/13C7F1~1.2RE/bin/../lib/gcc/arm-none-eabi/13.2.1/thumb/v7e-m+fp/hard\libg.a(libc_a-fclose.o)
                                                  C:/PROGRA~2/ARMGNU~1/13C7F1~1.2RE/bin/../lib/gcc/arm-none-eabi/13.2.1/thumb/v7e-m+fp/hard\libg.a(libc_a-findfp.o)
_fflush_r                                         C:/PROGRA~2/ARMGNU~1/13C7F1~1.2RE/bin/../lib/gcc/arm-none-eabi/13.2.1/thumb/v7e-m+fp/hard\libg.a(libc_a-fflush.o)
_free_r                                           CMakeFiles\ddd.dir\C_\Users\shrin\Documents\PlaydateSDK\C_API\buildsupport\setup.c.obj
                                                  C:/PROGRA~2/ARMGNU~1/13C7F1~1.2RE/bin/../lib/gcc/arm-none-eabi/13.2.1/thumb/v7e-m+fp/hard\libg.a(libc_a-fflush.o)
                                                  C:/PROGRA~2/ARMGNU~1/13C7F1~1.2RE/bin/../lib/gcc/arm-none-eabi/13.2.1/thumb/v7e-m+fp/hard\libg.a(libc_a-fclose.o)
                                                  C:/PROGRA~2/ARMGNU~1/13C7F1~1.2RE/bin/../lib/gcc/arm-none-eabi/13.2.1/thumb/v7e-m+fp/hard\libg.a(libc_a-reent.o)
                                                  C:/PROGRA~2/ARMGNU~1/13C7F1~1.2RE/bin/../lib/gcc/arm-none-eabi/13.2.1/thumb/v7e-m+fp/hard\libg.a(libc_a-malloc.o)
_fwalk_sglue                                      C:/PROGRA~2/ARMGNU~1/13C7F1~1.2RE/bin/../lib/gcc/arm-none-eabi/13.2.1/thumb/v7e-m+fp/hard\libg.a(libc_a-fwalk.o)
                                                  C:/PROGRA~2/ARMGNU~1/13C7F1~1.2RE/bin/../lib/gcc/arm-none-eabi/13.2.1/thumb/v7e-m+fp/hard\libg.a(libc_a-fflush.o)
                                                  C:/PROGRA~2/ARMGNU~1/13C7F1~1.2RE/bin/../lib/gcc/arm-none-eabi/13.2.1/thumb/v7e-m+fp/hard\libg.a(libc_a-findfp.o)
_impure_data                                      C:/PROGRA~2/ARMGNU~1/13C7F1~1.2RE/bin/../lib/gcc/arm-none-eabi/13.2.1/thumb/v7e-m+fp/hard\libg.a(libc_a-impure.o)
                                                  C:/PROGRA~2/ARMGNU~1/13C7F1~1.2RE/bin/../lib/gcc/arm-none-eabi/13.2.1/thumb/v7e-m+fp/hard\libg.a(libc_a-fflush.o)
                                                  C:/PROGRA~2/ARMGNU~1/13C7F1~1.2RE/bin/../lib/gcc/arm-none-eabi/13.2.1/thumb/v7e-m+fp/hard\libg.a(libc_a-findfp.o)
_impure_ptr                                       C:/PROGRA~2/ARMGNU~1/13C7F1~1.2RE/bin/../lib/gcc/arm-none-eabi/13.2.1/thumb/v7e-m+fp/hard\libg.a(libc_a-impure.o)
                                                  C:/PROGRA~2/ARMGNU~1/13C7F1~1.2RE/bin/../lib/gcc/arm-none-eabi/13.2.1/thumb/v7e-m+fp/hard\libc.a(libc_a-errno.o)
                                                  C:/PROGRA~2/ARMGNU~1/13C7F1~1.2RE/bin/../lib/gcc/arm-none-eabi/13.2.1/thumb/v7e-m+fp/hard\libg.a(libc_a-fflush.o)
                                                  C:/PROGRA~2/ARMGNU~1/13C7F1~1.2RE/bin/../lib/gcc/arm-none-eabi/13.2.1/thumb/v7e-m+fp/hard\libg.a(libc_a-fclose.o)
                                                  C:/PROGRA~2/ARMGNU~1/13C7F1~1.2RE/bin/../lib/gcc/arm-none-eabi/13.2.1/thumb/v7e-m+fp/hard\libg.a(libc_a-reent.o)
                                                  C:/PROGRA~2/ARMGNU~1/13C7F1~1.2RE/bin/../lib/gcc/arm-none-eabi/13.2.1/thumb/v7e-m+fp/hard\libg.a(libc_a-malloc.o)
_lseek                                            C:/PROGRA~2/ARMGNU~1/13C7F1~1.2RE/bin/../lib/gcc/arm-none-eabi/13.2.1/thumb/v7e-m+fp/hard\libg.a(libc_a-lseekr.o)
_lseek_r                                          C:/PROGRA~2/ARMGNU~1/13C7F1~1.2RE/bin/../lib/gcc/arm-none-eabi/13.2.1/thumb/v7e-m+fp/hard\libg.a(libc_a-lseekr.o)
                                                  C:/PROGRA~2/ARMGNU~1/13C7F1~1.2RE/bin/../lib/gcc/arm-none-eabi/13.2.1/thumb/v7e-m+fp/hard\libg.a(libc_a-stdio.o)
_malloc_r                                         CMakeFiles\ddd.dir\C_\Users\shrin\Documents\PlaydateSDK\C_API\buildsupport\setup.c.obj
                                                  C:/PROGRA~2/ARMGNU~1/13C7F1~1.2RE/bin/../lib/gcc/arm-none-eabi/13.2.1/thumb/v7e-m+fp/hard\libg.a(libc_a-findfp.o)
                                                  C:/PROGRA~2/ARMGNU~1/13C7F1~1.2RE/bin/../lib/gcc/arm-none-eabi/13.2.1/thumb/v7e-m+fp/hard\libg.a(libc_a-malloc.o)
_read                                             C:/PROGRA~2/ARMGNU~1/13C7F1~1.2RE/bin/../lib/gcc/arm-none-eabi/13.2.1/thumb/v7e-m+fp/hard\libg.a(libc_a-readr.o)
_read_r                                           C:/PROGRA~2/ARMGNU~1/13C7F1~1.2RE/bin/../lib/gcc/arm-none-eabi/13.2.1/thumb/v7e-m+fp/hard\libg.a(libc_a-readr.o)
                                                  C:/PROGRA~2/ARMGNU~1/13C7F1~1.2RE/bin/../lib/gcc/arm-none-eabi/13.2.1/thumb/v7e-m+fp/hard\libg.a(libc_a-stdio.o)
_realloc_r                                        CMakeFiles\ddd.dir\C_\Users\shrin\Documents\PlaydateSDK\C_API\buildsupport\setup.c.obj
_reclaim_reent                                    C:/PROGRA~2/ARMGNU~1/13C7F1~1.2RE/bin/../lib/gcc/arm-none-eabi/13.2.1/thumb/v7e-m+fp/hard\libg.a(libc_a-reent.o)
_write                                            C:/PROGRA~2/ARMGNU~1/13C7F1~1.2RE/bin/../lib/gcc/arm-none-eabi/13.2.1/thumb/v7e-m+fp/hard\libg.a(libc_a-writer.o)
_write_r                                          C:/PROGRA~2/ARMGNU~1/13C7F1~1.2RE/bin/../lib/gcc/arm-none-eabi/13.2.1/thumb/v7e-m+fp/hard\libg.a(libc_a-writer.o)
                                                  C:/PROGRA~2/ARMGNU~1/13C7F1~1.2RE/bin/../lib/gcc/arm-none-eabi/13.2.1/thumb/v7e-m+fp/hard\libg.a(libc_a-stdio.o)
acosf                                             C:/PROGRA~2/ARMGNU~1/13C7F1~1.2RE/bin/../lib/gcc/arm-none-eabi/13.2.1/thumb/v7e-m+fp/hard\libm.a(libm_a-wf_acos.o)
                                                  CMakeFiles\ddd.dir\engine\3dmath.c.obj