Archive member included to satisfy reference by file (symbol)

C:/PROGRA~2/ARMGNU~1/13C7F1~1.2RE/bin/../lib/gcc/arm-none-eabi/13.2.1/thumb/v7e-m+fp/hard\libg.a(libc_a-malloc.o)
                              CMakeFiles\ddd.dir\src\main.c.obj (malloc)
C:/PROGRA~2/ARMGNU~1/13C7F1~1.2RE/bin/../lib/gcc/arm-none-eabi/13.2.1/thumb/v7e-m+fp/hard\libg.a(libc_a-memset.o)
                              CMakeFiles\ddd.dir\ddd\3dmath.c.obj (memset)
C:/PROGRA~2/ARMGNU~1/13C7F1~1.2RE/bin/../lib/gcc/arm-none-eabi/13.2.1/thumb/v7e-m+fp/hard\libg.a(libc_a-impure.o)
                              C:/PROGRA~2/ARMGNU~1/13C7F1~1.2RE/bin/../lib/gcc/arm-none-eabi/13.2.1/thumb/v7e-m+fp/hard\libg.a(libc_a-malloc.o) (_impure_ptr)
C:/PROGRA~2/ARMGNU~1/13C7F1~1.2RE/bin/../lib/gcc/arm-none-eabi/13.2.1/thumb/v7e-m+fp/hard\libg.a(libc_a-findfp.o)
                              C:/PROGRA~2/ARMGNU~1/13C7F1~1.2RE/bin/../lib/gcc/arm-none-eabi/13.2.1/thumb/v7e-m+fp/hard\libg.a(libc_a-impure.o) (__sf)
C:/PROGRA~2/ARMGNU~1/13C7F1~1.2RE/bin/../lib/gcc/arm-none-eabi/13.2.1/thumb/v7e-m+fp/hard\libg.a(libc_a-fwalk.o)
                              C:/PROGRA~2/ARMGNU~1/13C7F1~1.2RE/bin/../lib/gcc/arm-none-eabi/13.2.1/thumb/v7e-m+fp/hard\libg.a(libc_a-findfp.o) (_fwalk_sglue)
C:/PROGRA~2/ARMGNU~1/13C7F1~1.2RE/bin/../lib/gcc/arm-none-eabi/13.2.1/thumb/v7e-m+fp/hard\libg.a(libc_a-stdio.o)
                              C:/PROGRA~2/ARMGNU~1/13C7F1~1.2RE/bin/../lib/gcc/arm-none-eabi/13.2.1/thumb/v7e-m+fp/hard\libg.a(libc_a-findfp.o) (__sread)
C:/PROGRA~2/ARMGNU~1/13C7F1~1.2RE/bin/../lib/gcc/arm-none-eabi/13.2.1/thumb/v7e-m+fp/hard\libg.a(libc_a-closer.o)
                              C:/PROGRA~2/ARMGNU~1/13C7F1~1.2RE/bin/../lib/gcc/arm-none-eabi/13.2.1/thumb/v7e-m+fp/hard\libg.a(libc_a-stdio.o) (_close_r)
C:/PROGRA~2/ARMGNU~1/13C7F1~1.2RE/bin/../lib/gcc/arm-none-eabi/13.2.1/thumb/v7e-m+fp/hard\libg.a(libc_a-reent.o)
                              C:/PROGRA~2/ARMGNU~1/13C7F1~1.2RE/bin/../lib/gcc/arm-none-eabi/13.2.1/thumb/v7e-m+fp/hard\libg.a(libc_a-closer.o) (errno)
C:/PROGRA~2/ARMGNU~1/13C7F1~1.2RE/bin/../lib/gcc/arm-none-eabi/13.2.1/thumb/v7e-m+fp/hard\libg.a(libc_a-lseekr.o)
                              C:/PROGRA~2/ARMGNU~1/13C7F1~1.2RE/bin/../lib/gcc/arm-none-eabi/13.2.1/thumb/v7e-m+fp/hard\libg.a(libc_a-stdio.o) (_lseek_r)
C:/PROGRA~2/ARMGNU~1/13C7F1~1.2RE/bin/../lib/gcc/arm-none-eabi/13.2.1/thumb/v7e-m+fp/hard\libg.a(libc_a-readr.o)
                              C:/PROGRA~2/ARMGNU~1/13C7F1~1.2RE/bin/../lib/gcc/arm-none-eabi/13.2.1/thumb/v7e-m+fp/hard\libg.a(libc_a-stdio.o) (_read_r)
C:/PROGRA~2/ARMGNU~1/13C7F1~1.2RE/bin/../lib/gcc/arm-none-eabi/13.2.1/thumb/v7e-m+fp/hard\libg.a(libc_a-writer.o)
                              C:/PROGRA~2/ARMGNU~1/13C7F1~1.2RE/bin/../lib/gcc/arm-none-eabi/13.2.1/thumb/v7e-m+fp/hard\libg.a(libc_a-stdio.o) (_write_r)
C:/PROGRA~2/ARMGNU~1/13C7F1~1.2RE/bin/../lib/gcc/arm-none-eabi/13.2.1/thumb/v7e-m+fp/hard\libg.a(libc_a-lock.o)
                              C:/PROGRA~2/ARMGNU~1/13C7F1~1.2RE/bin/../lib/gcc/arm-none-eabi/13.2.1/thumb/v7e-m+fp/hard\libg.a(libc_a-findfp.o) (__retarget_lock_init_recursive)
C:/PROGRA~2/ARMGNU~1/13C7F1~1.2RE/bin/../lib/gcc/arm-none-eabi/13.2.1/thumb/v7e-m+fp/hard\libg.a(libc_a-fclose.o)
                              C:/PROGRA~2/ARMGNU~1/13C7F1~1.2RE/bin/../lib/gcc/arm-none-eabi/13.2.1/thumb/v7e-m+fp/hard\libg.a(libc_a-findfp.o) (_fclose_r)
C:/PROGRA~2/ARMGNU~1/13C7F1~1.2RE/bin/../lib/gcc/arm-none-eabi/13.2.1/thumb/v7e-m+fp/hard\libg.a(libc_a-fflush.o)
                              C:/PROGRA~2/ARMGNU~1/13C7F1~1.2RE/bin/../lib/gcc/arm-none-eabi/13.2.1/thumb/v7e-m+fp/hard\libg.a(libc_a-fclose.o) (__sflush_r)
C:/PROGRA~2/ARMGNU~1/13C7F1~1.2RE/bin/../lib/gcc/arm-none-eabi/13.2.1/thumb/v7e-m+fp/hard\libm.a(libm_a-sf_cos.o)
                              CMakeFiles\ddd.dir\ddd\3dmath.c.obj (cosf)
C:/PROGRA~2/ARMGNU~1/13C7F1~1.2RE/bin/../lib/gcc/arm-none-eabi/13.2.1/thumb/v7e-m+fp/hard\libm.a(libm_a-sf_sin.o)
                              CMakeFiles\ddd.dir\src\main.c.obj (sinf)
C:/PROGRA~2/ARMGNU~1/13C7F1~1.2RE/bin/../lib/gcc/arm-none-eabi/13.2.1/thumb/v7e-m+fp/hard\libm.a(libm_a-sf_tan.o)
                              CMakeFiles\ddd.dir\ddd\camera.c.obj (tanf)
C:/PROGRA~2/ARMGNU~1/13C7F1~1.2RE/bin/../lib/gcc/arm-none-eabi/13.2.1/thumb/v7e-m+fp/hard\libm.a(libm_a-kf_cos.o)
                              C:/PROGRA~2/ARMGNU~1/13C7F1~1.2RE/bin/../lib/gcc/arm-none-eabi/13.2.1/thumb/v7e-m+fp/hard\libm.a(libm_a-sf_cos.o) (__kernel_cosf)
C:/PROGRA~2/ARMGNU~1/13C7F1~1.2RE/bin/../lib/gcc/arm-none-eabi/13.2.1/thumb/v7e-m+fp/hard\libm.a(libm_a-kf_sin.o)
                              C:/PROGRA~2/ARMGNU~1/13C7F1~1.2RE/bin/../lib/gcc/arm-none-eabi/13.2.1/thumb/v7e-m+fp/hard\libm.a(libm_a-sf_cos.o) (__kernel_sinf)
C:/PROGRA~2/ARMGNU~1/13C7F1~1.2RE/bin/../lib/gcc/arm-none-eabi/13.2.1/thumb/v7e-m+fp/hard\libm.a(libm_a-kf_tan.o)
[...]
Memory Configuration

Name             Origin             Length             Attributes
*default*        0x00000000         0xffffffff

Linker script and memory map

LOAD CMakeFiles\ddd.dir\src\main.c.obj
LOAD CMakeFiles\ddd.dir\ddd\3dmath.c.obj
LOAD CMakeFiles\ddd.dir\ddd\camera.c.obj
LOAD CMakeFiles\ddd.dir\ddd\gameobject.c.obj
LOAD CMakeFiles\ddd.dir\ddd\quaternion.c.obj
LOAD CMakeFiles\ddd.dir\ddd\render.c.obj
LOAD CMakeFiles\ddd.dir\ddd\scene.c.obj
LOAD CMakeFiles\ddd.dir\ddd\symbols.c.obj
LOAD CMakeFiles\ddd.dir\C_\Users\shrin\Documents\PlaydateSDK\C_API\buildsupport\setup.c.obj
START GROUP
LOAD C:/PROGRA~2/ARMGNU~1/13C7F1~1.2RE/bin/../lib/gcc/arm-none-eabi/13.2.1/thumb/v7e-m+fp/hard\libgcc.a
LOAD C:/PROGRA~2/ARMGNU~1/13C7F1~1.2RE/bin/../lib/gcc/arm-none-eabi/13.2.1/thumb/v7e-m+fp/hard\libg.a
LOAD C:/PROGRA~2/ARMGNU~1/13C7F1~1.2RE/bin/../lib/gcc/arm-none-eabi/13.2.1/thumb/v7e-m+fp/hard\libc.a
END GROUP
START GROUP
LOAD C:/PROGRA~2/ARMGNU~1/13C7F1~1.2RE/bin/../lib/gcc/arm-none-eabi/13.2.1/thumb/v7e-m+fp/hard\libgcc.a
LOAD C:/PROGRA~2/ARMGNU~1/13C7F1~1.2RE/bin/../lib/gcc/arm-none-eabi/13.2.1/thumb/v7e-m+fp/hard\libc.a
LOAD C:/PROGRA~2/ARMGNU~1/13C7F1~1.2RE/bin/../lib/gcc/arm-none-eabi/13.2.1/thumb/v7e-m+fp/hard\libm.a
END GROUP

.text           0x00000000     0x2e48
 *(.text)
 *(.text.*)
 .text.cube_update
                0x00000000       0x44 CMakeFiles\ddd.dir\src\main.c.obj
                0x00000000                cube_update
 *fill*         0x00000044        0xc 
 .text.cube2_update
                0x00000050        0x4 CMakeFiles\ddd.dir\src\main.c.obj
                0x00000050                cube2_update
 *fill*         0x00000054        0xc 
 .text.test_update
                0x00000060       0x1c CMakeFiles\ddd.dir\src\main.c.obj
                0x00000060                test_update
 *fill*         0x0000007c        0x4 
 .text.test_scene_init
                0x00000080       0xa4 CMakeFiles\ddd.dir\src\main.c.obj
                0x00000080                test_scene_init
 *fill*         0x00000124        0xc 
 .text.test_scene_update
                0x00000130       0x44 CMakeFiles\ddd.dir\src\main.c.obj
                0x00000130                test_scene_update
 *fill*         0x00000174        0xc 
 .text.terrain_update
                0x00000180        0x4 CMakeFiles\ddd.dir\src\main.c.obj
                0x00000180                terrain_update
 *fill*         0x00000184        0xc 
 .text.test_vertShader
                0x00000190       0x60 CMakeFiles\ddd.dir\src\main.c.obj
                0x00000190                test_vertShader
 .text.eventHandler
                0x000001f0      0x228 CMakeFiles\ddd.dir\src\main.c.obj
                0x000001f0                eventHandler
 *fill*         0x00000418        0x8 
 .text.handleButtons
                0x00000420       0x98 CMakeFiles\ddd.dir\src\main.c.obj
                0x00000420                handleButtons
 *fill*         0x000004b8        0x8 
 .text.camera_update
                0x000004c0      0x224 CMakeFiles\ddd.dir\src\main.c.obj
                0x000004c0                camera_update
 *fill*         0x000006e4        0xc 
 .text.update   0x000006f0       0xb8 CMakeFiles\ddd.dir\src\main.c.obj
 *fill*         0x000007a8        0x8 
 .text.Vector3_dot
                0x000007b0       0x18 CMakeFiles\ddd.dir\ddd\3dmath.c.obj
                0x000007b0                Vector3_dot
 *fill*         0x000007c8        0x8 
 .text.Vector3_add
                0x000007d0       0x2c CMakeFiles\ddd.dir\ddd\3dmath.c.obj
                0x000007d0                Vector3_add
 *fill*         0x000007fc        0x4 
 .text.Vector3_subtract
                0x00000800       0x2c CMakeFiles\ddd.dir\ddd\3dmath.c.obj
                0x00000800                Vector3_subtract
 *fill*         0x0000082c        0x4 
 .text.Vector3_multiplyScalar
                0x00000830       0x20 CMakeFiles\ddd.dir\ddd\3dmath.c.obj
                0x00000830                Vector3_multiplyScalar
 .text.pnormal  0x00000850       0x78 CMakeFiles\ddd.dir\ddd\3dmath.c.obj
                0x00000850                pnormal
 *fill*         0x000008c8        0x8 
 .text.Vector3_getForward
                0x000008d0       0x58 CMakeFiles\ddd.dir\ddd\3dmath.c.obj
                0x000008d0                Vector3_getForward
 *fill*         0x00000928        0x8 
 .text.Matrix3_apply
                0x00000930       0x74 CMakeFiles\ddd.dir\ddd\3dmath.c.obj
                0x00000930                Matrix3_apply
 *fill*         0x000009a4        0xc 
 .text.PTR_Matrix3_apply
                0x000009b0       0x7c CMakeFiles\ddd.dir\ddd\3dmath.c.obj
                0x000009b0                PTR_Matrix3_apply
 *fill*         0x00000a2c        0x4 
 .text.Matrix3_getRotationX
                0x00000a30       0x4c CMakeFiles\ddd.dir\ddd\3dmath.c.obj
                0x00000a30                Matrix3_getRotationX
 *fill*         0x00000a7c        0x4 
 .text.Matrix3_getRotationY
                0x00000a80       0x4c CMakeFiles\ddd.dir\ddd\3dmath.c.obj
                0x00000a80                Matrix3_getRotationY
 *fill*         0x00000acc        0x4 
 .text.Matrix3_getRotationZ
                0x00000ad0       0x4c CMakeFiles\ddd.dir\ddd\3dmath.c.obj
                0x00000ad0                Matrix3_getRotationZ
 *fill*         0x00000b1c        0x4 
 .text.Matrix4_getTransform
                0x00000b20      0x114 CMakeFiles\ddd.dir\ddd\3dmath.c.obj
                0x00000b20                Matrix4_getTransform
 *fill*         0x00000c34        0xc 
 .text.Matrix4_apply
                0x00000c40       0xac CMakeFiles\ddd.dir\ddd\3dmath.c.obj
                0x00000c40                Matrix4_apply
 *fill*         0x00000cec        0x4 
 .text.PTR_Matrix4_apply
                0x00000cf0       0xb4 CMakeFiles\ddd.dir\ddd\3dmath.c.obj
                0x00000cf0                PTR_Matrix4_apply
 *fill*         0x00000da4        0xc 
 .text.Camera_getProjectionMatrix
                0x00000db0       0x7c CMakeFiles\ddd.dir\ddd\camera.c.obj
                0x00000db0                Camera_getProjectionMatrix
 *fill*         0x00000e2c        0x4 
 .text.Camera_worldToScreenPos
                0x00000e30       0x58 CMakeFiles\ddd.dir\ddd\camera.c.obj
                0x00000e30                Camera_worldToScreenPos
 *fill*         0x00000e88        0x8 
 .text.PTR_Camera_worldToScreenPos
                0x00000e90       0x40 CMakeFiles\ddd.dir\ddd\camera.c.obj
                0x00000e90                PTR_Camera_worldToScreenPos
 .text.Camera_setRotation
                0x00000ed0       0xa8 CMakeFiles\ddd.dir\ddd\camera.c.obj
                0x00000ed0                Camera_setRotation
 *fill*         0x00000f78        0x8 
 .text.GameObject_updateTransform
                0x00000f80       0x5c CMakeFiles\ddd.dir\ddd\gameobject.c.obj
                0x00000f80                GameObject_updateTransform
 *fill*         0x00000fdc        0x4 
 .text.api_drawFragment.part.0
                0x00000fe0       0xd0 CMakeFiles\ddd.dir\ddd\render.c.obj
 .text.Line_worldDraw
                0x000010b0      0x194 CMakeFiles\ddd.dir\ddd\render.c.obj
                0x000010b0                Line_worldDraw
 *fill*         0x00001244        0xc 
 .text.YPlane_render
                0x00001250      0x104 CMakeFiles\ddd.dir\ddd\render.c.obj
                0x00001250                YPlane_render
 *fill*         0x00001354        0xc 
 .text.sortTri  0x00001360       0x78 CMakeFiles\ddd.dir\ddd\render.c.obj
                0x00001360                sortTri
 *fill*         0x000013d8        0x8 
 .text.api_fillRange
                0x000013e0       0xb0 CMakeFiles\ddd.dir\ddd\render.c.obj
                0x000013e0                api_fillRange
 .text.api_fillTriangle
                0x00001490      0x1f8 CMakeFiles\ddd.dir\ddd\render.c.obj
                0x00001490                api_fillTriangle
 *fill*         0x00001688        0x8 
 .text.GameObject_drawMesh
                0x00001690      0x33c CMakeFiles\ddd.dir\ddd\render.c.obj
                0x00001690                GameObject_drawMesh
 *fill*         0x000019cc        0x4 
 .text.Scene_addGameObject
                0x000019d0       0x3c CMakeFiles\ddd.dir\ddd\scene.c.obj
                0x000019d0                Scene_addGameObject
 *fill*         0x00001a0c        0x4 
 .text.Scene_update
                0x00001a10       0x40 CMakeFiles\ddd.dir\ddd\scene.c.obj
                0x00001a10                Scene_update
 .text.Vector3_make
                0x00001a50        0x8 CMakeFiles\ddd.dir\ddd\symbols.c.obj
                0x00001a50                Vector3_make
 *fill*         0x00001a58        0x8 
 .text.eventHandlerShim
                0x00001a60       0x1c CMakeFiles\ddd.dir\C_\Users\shrin\Documents\PlaydateSDK\C_API\buildsupport\setup.c.obj
                0x00001a60                eventHandlerShim
 *fill*         0x00001a7c        0x4 
 .text._malloc_r
                0x00001a80        0xc CMakeFiles\ddd.dir\C_\Users\shrin\Documents\PlaydateSDK\C_API\buildsupport\setup.c.obj
                0x00001a80                _malloc_r
 .text.malloc   0x00001a8c       0x10 C:/PROGRA~2/ARMGNU~1/13C7F1~1.2RE/bin/../lib/gcc/arm-none-eabi/13.2.1/thumb/v7e-m+fp/hard\libg.a(libc_a-malloc.o)
                0x00001a8c                malloc
 .text.memset   0x00001a9c       0xa4 C:/PROGRA~2/ARMGNU~1/13C7F1~1.2RE/bin/../lib/gcc/arm-none-eabi/13.2.1/thumb/v7e-m+fp/hard\libg.a(libc_a-memset.o)
                0x00001a9c                memset
 .text.cosf     0x00001b40       0x70 C:/PROGRA~2/ARMGNU~1/13C7F1~1.2RE/bin/../lib/gcc/arm-none-eabi/13.2.1/thumb/v7e-m+fp/hard\libm.a(libm_a-sf_cos.o)
                0x00001b40                cosf
 .text.sinf     0x00001bb0       0x74 C:/PROGRA~2/ARMGNU~1/13C7F1~1.2RE/bin/../lib/gcc/arm-none-eabi/13.2.1/thumb/v7e-m+fp/hard\libm.a(libm_a-sf_sin.o)
                0x00001bb0                sinf
 .text.tanf     0x00001c24       0x54 C:/PROGRA~2/ARMGNU~1/13C7F1~1.2RE/bin/../lib/gcc/arm-none-eabi/13.2.1/thumb/v7e-m+fp/hard\libm.a(libm_a-sf_tan.o)
                0x00001c24                tanf
 .text.__kernel_cosf
                0x00001c78      0x104 C:/PROGRA~2/ARMGNU~1/13C7F1~1.2RE/bin/../lib/gcc/arm-none-eabi/13.2.1/thumb/v7e-m+fp/hard\libm.a(libm_a-kf_cos.o)
                0x00001c78                __kernel_cosf
 .text.__kernel_sinf
                0x00001d7c       0x90 C:/PROGRA~2/ARMGNU~1/13C7F1~1.2RE/bin/../lib/gcc/arm-none-eabi/13.2.1/thumb/v7e-m+fp/hard\libm.a(libm_a-kf_sin.o)
                0x00001d7c                __kernel_sinf
 .text.__kernel_tanf
                0x00001e0c      0x1c0 C:/PROGRA~2/ARMGNU~1/13C7F1~1.2RE/bin/../lib/gcc/arm-none-eabi/13.2.1/thumb/v7e-m+fp/hard\libm.a(libm_a-kf_tan.o)
                0x00001e0c                __kernel_tanf
 .text.__ieee754_rem_pio2f
                0x00001fcc      0x260 C:/PROGRA~2/ARMGNU~1/13C7F1~1.2RE/bin/../lib/gcc/arm-none-eabi/13.2.1/thumb/v7e-m+fp/hard\libm.a(libm_a-ef_rem_pio2.o)
                0x00001fcc                __ieee754_rem_pio2f
 .text.fabsf    0x0000222c       0x10 C:/PROGRA~2/ARMGNU~1/13C7F1~1.2RE/bin/../lib/gcc/arm-none-eabi/13.2.1/thumb/v7e-m+fp/hard\libm.a(libm_a-sf_fabs.o)
                0x0000222c                fabsf
 .text.__kernel_rem_pio2f
                0x0000223c      0x63c C:/PROGRA~2/ARMGNU~1/13C7F1~1.2RE/bin/../lib/gcc/arm-none-eabi/13.2.1/thumb/v7e-m+fp/hard\libm.a(libm_a-kf_rem_pio2.o)
                0x0000223c                __kernel_rem_pio2f
 .text.scalbnf  0x00002878       0xe4 C:/PROGRA~2/ARMGNU~1/13C7F1~1.2RE/bin/../lib/gcc/arm-none-eabi/13.2.1/thumb/v7e-m+fp/hard\libm.a(libm_a-sf_scalbn.o)
                0x00002878                scalbnf
 .text.floorf   0x0000295c       0x94 C:/PROGRA~2/ARMGNU~1/13C7F1~1.2RE/bin/../lib/gcc/arm-none-eabi/13.2.1/thumb/v7e-m+fp/hard\libm.a(libm_a-sf_floor.o)
                0x0000295c                floorf
 *(.init)
 *(.fini)
 *crtbegin.o(.ctors)
 *crtbegin?.o(.ctors)
 *(EXCLUDE_FILE(*crtend.o *crtend?.o) .ctors)
 *(SORT_BY_NAME(.ctors.*))
 *(.ctors)
 *crtbegin.o(.dtors)
 *crtbegin?.o(.dtors)
 *(EXCLUDE_FILE(*crtend.o *crtend?.o) .dtors)
 *(SORT_BY_NAME(.dtors.*))
 *(.dtors)
 *(.rodata*)
 .rodata.eventHandler.str1.4
                0x000029f0       0x85 CMakeFiles\ddd.dir\src\main.c.obj
                                 0x5c (size before relaxing)
 .rodata.str1.4
                0x00002a75       0x29 CMakeFiles\ddd.dir\src\main.c.obj
 *fill*         0x00002a75        0x3 
 .rodata.npio2_hw
                0x00002a78       0x80 C:/PROGRA~2/ARMGNU~1/13C7F1~1.2RE/bin/../lib/gcc/arm-none-eabi/13.2.1/thumb/v7e-m+fp/hard\libm.a(libm_a-ef_rem_pio2.o)
 .rodata.two_over_pi
                0x00002af8      0x318 C:/PROGRA~2/ARMGNU~1/13C7F1~1.2RE/bin/../lib/gcc/arm-none-eabi/13.2.1/thumb/v7e-m+fp/hard\libm.a(libm_a-ef_rem_pio2.o)
 .rodata.PIo2   0x00002e10       0x2c C:/PROGRA~2/ARMGNU~1/13C7F1~1.2RE/bin/../lib/gcc/arm-none-eabi/13.2.1/thumb/v7e-m+fp/hard\libm.a(libm_a-kf_rem_pio2.o)
 .rodata.init_jk
                0x00002e3c        0xc C:/PROGRA~2/ARMGNU~1/13C7F1~1.2RE/bin/../lib/gcc/arm-none-eabi/13.2.1/thumb/v7e-m+fp/hard\libm.a(libm_a-kf_rem_pio2.o)
 *(.eh_frame*)

.glue_7         0x00002e48        0x0
 .glue_7        0x00002e48        0x0 linker stubs

.glue_7t        0x00002e48        0x0
 .glue_7t       0x00002e48        0x0 linker stubs

.vfp11_veneer   0x00002e48        0x0
 .vfp11_veneer  0x00002e48        0x0 linker stubs

.v4_bx          0x00002e48        0x0
 .v4_bx         0x00002e48        0x0 linker stubs

.iplt           0x00002e48        0x0
 .iplt          0x00002e48        0x0 CMakeFiles\ddd.dir\src\main.c.obj

.rel.dyn        0x00002e48        0x0
 .rel.iplt      0x00002e48        0x0 CMakeFiles\ddd.dir\src\main.c.obj

.data           0x00002e48     0x3930
                0x00002e48                        __etext = .
                0x00002e48                        __data_start__ = .
 *(vtable)
 *(.data*)
 .data.DefaultScene
                0x00002e48        0x4 CMakeFiles\ddd.dir\src\main.c.obj
                0x00002e48                DefaultScene
 .data.fontpath
                0x00002e4c        0x4 CMakeFiles\ddd.dir\src\main.c.obj
                0x00002e4c                fontpath
 .data.__compound_literal.14
                0x00002e50        0x4 CMakeFiles\ddd.dir\src\main.c.obj
 .data.camera_default
                0x00002e54      0x150 CMakeFiles\ddd.dir\src\main.c.obj
                0x00002e54                camera_default
 .data.object_terrain
                0x00002fa4       0xa4 CMakeFiles\ddd.dir\src\main.c.obj
                0x00002fa4                object_terrain
 .data.object_test
                0x00003048       0xa4 CMakeFiles\ddd.dir\src\main.c.obj
                0x00003048                object_test
 .data.object_cube
                0x000030ec       0xa4 CMakeFiles\ddd.dir\src\main.c.obj
                0x000030ec                object_cube
 .data.object_cube2
                0x00003190       0xa4 CMakeFiles\ddd.dir\src\main.c.obj
                0x00003190                object_cube2
 .data.TestScene
                0x00003234      0x434 CMakeFiles\ddd.dir\src\main.c.obj
                0x00003234                TestScene
 .data.terrain1
                0x00003668       0x54 CMakeFiles\ddd.dir\src\main.c.obj
                0x00003668                terrain1
 .data.__compound_literal.13
                0x000036bc      0xc00 CMakeFiles\ddd.dir\src\main.c.obj
 .data.__compound_literal.12
                0x000042bc      0xd8c CMakeFiles\ddd.dir\src\main.c.obj
 .data.blahaj_tri
                0x00005048       0x54 CMakeFiles\ddd.dir\src\main.c.obj
                0x00005048                blahaj_tri
 .data.__compound_literal.11
                0x0000509c      0x9a8 CMakeFiles\ddd.dir\src\main.c.obj
 .data.__compound_literal.10
                0x00005a44      0x9c0 CMakeFiles\ddd.dir\src\main.c.obj
 .data.mesh_cube
                0x00006404       0x54 CMakeFiles\ddd.dir\src\main.c.obj
                0x00006404                mesh_cube
 .data.__compound_literal.1
                0x00006458       0x48 CMakeFiles\ddd.dir\src\main.c.obj
 .data.__compound_literal.0
                0x000064a0       0x60 CMakeFiles\ddd.dir\src\main.c.obj
 .data.grid_points
                0x00006500       0x48 CMakeFiles\ddd.dir\ddd\render.c.obj
                0x00006500                grid_points
 .data.patterns
                0x00006548      0x108 CMakeFiles\ddd.dir\ddd\render.c.obj
 .data._impure_ptr
                0x00006650        0x4 C:/PROGRA~2/ARMGNU~1/13C7F1~1.2RE/bin/../lib/gcc/arm-none-eabi/13.2.1/thumb/v7e-m+fp/hard\libg.a(libc_a-impure.o)
                0x00006650                _impure_ptr
 *fill*         0x00006654        0x4 
 .data._impure_data
                0x00006658      0x120 C:/PROGRA~2/ARMGNU~1/13C7F1~1.2RE/bin/../lib/gcc/arm-none-eabi/13.2.1/thumb/v7e-m+fp/hard\libg.a(libc_a-impure.o)
                0x00006658                _impure_data
                0x00006778                        . = ALIGN (0x4)
                [!provide]                        PROVIDE (__preinit_array_start = .)
 *(.preinit_array)
                [!provide]                        PROVIDE (__preinit_array_end = .)
                0x00006778                        . = ALIGN (0x4)
                [!provide]                        PROVIDE (__init_array_start = .)
 *(SORT_BY_NAME(.init_array.*))
 *(.init_array)
                [!provide]                        PROVIDE (__init_array_end = .)
                0x00006778                        . = ALIGN (0x4)
                [!provide]                        PROVIDE (__fini_array_start = .)
 *(SORT_BY_NAME(.fini_array.*))
 *(.fini_array)
                [!provide]                        PROVIDE (__fini_array_end = .)
                0x00006778                        . = ALIGN (0x4)
                0x00006778                        __data_end__ = .

.igot.plt       0x00006778        0x0
 .igot.plt      0x00006778        0x0 CMakeFiles\ddd.dir\src\main.c.obj

.bss            0x00006778      0x36c
                0x00006778                        . = ALIGN (0x4)
                0x00006778                        __bss_start__ = .
 *(.bss*)
 .bss.isRotateRight
                0x00006778        0x1 CMakeFiles\ddd.dir\src\main.c.obj
                0x00006778                isRotateRight
 .bss.isRotateLeft
                0x00006779        0x1 CMakeFiles\ddd.dir\src\main.c.obj
                0x00006779                isRotateLeft
 .bss.isRight   0x0000677a        0x1 CMakeFiles\ddd.dir\src\main.c.obj
                0x0000677a                isRight
 .bss.isLeft    0x0000677b        0x1 CMakeFiles\ddd.dir\src\main.c.obj
                0x0000677b                isLeft
 .bss.isBackward
                0x0000677c        0x1 CMakeFiles\ddd.dir\src\main.c.obj
                0x0000677c                isBackward
 .bss.isForward
                0x0000677d        0x1 CMakeFiles\ddd.dir\src\main.c.obj
                0x0000677d                isForward
 .bss.isDown    0x0000677e        0x1 CMakeFiles\ddd.dir\src\main.c.obj
                0x0000677e                isDown
 .bss.isUp      0x0000677f        0x1 CMakeFiles\ddd.dir\src\main.c.obj
                0x0000677f                isUp
 .bss.camera_velocity
                0x00006780        0xc CMakeFiles\ddd.dir\src\main.c.obj
                0x00006780                camera_velocity
 .bss.ActiveScene
                0x0000678c        0x4 CMakeFiles\ddd.dir\src\main.c.obj
                0x0000678c                ActiveScene
 .bss.frame     0x00006790        0x4 CMakeFiles\ddd.dir\src\main.c.obj
                0x00006790                frame
 .bss.font      0x00006794        0x4 CMakeFiles\ddd.dir\src\main.c.obj
                0x00006794                font
 .bss.pd        0x00006798        0x4 CMakeFiles\ddd.dir\src\main.c.obj
                0x00006798                pd
 .bss.SINE_GRADIENT_OFFSET
                0x0000679c        0x4 CMakeFiles\ddd.dir\src\main.c.obj
                0x0000679c                SINE_GRADIENT_OFFSET
 .bss.SINE_GRADIENT
                0x000067a0      0x200 CMakeFiles\ddd.dir\src\main.c.obj
                0x000067a0                SINE_GRADIENT
 .bss.screen_vertices.0
                0x000069a0        0x4 CMakeFiles\ddd.dir\ddd\render.c.obj
 .bss.projected_vertices.1
                0x000069a4        0x4 CMakeFiles\ddd.dir\ddd\render.c.obj
 .bss.pdrealloc
                0x000069a8        0x4 CMakeFiles\ddd.dir\C_\Users\shrin\Documents\PlaydateSDK\C_API\buildsupport\setup.c.obj
 .bss.__sf      0x000069ac      0x138 C:/PROGRA~2/ARMGNU~1/13C7F1~1.2RE/bin/../lib/gcc/arm-none-eabi/13.2.1/thumb/v7e-m+fp/hard\libg.a(libc_a-findfp.o)
                0x000069ac                __sf
 *(COMMON)
 *(COM)
                0x00006ae4                        . = ALIGN (0x4)
                0x00006ae4                        __bss_end__ = .

/DISCARD/
 *(.ARM.exidx)
OUTPUT(ddd.elf elf32-littlearm)
LOAD linker stubs

.debug_info     0x00000000    0x21b13
 .debug_info    0x00000000     0x6b43 CMakeFiles\ddd.dir\src\main.c.obj
 .debug_info    0x00006b43      0xded CMakeFiles\ddd.dir\ddd\3dmath.c.obj
 .debug_info    0x00007930      0x62b CMakeFiles\ddd.dir\ddd\camera.c.obj
 .debug_info    0x00007f5b     0x5e9e CMakeFiles\ddd.dir\ddd\gameobject.c.obj
 .debug_info    0x0000ddf9     0x7766 CMakeFiles\ddd.dir\ddd\render.c.obj
 .debug_info    0x0001555f     0x5f1e CMakeFiles\ddd.dir\ddd\scene.c.obj
 .debug_info    0x0001b47d      0x200 CMakeFiles\ddd.dir\ddd\symbols.c.obj
 .debug_info    0x0001b67d     0x6496 CMakeFiles\ddd.dir\C_\Users\shrin\Documents\PlaydateSDK\C_API\buildsupport\setup.c.obj

.debug_abbrev   0x00000000     0x199d
 .debug_abbrev  0x00000000      0x5b0 CMakeFiles\ddd.dir\src\main.c.obj
 .debug_abbrev  0x000005b0      0x334 CMakeFiles\ddd.dir\ddd\3dmath.c.obj
 .debug_abbrev  0x000008e4      0x1f7 CMakeFiles\ddd.dir\ddd\camera.c.obj
 .debug_abbrev  0x00000adb      0x253 CMakeFiles\ddd.dir\ddd\gameobject.c.obj
 .debug_abbrev  0x00000d2e      0x5b5 CMakeFiles\ddd.dir\ddd\render.c.obj
 .debug_abbrev  0x000012e3      0x2fe CMakeFiles\ddd.dir\ddd\scene.c.obj
 .debug_abbrev  0x000015e1       0xbc CMakeFiles\ddd.dir\ddd\symbols.c.obj
 .debug_abbrev  0x0000169d      0x300 CMakeFiles\ddd.dir\C_\Users\shrin\Documents\PlaydateSDK\C_API\buildsupport\setup.c.obj

.debug_loc      0x00000000     0x39d1
 .debug_loc     0x00000000      0x83e CMakeFiles\ddd.dir\src\main.c.obj
 .debug_loc     0x0000083e      0xc61 CMakeFiles\ddd.dir\ddd\3dmath.c.obj
 .debug_loc     0x0000149f      0x3d4 CMakeFiles\ddd.dir\ddd\camera.c.obj
 .debug_loc     0x00001873       0x5b CMakeFiles\ddd.dir\ddd\gameobject.c.obj
 .debug_loc     0x000018ce     0x1c77 CMakeFiles\ddd.dir\ddd\render.c.obj
 .debug_loc     0x00003545      0x1f6 CMakeFiles\ddd.dir\ddd\scene.c.obj
 .debug_loc     0x0000373b       0x2c CMakeFiles\ddd.dir\ddd\symbols.c.obj
 .debug_loc     0x00003767      0x26a CMakeFiles\ddd.dir\C_\Users\shrin\Documents\PlaydateSDK\C_API\buildsupport\setup.c.obj

.debug_aranges  0x00000000      0x2f8
 .debug_aranges
                0x00000000       0x98 CMakeFiles\ddd.dir\src\main.c.obj
 .debug_aranges
                0x00000098       0xe8 CMakeFiles\ddd.dir\ddd\3dmath.c.obj
 .debug_aranges
                0x00000180       0x40 CMakeFiles\ddd.dir\ddd\camera.c.obj
 .debug_aranges
                0x000001c0       0x20 CMakeFiles\ddd.dir\ddd\gameobject.c.obj
 .debug_aranges
                0x000001e0       0x90 CMakeFiles\ddd.dir\ddd\render.c.obj
 .debug_aranges
                0x00000270       0x30 CMakeFiles\ddd.dir\ddd\scene.c.obj
 .debug_aranges
                0x000002a0       0x20 CMakeFiles\ddd.dir\ddd\symbols.c.obj
 .debug_aranges
                0x000002c0       0x38 CMakeFiles\ddd.dir\C_\Users\shrin\Documents\PlaydateSDK\C_API\buildsupport\setup.c.obj

.debug_ranges   0x00000000      0x5f0
 .debug_ranges  0x00000000      0x158 CMakeFiles\ddd.dir\src\main.c.obj
 .debug_ranges  0x00000158      0x108 CMakeFiles\ddd.dir\ddd\3dmath.c.obj
 .debug_ranges  0x00000260       0x30 CMakeFiles\ddd.dir\ddd\camera.c.obj
 .debug_ranges  0x00000290       0x10 CMakeFiles\ddd.dir\ddd\gameobject.c.obj
 .debug_ranges  0x000002a0      0x2c0 CMakeFiles\ddd.dir\ddd\render.c.obj
 .debug_ranges  0x00000560       0x58 CMakeFiles\ddd.dir\ddd\scene.c.obj
 .debug_ranges  0x000005b8       0x10 CMakeFiles\ddd.dir\ddd\symbols.c.obj
 .debug_ranges  0x000005c8       0x28 CMakeFiles\ddd.dir\C_\Users\shrin\Documents\PlaydateSDK\C_API\buildsupport\setup.c.obj

.debug_line     0x00000000     0x31a8
 .debug_line    0x00000000      0xcbc CMakeFiles\ddd.dir\src\main.c.obj
 .debug_line    0x00000cbc      0x91a CMakeFiles\ddd.dir\ddd\3dmath.c.obj
 .debug_line    0x000015d6      0x238 CMakeFiles\ddd.dir\ddd\camera.c.obj
 .debug_line    0x0000180e      0x2bf CMakeFiles\ddd.dir\ddd\gameobject.c.obj
 .debug_line    0x00001acd      0xf24 CMakeFiles\ddd.dir\ddd\render.c.obj
 .debug_line    0x000029f1      0x3b0 CMakeFiles\ddd.dir\ddd\scene.c.obj
 .debug_line    0x00002da1       0x8d CMakeFiles\ddd.dir\ddd\symbols.c.obj
 .debug_line    0x00002e2e      0x37a CMakeFiles\ddd.dir\C_\Users\shrin\Documents\PlaydateSDK\C_API\buildsupport\setup.c.obj

.debug_str      0x00000000     0x36aa
 .debug_str     0x00000000     0x36aa CMakeFiles\ddd.dir\src\main.c.obj
                               0x3062 (size before relaxing)
 .debug_str     0x000036aa      0x490 CMakeFiles\ddd.dir\ddd\3dmath.c.obj
 .debug_str     0x000036aa      0x44b CMakeFiles\ddd.dir\ddd\camera.c.obj
 .debug_str     0x000036aa     0x2bb6 CMakeFiles\ddd.dir\ddd\gameobject.c.obj
 .debug_str     0x000036aa     0x2ed9 CMakeFiles\ddd.dir\ddd\render.c.obj
 .debug_str     0x000036aa     0x2bda CMakeFiles\ddd.dir\ddd\scene.c.obj
 .debug_str     0x000036aa      0x251 CMakeFiles\ddd.dir\ddd\symbols.c.obj
 .debug_str     0x000036aa     0x2e7e CMakeFiles\ddd.dir\C_\Users\shrin\Documents\PlaydateSDK\C_API\buildsupport\setup.c.obj

.comment        0x00000000       0x44
 .comment       0x00000000       0x44 CMakeFiles\ddd.dir\src\main.c.obj
                                 0x45 (size before relaxing)
 .comment       0x00000044       0x45 CMakeFiles\ddd.dir\ddd\3dmath.c.obj
 .comment       0x00000044       0x45 CMakeFiles\ddd.dir\ddd\camera.c.obj
 .comment       0x00000044       0x45 CMakeFiles\ddd.dir\ddd\gameobject.c.obj
 .comment       0x00000044       0x45 CMakeFiles\ddd.dir\ddd\render.c.obj
 .comment       0x00000044       0x45 CMakeFiles\ddd.dir\ddd\scene.c.obj
 .comment       0x00000044       0x45 CMakeFiles\ddd.dir\ddd\symbols.c.obj
 .comment       0x00000044       0x45 CMakeFiles\ddd.dir\C_\Users\shrin\Documents\PlaydateSDK\C_API\buildsupport\setup.c.obj

.ARM.attributes
                0x00000000       0x34
 .ARM.attributes
                0x00000000       0x34 CMakeFiles\ddd.dir\src\main.c.obj
 .ARM.attributes
                0x00000034       0x34 CMakeFiles\ddd.dir\ddd\3dmath.c.obj
 .ARM.attributes
                0x00000068       0x34 CMakeFiles\ddd.dir\ddd\camera.c.obj
 .ARM.attributes
                0x0000009c       0x34 CMakeFiles\ddd.dir\ddd\gameobject.c.obj
 .ARM.attributes
                0x000000d0       0x34 CMakeFiles\ddd.dir\ddd\render.c.obj
 .ARM.attributes
                0x00000104       0x34 CMakeFiles\ddd.dir\ddd\scene.c.obj
 .ARM.attributes
                0x00000138       0x34 CMakeFiles\ddd.dir\ddd\symbols.c.obj
 .ARM.attributes
                0x0000016c       0x34 CMakeFiles\ddd.dir\C_\Users\shrin\Documents\PlaydateSDK\C_API\buildsupport\setup.c.obj
 .ARM.attributes
                0x000001a0       0x34 C:/PROGRA~2/ARMGNU~1/13C7F1~1.2RE/bin/../lib/gcc/arm-none-eabi/13.2.1/thumb/v7e-m+fp/hard\libg.a(libc_a-malloc.o)
 .ARM.attributes
                0x000001d4       0x34 C:/PROGRA~2/ARMGNU~1/13C7F1~1.2RE/bin/../lib/gcc/arm-none-eabi/13.2.1/thumb/v7e-m+fp/hard\libg.a(libc_a-memset.o)
 .ARM.attributes
                0x00000208       0x34 C:/PROGRA~2/ARMGNU~1/13C7F1~1.2RE/bin/../lib/gcc/arm-none-eabi/13.2.1/thumb/v7e-m+fp/hard\libg.a(libc_a-impure.o)
 .ARM.attributes
                0x0000023c       0x34 C:/PROGRA~2/ARMGNU~1/13C7F1~1.2RE/bin/../lib/gcc/arm-none-eabi/13.2.1/thumb/v7e-m+fp/hard\libg.a(libc_a-findfp.o)
 .ARM.attributes
                0x00000270       0x34 C:/PROGRA~2/ARMGNU~1/13C7F1~1.2RE/bin/../lib/gcc/arm-none-eabi/13.2.1/thumb/v7e-m+fp/hard\libm.a(libm_a-sf_cos.o)
 .ARM.attributes
                0x000002a4       0x34 C:/PROGRA~2/ARMGNU~1/13C7F1~1.2RE/bin/../lib/gcc/arm-none-eabi/13.2.1/thumb/v7e-m+fp/hard\libm.a(libm_a-sf_sin.o)
 .ARM.attributes
                0x000002d8       0x34 C:/PROGRA~2/ARMGNU~1/13C7F1~1.2RE/bin/../lib/gcc/arm-none-eabi/13.2.1/thumb/v7e-m+fp/hard\libm.a(libm_a-sf_tan.o)
 .ARM.attributes
                0x0000030c       0x34 C:/PROGRA~2/ARMGNU~1/13C7F1~1.2RE/bin/../lib/gcc/arm-none-eabi/13.2.1/thumb/v7e-m+fp/hard\libm.a(libm_a-kf_cos.o)
 .ARM.attributes
                0x00000340       0x34 C:/PROGRA~2/ARMGNU~1/13C7F1~1.2RE/bin/../lib/gcc/arm-none-eabi/13.2.1/thumb/v7e-m+fp/hard\libm.a(libm_a-kf_sin.o)
 .ARM.attributes
                0x00000374       0x34 C:/PROGRA~2/ARMGNU~1/13C7F1~1.2RE/bin/../lib/gcc/arm-none-eabi/13.2.1/thumb/v7e-m+fp/hard\libm.a(libm_a-kf_tan.o)
 .ARM.attributes
                0x000003a8       0x34 C:/PROGRA~2/ARMGNU~1/13C7F1~1.2RE/bin/../lib/gcc/arm-none-eabi/13.2.1/thumb/v7e-m+fp/hard\libm.a(libm_a-ef_rem_pio2.o)
 .ARM.attributes
                0x000003dc       0x34 C:/PROGRA~2/ARMGNU~1/13C7F1~1.2RE/bin/../lib/gcc/arm-none-eabi/13.2.1/thumb/v7e-m+fp/hard\libm.a(libm_a-sf_fabs.o)
 .ARM.attributes
                0x00000410       0x34 C:/PROGRA~2/ARMGNU~1/13C7F1~1.2RE/bin/../lib/gcc/arm-none-eabi/13.2.1/thumb/v7e-m+fp/hard\libm.a(libm_a-kf_rem_pio2.o)
 .ARM.attributes
                0x00000444       0x34 C:/PROGRA~2/ARMGNU~1/13C7F1~1.2RE/bin/../lib/gcc/arm-none-eabi/13.2.1/thumb/v7e-m+fp/hard\libm.a(libm_a-sf_scalbn.o)
 .ARM.attributes
                0x00000478       0x34 C:/PROGRA~2/ARMGNU~1/13C7F1~1.2RE/bin/../lib/gcc/arm-none-eabi/13.2.1/thumb/v7e-m+fp/hard\libm.a(libm_a-sf_floor.o)

.debug_frame    0x00000000      0xcb8
 .debug_frame   0x00000000      0x1c8 CMakeFiles\ddd.dir\src\main.c.obj
 .debug_frame   0x000001c8      0x32c CMakeFiles\ddd.dir\ddd\3dmath.c.obj
 .debug_frame   0x000004f4       0xa8 CMakeFiles\ddd.dir\ddd\camera.c.obj
 .debug_frame   0x0000059c       0x30 CMakeFiles\ddd.dir\ddd\gameobject.c.obj
 .debug_frame   0x000005cc      0x274 CMakeFiles\ddd.dir\ddd\render.c.obj
 .debug_frame   0x00000840       0x6c CMakeFiles\ddd.dir\ddd\scene.c.obj
 .debug_frame   0x000008ac       0x28 CMakeFiles\ddd.dir\ddd\symbols.c.obj
 .debug_frame   0x000008d4       0x5c CMakeFiles\ddd.dir\C_\Users\shrin\Documents\PlaydateSDK\C_API\buildsupport\setup.c.obj
 .debug_frame   0x00000930       0x30 C:/PROGRA~2/ARMGNU~1/13C7F1~1.2RE/bin/../lib/gcc/arm-none-eabi/13.2.1/thumb/v7e-m+fp/hard\libg.a(libc_a-malloc.o)
 .debug_frame   0x00000960       0x2c C:/PROGRA~2/ARMGNU~1/13C7F1~1.2RE/bin/../lib/gcc/arm-none-eabi/13.2.1/thumb/v7e-m+fp/hard\libg.a(libc_a-memset.o)
 .debug_frame   0x0000098c      0x13c C:/PROGRA~2/ARMGNU~1/13C7F1~1.2RE/bin/../lib/gcc/arm-none-eabi/13.2.1/thumb/v7e-m+fp/hard\libg.a(libc_a-findfp.o)
 .debug_frame   0x00000ac8       0x34 C:/PROGRA~2/ARMGNU~1/13C7F1~1.2RE/bin/../lib/gcc/arm-none-eabi/13.2.1/thumb/v7e-m+fp/hard\libm.a(libm_a-sf_cos.o)
 .debug_frame   0x00000afc       0x34 C:/PROGRA~2/ARMGNU~1/13C7F1~1.2RE/bin/../lib/gcc/arm-none-eabi/13.2.1/thumb/v7e-m+fp/hard\libm.a(libm_a-sf_sin.o)
 .debug_frame   0x00000b30       0x30 C:/PROGRA~2/ARMGNU~1/13C7F1~1.2RE/bin/../lib/gcc/arm-none-eabi/13.2.1/thumb/v7e-m+fp/hard\libm.a(libm_a-sf_tan.o)
 .debug_frame   0x00000b60       0x20 C:/PROGRA~2/ARMGNU~1/13C7F1~1.2RE/bin/../lib/gcc/arm-none-eabi/13.2.1/thumb/v7e-m+fp/hard\libm.a(libm_a-kf_cos.o)
 .debug_frame   0x00000b80       0x20 C:/PROGRA~2/ARMGNU~1/13C7F1~1.2RE/bin/../lib/gcc/arm-none-eabi/13.2.1/thumb/v7e-m+fp/hard\libm.a(libm_a-kf_sin.o)
 .debug_frame   0x00000ba0       0x28 C:/PROGRA~2/ARMGNU~1/13C7F1~1.2RE/bin/../lib/gcc/arm-none-eabi/13.2.1/thumb/v7e-m+fp/hard\libm.a(libm_a-kf_tan.o)
 .debug_frame   0x00000bc8       0x34 C:/PROGRA~2/ARMGNU~1/13C7F1~1.2RE/bin/../lib/gcc/arm-none-eabi/13.2.1/thumb/v7e-m+fp/hard\libm.a(libm_a-ef_rem_pio2.o)
 .debug_frame   0x00000bfc       0x20 C:/PROGRA~2/ARMGNU~1/13C7F1~1.2RE/bin/../lib/gcc/arm-none-eabi/13.2.1/thumb/v7e-m+fp/hard\libm.a(libm_a-sf_fabs.o)
 .debug_frame   0x00000c1c       0x5c C:/PROGRA~2/ARMGNU~1/13C7F1~1.2RE/bin/../lib/gcc/arm-none-eabi/13.2.1/thumb/v7e-m+fp/hard\libm.a(libm_a-kf_rem_pio2.o)
 .debug_frame   0x00000c78       0x20 C:/PROGRA~2/ARMGNU~1/13C7F1~1.2RE/bin/../lib/gcc/arm-none-eabi/13.2.1/thumb/v7e-m+fp/hard\libm.a(libm_a-sf_scalbn.o)
 .debug_frame   0x00000c98       0x20 C:/PROGRA~2/ARMGNU~1/13C7F1~1.2RE/bin/../lib/gcc/arm-none-eabi/13.2.1/thumb/v7e-m+fp/hard\libm.a(libm_a-sf_floor.o)

Cross Reference Table

Symbol                                            File
ActiveScene                                       CMakeFiles\ddd.dir\src\main.c.obj
Camera_getProjectionMatrix                        CMakeFiles\ddd.dir\ddd\camera.c.obj
                                                  CMakeFiles\ddd.dir\src\main.c.obj
Camera_setRotation                                CMakeFiles\ddd.dir\ddd\camera.c.obj
                                                  CMakeFiles\ddd.dir\src\main.c.obj
Camera_worldPosition                              CMakeFiles\ddd.dir\ddd\camera.c.obj
Camera_worldToScreenPos                           CMakeFiles\ddd.dir\ddd\camera.c.obj
                                                  CMakeFiles\ddd.dir\ddd\render.c.obj
DefaultScene                                      CMakeFiles\ddd.dir\src\main.c.obj
GameObject_drawMesh                               CMakeFiles\ddd.dir\ddd\render.c.obj
                                                  CMakeFiles\ddd.dir\src\main.c.obj
GameObject_render                                 CMakeFiles\ddd.dir\ddd\render.c.obj
GameObject_updateTransform                        CMakeFiles\ddd.dir\ddd\gameobject.c.obj
                                                  CMakeFiles\ddd.dir\ddd\scene.c.obj
Gradient_init                                     CMakeFiles\ddd.dir\src\main.c.obj
Gradient_sample                                   CMakeFiles\ddd.dir\src\main.c.obj
Gradient_tick                                     CMakeFiles\ddd.dir\src\main.c.obj
Grid_render                                       CMakeFiles\ddd.dir\ddd\render.c.obj
Line_worldDraw                                    CMakeFiles\ddd.dir\ddd\render.c.obj
Matrix3_apply                                     CMakeFiles\ddd.dir\ddd\3dmath.c.obj
                                                  CMakeFiles\ddd.dir\ddd\render.c.obj
Matrix3_getDeterminant                            CMakeFiles\ddd.dir\ddd\3dmath.c.obj
Matrix3_getRotationX                              CMakeFiles\ddd.dir\ddd\3dmath.c.obj
                                                  CMakeFiles\ddd.dir\ddd\camera.c.obj
Matrix3_getRotationY                              CMakeFiles\ddd.dir\ddd\3dmath.c.obj
                                                  CMakeFiles\ddd.dir\ddd\camera.c.obj
Matrix3_getRotationZ                              CMakeFiles\ddd.dir\ddd\3dmath.c.obj
                                                  CMakeFiles\ddd.dir\ddd\camera.c.obj
Matrix3_make                                      CMakeFiles\ddd.dir\ddd\3dmath.c.obj
Matrix3_makeTranslate                             CMakeFiles\ddd.dir\ddd\3dmath.c.obj
Matrix3_multiply                                  CMakeFiles\ddd.dir\ddd\3dmath.c.obj
Matrix4_apply                                     CMakeFiles\ddd.dir\ddd\3dmath.c.obj
                                                  CMakeFiles\ddd.dir\ddd\render.c.obj
                                                  CMakeFiles\ddd.dir\ddd\camera.c.obj
Matrix4_fromQuaternion                            CMakeFiles\ddd.dir\ddd\3dmath.c.obj
Matrix4_getRotationX                              CMakeFiles\ddd.dir\ddd\3dmath.c.obj
Matrix4_getRotationY                              CMakeFiles\ddd.dir\ddd\3dmath.c.obj
Matrix4_getRotationZ                              CMakeFiles\ddd.dir\ddd\3dmath.c.obj
Matrix4_getTransform                              CMakeFiles\ddd.dir\ddd\3dmath.c.obj
                                                  CMakeFiles\ddd.dir\ddd\render.c.obj
                                                  CMakeFiles\ddd.dir\ddd\gameobject.c.obj
PTR_Camera_worldToScreenPos                       CMakeFiles\ddd.dir\ddd\camera.c.obj
                                                  CMakeFiles\ddd.dir\ddd\render.c.obj
PTR_Matrix3_apply                                 CMakeFiles\ddd.dir\ddd\3dmath.c.obj
                                                  CMakeFiles\ddd.dir\ddd\render.c.obj
PTR_Matrix4_apply                                 CMakeFiles\ddd.dir\ddd\3dmath.c.obj
                                                  CMakeFiles\ddd.dir\ddd\camera.c.obj
SINE_GRADIENT                                     CMakeFiles\ddd.dir\src\main.c.obj
SINE_GRADIENT_OFFSET                              CMakeFiles\ddd.dir\src\main.c.obj
Scene_addGameObject                               CMakeFiles\ddd.dir\ddd\scene.c.obj
                                                  CMakeFiles\ddd.dir\src\main.c.obj
Scene_removeGameObject                            CMakeFiles\ddd.dir\ddd\scene.c.obj
Scene_update                                      CMakeFiles\ddd.dir\ddd\scene.c.obj
                                                  CMakeFiles\ddd.dir\src\main.c.obj
TestScene                                         CMakeFiles\ddd.dir\src\main.c.obj
Triangle_draw                                     CMakeFiles\ddd.dir\ddd\render.c.obj
Vector3_add                                       CMakeFiles\ddd.dir\ddd\3dmath.c.obj
                                                  CMakeFiles\ddd.dir\src\main.c.obj
Vector3_dot                                       CMakeFiles\ddd.dir\ddd\3dmath.c.obj
                                                  CMakeFiles\ddd.dir\ddd\render.c.obj
Vector3_getForward                                CMakeFiles\ddd.dir\ddd\3dmath.c.obj
                                                  CMakeFiles\ddd.dir\src\main.c.obj
Vector3_length                                    CMakeFiles\ddd.dir\ddd\3dmath.c.obj
Vector3_lengthSquared                             CMakeFiles\ddd.dir\ddd\3dmath.c.obj
Vector3_make                                      CMakeFiles\ddd.dir\ddd\symbols.c.obj
                                                  CMakeFiles\ddd.dir\ddd\3dmath.c.obj
Vector3_multiply                                  CMakeFiles\ddd.dir\ddd\3dmath.c.obj
Vector3_multiplyScalar                            CMakeFiles\ddd.dir\ddd\3dmath.c.obj
                                                  CMakeFiles\ddd.dir\src\main.c.obj
Vector3_normalize                                 CMakeFiles\ddd.dir\ddd\3dmath.c.obj
Vector3_subtract                                  CMakeFiles\ddd.dir\ddd\3dmath.c.obj
                                                  CMakeFiles\ddd.dir\ddd\render.c.obj
                                                  CMakeFiles\ddd.dir\src\main.c.obj
YPlane_render                                     CMakeFiles\ddd.dir\ddd\render.c.obj
                                                  CMakeFiles\ddd.dir\src\main.c.obj
__fp_lock_all                                     C:/PROGRA~2/ARMGNU~1/13C7F1~1.2RE/bin/../lib/gcc/arm-none-eabi/13.2.1/thumb/v7e-m+fp/hard\libg.a(libc_a-findfp.o)
__fp_unlock_all                                   C:/PROGRA~2/ARMGNU~1/13C7F1~1.2RE/bin/../lib/gcc/arm-none-eabi/13.2.1/thumb/v7e-m+fp/hard\libg.a(libc_a-findfp.o)
__ieee754_rem_pio2f                               C:/PROGRA~2/ARMGNU~1/13C7F1~1.2RE/bin/../lib/gcc/arm-none-eabi/13.2.1/thumb/v7e-m+fp/hard\libm.a(libm_a-ef_rem_pio2.o)
                                                  C:/PROGRA~2/ARMGNU~1/13C7F1~1.2RE/bin/../lib/gcc/arm-none-eabi/13.2.1/thumb/v7e-m+fp/hard\libm.a(libm_a-sf_tan.o)
                                                  C:/PROGRA~2/ARMGNU~1/13C7F1~1.2RE/bin/../lib/gcc/arm-none-eabi/13.2.1/thumb/v7e-m+fp/hard\libm.a(libm_a-sf_sin.o)
                                                  C:/PROGRA~2/ARMGNU~1/13C7F1~1.2RE/bin/../lib/gcc/arm-none-eabi/13.2.1/thumb/v7e-m+fp/hard\libm.a(libm_a-sf_cos.o)
__kernel_cosf                                     C:/PROGRA~2/ARMGNU~1/13C7F1~1.2RE/bin/../lib/gcc/arm-none-eabi/13.2.1/thumb/v7e-m+fp/hard\libm.a(libm_a-kf_cos.o)
                                                  C:/PROGRA~2/ARMGNU~1/13C7F1~1.2RE/bin/../lib/gcc/arm-none-eabi/13.2.1/thumb/v7e-m+fp/hard\libm.a(libm_a-sf_sin.o)
                                                  C:/PROGRA~2/ARMGNU~1/13C7F1~1.2RE/bin/../lib/gcc/arm-none-eabi/13.2.1/thumb/v7e-m+fp/hard\libm.a(libm_a-sf_cos.o)
__kernel_rem_pio2f                                C:/PROGRA~2/ARMGNU~1/13C7F1~1.2RE/bin/../lib/gcc/arm-none-eabi/13.2.1/thumb/v7e-m+fp/hard\libm.a(libm_a-kf_rem_pio2.o)
                                                  C:/PROGRA~2/ARMGNU~1/13C7F1~1.2RE/bin/../lib/gcc/arm-none-eabi/13.2.1/thumb/v7e-m+fp/hard\libm.a(libm_a-ef_rem_pio2.o)
__kernel_sinf                                     C:/PROGRA~2/ARMGNU~1/13C7F1~1.2RE/bin/../lib/gcc/arm-none-eabi/13.2.1/thumb/v7e-m+fp/hard\libm.a(libm_a-kf_sin.o)
                                                  C:/PROGRA~2/ARMGNU~1/13C7F1~1.2RE/bin/../lib/gcc/arm-none-eabi/13.2.1/thumb/v7e-m+fp/hard\libm.a(libm_a-sf_sin.o)
                                                  C:/PROGRA~2/ARMGNU~1/13C7F1~1.2RE/bin/../lib/gcc/arm-none-eabi/13.2.1/thumb/v7e-m+fp/hard\libm.a(libm_a-sf_cos.o)
__kernel_tanf                                     C:/PROGRA~2/ARMGNU~1/13C7F1~1.2RE/bin/../lib/gcc/arm-none-eabi/13.2.1/thumb/v7e-m+fp/hard\libm.a(libm_a-kf_tan.o)
                                                  C:/PROGRA~2/ARMGNU~1/13C7F1~1.2RE/bin/../lib/gcc/arm-none-eabi/13.2.1/thumb/v7e-m+fp/hard\libm.a(libm_a-sf_tan.o)
__lock___arc4random_mutex                         C:/PROGRA~2/ARMGNU~1/13C7F1~1.2RE/bin/../lib/gcc/arm-none-eabi/13.2.1/thumb/v7e-m+fp/hard\libg.a(libc_a-lock.o)
__lock___at_quick_exit_mutex                      C:/PROGRA~2/ARMGNU~1/13C7F1~1.2RE/bin/../lib/gcc/arm-none-eabi/13.2.1/thumb/v7e-m+fp/hard\libg.a(libc_a-lock.o)
__lock___atexit_recursive_mutex                   C:/PROGRA~2/ARMGNU~1/13C7F1~1.2RE/bin/../lib/gcc/arm-none-eabi/13.2.1/thumb/v7e-m+fp/hard\libg.a(libc_a-lock.o)
__lock___dd_hash_mutex                            C:/PROGRA~2/ARMGNU~1/13C7F1~1.2RE/bin/../lib/gcc/arm-none-eabi/13.2.1/thumb/v7e-m+fp/hard\libg.a(libc_a-lock.o)
__lock___env_recursive_mutex                      C:/PROGRA~2/ARMGNU~1/13C7F1~1.2RE/bin/../lib/gcc/arm-none-eabi/13.2.1/thumb/v7e-m+fp/hard\libg.a(libc_a-lock.o)
__lock___malloc_recursive_mutex                   C:/PROGRA~2/ARMGNU~1/13C7F1~1.2RE/bin/../lib/gcc/arm-none-eabi/13.2.1/thumb/v7e-m+fp/hard\libg.a(libc_a-lock.o)
__lock___sfp_recursive_mutex                      C:/PROGRA~2/ARMGNU~1/13C7F1~1.2RE/bin/../lib/gcc/arm-none-eabi/13.2.1/thumb/v7e-m+fp/hard\libg.a(libc_a-lock.o)
                                                  C:/PROGRA~2/ARMGNU~1/13C7F1~1.2RE/bin/../lib/gcc/arm-none-eabi/13.2.1/thumb/v7e-m+fp/hard\libg.a(libc_a-findfp.o)
__lock___tz_mutex                                 C:/PROGRA~2/ARMGNU~1/13C7F1~1.2RE/bin/../lib/gcc/arm-none-eabi/13.2.1/thumb/v7e-m+fp/hard\libg.a(libc_a-lock.o)
__retarget_lock_acquire                           C:/PROGRA~2/ARMGNU~1/13C7F1~1.2RE/bin/../lib/gcc/arm-none-eabi/13.2.1/thumb/v7e-m+fp/hard\libg.a(libc_a-lock.o)
__retarget_lock_acquire_recursive                 C:/PROGRA~2/ARMGNU~1/13C7F1~1.2RE/bin/../lib/gcc/arm-none-eabi/13.2.1/thumb/v7e-m+fp/hard\libg.a(libc_a-lock.o)
                                                  C:/PROGRA~2/ARMGNU~1/13C7F1~1.2RE/bin/../lib/gcc/arm-none-eabi/13.2.1/thumb/v7e-m+fp/hard\libg.a(libc_a-fflush.o)
                                                  C:/PROGRA~2/ARMGNU~1/13C7F1~1.2RE/bin/../lib/gcc/arm-none-eabi/13.2.1/thumb/v7e-m+fp/hard\libg.a(libc_a-fclose.o)
                                                  C:/PROGRA~2/ARMGNU~1/13C7F1~1.2RE/bin/../lib/gcc/arm-none-eabi/13.2.1/thumb/v7e-m+fp/hard\libg.a(libc_a-findfp.o)
__retarget_lock_close                             C:/PROGRA~2/ARMGNU~1/13C7F1~1.2RE/bin/../lib/gcc/arm-none-eabi/13.2.1/thumb/v7e-m+fp/hard\libg.a(libc_a-lock.o)
__retarget_lock_close_recursive                   C:/PROGRA~2/ARMGNU~1/13C7F1~1.2RE/bin/../lib/gcc/arm-none-eabi/13.2.1/thumb/v7e-m+fp/hard\libg.a(libc_a-lock.o)
                                                  C:/PROGRA~2/ARMGNU~1/13C7F1~1.2RE/bin/../lib/gcc/arm-none-eabi/13.2.1/thumb/v7e-m+fp/hard\libg.a(libc_a-fclose.o)
__retarget_lock_init                              C:/PROGRA~2/ARMGNU~1/13C7F1~1.2RE/bin/../lib/gcc/arm-none-eabi/13.2.1/thumb/v7e-m+fp/hard\libg.a(libc_a-lock.o)
__retarget_lock_init_recursive                    C:/PROGRA~2/ARMGNU~1/13C7F1~1.2RE/bin/../lib/gcc/arm-none-eabi/13.2.1/thumb/v7e-m+fp/hard\libg.a(libc_a-lock.o)
                                                  C:/PROGRA~2/ARMGNU~1/13C7F1~1.2RE/bin/../lib/gcc/arm-none-eabi/13.2.1/thumb/v7e-m+fp/hard\libg.a(libc_a-findfp.o)
__retarget_lock_release                           C:/PROGRA~2/ARMGNU~1/13C7F1~1.2RE/bin/../lib/gcc/arm-none-eabi/13.2.1/thumb/v7e-m+fp/hard\libg.a(libc_a-lock.o)
__retarget_lock_release_recursive                 C:/PROGRA~2/ARMGNU~1/13C7F1~1.2RE/bin/../lib/gcc/arm-none-eabi/13.2.1/thumb/v7e-m+fp/hard\libg.a(libc_a-lock.o)
                                                  C:/PROGRA~2/ARMGNU~1/13C7F1~1.2RE/bin/../lib/gcc/arm-none-eabi/13.2.1/thumb/v7e-m+fp/hard\libg.a(libc_a-fflush.o)
                                                  C:/PROGRA~2/ARMGNU~1/13C7F1~1.2RE/bin/../lib/gcc/arm-none-eabi/13.2.1/thumb/v7e-m+fp/hard\libg.a(libc_a-fclose.o)
                                                  C:/PROGRA~2/ARMGNU~1/13C7F1~1.2RE/bin/../lib/gcc/arm-none-eabi/13.2.1/thumb/v7e-m+fp/hard\libg.a(libc_a-findfp.o)
__retarget_lock_try_acquire                       C:/PROGRA~2/ARMGNU~1/13C7F1~1.2RE/bin/../lib/gcc/arm-none-eabi/13.2.1/thumb/v7e-m+fp/hard\libg.a(libc_a-lock.o)
__retarget_lock_try_acquire_recursive             C:/PROGRA~2/ARMGNU~1/13C7F1~1.2RE/bin/../lib/gcc/arm-none-eabi/13.2.1/thumb/v7e-m+fp/hard\libg.a(libc_a-lock.o)
__sclose                                          C:/PROGRA~2/ARMGNU~1/13C7F1~1.2RE/bin/../lib/gcc/arm-none-eabi/13.2.1/thumb/v7e-m+fp/hard\libg.a(libc_a-stdio.o)
                                                  C:/PROGRA~2/ARMGNU~1/13C7F1~1.2RE/bin/../lib/gcc/arm-none-eabi/13.2.1/thumb/v7e-m+fp/hard\libg.a(libc_a-findfp.o)
__seofread                                        C:/PROGRA~2/ARMGNU~1/13C7F1~1.2RE/bin/../lib/gcc/arm-none-eabi/13.2.1/thumb/v7e-m+fp/hard\libg.a(libc_a-stdio.o)
__sf                                              C:/PROGRA~2/ARMGNU~1/13C7F1~1.2RE/bin/../lib/gcc/arm-none-eabi/13.2.1/thumb/v7e-m+fp/hard\libg.a(libc_a-findfp.o)
                                                  C:/PROGRA~2/ARMGNU~1/13C7F1~1.2RE/bin/../lib/gcc/arm-none-eabi/13.2.1/thumb/v7e-m+fp/hard\libg.a(libc_a-impure.o)
__sflush_r                                        C:/PROGRA~2/ARMGNU~1/13C7F1~1.2RE/bin/../lib/gcc/arm-none-eabi/13.2.1/thumb/v7e-m+fp/hard\libg.a(libc_a-fflush.o)
                                                  C:/PROGRA~2/ARMGNU~1/13C7F1~1.2RE/bin/../lib/gcc/arm-none-eabi/13.2.1/thumb/v7e-m+fp/hard\libg.a(libc_a-fclose.o)
__sfp                                             C:/PROGRA~2/ARMGNU~1/13C7F1~1.2RE/bin/../lib/gcc/arm-none-eabi/13.2.1/thumb/v7e-m+fp/hard\libg.a(libc_a-findfp.o)
__sfp_lock_acquire                                C:/PROGRA~2/ARMGNU~1/13C7F1~1.2RE/bin/../lib/gcc/arm-none-eabi/13.2.1/thumb/v7e-m+fp/hard\libg.a(libc_a-findfp.o)
                                                  C:/PROGRA~2/ARMGNU~1/13C7F1~1.2RE/bin/../lib/gcc/arm-none-eabi/13.2.1/thumb/v7e-m+fp/hard\libg.a(libc_a-fclose.o)
__sfp_lock_release                                C:/PROGRA~2/ARMGNU~1/13C7F1~1.2RE/bin/../lib/gcc/arm-none-eabi/13.2.1/thumb/v7e-m+fp/hard\libg.a(libc_a-findfp.o)
                                                  C:/PROGRA~2/ARMGNU~1/13C7F1~1.2RE/bin/../lib/gcc/arm-none-eabi/13.2.1/thumb/v7e-m+fp/hard\libg.a(libc_a-fclose.o)
__sglue                                           C:/PROGRA~2/ARMGNU~1/13C7F1~1.2RE/bin/../lib/gcc/arm-none-eabi/13.2.1/thumb/v7e-m+fp/hard\libg.a(libc_a-findfp.o)
                                                  C:/PROGRA~2/ARMGNU~1/13C7F1~1.2RE/bin/../lib/gcc/arm-none-eabi/13.2.1/thumb/v7e-m+fp/hard\libg.a(libc_a-fflush.o)
__sinit                                           C:/PROGRA~2/ARMGNU~1/13C7F1~1.2RE/bin/../lib/gcc/arm-none-eabi/13.2.1/thumb/v7e-m+fp/hard\libg.a(libc_a-findfp.o)
                                                  C:/PROGRA~2/ARMGNU~1/13C7F1~1.2RE/bin/../lib/gcc/arm-none-eabi/13.2.1/thumb/v7e-m+fp/hard\libg.a(libc_a-fflush.o)
                                                  C:/PROGRA~2/ARMGNU~1/13C7F1~1.2RE/bin/../lib/gcc/arm-none-eabi/13.2.1/thumb/v7e-m+fp/hard\libg.a(libc_a-fclose.o)
__sread                                           C:/PROGRA~2/ARMGNU~1/13C7F1~1.2RE/bin/../lib/gcc/arm-none-eabi/13.2.1/thumb/v7e-m+fp/hard\libg.a(libc_a-stdio.o)
                                                  C:/PROGRA~2/ARMGNU~1/13C7F1~1.2RE/bin/../lib/gcc/arm-none-eabi/13.2.1/thumb/v7e-m+fp/hard\libg.a(libc_a-findfp.o)
__sseek                                           C:/PROGRA~2/ARMGNU~1/13C7F1~1.2RE/bin/../lib/gcc/arm-none-eabi/13.2.1/thumb/v7e-m+fp/hard\libg.a(libc_a-stdio.o)
                                                  C:/PROGRA~2/ARMGNU~1/13C7F1~1.2RE/bin/../lib/gcc/arm-none-eabi/13.2.1/thumb/v7e-m+fp/hard\libg.a(libc_a-findfp.o)
__stdio_exit_handler                              C:/PROGRA~2/ARMGNU~1/13C7F1~1.2RE/bin/../lib/gcc/arm-none-eabi/13.2.1/thumb/v7e-m+fp/hard\libg.a(libc_a-findfp.o)
__swrite                                          C:/PROGRA~2/ARMGNU~1/13C7F1~1.2RE/bin/../lib/gcc/arm-none-eabi/13.2.1/thumb/v7e-m+fp/hard\libg.a(libc_a-stdio.o)
                                                  C:/PROGRA~2/ARMGNU~1/13C7F1~1.2RE/bin/../lib/gcc/arm-none-eabi/13.2.1/thumb/v7e-m+fp/hard\libg.a(libc_a-findfp.o)
_close                                            C:/PROGRA~2/ARMGNU~1/13C7F1~1.2RE/bin/../lib/gcc/arm-none-eabi/13.2.1/thumb/v7e-m+fp/hard\libg.a(libc_a-closer.o)
_close_r                                          C:/PROGRA~2/ARMGNU~1/13C7F1~1.2RE/bin/../lib/gcc/arm-none-eabi/13.2.1/thumb/v7e-m+fp/hard\libg.a(libc_a-closer.o)
                                                  C:/PROGRA~2/ARMGNU~1/13C7F1~1.2RE/bin/../lib/gcc/arm-none-eabi/13.2.1/thumb/v7e-m+fp/hard\libg.a(libc_a-stdio.o)
_edge                                             CMakeFiles\ddd.dir\ddd\render.c.obj
_fclose_r                                         C:/PROGRA~2/ARMGNU~1/13C7F1~1.2RE/bin/../lib/gcc/arm-none-eabi/13.2.1/thumb/v7e-m+fp/hard\libg.a(libc_a-fclose.o)
                                                  C:/PROGRA~2/ARMGNU~1/13C7F1~1.2RE/bin/../lib/gcc/arm-none-eabi/13.2.1/thumb/v7e-m+fp/hard\libg.a(libc_a-findfp.o)
_fflush_r                                         C:/PROGRA~2/ARMGNU~1/13C7F1~1.2RE/bin/../lib/gcc/arm-none-eabi/13.2.1/thumb/v7e-m+fp/hard\libg.a(libc_a-fflush.o)
_free_r                                           CMakeFiles\ddd.dir\C_\Users\shrin\Documents\PlaydateSDK\C_API\buildsupport\setup.c.obj
                                                  C:/PROGRA~2/ARMGNU~1/13C7F1~1.2RE/bin/../lib/gcc/arm-none-eabi/13.2.1/thumb/v7e-m+fp/hard\libg.a(libc_a-fflush.o)
                                                  C:/PROGRA~2/ARMGNU~1/13C7F1~1.2RE/bin/../lib/gcc/arm-none-eabi/13.2.1/thumb/v7e-m+fp/hard\libg.a(libc_a-fclose.o)
                                                  C:/PROGRA~2/ARMGNU~1/13C7F1~1.2RE/bin/../lib/gcc/arm-none-eabi/13.2.1/thumb/v7e-m+fp/hard\libg.a(libc_a-reent.o)
                                                  C:/PROGRA~2/ARMGNU~1/13C7F1~1.2RE/bin/../lib/gcc/arm-none-eabi/13.2.1/thumb/v7e-m+fp/hard\libg.a(libc_a-malloc.o)
_fwalk_sglue                                      C:/PROGRA~2/ARMGNU~1/13C7F1~1.2RE/bin/../lib/gcc/arm-none-eabi/13.2.1/thumb/v7e-m+fp/hard\libg.a(libc_a-fwalk.o)
                                                  C:/PROGRA~2/ARMGNU~1/13C7F1~1.2RE/bin/../lib/gcc/arm-none-eabi/13.2.1/thumb/v7e-m+fp/hard\libg.a(libc_a-fflush.o)
                                                  C:/PROGRA~2/ARMGNU~1/13C7F1~1.2RE/bin/../lib/gcc/arm-none-eabi/13.2.1/thumb/v7e-m+fp/hard\libg.a(libc_a-findfp.o)
_impure_data                                      C:/PROGRA~2/ARMGNU~1/13C7F1~1.2RE/bin/../lib/gcc/arm-none-eabi/13.2.1/thumb/v7e-m+fp/hard\libg.a(libc_a-impure.o)
                                                  C:/PROGRA~2/ARMGNU~1/13C7F1~1.2RE/bin/../lib/gcc/arm-none-eabi/13.2.1/thumb/v7e-m+fp/hard\libg.a(libc_a-fflush.o)
                                                  C:/PROGRA~2/ARMGNU~1/13C7F1~1.2RE/bin/../lib/gcc/arm-none-eabi/13.2.1/thumb/v7e-m+fp/hard\libg.a(libc_a-findfp.o)
_impure_ptr                                       C:/PROGRA~2/ARMGNU~1/13C7F1~1.2RE/bin/../lib/gcc/arm-none-eabi/13.2.1/thumb/v7e-m+fp/hard\libg.a(libc_a-impure.o)
                                                  C:/PROGRA~2/ARMGNU~1/13C7F1~1.2RE/bin/../lib/gcc/arm-none-eabi/13.2.1/thumb/v7e-m+fp/hard\libg.a(libc_a-fflush.o)
                                                  C:/PROGRA~2/ARMGNU~1/13C7F1~1.2RE/bin/../lib/gcc/arm-none-eabi/13.2.1/thumb/v7e-m+fp/hard\libg.a(libc_a-fclose.o)
                                                  C:/PROGRA~2/ARMGNU~1/13C7F1~1.2RE/bin/../lib/gcc/arm-none-eabi/13.2.1/thumb/v7e-m+fp/hard\libg.a(libc_a-reent.o)
                                                  C:/PROGRA~2/ARMGNU~1/13C7F1~1.2RE/bin/../lib/gcc/arm-none-eabi/13.2.1/thumb/v7e-m+fp/hard\libg.a(libc_a-malloc.o)
_lseek                                            C:/PROGRA~2/ARMGNU~1/13C7F1~1.2RE/bin/../lib/gcc/arm-none-eabi/13.2.1/thumb/v7e-m+fp/hard\libg.a(libc_a-lseekr.o)
_lseek_r                                          C:/PROGRA~2/ARMGNU~1/13C7F1~1.2RE/bin/../lib/gcc/arm-none-eabi/13.2.1/thumb/v7e-m+fp/hard\libg.a(libc_a-lseekr.o)
                                                  C:/PROGRA~2/ARMGNU~1/13C7F1~1.2RE/bin/../lib/gcc/arm-none-eabi/13.2.1/thumb/v7e-m+fp/hard\libg.a(libc_a-stdio.o)
_malloc_r                                         CMakeFiles\ddd.dir\C_\Users\shrin\Documents\PlaydateSDK\C_API\buildsupport\setup.c.obj
                                                  C:/PROGRA~2/ARMGNU~1/13C7F1~1.2RE/bin/../lib/gcc/arm-none-eabi/13.2.1/thumb/v7e-m+fp/hard\libg.a(libc_a-findfp.o)
                                                  C:/PROGRA~2/ARMGNU~1/13C7F1~1.2RE/bin/../lib/gcc/arm-none-eabi/13.2.1/thumb/v7e-m+fp/hard\libg.a(libc_a-malloc.o)
_read                                             C:/PROGRA~2/ARMGNU~1/13C7F1~1.2RE/bin/../lib/gcc/arm-none-eabi/13.2.1/thumb/v7e-m+fp/hard\libg.a(libc_a-readr.o)
_read_r                                           C:/PROGRA~2/ARMGNU~1/13C7F1~1.2RE/bin/../lib/gcc/arm-none-eabi/13.2.1/thumb/v7e-m+fp/hard\libg.a(libc_a-readr.o)
                                                  C:/PROGRA~2/ARMGNU~1/13C7F1~1.2RE/bin/../lib/gcc/arm-none-eabi/13.2.1/thumb/v7e-m+fp/hard\libg.a(libc_a-stdio.o)
_realloc_r                                        CMakeFiles\ddd.dir\C_\Users\shrin\Documents\PlaydateSDK\C_API\buildsupport\setup.c.obj
_reclaim_reent                                    C:/PROGRA~2/ARMGNU~1/13C7F1~1.2RE/bin/../lib/gcc/arm-none-eabi/13.2.1/thumb/v7e-m+fp/hard\libg.a(libc_a-reent.o)
_write                                            C:/PROGRA~2/ARMGNU~1/13C7F1~1.2RE/bin/../lib/gcc/arm-none-eabi/13.2.1/thumb/v7e-m+fp/hard\libg.a(libc_a-writer.o)
_write_r                                          C:/PROGRA~2/ARMGNU~1/13C7F1~1.2RE/bin/../lib/gcc/arm-none-eabi/13.2.1/thumb/v7e-m+fp/hard\libg.a(libc_a-writer.o)
                                                  C:/PROGRA~2/ARMGNU~1/13C7F1~1.2RE/bin/../lib/gcc/arm-none-eabi/13.2.1/thumb/v7e-m+fp/hard\libg.a(libc_a-stdio.o)
api_drawFragment                                  CMakeFiles\ddd.dir\ddd\render.c.obj
api_drawMaskPattern                               CMakeFiles\ddd.dir\ddd\render.c.obj
api_fillRange                                     CMakeFiles\ddd.dir\ddd\render.c.obj
api_fillTriangle                                  CMakeFiles\ddd.dir\ddd\render.c.obj
api_slope                                         CMakeFiles\ddd.dir\ddd\render.c.obj
api_swap                                          CMakeFiles\ddd.dir\ddd\render.c.obj
blahaj_tri                                        CMakeFiles\ddd.dir\src\main.c.obj
bluenoise_table                                   CMakeFiles\ddd.dir\ddd\render.c.obj
camera_default                                    CMakeFiles\ddd.dir\src\main.c.obj
camera_update                                     CMakeFiles\ddd.dir\src\main.c.obj
camera_velocity                                   CMakeFiles\ddd.dir\src\main.c.obj
cosf                                              C:/PROGRA~2/ARMGNU~1/13C7F1~1.2RE/bin/../lib/gcc/arm-none-eabi/13.2.1/thumb/v7e-m+fp/hard\libm.a(libm_a-sf_cos.o)
                                                  CMakeFiles\ddd.dir\ddd\3dmath.c.obj
cube2                                             CMakeFiles\ddd.dir\src\main.c.obj
cube2_update                                      CMakeFiles\ddd.dir\src\main.c.obj
cube_update                                       CMakeFiles\ddd.dir\src\main.c.obj
errno                                             C:/PROGRA~2/ARMGNU~1/13C7F1~1.2RE/bin/../lib/gcc/arm-none-eabi/13.2.1/thumb/v7e-m+fp/hard\libg.a(libc_a-reent.o)
                                                  C:/PROGRA~2/ARMGNU~1/13C7F1~1.2RE/bin/../lib/gcc/arm-none-eabi/13.2.1/thumb/v7e-m+fp/hard\libg.a(libc_a-writer.o)
                                                  C:/PROGRA~2/ARMGNU~1/13C7F1~1.2RE/bin/../lib/gcc/arm-none-eabi/13.2.1/thumb/v7e-m+fp/hard\libg.a(libc_a-readr.o)
                                                  C:/PROGRA~2/ARMGNU~1/13C7F1~1.2RE/bin/../lib/gcc/arm-none-eabi/13.2.1/thumb/v7e-m+fp/hard\libg.a(libc_a-lseekr.o)
                                                  C:/PROGRA~2/ARMGNU~1/13C7F1~1.2RE/bin/../lib/gcc/arm-none-eabi/13.2.1/thumb/v7e-m+fp/hard\libg.a(libc_a-closer.o)
eventHandler                                      CMakeFiles\ddd.dir\src\main.c.obj
                                                  CMakeFiles\ddd.dir\C_\Users\shrin\Documents\PlaydateSDK\C_API\buildsupport\setup.c.obj
eventHandlerShim                                  CMakeFiles\ddd.dir\C_\Users\shrin\Documents\PlaydateSDK\C_API\buildsupport\setup.c.obj
fabsf                                             C:/PROGRA~2/ARMGNU~1/13C7F1~1.2RE/bin/../lib/gcc/arm-none-eabi/13.2.1/thumb/v7e-m+fp/hard\libm.a(libm_a-sf_fabs.o)
                                                  C:/PROGRA~2/ARMGNU~1/13C7F1~1.2RE/bin/../lib/gcc/arm-none-eabi/13.2.1/thumb/v7e-m+fp/hard\libm.a(libm_a-ef_rem_pio2.o)
                                                  C:/PROGRA~2/ARMGNU~1/13C7F1~1.2RE/bin/../lib/gcc/arm-none-eabi/13.2.1/thumb/v7e-m+fp/hard\libm.a(libm_a-kf_tan.o)
fclose                                            C:/PROGRA~2/ARMGNU~1/13C7F1~1.2RE/bin/../lib/gcc/arm-none-eabi/13.2.1/thumb/v7e-m+fp/hard\libg.a(libc_a-fclose.o)
fflush                                            C:/PROGRA~2/ARMGNU~1/13C7F1~1.2RE/bin/../lib/gcc/arm-none-eabi/13.2.1/thumb/v7e-m+fp/hard\libg.a(libc_a-fflush.o)
fish2                                             CMakeFiles\ddd.dir\src\main.c.obj
floorf                                            C:/PROGRA~2/ARMGNU~1/13C7F1~1.2RE/bin/../lib/gcc/arm-none-eabi/13.2.1/thumb/v7e-m+fp/hard\libm.a(libm_a-sf_floor.o)
                                                  C:/PROGRA~2/ARMGNU~1/13C7F1~1.2RE/bin/../lib/gcc/arm-none-eabi/13.2.1/thumb/v7e-m+fp/hard\libm.a(libm_a-kf_rem_pio2.o)
font                                              CMakeFiles\ddd.dir\src\main.c.obj
fontpath                                          CMakeFiles\ddd.dir\src\main.c.obj
frame                                             CMakeFiles\ddd.dir\src\main.c.obj
free                                              C:/PROGRA~2/ARMGNU~1/13C7F1~1.2RE/bin/../lib/gcc/arm-none-eabi/13.2.1/thumb/v7e-m+fp/hard\libg.a(libc_a-malloc.o)
goodfish                                          CMakeFiles\ddd.dir\src\main.c.obj
grid_points                                       CMakeFiles\ddd.dir\ddd\render.c.obj
handleButtons                                     CMakeFiles\ddd.dir\src\main.c.obj
isBackward                                        CMakeFiles\ddd.dir\src\main.c.obj
isDown                                            CMakeFiles\ddd.dir\src\main.c.obj
isForward                                         CMakeFiles\ddd.dir\src\main.c.obj
isLeft                                            CMakeFiles\ddd.dir\src\main.c.obj
isRight                                           CMakeFiles\ddd.dir\src\main.c.obj
isRotateLeft                                      CMakeFiles\ddd.dir\src\main.c.obj
isRotateRight                                     CMakeFiles\ddd.dir\src\main.c.obj
isUp                                              CMakeFiles\ddd.dir\src\main.c.obj
loadScene                                         CMakeFiles\ddd.dir\src\main.c.obj
malloc                                            C:/PROGRA~2/ARMGNU~1/13C7F1~1.2RE/bin/../lib/gcc/arm-none-eabi/13.2.1/thumb/v7e-m+fp/hard\libg.a(libc_a-malloc.o)
                                                  CMakeFiles\ddd.dir\src\main.c.obj
memset                                            C:/PROGRA~2/ARMGNU~1/13C7F1~1.2RE/bin/../lib/gcc/arm-none-eabi/13.2.1/thumb/v7e-m+fp/hard\libg.a(libc_a-memset.o)
                                                  C:/PROGRA~2/ARMGNU~1/13C7F1~1.2RE/bin/../lib/gcc/arm-none-eabi/13.2.1/thumb/v7e-m+fp/hard\libg.a(libc_a-findfp.o)
                                                  CMakeFiles\ddd.dir\ddd\render.c.obj
                                                  CMakeFiles\ddd.dir\ddd\camera.c.obj
                                                  CMakeFiles\ddd.dir\ddd\3dmath.c.obj
mesh_cube                                         CMakeFiles\ddd.dir\src\main.c.obj
object_cube                                       CMakeFiles\ddd.dir\src\main.c.obj
object_cube2                                      CMakeFiles\ddd.dir\src\main.c.obj
object_terrain                                    CMakeFiles\ddd.dir\src\main.c.obj
object_test                                       CMakeFiles\ddd.dir\src\main.c.obj
pd                                                CMakeFiles\ddd.dir\src\main.c.obj
pnormal                                           CMakeFiles\ddd.dir\ddd\3dmath.c.obj
                                                  CMakeFiles\ddd.dir\ddd\render.c.obj
quicksin                                          CMakeFiles\ddd.dir\src\main.c.obj
scalbnf                                           C:/PROGRA~2/ARMGNU~1/13C7F1~1.2RE/bin/../lib/gcc/arm-none-eabi/13.2.1/thumb/v7e-m+fp/hard\libm.a(libm_a-sf_scalbn.o)
                                                  C:/PROGRA~2/ARMGNU~1/13C7F1~1.2RE/bin/../lib/gcc/arm-none-eabi/13.2.1/thumb/v7e-m+fp/hard\libm.a(libm_a-kf_rem_pio2.o)
sinf                                              C:/PROGRA~2/ARMGNU~1/13C7F1~1.2RE/bin/../lib/gcc/arm-none-eabi/13.2.1/thumb/v7e-m+fp/hard\libm.a(libm_a-sf_sin.o)
                                                  CMakeFiles\ddd.dir\ddd\3dmath.c.obj
                                                  CMakeFiles\ddd.dir\src\main.c.obj
sortTri                                           CMakeFiles\ddd.dir\ddd\render.c.obj
tanf                                              C:/PROGRA~2/ARMGNU~1/13C7F1~1.2RE/bin/../lib/gcc/arm-none-eabi/13.2.1/thumb/v7e-m+fp/hard\libm.a(libm_a-sf_tan.o)
                                                  CMakeFiles\ddd.dir\ddd\camera.c.obj
terrain1                                          CMakeFiles\ddd.dir\src\main.c.obj
terrain_update                                    CMakeFiles\ddd.dir\src\main.c.obj
test_scene_init                                   CMakeFiles\ddd.dir\src\main.c.obj
test_scene_update                                 CMakeFiles\ddd.dir\src\main.c.obj
test_update                                       CMakeFiles\ddd.dir\src\main.c.obj
test_vertShader                                   CMakeFiles\ddd.dir\src\main.c.obj
toa_head                                          CMakeFiles\ddd.dir\src\main.c.obj
