Archive member included to satisfy reference by file (symbol)

C:/PROGRA~2/ARMGNU~1/13C7F1~1.2RE/bin/../lib/gcc/arm-none-eabi/13.2.1/thumb/v7e-m+fp/hard\libgcc.a(_arm_muldf3.o)
                              CMakeFiles\ddd.dir\src\main.c.obj (__aeabi_dmul)
C:/PROGRA~2/ARMGNU~1/13C7F1~1.2RE/bin/../lib/gcc/arm-none-eabi/13.2.1/thumb/v7e-m+fp/hard\libgcc.a(_arm_addsubdf3.o)
                              CMakeFiles\ddd.dir\src\main.c.obj (__aeabi_dsub)
C:/PROGRA~2/ARMGNU~1/13C7F1~1.2RE/bin/../lib/gcc/arm-none-eabi/13.2.1/thumb/v7e-m+fp/hard\libgcc.a(_arm_muldivdf3.o)
                              CMakeFiles\ddd.dir\src\main.c.obj (__aeabi_ddiv)
C:/PROGRA~2/ARMGNU~1/13C7F1~1.2RE/bin/../lib/gcc/arm-none-eabi/13.2.1/thumb/v7e-m+fp/hard\libgcc.a(_arm_fixdfsi.o)
                              CMakeFiles\ddd.dir\src\main.c.obj (__aeabi_d2iz)
C:/PROGRA~2/ARMGNU~1/13C7F1~1.2RE/bin/../lib/gcc/arm-none-eabi/13.2.1/thumb/v7e-m+fp/hard\libgcc.a(_arm_truncdfsf2.o)
                              CMakeFiles\ddd.dir\src\main.c.obj (__aeabi_d2f)
C:/PROGRA~2/ARMGNU~1/13C7F1~1.2RE/bin/../lib/gcc/arm-none-eabi/13.2.1/thumb/v7e-m+fp/hard\libg.a(libc_a-itoa.o)
                              CMakeFiles\ddd.dir\src\main.c.obj (itoa)
C:/PROGRA~2/ARMGNU~1/13C7F1~1.2RE/bin/../lib/gcc/arm-none-eabi/13.2.1/thumb/v7e-m+fp/hard\libg.a(libc_a-malloc.o)
                              CMakeFiles\ddd.dir\src\main.c.obj (malloc)
C:/PROGRA~2/ARMGNU~1/13C7F1~1.2RE/bin/../lib/gcc/arm-none-eabi/13.2.1/thumb/v7e-m+fp/hard\libg.a(libc_a-rand.o)
                              CMakeFiles\ddd.dir\src\main.c.obj (rand)
C:/PROGRA~2/ARMGNU~1/13C7F1~1.2RE/bin/../lib/gcc/arm-none-eabi/13.2.1/thumb/v7e-m+fp/hard\libg.a(libc_a-utoa.o)
                              C:/PROGRA~2/ARMGNU~1/13C7F1~1.2RE/bin/../lib/gcc/arm-none-eabi/13.2.1/thumb/v7e-m+fp/hard\libg.a(libc_a-itoa.o) (__utoa)
C:/PROGRA~2/ARMGNU~1/13C7F1~1.2RE/bin/../lib/gcc/arm-none-eabi/13.2.1/thumb/v7e-m+fp/hard\libg.a(libc_a-qsort.o)
                              CMakeFiles\ddd.dir\engine\render.c.obj (qsort)
C:/PROGRA~2/ARMGNU~1/13C7F1~1.2RE/bin/../lib/gcc/arm-none-eabi/13.2.1/thumb/v7e-m+fp/hard\libg.a(libc_a-memmove.o)
                              CMakeFiles\ddd.dir\src\main.c.obj (memmove)
C:/PROGRA~2/ARMGNU~1/13C7F1~1.2RE/bin/../lib/gcc/arm-none-eabi/13.2.1/thumb/v7e-m+fp/hard\libg.a(libc_a-memset.o)
                              CMakeFiles\ddd.dir\engine\3dmath.c.obj (memset)
C:/PROGRA~2/ARMGNU~1/13C7F1~1.2RE/bin/../lib/gcc/arm-none-eabi/13.2.1/thumb/v7e-m+fp/hard\libg.a(libc_a-stpcpy.o)
                              CMakeFiles\ddd.dir\src\main.c.obj (stpcpy)
C:/PROGRA~2/ARMGNU~1/13C7F1~1.2RE/bin/../lib/gcc/arm-none-eabi/13.2.1/thumb/v7e-m+fp/hard\libg.a(libc_a-impure.o)
                              C:/PROGRA~2/ARMGNU~1/13C7F1~1.2RE/bin/../lib/gcc/arm-none-eabi/13.2.1/thumb/v7e-m+fp/hard\libg.a(libc_a-malloc.o) (_impure_ptr)
C:/PROGRA~2/ARMGNU~1/13C7F1~1.2RE/bin/../lib/gcc/arm-none-eabi/13.2.1/thumb/v7e-m+fp/hard\libg.a(libc_a-strcpy.o)
                              CMakeFiles\ddd.dir\src\main.c.obj (strcpy)
C:/PROGRA~2/ARMGNU~1/13C7F1~1.2RE/bin/../lib/gcc/arm-none-eabi/13.2.1/thumb/v7e-m+fp/hard\libg.a(libc_a-strlen.o)
                              CMakeFiles\ddd.dir\src\main.c.obj (strlen)
C:/PROGRA~2/ARMGNU~1/13C7F1~1.2RE/bin/../lib/gcc/arm-none-eabi/13.2.1/thumb/v7e-m+fp/hard\libg.a(libc_a-findfp.o)
                              C:/PROGRA~2/ARMGNU~1/13C7F1~1.2RE/bin/../lib/gcc/arm-none-eabi/13.2.1/thumb/v7e-m+fp/hard\libg.a(libc_a-impure.o) (__sf)
C:/PROGRA~2/ARMGNU~1/13C7F1~1.2RE/bin/../lib/gcc/arm-none-eabi/13.2.1/thumb/v7e-m+fp/hard\libg.a(libc_a-fwalk.o)
                              C:/PROGRA~2/ARMGNU~1/13C7F1~1.2RE/bin/../lib/gcc/arm-none-eabi/13.2.1/thumb/v7e-m+fp/hard\libg.a(libc_a-findfp.o) (_fwalk_sglue)
C:/PROGRA~2/ARMGNU~1/13C7F1~1.2RE/bin/../lib/gcc/arm-none-eabi/13.2.1/thumb/v7e-m+fp/hard\libg.a(libc_a-stdio.o)
                              C:/PROGRA~2/ARMGNU~1/13C7F1~1.2RE/bin/../lib/gcc/arm-none-eabi/13.2.1/thumb/v7e-m+fp/hard\libg.a(libc_a-findfp.o) (__sread)
C:/PROGRA~2/ARMGNU~1/13C7F1~1.2RE/bin/../lib/gcc/arm-none-eabi/13.2.1/thumb/v7e-m+fp/hard\libg.a(libc_a-closer.o)
                              C:/PROGRA~2/ARMGNU~1/13C7F1~1.2RE/bin/../lib/gcc/arm-none-eabi/13.2.1/thumb/v7e-m+fp/hard\libg.a(libc_a-stdio.o) (_close_r)
C:/PROGRA~2/ARMGNU~1/13C7F1~1.2RE/bin/../lib/gcc/arm-none-eabi/13.2.1/thumb/v7e-m+fp/hard\libg.a(libc_a-reent.o)
                              C:/PROGRA~2/ARMGNU~1/13C7F1~1.2RE/bin/../lib/gcc/arm-none-eabi/13.2.1/thumb/v7e-m+fp/hard\libg.a(libc_a-closer.o) (errno)
C:/PROGRA~2/ARMGNU~1/13C7F1~1.2RE/bin/../lib/gcc/arm-none-eabi/13.2.1/thumb/v7e-m+fp/hard\libg.a(libc_a-lseekr.o)
                              C:/PROGRA~2/ARMGNU~1/13C7F1~1.2RE/bin/../lib/gcc/arm-none-eabi/13.2.1/thumb/v7e-m+fp/hard\libg.a(libc_a-stdio.o) (_lseek_r)
C:/PROGRA~2/ARMGNU~1/13C7F1~1.2RE/bin/../lib/gcc/arm-none-eabi/13.2.1/thumb/v7e-m+fp/hard\libg.a(libc_a-readr.o)
[...]
Memory Configuration

Name             Origin             Length             Attributes
*default*        0x00000000         0xffffffff

Linker script and memory map

LOAD CMakeFiles\ddd.dir\src\main.c.obj
LOAD CMakeFiles\ddd.dir\engine\3dmath.c.obj
LOAD CMakeFiles\ddd.dir\engine\actor.c.obj
LOAD CMakeFiles\ddd.dir\engine\camera.c.obj
LOAD CMakeFiles\ddd.dir\engine\fsm.c.obj
LOAD CMakeFiles\ddd.dir\engine\quaternion.c.obj
LOAD CMakeFiles\ddd.dir\engine\render.c.obj
LOAD CMakeFiles\ddd.dir\engine\scene.c.obj
LOAD CMakeFiles\ddd.dir\engine\symbols.c.obj
LOAD CMakeFiles\ddd.dir\engine\wave_heightmap.c.obj
LOAD CMakeFiles\ddd.dir\C_\Users\shrin\Documents\PlaydateSDK\C_API\buildsupport\setup.c.obj
START GROUP
LOAD C:/PROGRA~2/ARMGNU~1/13C7F1~1.2RE/bin/../lib/gcc/arm-none-eabi/13.2.1/thumb/v7e-m+fp/hard\libgcc.a
LOAD C:/PROGRA~2/ARMGNU~1/13C7F1~1.2RE/bin/../lib/gcc/arm-none-eabi/13.2.1/thumb/v7e-m+fp/hard\libg.a
LOAD C:/PROGRA~2/ARMGNU~1/13C7F1~1.2RE/bin/../lib/gcc/arm-none-eabi/13.2.1/thumb/v7e-m+fp/hard\libc.a
END GROUP
START GROUP
LOAD C:/PROGRA~2/ARMGNU~1/13C7F1~1.2RE/bin/../lib/gcc/arm-none-eabi/13.2.1/thumb/v7e-m+fp/hard\libgcc.a
LOAD C:/PROGRA~2/ARMGNU~1/13C7F1~1.2RE/bin/../lib/gcc/arm-none-eabi/13.2.1/thumb/v7e-m+fp/hard\libc.a
LOAD C:/PROGRA~2/ARMGNU~1/13C7F1~1.2RE/bin/../lib/gcc/arm-none-eabi/13.2.1/thumb/v7e-m+fp/hard\libm.a
END GROUP

.text           0x00000000     0x7bf8
 *(.text)
 .text          0x00000000      0x378 C:/PROGRA~2/ARMGNU~1/13C7F1~1.2RE/bin/../lib/gcc/arm-none-eabi/13.2.1/thumb/v7e-m+fp/hard\libgcc.a(_arm_addsubdf3.o)
                0x00000000                __aeabi_drsub
                0x00000008                __aeabi_dsub
                0x00000008                __subdf3
                0x0000000c                __aeabi_dadd
                0x0000000c                __adddf3
                0x00000284                __floatunsidf
                0x00000284                __aeabi_ui2d
                0x000002a4                __floatsidf
                0x000002a4                __aeabi_i2d
                0x000002c8                __aeabi_f2d
                0x000002c8                __extendsfdf2
                0x0000030c                __floatundidf
                0x0000030c                __aeabi_ul2d
                0x0000031c                __floatdidf
                0x0000031c                __aeabi_l2d
 .text          0x00000378      0x424 C:/PROGRA~2/ARMGNU~1/13C7F1~1.2RE/bin/../lib/gcc/arm-none-eabi/13.2.1/thumb/v7e-m+fp/hard\libgcc.a(_arm_muldivdf3.o)
                0x00000378                __aeabi_dmul
                0x00000378                __muldf3
                0x000005cc                __divdf3
                0x000005cc                __aeabi_ddiv
 .text          0x0000079c       0x50 C:/PROGRA~2/ARMGNU~1/13C7F1~1.2RE/bin/../lib/gcc/arm-none-eabi/13.2.1/thumb/v7e-m+fp/hard\libgcc.a(_arm_fixdfsi.o)
                0x0000079c                __aeabi_d2iz
                0x0000079c                __fixdfsi
 .text          0x000007ec       0xa0 C:/PROGRA~2/ARMGNU~1/13C7F1~1.2RE/bin/../lib/gcc/arm-none-eabi/13.2.1/thumb/v7e-m+fp/hard\libgcc.a(_arm_truncdfsf2.o)
                0x000007ec                __truncdfsf2
                0x000007ec                __aeabi_d2f
 *fill*         0x0000088c       0x34 
 .text          0x000008c0       0xd8 C:/PROGRA~2/ARMGNU~1/13C7F1~1.2RE/bin/../lib/gcc/arm-none-eabi/13.2.1/thumb/v7e-m+fp/hard\libg.a(libc_a-strlen.o)
                0x000008c0                strlen
 .text          0x00000998      0x110 C:/PROGRA~2/ARMGNU~1/13C7F1~1.2RE/bin/../lib/gcc/arm-none-eabi/13.2.1/thumb/v7e-m+fp/hard\libgcc.a(_arm_cmpdf2.o)
                0x00000998                __gtdf2
                0x00000998                __gedf2
                0x000009a0                __ltdf2
                0x000009a0                __ledf2
                0x000009a8                __nedf2
                0x000009a8                __eqdf2
                0x000009a8                __cmpdf2
                0x00000a24                __aeabi_cdrcmple
                0x00000a34                __aeabi_cdcmpeq
                0x00000a34                __aeabi_cdcmple
                0x00000a44                __aeabi_dcmpeq
                0x00000a58                __aeabi_dcmplt
                0x00000a6c                __aeabi_dcmple
                0x00000a80                __aeabi_dcmpge
                0x00000a94                __aeabi_dcmpgt
 *(.text.*)
 *fill*         0x00000aa8        0x8 
 .text.lte      0x00000ab0       0x20 CMakeFiles\ddd.dir\src\main.c.obj
                0x00000ab0                lte
 .text.gte      0x00000ad0       0x1c CMakeFiles\ddd.dir\src\main.c.obj
                0x00000ad0                gte
 *fill*         0x00000aec        0x4 
 .text.lure_update_descend
                0x00000af0       0x54 CMakeFiles\ddd.dir\src\main.c.obj
                0x00000af0                lure_update_descend
 *fill*         0x00000b44        0xc 
 .text.lure_move_ascend
                0x00000b50       0x7c CMakeFiles\ddd.dir\src\main.c.obj
                0x00000b50                lure_move_ascend
 *fill*         0x00000bcc        0x4 
 .text.pattern_fit_default
                0x00000bd0      0x1e8 CMakeFiles\ddd.dir\src\main.c.obj
                0x00000bd0                pattern_fit_default
 *fill*         0x00000db8        0x8 
 .text.fish_update
                0x00000dc0        0x4 CMakeFiles\ddd.dir\src\main.c.obj
                0x00000dc0                fish_update
 *fill*         0x00000dc4        0xc 
 .text.audio_intro_finish_callback
                0x00000dd0       0x2c CMakeFiles\ddd.dir\src\main.c.obj
                0x00000dd0                audio_intro_finish_callback
 *fill*         0x00000dfc        0x4 
 .text.fsm_main_init
                0x00000e00       0x28 CMakeFiles\ddd.dir\src\main.c.obj
                0x00000e00                fsm_main_init
 *fill*         0x00000e28        0x8 
 .text.fsm_main_update_cast_to_reeling
                0x00000e30       0xbc CMakeFiles\ddd.dir\src\main.c.obj
                0x00000e30                fsm_main_update_cast_to_reeling
 *fill*         0x00000eec        0x4 
 .text.fsm_main_update_reeling_to_cast
                0x00000ef0       0x44 CMakeFiles\ddd.dir\src\main.c.obj
                0x00000ef0                fsm_main_update_reeling_to_cast
 *fill*         0x00000f34        0xc 
 .text.fsm_main_reeling_to_fishon
                0x00000f40        0xc CMakeFiles\ddd.dir\src\main.c.obj
                0x00000f40                fsm_main_reeling_to_fishon
 *fill*         0x00000f4c        0x4 
 .text.fsm_fish_init
                0x00000f50       0x44 CMakeFiles\ddd.dir\src\main.c.obj
                0x00000f50                fsm_fish_init
 *fill*         0x00000f94        0xc 
 .text.fsm_fish_approach_to_bite
                0x00000fa0       0x10 CMakeFiles\ddd.dir\src\main.c.obj
                0x00000fa0                fsm_fish_approach_to_bite
 .text.fsm_fish_bite_to_hook
                0x00000fb0       0x28 CMakeFiles\ddd.dir\src\main.c.obj
                0x00000fb0                fsm_fish_bite_to_hook
 *fill*         0x00000fd8        0x8 
 .text.underwater_update
                0x00000fe0       0x20 CMakeFiles\ddd.dir\src\main.c.obj
                0x00000fe0                underwater_update
 .text.underwater_camera_update
                0x00001000       0x64 CMakeFiles\ddd.dir\src\main.c.obj
                0x00001000                underwater_camera_update
 *fill*         0x00001064        0xc 
 .text.lake_update
                0x00001070      0x320 CMakeFiles\ddd.dir\src\main.c.obj
                0x00001070                lake_update
 .text.fsm_fish_swim_to_idle
                0x00001390       0x68 CMakeFiles\ddd.dir\src\main.c.obj
                0x00001390                fsm_fish_swim_to_idle
 *fill*         0x000013f8        0x8 
 .text.fsm_fish_to_approach
                0x00001400       0x38 CMakeFiles\ddd.dir\src\main.c.obj
                0x00001400                fsm_fish_to_approach
 *fill*         0x00001438        0x8 
 .text.fsm_fish_idle_to_swim
                0x00001440       0xa8 CMakeFiles\ddd.dir\src\main.c.obj
                0x00001440                fsm_fish_idle_to_swim
 *fill*         0x000014e8        0x8 
 .text.fsm_fish_update
                0x000014f0      0x554 CMakeFiles\ddd.dir\src\main.c.obj
                0x000014f0                fsm_fish_update
 *fill*         0x00001a44        0xc 
 .text.lake_draw
                0x00001a50       0x24 CMakeFiles\ddd.dir\src\main.c.obj
                0x00001a50                lake_draw
 *fill*         0x00001a74        0xc 
 .text.fsm_main_update
                0x00001a80       0x14 CMakeFiles\ddd.dir\src\main.c.obj
                0x00001a80                fsm_main_update
 *fill*         0x00001a94        0xc 
 .text.underwater_draw
                0x00001aa0        0x4 CMakeFiles\ddd.dir\src\main.c.obj
                0x00001aa0                underwater_draw
 *fill*         0x00001aa4        0xc 
 .text.fish_vertShader
                0x00001ab0       0x8c CMakeFiles\ddd.dir\src\main.c.obj
                0x00001ab0                fish_vertShader
 *fill*         0x00001b3c        0x4 
 .text.playdate_getCrankTicks
                0x00001b40       0xd4 CMakeFiles\ddd.dir\src\main.c.obj
                0x00001b40                playdate_getCrankTicks
 *fill*         0x00001c14        0xc 
 .text.lure_update
                0x00001c20      0x19c CMakeFiles\ddd.dir\src\main.c.obj
                0x00001c20                lure_update
 *fill*         0x00001dbc        0x4 
 .text.ticker_add
                0x00001dc0       0xc0 CMakeFiles\ddd.dir\src\main.c.obj
                0x00001dc0                ticker_add
 .text.ticker_add_from
                0x00001e80       0x38 CMakeFiles\ddd.dir\src\main.c.obj
                0x00001e80                ticker_add_from
 *fill*         0x00001eb8        0x8 
 .text.fishing_scene_init
                0x00001ec0      0x338 CMakeFiles\ddd.dir\src\main.c.obj
                0x00001ec0                fishing_scene_init
 *fill*         0x000021f8        0x8 
 .text.ticker_clear_first
                0x00002200      0x140 CMakeFiles\ddd.dir\src\main.c.obj
                0x00002200                ticker_clear_first
 .text.ui_news_ticker
                0x00002340       0xc4 CMakeFiles\ddd.dir\src\main.c.obj
                0x00002340                ui_news_ticker
 *fill*         0x00002404        0xc 
 .text.ui_depth
                0x00002410      0x26c CMakeFiles\ddd.dir\src\main.c.obj
                0x00002410                ui_depth
 *fill*         0x0000267c        0x4 
 .text.ui_yards
                0x00002680      0x144 CMakeFiles\ddd.dir\src\main.c.obj
                0x00002680                ui_yards
 *fill*         0x000027c4        0xc 
 .text.ui_tension
                0x000027d0      0x2d4 CMakeFiles\ddd.dir\src\main.c.obj
                0x000027d0                ui_tension
 *fill*         0x00002aa4        0xc 
 .text.lake_postdraw
                0x00002ab0       0x28 CMakeFiles\ddd.dir\src\main.c.obj
                0x00002ab0                lake_postdraw
 *fill*         0x00002ad8        0x8 
 .text.lure_line_render
                0x00002ae0      0x15c CMakeFiles\ddd.dir\src\main.c.obj
                0x00002ae0                lure_line_render
 *fill*         0x00002c3c        0x4 
 .text.underwater_postdraw
                0x00002c40      0x214 CMakeFiles\ddd.dir\src\main.c.obj
                0x00002c40                underwater_postdraw
 *fill*         0x00002e54        0xc 
 .text.shift_crank_buffer
                0x00002e60       0x7c CMakeFiles\ddd.dir\src\main.c.obj
                0x00002e60                shift_crank_buffer
 *fill*         0x00002edc        0x4 
 .text.music_update
                0x00002ee0       0x7c CMakeFiles\ddd.dir\src\main.c.obj
                0x00002ee0                music_update
 *fill*         0x00002f5c        0x4 
 .text.fishing_scene_update
                0x00002f60      0x2dc CMakeFiles\ddd.dir\src\main.c.obj
                0x00002f60                fishing_scene_update
 *fill*         0x0000323c        0x4 
 .text.camera_init
                0x00003240       0xbc CMakeFiles\ddd.dir\src\main.c.obj
                0x00003240                camera_init
 *fill*         0x000032fc        0x4 
 .text.eventHandler
                0x00003300      0x174 CMakeFiles\ddd.dir\src\main.c.obj
                0x00003300                eventHandler
 *fill*         0x00003474        0xc 
 .text.camera_update
                0x00003480       0xe0 CMakeFiles\ddd.dir\src\main.c.obj
                0x00003480                camera_update
 .text.update   0x00003560      0x150 CMakeFiles\ddd.dir\src\main.c.obj
 .text.lerp     0x000036b0        0xc CMakeFiles\ddd.dir\engine\3dmath.c.obj
                0x000036b0                lerp
 *fill*         0x000036bc        0x4 
 .text.Vector3_dot
                0x000036c0       0x18 CMakeFiles\ddd.dir\engine\3dmath.c.obj
                0x000036c0                Vector3_dot
 *fill*         0x000036d8        0x8 
 .text.Vector3_length
                0x000036e0       0x20 CMakeFiles\ddd.dir\engine\3dmath.c.obj
                0x000036e0                Vector3_length
 .text.Vector3_subtract
                0x00003700       0x2c CMakeFiles\ddd.dir\engine\3dmath.c.obj
                0x00003700                Vector3_subtract
 *fill*         0x0000372c        0x4 
 .text.Vector3_multiplyScalar
                0x00003730       0x20 CMakeFiles\ddd.dir\engine\3dmath.c.obj
                0x00003730                Vector3_multiplyScalar
 .text.Vector3_normalize
                0x00003750       0x24 CMakeFiles\ddd.dir\engine\3dmath.c.obj
                0x00003750                Vector3_normalize
 *fill*         0x00003774        0xc 
 .text.pnormal  0x00003780       0x78 CMakeFiles\ddd.dir\engine\3dmath.c.obj
                0x00003780                pnormal
 *fill*         0x000037f8        0x8 
 .text.Vector3_lerp
                0x00003800       0x68 CMakeFiles\ddd.dir\engine\3dmath.c.obj
                0x00003800                Vector3_lerp
 *fill*         0x00003868        0x8 
 .text.Vector3_getDistanceSquared
                0x00003870       0x34 CMakeFiles\ddd.dir\engine\3dmath.c.obj
                0x00003870                Vector3_getDistanceSquared
 *fill*         0x000038a4        0xc 
 .text.Matrix3_multiply
                0x000038b0      0x158 CMakeFiles\ddd.dir\engine\3dmath.c.obj
                0x000038b0                Matrix3_multiply
 *fill*         0x00003a08        0x8 
 .text.Matrix3_apply
                0x00003a10       0x74 CMakeFiles\ddd.dir\engine\3dmath.c.obj
                0x00003a10                Matrix3_apply
 *fill*         0x00003a84        0xc 
 .text.PTR_Matrix3_apply
                0x00003a90       0x7c CMakeFiles\ddd.dir\engine\3dmath.c.obj
                0x00003a90                PTR_Matrix3_apply
 *fill*         0x00003b0c        0x4 
 .text.Matrix3_getRotationX
                0x00003b10       0x4c CMakeFiles\ddd.dir\engine\3dmath.c.obj
                0x00003b10                Matrix3_getRotationX
 *fill*         0x00003b5c        0x4 
 .text.Matrix3_getRotationY
                0x00003b60       0x4c CMakeFiles\ddd.dir\engine\3dmath.c.obj
                0x00003b60                Matrix3_getRotationY
 *fill*         0x00003bac        0x4 
 .text.Matrix3_getRotationZ
                0x00003bb0       0x50 CMakeFiles\ddd.dir\engine\3dmath.c.obj
                0x00003bb0                Matrix3_getRotationZ
 .text.Matrix3_lookAt
                0x00003c00       0xd0 CMakeFiles\ddd.dir\engine\3dmath.c.obj
                0x00003c00                Matrix3_lookAt
 .text.Matrix4_getQuaternionTransform
                0x00003cd0       0xf0 CMakeFiles\ddd.dir\engine\3dmath.c.obj
                0x00003cd0                Matrix4_getQuaternionTransform
 .text.Matrix4_getMatrixTransform
                0x00003dc0       0x9c CMakeFiles\ddd.dir\engine\3dmath.c.obj
                0x00003dc0                Matrix4_getMatrixTransform
 *fill*         0x00003e5c        0x4 
 .text.Matrix4_apply
                0x00003e60       0xac CMakeFiles\ddd.dir\engine\3dmath.c.obj
                0x00003e60                Matrix4_apply
 *fill*         0x00003f0c        0x4 
 .text.PTR_Matrix4_apply
                0x00003f10       0xb4 CMakeFiles\ddd.dir\engine\3dmath.c.obj
                0x00003f10                PTR_Matrix4_apply
 *fill*         0x00003fc4        0xc 
 .text.Quaternion_fromVector3
                0x00003fd0       0xe0 CMakeFiles\ddd.dir\engine\3dmath.c.obj
                0x00003fd0                Quaternion_fromVector3
 .text.Actor_updateTransform
                0x000040b0      0x118 CMakeFiles\ddd.dir\engine\actor.c.obj
                0x000040b0                Actor_updateTransform
 *fill*         0x000041c8        0x8 
 .text.Actor_getFrontPointZ
                0x000041d0       0x4c CMakeFiles\ddd.dir\engine\actor.c.obj
                0x000041d0                Actor_getFrontPointZ
 *fill*         0x0000421c        0x4 
 .text.Camera_getProjectionMatrix
                0x00004220       0x6c CMakeFiles\ddd.dir\engine\camera.c.obj
                0x00004220                Camera_getProjectionMatrix
 *fill*         0x0000428c        0x4 
 .text.Camera_worldToScreenPos
                0x00004290       0x38 CMakeFiles\ddd.dir\engine\camera.c.obj
                0x00004290                Camera_worldToScreenPos
 *fill*         0x000042c8        0x8 
 .text.PTR_Camera_worldToScreenPos
                0x000042d0       0x4c CMakeFiles\ddd.dir\engine\camera.c.obj
                0x000042d0                PTR_Camera_worldToScreenPos
 *fill*         0x0000431c        0x4 
 .text.Camera_getRotationMatrix
                0x00004320       0xcc CMakeFiles\ddd.dir\engine\camera.c.obj
                0x00004320                Camera_getRotationMatrix
 *fill*         0x000043ec        0x4 
 .text.LookTarget_setTarget
                0x000043f0       0x24 CMakeFiles\ddd.dir\engine\camera.c.obj
                0x000043f0                LookTarget_setTarget
 *fill*         0x00004414        0xc 
 .text.LookTarget_tick
                0x00004420       0xd0 CMakeFiles\ddd.dir\engine\camera.c.obj
                0x00004420                LookTarget_tick
 .text.fsm_set_state
                0x000044f0       0x20 CMakeFiles\ddd.dir\engine\fsm.c.obj
                0x000044f0                fsm_set_state
 .text.compare_zdepth
                0x00004510       0x18 CMakeFiles\ddd.dir\engine\render.c.obj
                0x00004510                compare_zdepth
 *fill*         0x00004528        0x8 
 .text.ApplyNearClipToLine
                0x00004530       0xe4 CMakeFiles\ddd.dir\engine\render.c.obj
                0x00004530                ApplyNearClipToLine
 *fill*         0x00004614        0xc 
 .text.LakeWaves_render
                0x00004620       0x98 CMakeFiles\ddd.dir\engine\render.c.obj
                0x00004620                LakeWaves_render
 *fill*         0x000046b8        0x8 
 .text.sortTri  0x000046c0       0x78 CMakeFiles\ddd.dir\engine\render.c.obj
                0x000046c0                sortTri
 *fill*         0x00004738        0x8 
 .text.api_drawFragment
                0x00004740       0xf4 CMakeFiles\ddd.dir\engine\render.c.obj
                0x00004740                api_drawFragment
 *fill*         0x00004834        0xc 
 .text.api_fillRange
                0x00004840       0xb0 CMakeFiles\ddd.dir\engine\render.c.obj
                0x00004840                api_fillRange
 .text.api_fillTriangle
                0x000048f0      0x210 CMakeFiles\ddd.dir\engine\render.c.obj
                0x000048f0                api_fillTriangle
 .text.Actor_drawMesh
                0x00004b00      0x4f0 CMakeFiles\ddd.dir\engine\render.c.obj
                0x00004b00                Actor_drawMesh
 .text.fillLine
                0x00004ff0       0xb4 CMakeFiles\ddd.dir\engine\render.c.obj
                0x00004ff0                fillLine
 *fill*         0x000050a4        0xc 
 .text.LakeWaves_renderWaterHeight
                0x000050b0      0x3b8 CMakeFiles\ddd.dir\engine\render.c.obj
                0x000050b0                LakeWaves_renderWaterHeight
 *fill*         0x00005468        0x8 
 .text.Scene_update
                0x00005470       0xa0 CMakeFiles\ddd.dir\engine\scene.c.obj
                0x00005470                Scene_update
 .text.Vector3_make
                0x00005510        0x8 CMakeFiles\ddd.dir\engine\symbols.c.obj
                0x00005510                Vector3_make
 *fill*         0x00005518        0x8 
 .text.eventHandlerShim
                0x00005520       0x1c CMakeFiles\ddd.dir\C_\Users\shrin\Documents\PlaydateSDK\C_API\buildsupport\setup.c.obj
                0x00005520                eventHandlerShim
 *fill*         0x0000553c        0x4 
 .text._malloc_r
                0x00005540        0xc CMakeFiles\ddd.dir\C_\Users\shrin\Documents\PlaydateSDK\C_API\buildsupport\setup.c.obj
                0x00005540                _malloc_r
 .text.itoa     0x0000554c       0x2c C:/PROGRA~2/ARMGNU~1/13C7F1~1.2RE/bin/../lib/gcc/arm-none-eabi/13.2.1/thumb/v7e-m+fp/hard\libg.a(libc_a-itoa.o)
                0x0000554c                itoa
 .text.malloc   0x00005578       0x10 C:/PROGRA~2/ARMGNU~1/13C7F1~1.2RE/bin/../lib/gcc/arm-none-eabi/13.2.1/thumb/v7e-m+fp/hard\libg.a(libc_a-malloc.o)
                0x00005578                malloc
 .text.rand     0x00005588       0x40 C:/PROGRA~2/ARMGNU~1/13C7F1~1.2RE/bin/../lib/gcc/arm-none-eabi/13.2.1/thumb/v7e-m+fp/hard\libg.a(libc_a-rand.o)
                0x00005588                rand
 .text.__utoa   0x000055c8       0x9c C:/PROGRA~2/ARMGNU~1/13C7F1~1.2RE/bin/../lib/gcc/arm-none-eabi/13.2.1/thumb/v7e-m+fp/hard\libg.a(libc_a-utoa.o)
                0x000055c8                __utoa
 .text.qsort    0x00005664      0x628 C:/PROGRA~2/ARMGNU~1/13C7F1~1.2RE/bin/../lib/gcc/arm-none-eabi/13.2.1/thumb/v7e-m+fp/hard\libg.a(libc_a-qsort.o)
                0x00005664                qsort
 .text.memmove  0x00005c8c      0x100 C:/PROGRA~2/ARMGNU~1/13C7F1~1.2RE/bin/../lib/gcc/arm-none-eabi/13.2.1/thumb/v7e-m+fp/hard\libg.a(libc_a-memmove.o)
                0x00005c8c                memmove
 .text.memset   0x00005d8c       0xa4 C:/PROGRA~2/ARMGNU~1/13C7F1~1.2RE/bin/../lib/gcc/arm-none-eabi/13.2.1/thumb/v7e-m+fp/hard\libg.a(libc_a-memset.o)
                0x00005d8c                memset
 .text.stpcpy   0x00005e30       0x48 C:/PROGRA~2/ARMGNU~1/13C7F1~1.2RE/bin/../lib/gcc/arm-none-eabi/13.2.1/thumb/v7e-m+fp/hard\libg.a(libc_a-stpcpy.o)
                0x00005e30                stpcpy
 .text.strcpy   0x00005e78       0xbc C:/PROGRA~2/ARMGNU~1/13C7F1~1.2RE/bin/../lib/gcc/arm-none-eabi/13.2.1/thumb/v7e-m+fp/hard\libg.a(libc_a-strcpy.o)
                0x00005e78                strcpy
 .text.atan2f   0x00005f34        0x4 C:/PROGRA~2/ARMGNU~1/13C7F1~1.2RE/bin/../lib/gcc/arm-none-eabi/13.2.1/thumb/v7e-m+fp/hard\libm.a(libm_a-wf_atan2.o)
                0x00005f34                atan2f
 .text.cosf     0x00005f38       0x70 C:/PROGRA~2/ARMGNU~1/13C7F1~1.2RE/bin/../lib/gcc/arm-none-eabi/13.2.1/thumb/v7e-m+fp/hard\libm.a(libm_a-sf_cos.o)
                0x00005f38                cosf
 .text.fabsf    0x00005fa8       0x10 C:/PROGRA~2/ARMGNU~1/13C7F1~1.2RE/bin/../lib/gcc/arm-none-eabi/13.2.1/thumb/v7e-m+fp/hard\libm.a(libm_a-sf_fabs.o)
                0x00005fa8                fabsf
 .text.sinf     0x00005fb8       0x74 C:/PROGRA~2/ARMGNU~1/13C7F1~1.2RE/bin/../lib/gcc/arm-none-eabi/13.2.1/thumb/v7e-m+fp/hard\libm.a(libm_a-sf_sin.o)
                0x00005fb8                sinf
 .text.tanf     0x0000602c       0x54 C:/PROGRA~2/ARMGNU~1/13C7F1~1.2RE/bin/../lib/gcc/arm-none-eabi/13.2.1/thumb/v7e-m+fp/hard\libm.a(libm_a-sf_tan.o)
                0x0000602c                tanf
 .text.ceil     0x00006080      0x100 C:/PROGRA~2/ARMGNU~1/13C7F1~1.2RE/bin/../lib/gcc/arm-none-eabi/13.2.1/thumb/v7e-m+fp/hard\libm.a(libm_a-s_ceil.o)
                0x00006080                ceil
 .text.__kernel_cosf
                0x00006180      0x104 C:/PROGRA~2/ARMGNU~1/13C7F1~1.2RE/bin/../lib/gcc/arm-none-eabi/13.2.1/thumb/v7e-m+fp/hard\libm.a(libm_a-kf_cos.o)
                0x00006180                __kernel_cosf
 .text.__kernel_sinf
                0x00006284       0x90 C:/PROGRA~2/ARMGNU~1/13C7F1~1.2RE/bin/../lib/gcc/arm-none-eabi/13.2.1/thumb/v7e-m+fp/hard\libm.a(libm_a-kf_sin.o)
                0x00006284                __kernel_sinf
 .text.__kernel_tanf
                0x00006314      0x1c0 C:/PROGRA~2/ARMGNU~1/13C7F1~1.2RE/bin/../lib/gcc/arm-none-eabi/13.2.1/thumb/v7e-m+fp/hard\libm.a(libm_a-kf_tan.o)
                0x00006314                __kernel_tanf
 .text.__ieee754_atan2f
                0x000064d4      0x150 C:/PROGRA~2/ARMGNU~1/13C7F1~1.2RE/bin/../lib/gcc/arm-none-eabi/13.2.1/thumb/v7e-m+fp/hard\libm.a(libm_a-ef_atan2.o)
                0x000064d4                __ieee754_atan2f
 .text.__ieee754_rem_pio2f
                0x00006624      0x260 C:/PROGRA~2/ARMGNU~1/13C7F1~1.2RE/bin/../lib/gcc/arm-none-eabi/13.2.1/thumb/v7e-m+fp/hard\libm.a(libm_a-ef_rem_pio2.o)
                0x00006624                __ieee754_rem_pio2f
 .text.atanf    0x00006884      0x1ac C:/PROGRA~2/ARMGNU~1/13C7F1~1.2RE/bin/../lib/gcc/arm-none-eabi/13.2.1/thumb/v7e-m+fp/hard\libm.a(libm_a-sf_atan.o)
                0x00006884                atanf
 .text.__kernel_rem_pio2f
                0x00006a30      0x63c C:/PROGRA~2/ARMGNU~1/13C7F1~1.2RE/bin/../lib/gcc/arm-none-eabi/13.2.1/thumb/v7e-m+fp/hard\libm.a(libm_a-kf_rem_pio2.o)
                0x00006a30                __kernel_rem_pio2f
 .text.scalbnf  0x0000706c       0xe4 C:/PROGRA~2/ARMGNU~1/13C7F1~1.2RE/bin/../lib/gcc/arm-none-eabi/13.2.1/thumb/v7e-m+fp/hard\libm.a(libm_a-sf_scalbn.o)
                0x0000706c                scalbnf
 .text.floorf   0x00007150       0x94 C:/PROGRA~2/ARMGNU~1/13C7F1~1.2RE/bin/../lib/gcc/arm-none-eabi/13.2.1/thumb/v7e-m+fp/hard\libm.a(libm_a-sf_floor.o)
                0x00007150                floorf
 *(.init)
 *(.fini)
 *crtbegin.o(.ctors)
 *crtbegin?.o(.ctors)
 *(EXCLUDE_FILE(*crtend.o *crtend?.o) .ctors)
 *(SORT_BY_NAME(.ctors.*))
 *(.ctors)
 *crtbegin.o(.dtors)
 *crtbegin?.o(.dtors)
 *(EXCLUDE_FILE(*crtend.o *crtend?.o) .dtors)
 *(SORT_BY_NAME(.dtors.*))
 *(.dtors)
 *(.rodata*)
 .rodata.fsm_main_update_cast_to_reeling.str1.4
                0x000071e4      0x5c9 CMakeFiles\ddd.dir\src\main.c.obj
                                 0x10 (size before relaxing)
 .rodata.fsm_main_update_reeling_to_cast.str1.4
                0x000077ad        0xf CMakeFiles\ddd.dir\src\main.c.obj
 .rodata.fsm_fish_swim_to_idle.str1.4
                0x000077ad       0x12 CMakeFiles\ddd.dir\src\main.c.obj
 .rodata.fsm_fish_to_approach.str1.4
                0x000077ad        0xe CMakeFiles\ddd.dir\src\main.c.obj
 .rodata.fsm_fish_idle_to_swim.str1.4
                0x000077ad       0x12 CMakeFiles\ddd.dir\src\main.c.obj
 .rodata.fsm_fish_update.str1.4
                0x000077ad       0x53 CMakeFiles\ddd.dir\src\main.c.obj
 .rodata.lure_update.str1.4
                0x000077ad       0x15 CMakeFiles\ddd.dir\src\main.c.obj
 .rodata.fishing_scene_init.str1.4
                0x000077ad       0xdc CMakeFiles\ddd.dir\src\main.c.obj
 .rodata.ui_yards.str1.4
                0x000077ad        0x4 CMakeFiles\ddd.dir\src\main.c.obj
 .rodata.underwater_postdraw.str1.4
                0x000077ad        0xe CMakeFiles\ddd.dir\src\main.c.obj
 .rodata.fishing_scene_update.str1.4
                0x000077ad       0x28 CMakeFiles\ddd.dir\src\main.c.obj
 .rodata.eventHandler.str1.4
                0x000077ad       0x5c CMakeFiles\ddd.dir\src\main.c.obj
 .rodata.str1.4
                0x000077ad      0x369 CMakeFiles\ddd.dir\src\main.c.obj
 *fill*         0x000077ad        0x3 
 .rodata        0x000077b0        0xc CMakeFiles\ddd.dir\src\main.c.obj
 .rodata.__utoa.str1.4
                0x000077bc       0x25 C:/PROGRA~2/ARMGNU~1/13C7F1~1.2RE/bin/../lib/gcc/arm-none-eabi/13.2.1/thumb/v7e-m+fp/hard\libg.a(libc_a-utoa.o)
 .rodata.CSWTCH.9
                0x000077bc        0xc C:/PROGRA~2/ARMGNU~1/13C7F1~1.2RE/bin/../lib/gcc/arm-none-eabi/13.2.1/thumb/v7e-m+fp/hard\libm.a(libm_a-ef_atan2.o)
 .rodata.CSWTCH.8
                0x000077c8        0xc C:/PROGRA~2/ARMGNU~1/13C7F1~1.2RE/bin/../lib/gcc/arm-none-eabi/13.2.1/thumb/v7e-m+fp/hard\libm.a(libm_a-ef_atan2.o)
 .rodata.npio2_hw
                0x000077d4       0x80 C:/PROGRA~2/ARMGNU~1/13C7F1~1.2RE/bin/../lib/gcc/arm-none-eabi/13.2.1/thumb/v7e-m+fp/hard\libm.a(libm_a-ef_rem_pio2.o)
 .rodata.two_over_pi
                0x00007854      0x318 C:/PROGRA~2/ARMGNU~1/13C7F1~1.2RE/bin/../lib/gcc/arm-none-eabi/13.2.1/thumb/v7e-m+fp/hard\libm.a(libm_a-ef_rem_pio2.o)
 .rodata.atanlo
                0x00007b6c       0x10 C:/PROGRA~2/ARMGNU~1/13C7F1~1.2RE/bin/../lib/gcc/arm-none-eabi/13.2.1/thumb/v7e-m+fp/hard\libm.a(libm_a-sf_atan.o)
 .rodata.atanhi
                0x00007b7c       0x10 C:/PROGRA~2/ARMGNU~1/13C7F1~1.2RE/bin/../lib/gcc/arm-none-eabi/13.2.1/thumb/v7e-m+fp/hard\libm.a(libm_a-sf_atan.o)
 .rodata.PIo2   0x00007b8c       0x2c C:/PROGRA~2/ARMGNU~1/13C7F1~1.2RE/bin/../lib/gcc/arm-none-eabi/13.2.1/thumb/v7e-m+fp/hard\libm.a(libm_a-kf_rem_pio2.o)
 .rodata.init_jk
                0x00007bb8        0xc C:/PROGRA~2/ARMGNU~1/13C7F1~1.2RE/bin/../lib/gcc/arm-none-eabi/13.2.1/thumb/v7e-m+fp/hard\libm.a(libm_a-kf_rem_pio2.o)
 *(.eh_frame*)
 .eh_frame      0x00007bc4       0x34 C:/PROGRA~2/ARMGNU~1/13C7F1~1.2RE/bin/../lib/gcc/arm-none-eabi/13.2.1/thumb/v7e-m+fp/hard\libg.a(libc_a-strlen.o)

.glue_7         0x00007bf8        0x0
 .glue_7        0x00007bf8        0x0 linker stubs

.glue_7t        0x00007bf8        0x0
 .glue_7t       0x00007bf8        0x0 linker stubs

.vfp11_veneer   0x00007bf8        0x0
 .vfp11_veneer  0x00007bf8        0x0 linker stubs

.v4_bx          0x00007bf8        0x0
 .v4_bx         0x00007bf8        0x0 linker stubs

.iplt           0x00007bf8        0x0
 .iplt          0x00007bf8        0x0 CMakeFiles\ddd.dir\src\main.c.obj

.rel.dyn        0x00007bf8        0x0
 .rel.iplt      0x00007bf8        0x0 CMakeFiles\ddd.dir\src\main.c.obj

.data           0x00007bf8    0x266a0
                0x00007bf8                        __etext = .
                0x00007bf8                        __data_start__ = .
 *(vtable)
 *(.data*)
 .data.DefaultScene
                0x00007bf8        0x4 CMakeFiles\ddd.dir\src\main.c.obj
                0x00007bf8                DefaultScene
 .data.fontpath4
                0x00007bfc        0x4 CMakeFiles\ddd.dir\src\main.c.obj
                0x00007bfc                fontpath4
 .data.fontpath3
                0x00007c00        0x4 CMakeFiles\ddd.dir\src\main.c.obj
                0x00007c00                fontpath3
 .data.fontpath2
                0x00007c04        0x4 CMakeFiles\ddd.dir\src\main.c.obj
                0x00007c04                fontpath2
 .data.fontpath
                0x00007c08        0x4 CMakeFiles\ddd.dir\src\main.c.obj
                0x00007c08                fontpath
 .data.__compound_literal.34
                0x00007c0c        0xc CMakeFiles\ddd.dir\src\main.c.obj
 .data.__compound_literal.33
                0x00007c18        0xc CMakeFiles\ddd.dir\src\main.c.obj
 .data.__compound_literal.32
                0x00007c24        0x8 CMakeFiles\ddd.dir\src\main.c.obj
 .data.__compound_literal.31
                0x00007c2c       0x10 CMakeFiles\ddd.dir\src\main.c.obj
 .data.__compound_literal.30
                0x00007c3c        0xc CMakeFiles\ddd.dir\src\main.c.obj
 .data.fish_on_state_timer
                0x00007c48        0x4 CMakeFiles\ddd.dir\src\main.c.obj
                0x00007c48                fish_on_state_timer
 .data.fish_on_state
                0x00007c4c        0x4 CMakeFiles\ddd.dir\src\main.c.obj
                0x00007c4c                fish_on_state
 .data.fish_notice_cooldown
                0x00007c50        0x4 CMakeFiles\ddd.dir\src\main.c.obj
                0x00007c50                fish_notice_cooldown
 .data.fish_roam_radius
                0x00007c54        0x4 CMakeFiles\ddd.dir\src\main.c.obj
                0x00007c54                fish_roam_radius
 .data.music_timer
                0x00007c58        0x4 CMakeFiles\ddd.dir\src\main.c.obj
                0x00007c58                music_timer
 .data.line_integrity
                0x00007c5c        0x4 CMakeFiles\ddd.dir\src\main.c.obj
                0x00007c5c                line_integrity
 .data.tension_offset_x
                0x00007c60        0x4 CMakeFiles\ddd.dir\src\main.c.obj
                0x00007c60                tension_offset_x
 .data.yards    0x00007c64        0x4 CMakeFiles\ddd.dir\src\main.c.obj
                0x00007c64                yards
 .data.depth_width
                0x00007c68        0x4 CMakeFiles\ddd.dir\src\main.c.obj
                0x00007c68                depth_width
 .data.depth    0x00007c6c        0x4 CMakeFiles\ddd.dir\src\main.c.obj
                0x00007c6c                depth
 .data.ticker_filler_table
                0x00007c70       0x2c CMakeFiles\ddd.dir\src\main.c.obj
                0x00007c70                ticker_filler_table
 .data.ticker_buffer
                0x00007c9c        0x4 CMakeFiles\ddd.dir\src\main.c.obj
                0x00007c9c                ticker_buffer
 .data.ticker_x
                0x00007ca0        0x4 CMakeFiles\ddd.dir\src\main.c.obj
                0x00007ca0                ticker_x
 .data.camera_lake
                0x00007ca4       0xcc CMakeFiles\ddd.dir\src\main.c.obj
                0x00007ca4                camera_lake
 .data.camera_secondary
                0x00007d70       0xcc CMakeFiles\ddd.dir\src\main.c.obj
                0x00007d70                camera_secondary
 .data.camera_default
                0x00007e3c       0xcc CMakeFiles\ddd.dir\src\main.c.obj
                0x00007e3c                camera_default
 .data.camera_lake_object
                0x00007f08       0xdc CMakeFiles\ddd.dir\src\main.c.obj
                0x00007f08                camera_lake_object
 .data.camera_secondary_object
                0x00007fe4       0xdc CMakeFiles\ddd.dir\src\main.c.obj
                0x00007fe4                camera_secondary_object
 .data.camera_default_object
                0x000080c0       0xdc CMakeFiles\ddd.dir\src\main.c.obj
                0x000080c0                camera_default_object
 .data.lake_terrain
                0x0000819c       0xdc CMakeFiles\ddd.dir\src\main.c.obj
                0x0000819c                lake_terrain
 .data.object_cast_selector
                0x00008278       0xdc CMakeFiles\ddd.dir\src\main.c.obj
                0x00008278                object_cast_selector
 .data.object_terrain
                0x00008354       0xdc CMakeFiles\ddd.dir\src\main.c.obj
                0x00008354                object_terrain
 .data.object_fish
                0x00008430       0xdc CMakeFiles\ddd.dir\src\main.c.obj
                0x00008430                object_fish
 .data.object_lure
                0x0000850c       0xdc CMakeFiles\ddd.dir\src\main.c.obj
                0x0000850c                object_lure
 .data.fsm_fish
                0x000085e8     0x1010 CMakeFiles\ddd.dir\src\main.c.obj
                0x000085e8                fsm_fish
 .data.fsm_main
                0x000095f8     0x1010 CMakeFiles\ddd.dir\src\main.c.obj
                0x000095f8                fsm_main
 .data.ActiveLure
                0x0000a608        0x4 CMakeFiles\ddd.dir\src\main.c.obj
                0x0000a608                ActiveLure
 .data.LakeView
                0x0000a60c       0x30 CMakeFiles\ddd.dir\src\main.c.obj
                0x0000a60c                LakeView
 .data.UnderwaterView
                0x0000a63c       0x30 CMakeFiles\ddd.dir\src\main.c.obj
                0x0000a63c                UnderwaterView
 .data.FishingScene
                0x0000a66c        0xc CMakeFiles\ddd.dir\src\main.c.obj
                0x0000a66c                FishingScene
 .data.DefaultLure
                0x0000a678       0x60 CMakeFiles\ddd.dir\src\main.c.obj
                0x0000a678                DefaultLure
 .data.double_burst
                0x0000a6d8       0x40 CMakeFiles\ddd.dir\src\main.c.obj
                0x0000a6d8                double_burst
 .data.lure_test_mesh
                0x0000a718       0x5c CMakeFiles\ddd.dir\src\main.c.obj
                0x0000a718                lure_test_mesh
 .data.__compound_literal.29
                0x0000a774       0xa8 CMakeFiles\ddd.dir\src\main.c.obj
 .data.__compound_literal.28
                0x0000a81c       0xfc CMakeFiles\ddd.dir\src\main.c.obj
 .data.__compound_literal.27
                0x0000a918      0x114 CMakeFiles\ddd.dir\src\main.c.obj
 .data.cast_selector_mesh
                0x0000aa2c       0x5c CMakeFiles\ddd.dir\src\main.c.obj
                0x0000aa2c                cast_selector_mesh
 .data.__compound_literal.26
                0x0000aa88      0x100 CMakeFiles\ddd.dir\src\main.c.obj
 .data.__compound_literal.25
                0x0000ab88      0x180 CMakeFiles\ddd.dir\src\main.c.obj
 .data.__compound_literal.24
                0x0000ad08      0x180 CMakeFiles\ddd.dir\src\main.c.obj
 .data.lake_terrain_mesh
                0x0000ae88       0x5c CMakeFiles\ddd.dir\src\main.c.obj
                0x0000ae88                lake_terrain_mesh
 .data.__compound_literal.23
                0x0000aee4      0x210 CMakeFiles\ddd.dir\src\main.c.obj
 .data.__compound_literal.22
                0x0000b0f4      0x318 CMakeFiles\ddd.dir\src\main.c.obj
 .data.__compound_literal.21
                0x0000b40c      0x408 CMakeFiles\ddd.dir\src\main.c.obj
 .data.fractal_terrain_lod
                0x0000b814       0x5c CMakeFiles\ddd.dir\src\main.c.obj
                0x0000b814                fractal_terrain_lod
 .data.__compound_literal.20
                0x0000b870      0x400 CMakeFiles\ddd.dir\src\main.c.obj
 .data.__compound_literal.19
                0x0000bc70      0x600 CMakeFiles\ddd.dir\src\main.c.obj
 .data.__compound_literal.18
                0x0000c270      0x72c CMakeFiles\ddd.dir\src\main.c.obj
 .data.Grid512Long
                0x0000c99c       0x5c CMakeFiles\ddd.dir\src\main.c.obj
                0x0000c99c                Grid512Long
 .data.__compound_literal.14
                0x0000c9f8     0x2000 CMakeFiles\ddd.dir\src\main.c.obj
 .data.__compound_literal.13
                0x0000e9f8     0x3000 CMakeFiles\ddd.dir\src\main.c.obj
 .data.__compound_literal.12
                0x000119f8     0x33cc CMakeFiles\ddd.dir\src\main.c.obj
 .data.blahaj_tri
                0x00014dc4       0x5c CMakeFiles\ddd.dir\src\main.c.obj
                0x00014dc4                blahaj_tri
 .data.__compound_literal.5
                0x00014e20      0x670 CMakeFiles\ddd.dir\src\main.c.obj
 .data.__compound_literal.4
                0x00015490      0x9a8 CMakeFiles\ddd.dir\src\main.c.obj
 .data.__compound_literal.3
                0x00015e38      0x9c0 CMakeFiles\ddd.dir\src\main.c.obj
 .data.mesh_cube
                0x000167f8       0x5c CMakeFiles\ddd.dir\src\main.c.obj
                0x000167f8                mesh_cube
 .data.__compound_literal.2
                0x00016854       0x30 CMakeFiles\ddd.dir\src\main.c.obj
 .data.__compound_literal.1
                0x00016884       0x48 CMakeFiles\ddd.dir\src\main.c.obj
 .data.__compound_literal.0
                0x000168cc       0x60 CMakeFiles\ddd.dir\src\main.c.obj
 .data.TIME_SCALE
                0x0001692c        0x4 CMakeFiles\ddd.dir\src\main.c.obj
                0x0001692c                TIME_SCALE
 .data.SLANT    0x00016930        0x4 CMakeFiles\ddd.dir\engine\render.c.obj
                0x00016930                SLANT
 .data.wave_x_offset
                0x00016934        0x4 CMakeFiles\ddd.dir\engine\render.c.obj
                0x00016934                wave_x_offset
 .data.lake_bounds_lines
                0x00016938       0x30 CMakeFiles\ddd.dir\engine\render.c.obj
                0x00016938                lake_bounds_lines
 .data.patterns
                0x00016968      0x108 CMakeFiles\ddd.dir\engine\render.c.obj
 .data.wave_heightmap_table
                0x00016a70    0x17700 CMakeFiles\ddd.dir\engine\wave_heightmap.c.obj
                0x00016a70                wave_heightmap_table
 .data._impure_ptr
                0x0002e170        0x4 C:/PROGRA~2/ARMGNU~1/13C7F1~1.2RE/bin/../lib/gcc/arm-none-eabi/13.2.1/thumb/v7e-m+fp/hard\libg.a(libc_a-impure.o)
                0x0002e170                _impure_ptr
 *fill*         0x0002e174        0x4 
 .data._impure_data
                0x0002e178      0x120 C:/PROGRA~2/ARMGNU~1/13C7F1~1.2RE/bin/../lib/gcc/arm-none-eabi/13.2.1/thumb/v7e-m+fp/hard\libg.a(libc_a-impure.o)
                0x0002e178                _impure_data
                0x0002e298                        . = ALIGN (0x4)
                [!provide]                        PROVIDE (__preinit_array_start = .)
 *(.preinit_array)
                [!provide]                        PROVIDE (__preinit_array_end = .)
                0x0002e298                        . = ALIGN (0x4)
                [!provide]                        PROVIDE (__init_array_start = .)
 *(SORT_BY_NAME(.init_array.*))
 *(.init_array)
                [!provide]                        PROVIDE (__init_array_end = .)
                0x0002e298                        . = ALIGN (0x4)
                [!provide]                        PROVIDE (__fini_array_start = .)
 *(SORT_BY_NAME(.fini_array.*))
 *(.fini_array)
                [!provide]                        PROVIDE (__fini_array_end = .)
                0x0002e298                        . = ALIGN (0x4)
                0x0002e298                        __data_end__ = .

.igot.plt       0x0002e298        0x0
 .igot.plt      0x0002e298        0x0 CMakeFiles\ddd.dir\src\main.c.obj

.bss            0x0002e298    0x1395c
                0x0002e298                        . = ALIGN (0x4)
                0x0002e298                        __bss_start__ = .
 *(.bss*)
 .bss.releasedButtons
                0x0002e298        0x1 CMakeFiles\ddd.dir\src\main.c.obj
                0x0002e298                releasedButtons
 .bss.pressedButtons
                0x0002e299        0x1 CMakeFiles\ddd.dir\src\main.c.obj
                0x0002e299                pressedButtons
 .bss.heldButtons
                0x0002e29a        0x1 CMakeFiles\ddd.dir\src\main.c.obj
                0x0002e29a                heldButtons
 *fill*         0x0002e29b        0x1 
 .bss.ActiveCamera
                0x0002e29c        0x4 CMakeFiles\ddd.dir\src\main.c.obj
                0x0002e29c                ActiveCamera
 .bss.ActiveScene
                0x0002e2a0        0x4 CMakeFiles\ddd.dir\src\main.c.obj
                0x0002e2a0                ActiveScene
 .bss.frame     0x0002e2a4        0x4 CMakeFiles\ddd.dir\src\main.c.obj
                0x0002e2a4                frame
 .bss.FONT_MONTSERRAT_BOLD_14
                0x0002e2a8        0x4 CMakeFiles\ddd.dir\src\main.c.obj
                0x0002e2a8                FONT_MONTSERRAT_BOLD_14
 .bss.FONT_MONTSERRAT_BLACK_ITALIC_24
                0x0002e2ac        0x4 CMakeFiles\ddd.dir\src\main.c.obj
                0x0002e2ac                FONT_MONTSERRAT_BLACK_ITALIC_24
 .bss.FONT_MONTSERRAT_BLACK_24
                0x0002e2b0        0x4 CMakeFiles\ddd.dir\src\main.c.obj
                0x0002e2b0                FONT_MONTSERRAT_BLACK_24
 .bss.font      0x0002e2b4        0x4 CMakeFiles\ddd.dir\src\main.c.obj
                0x0002e2b4                font
 .bss.cast_animation_timer
                0x0002e2b8        0x4 CMakeFiles\ddd.dir\src\main.c.obj
                0x0002e2b8                cast_animation_timer
 .bss.fish_side_lure_offset
                0x0002e2bc        0x4 CMakeFiles\ddd.dir\src\main.c.obj
                0x0002e2bc                fish_side_lure_offset
 .bss.fish_bite_timer
                0x0002e2c0        0x4 CMakeFiles\ddd.dir\src\main.c.obj
                0x0002e2c0                fish_bite_timer
 .bss.idle_timer
                0x0002e2c4        0x4 CMakeFiles\ddd.dir\src\main.c.obj
                0x0002e2c4                idle_timer
 .bss.fish_station
                0x0002e2c8        0xc CMakeFiles\ddd.dir\src\main.c.obj
                0x0002e2c8                fish_station
 .bss.is_cranking
                0x0002e2d4        0x1 CMakeFiles\ddd.dir\src\main.c.obj
                0x0002e2d4                is_cranking
 *fill*         0x0002e2d5        0x3 
 .bss.crank_distance
                0x0002e2d8        0x4 CMakeFiles\ddd.dir\src\main.c.obj
                0x0002e2d8                crank_distance
 .bss.idle_duration
                0x0002e2dc        0x4 CMakeFiles\ddd.dir\src\main.c.obj
                0x0002e2dc                idle_duration
 .bss.crank_duration
                0x0002e2e0        0x4 CMakeFiles\ddd.dir\src\main.c.obj
                0x0002e2e0                crank_duration
 .bss.crank_buffer
                0x0002e2e4       0xa0 CMakeFiles\ddd.dir\src\main.c.obj
                0x0002e2e4                crank_buffer
 .bss.lure_fitness
                0x0002e384        0x4 CMakeFiles\ddd.dir\src\main.c.obj
                0x0002e384                lure_fitness
 .bss.fish_remain_position
                0x0002e388        0xc CMakeFiles\ddd.dir\src\main.c.obj
                0x0002e388                fish_remain_position
 .bss.fish_swim_target
                0x0002e394        0xc CMakeFiles\ddd.dir\src\main.c.obj
                0x0002e394                fish_swim_target
 .bss.fish_wiggle_speed
                0x0002e3a0        0x4 CMakeFiles\ddd.dir\src\main.c.obj
                0x0002e3a0                fish_wiggle_speed
 .bss.target_underwater_camera_position
                0x0002e3a4        0xc CMakeFiles\ddd.dir\src\main.c.obj
                0x0002e3a4                target_underwater_camera_position
 .bss.lure_wiggle_timer
                0x0002e3b0        0x4 CMakeFiles\ddd.dir\src\main.c.obj
                0x0002e3b0                lure_wiggle_timer
 .bss.line_reel_tension
                0x0002e3b4        0x4 CMakeFiles\ddd.dir\src\main.c.obj
                0x0002e3b4                line_reel_tension
 .bss.line_fish_tension
                0x0002e3b8        0x4 CMakeFiles\ddd.dir\src\main.c.obj
                0x0002e3b8                line_fish_tension
 .bss.tension_meter_visible
                0x0002e3bc        0x1 CMakeFiles\ddd.dir\src\main.c.obj
                0x0002e3bc                tension_meter_visible
 *fill*         0x0002e3bd        0x3 
 .bss.ticker_text
                0x0002e3c0      0x400 CMakeFiles\ddd.dir\src\main.c.obj
                0x0002e3c0                ticker_text
 .bss.TICKER_FONT
                0x0002e7c0        0x4 CMakeFiles\ddd.dir\src\main.c.obj
                0x0002e7c0                TICKER_FONT
 .bss.ticker_filler_index
                0x0002e7c4        0x4 CMakeFiles\ddd.dir\src\main.c.obj
                0x0002e7c4                ticker_filler_index
 .bss.next_clear_width
                0x0002e7c8        0x4 CMakeFiles\ddd.dir\src\main.c.obj
                0x0002e7c8                next_clear_width
 .bss.ticker_queue_length
                0x0002e7cc        0x4 CMakeFiles\ddd.dir\src\main.c.obj
                0x0002e7cc                ticker_queue_length
 .bss.ticker_queue
                0x0002e7d0       0x80 CMakeFiles\ddd.dir\src\main.c.obj
                0x0002e7d0                ticker_queue
 .bss.audio_fish_on_loop
                0x0002e850        0x4 CMakeFiles\ddd.dir\src\main.c.obj
                0x0002e850                audio_fish_on_loop
 .bss.audio_fish_interest_loop
                0x0002e854        0x4 CMakeFiles\ddd.dir\src\main.c.obj
                0x0002e854                audio_fish_interest_loop
 .bss.audio_underwater_loop
                0x0002e858        0x4 CMakeFiles\ddd.dir\src\main.c.obj
                0x0002e858                audio_underwater_loop
 .bss.audio_lake_loop
                0x0002e85c        0x4 CMakeFiles\ddd.dir\src\main.c.obj
                0x0002e85c                audio_lake_loop
 .bss.audio_intro
                0x0002e860        0x4 CMakeFiles\ddd.dir\src\main.c.obj
                0x0002e860                audio_intro
 .bss.audio_reel_long
                0x0002e864        0x4 CMakeFiles\ddd.dir\src\main.c.obj
                0x0002e864                audio_reel_long
 .bss.audio_reel_click
                0x0002e868        0x4 CMakeFiles\ddd.dir\src\main.c.obj
                0x0002e868                audio_reel_click
 .bss.soundtrack_fish_on_loop
                0x0002e86c        0x4 CMakeFiles\ddd.dir\src\main.c.obj
                0x0002e86c                soundtrack_fish_on_loop
 .bss.soundtrack_fish_interest_loop
                0x0002e870        0x4 CMakeFiles\ddd.dir\src\main.c.obj
                0x0002e870                soundtrack_fish_interest_loop
 .bss.soundtrack_underwater_loop
                0x0002e874        0x4 CMakeFiles\ddd.dir\src\main.c.obj
                0x0002e874                soundtrack_underwater_loop
 .bss.soundtrack_lake_loop
                0x0002e878        0x4 CMakeFiles\ddd.dir\src\main.c.obj
                0x0002e878                soundtrack_lake_loop
 .bss.soundtrack_intro
                0x0002e87c        0x4 CMakeFiles\ddd.dir\src\main.c.obj
                0x0002e87c                soundtrack_intro
 .bss.reel_long_player
                0x0002e880        0x4 CMakeFiles\ddd.dir\src\main.c.obj
                0x0002e880                reel_long_player
 .bss.reel_click_player
                0x0002e884        0x4 CMakeFiles\ddd.dir\src\main.c.obj
                0x0002e884                reel_click_player
 .bss.object_lure_target_position
                0x0002e888        0xc CMakeFiles\ddd.dir\src\main.c.obj
                0x0002e888                object_lure_target_position
 .bss.SINE_GRADIENT_OFFSET
                0x0002e894        0x4 CMakeFiles\ddd.dir\src\main.c.obj
                0x0002e894                SINE_GRADIENT_OFFSET
 .bss.SINE_GRADIENT
                0x0002e898      0x200 CMakeFiles\ddd.dir\src\main.c.obj
                0x0002e898                SINE_GRADIENT
 .bss.TICK_LASTCRANKREADING
                0x0002ea98        0x4 CMakeFiles\ddd.dir\src\main.c.obj
                0x0002ea98                TICK_LASTCRANKREADING
 *fill*         0x0002ea9c        0x4 
 .bss.DELTA_TIME
                0x0002eaa0        0x8 CMakeFiles\ddd.dir\src\main.c.obj
                0x0002eaa0                DELTA_TIME
 .bss.pd        0x0002eaa8        0x4 CMakeFiles\ddd.dir\src\main.c.obj
                0x0002eaa8                pd
 .bss.wave_z_offset
                0x0002eaac        0x4 CMakeFiles\ddd.dir\engine\render.c.obj
                0x0002eaac                wave_z_offset
 .bss.tris      0x0002eab0    0x10000 CMakeFiles\ddd.dir\engine\render.c.obj
                0x0002eab0                tris
 .bss.projected_vertices
                0x0003eab0     0x3000 CMakeFiles\ddd.dir\engine\render.c.obj
                0x0003eab0                projected_vertices
 .bss.WAVE_RIPPLE_V
                0x00041ab0        0x4 CMakeFiles\ddd.dir\engine\wave_heightmap.c.obj
                0x00041ab0                WAVE_RIPPLE_V
 .bss.WAVE_RIPPLE_U
                0x00041ab4        0x4 CMakeFiles\ddd.dir\engine\wave_heightmap.c.obj
                0x00041ab4                WAVE_RIPPLE_U
 .bss.pdrealloc
                0x00041ab8        0x4 CMakeFiles\ddd.dir\C_\Users\shrin\Documents\PlaydateSDK\C_API\buildsupport\setup.c.obj
 .bss.__sf      0x00041abc      0x138 C:/PROGRA~2/ARMGNU~1/13C7F1~1.2RE/bin/../lib/gcc/arm-none-eabi/13.2.1/thumb/v7e-m+fp/hard\libg.a(libc_a-findfp.o)
                0x00041abc                __sf
 *(COMMON)
 *(COM)
                0x00041bf4                        . = ALIGN (0x4)
                0x00041bf4                        __bss_end__ = .

/DISCARD/
 *(.ARM.exidx)
OUTPUT(ddd.elf elf32-littlearm)
LOAD linker stubs

.debug_info     0x00000000    0x1c02f
 .debug_info    0x00000000     0x9f7b CMakeFiles\ddd.dir\src\main.c.obj
 .debug_info    0x00009f7b     0x222b CMakeFiles\ddd.dir\engine\3dmath.c.obj
 .debug_info    0x0000c1a6      0x916 CMakeFiles\ddd.dir\engine\actor.c.obj
 .debug_info    0x0000cabc      0x77f CMakeFiles\ddd.dir\engine\camera.c.obj
 .debug_info    0x0000d23b      0x148 CMakeFiles\ddd.dir\engine\fsm.c.obj
 .debug_info    0x0000d383     0x7e71 CMakeFiles\ddd.dir\engine\render.c.obj
 .debug_info    0x000151f4      0x71d CMakeFiles\ddd.dir\engine\scene.c.obj
 .debug_info    0x00015911      0x19e CMakeFiles\ddd.dir\engine\symbols.c.obj
 .debug_info    0x00015aaf       0xea CMakeFiles\ddd.dir\engine\wave_heightmap.c.obj
 .debug_info    0x00015b99     0x6496 CMakeFiles\ddd.dir\C_\Users\shrin\Documents\PlaydateSDK\C_API\buildsupport\setup.c.obj

.debug_abbrev   0x00000000     0x1c82
 .debug_abbrev  0x00000000      0x8cc CMakeFiles\ddd.dir\src\main.c.obj
 .debug_abbrev  0x000008cc      0x40c CMakeFiles\ddd.dir\engine\3dmath.c.obj
 .debug_abbrev  0x00000cd8      0x1a1 CMakeFiles\ddd.dir\engine\actor.c.obj
 .debug_abbrev  0x00000e79      0x229 CMakeFiles\ddd.dir\engine\camera.c.obj
 .debug_abbrev  0x000010a2       0xea CMakeFiles\ddd.dir\engine\fsm.c.obj
 .debug_abbrev  0x0000118c      0x5ad CMakeFiles\ddd.dir\engine\render.c.obj
 .debug_abbrev  0x00001739      0x13b CMakeFiles\ddd.dir\engine\scene.c.obj
 .debug_abbrev  0x00001874       0xa5 CMakeFiles\ddd.dir\engine\symbols.c.obj
 .debug_abbrev  0x00001919       0x69 CMakeFiles\ddd.dir\engine\wave_heightmap.c.obj
 .debug_abbrev  0x00001982      0x300 CMakeFiles\ddd.dir\C_\Users\shrin\Documents\PlaydateSDK\C_API\buildsupport\setup.c.obj

.debug_loc      0x00000000     0x81be
 .debug_loc     0x00000000     0x2614 CMakeFiles\ddd.dir\src\main.c.obj
 .debug_loc     0x00002614     0x2d74 CMakeFiles\ddd.dir\engine\3dmath.c.obj
 .debug_loc     0x00005388      0x150 CMakeFiles\ddd.dir\engine\actor.c.obj
 .debug_loc     0x000054d8      0x481 CMakeFiles\ddd.dir\engine\camera.c.obj
 .debug_loc     0x00005959       0x87 CMakeFiles\ddd.dir\engine\fsm.c.obj
 .debug_loc     0x000059e0     0x2453 CMakeFiles\ddd.dir\engine\render.c.obj
 .debug_loc     0x00007e33       0xf5 CMakeFiles\ddd.dir\engine\scene.c.obj
 .debug_loc     0x00007f28       0x2c CMakeFiles\ddd.dir\engine\symbols.c.obj
 .debug_loc     0x00007f54      0x26a CMakeFiles\ddd.dir\C_\Users\shrin\Documents\PlaydateSDK\C_API\buildsupport\setup.c.obj

.debug_aranges  0x00000000      0x528
 .debug_aranges
                0x00000000      0x200 CMakeFiles\ddd.dir\src\main.c.obj
 .debug_aranges
                0x00000200      0x170 CMakeFiles\ddd.dir\engine\3dmath.c.obj
 .debug_aranges
                0x00000370       0x28 CMakeFiles\ddd.dir\engine\actor.c.obj
 .debug_aranges
                0x00000398       0x48 CMakeFiles\ddd.dir\engine\camera.c.obj
 .debug_aranges
                0x000003e0       0x20 CMakeFiles\ddd.dir\engine\fsm.c.obj
 .debug_aranges
                0x00000400       0x98 CMakeFiles\ddd.dir\engine\render.c.obj
 .debug_aranges
                0x00000498       0x20 CMakeFiles\ddd.dir\engine\scene.c.obj
 .debug_aranges
                0x000004b8       0x20 CMakeFiles\ddd.dir\engine\symbols.c.obj
 .debug_aranges
                0x000004d8       0x18 CMakeFiles\ddd.dir\engine\wave_heightmap.c.obj
 .debug_aranges
                0x000004f0       0x38 CMakeFiles\ddd.dir\C_\Users\shrin\Documents\PlaydateSDK\C_API\buildsupport\setup.c.obj

.debug_ranges   0x00000000      0xe60
 .debug_ranges  0x00000000      0x550 CMakeFiles\ddd.dir\src\main.c.obj
 .debug_ranges  0x00000550      0x4b8 CMakeFiles\ddd.dir\engine\3dmath.c.obj
 .debug_ranges  0x00000a08       0x18 CMakeFiles\ddd.dir\engine\actor.c.obj
 .debug_ranges  0x00000a20       0x38 CMakeFiles\ddd.dir\engine\camera.c.obj
 .debug_ranges  0x00000a58       0x10 CMakeFiles\ddd.dir\engine\fsm.c.obj
 .debug_ranges  0x00000a68      0x398 CMakeFiles\ddd.dir\engine\render.c.obj
 .debug_ranges  0x00000e00       0x28 CMakeFiles\ddd.dir\engine\scene.c.obj
 .debug_ranges  0x00000e28       0x10 CMakeFiles\ddd.dir\engine\symbols.c.obj
 .debug_ranges  0x00000e38       0x28 CMakeFiles\ddd.dir\C_\Users\shrin\Documents\PlaydateSDK\C_API\buildsupport\setup.c.obj

.debug_line     0x00000000     0x6e9e
 .debug_line    0x00000000     0x32b3 CMakeFiles\ddd.dir\src\main.c.obj
 .debug_line    0x000032b3     0x17eb CMakeFiles\ddd.dir\engine\3dmath.c.obj
 .debug_line    0x00004a9e      0x1e8 CMakeFiles\ddd.dir\engine\actor.c.obj
 .debug_line    0x00004c86      0x366 CMakeFiles\ddd.dir\engine\camera.c.obj
 .debug_line    0x00004fec       0xb5 CMakeFiles\ddd.dir\engine\fsm.c.obj
 .debug_line    0x000050a1     0x1626 CMakeFiles\ddd.dir\engine\render.c.obj
 .debug_line    0x000066c7      0x2b5 CMakeFiles\ddd.dir\engine\scene.c.obj
 .debug_line    0x0000697c       0x90 CMakeFiles\ddd.dir\engine\symbols.c.obj
 .debug_line    0x00006a0c      0x118 CMakeFiles\ddd.dir\engine\wave_heightmap.c.obj
 .debug_line    0x00006b24      0x37a CMakeFiles\ddd.dir\C_\Users\shrin\Documents\PlaydateSDK\C_API\buildsupport\setup.c.obj

.debug_str      0x00000000     0x487f
 .debug_str     0x00000000     0x487f CMakeFiles\ddd.dir\src\main.c.obj
                               0x408d (size before relaxing)
 .debug_str     0x0000487f      0x6be CMakeFiles\ddd.dir\engine\3dmath.c.obj
 .debug_str     0x0000487f      0x5da CMakeFiles\ddd.dir\engine\actor.c.obj
 .debug_str     0x0000487f      0x4ff CMakeFiles\ddd.dir\engine\camera.c.obj
 .debug_str     0x0000487f      0x1c5 CMakeFiles\ddd.dir\engine\fsm.c.obj
 .debug_str     0x0000487f     0x326e CMakeFiles\ddd.dir\engine\render.c.obj
 .debug_str     0x0000487f      0x52e CMakeFiles\ddd.dir\engine\scene.c.obj
 .debug_str     0x0000487f      0x236 CMakeFiles\ddd.dir\engine\symbols.c.obj
 .debug_str     0x0000487f      0x23e CMakeFiles\ddd.dir\engine\wave_heightmap.c.obj
 .debug_str     0x0000487f     0x2e7e CMakeFiles\ddd.dir\C_\Users\shrin\Documents\PlaydateSDK\C_API\buildsupport\setup.c.obj

.comment        0x00000000       0x44
 .comment       0x00000000       0x44 CMakeFiles\ddd.dir\src\main.c.obj
                                 0x45 (size before relaxing)
 .comment       0x00000044       0x45 CMakeFiles\ddd.dir\engine\3dmath.c.obj
 .comment       0x00000044       0x45 CMakeFiles\ddd.dir\engine\actor.c.obj
 .comment       0x00000044       0x45 CMakeFiles\ddd.dir\engine\camera.c.obj
 .comment       0x00000044       0x45 CMakeFiles\ddd.dir\engine\fsm.c.obj
 .comment       0x00000044       0x45 CMakeFiles\ddd.dir\engine\render.c.obj
 .comment       0x00000044       0x45 CMakeFiles\ddd.dir\engine\scene.c.obj
 .comment       0x00000044       0x45 CMakeFiles\ddd.dir\engine\symbols.c.obj
 .comment       0x00000044       0x45 CMakeFiles\ddd.dir\engine\wave_heightmap.c.obj
 .comment       0x00000044       0x45 CMakeFiles\ddd.dir\C_\Users\shrin\Documents\PlaydateSDK\C_API\buildsupport\setup.c.obj

.ARM.attributes
                0x00000000       0x32
 .ARM.attributes
                0x00000000       0x34 CMakeFiles\ddd.dir\src\main.c.obj
 .ARM.attributes
                0x00000034       0x34 CMakeFiles\ddd.dir\engine\3dmath.c.obj
 .ARM.attributes
                0x00000068       0x34 CMakeFiles\ddd.dir\engine\actor.c.obj
 .ARM.attributes
                0x0000009c       0x34 CMakeFiles\ddd.dir\engine\camera.c.obj
 .ARM.attributes
                0x000000d0       0x34 CMakeFiles\ddd.dir\engine\fsm.c.obj
 .ARM.attributes
                0x00000104       0x34 CMakeFiles\ddd.dir\engine\render.c.obj
 .ARM.attributes
                0x00000138       0x34 CMakeFiles\ddd.dir\engine\scene.c.obj
 .ARM.attributes
                0x0000016c       0x34 CMakeFiles\ddd.dir\engine\symbols.c.obj
 .ARM.attributes
                0x000001a0       0x34 CMakeFiles\ddd.dir\engine\wave_heightmap.c.obj
 .ARM.attributes
                0x000001d4       0x34 CMakeFiles\ddd.dir\C_\Users\shrin\Documents\PlaydateSDK\C_API\buildsupport\setup.c.obj
 .ARM.attributes
                0x00000208       0x22 C:/PROGRA~2/ARMGNU~1/13C7F1~1.2RE/bin/../lib/gcc/arm-none-eabi/13.2.1/thumb/v7e-m+fp/hard\libgcc.a(_arm_addsubdf3.o)
 .ARM.attributes
                0x0000022a       0x22 C:/PROGRA~2/ARMGNU~1/13C7F1~1.2RE/bin/../lib/gcc/arm-none-eabi/13.2.1/thumb/v7e-m+fp/hard\libgcc.a(_arm_muldivdf3.o)
 .ARM.attributes
                0x0000024c       0x22 C:/PROGRA~2/ARMGNU~1/13C7F1~1.2RE/bin/../lib/gcc/arm-none-eabi/13.2.1/thumb/v7e-m+fp/hard\libgcc.a(_arm_fixdfsi.o)
 .ARM.attributes
                0x0000026e       0x22 C:/PROGRA~2/ARMGNU~1/13C7F1~1.2RE/bin/../lib/gcc/arm-none-eabi/13.2.1/thumb/v7e-m+fp/hard\libgcc.a(_arm_truncdfsf2.o)
 .ARM.attributes
                0x00000290       0x34 C:/PROGRA~2/ARMGNU~1/13C7F1~1.2RE/bin/../lib/gcc/arm-none-eabi/13.2.1/thumb/v7e-m+fp/hard\libg.a(libc_a-itoa.o)
 .ARM.attributes
                0x000002c4       0x34 C:/PROGRA~2/ARMGNU~1/13C7F1~1.2RE/bin/../lib/gcc/arm-none-eabi/13.2.1/thumb/v7e-m+fp/hard\libg.a(libc_a-malloc.o)
 .ARM.attributes
                0x000002f8       0x34 C:/PROGRA~2/ARMGNU~1/13C7F1~1.2RE/bin/../lib/gcc/arm-none-eabi/13.2.1/thumb/v7e-m+fp/hard\libg.a(libc_a-rand.o)
 .ARM.attributes
                0x0000032c       0x34 C:/PROGRA~2/ARMGNU~1/13C7F1~1.2RE/bin/../lib/gcc/arm-none-eabi/13.2.1/thumb/v7e-m+fp/hard\libg.a(libc_a-utoa.o)
 .ARM.attributes
                0x00000360       0x34 C:/PROGRA~2/ARMGNU~1/13C7F1~1.2RE/bin/../lib/gcc/arm-none-eabi/13.2.1/thumb/v7e-m+fp/hard\libg.a(libc_a-qsort.o)
 .ARM.attributes
                0x00000394       0x34 C:/PROGRA~2/ARMGNU~1/13C7F1~1.2RE/bin/../lib/gcc/arm-none-eabi/13.2.1/thumb/v7e-m+fp/hard\libg.a(libc_a-memmove.o)
 .ARM.attributes
                0x000003c8       0x34 C:/PROGRA~2/ARMGNU~1/13C7F1~1.2RE/bin/../lib/gcc/arm-none-eabi/13.2.1/thumb/v7e-m+fp/hard\libg.a(libc_a-memset.o)
 .ARM.attributes
                0x000003fc       0x34 C:/PROGRA~2/ARMGNU~1/13C7F1~1.2RE/bin/../lib/gcc/arm-none-eabi/13.2.1/thumb/v7e-m+fp/hard\libg.a(libc_a-stpcpy.o)
 .ARM.attributes
                0x00000430       0x34 C:/PROGRA~2/ARMGNU~1/13C7F1~1.2RE/bin/../lib/gcc/arm-none-eabi/13.2.1/thumb/v7e-m+fp/hard\libg.a(libc_a-impure.o)
 .ARM.attributes
                0x00000464       0x34 C:/PROGRA~2/ARMGNU~1/13C7F1~1.2RE/bin/../lib/gcc/arm-none-eabi/13.2.1/thumb/v7e-m+fp/hard\libg.a(libc_a-strcpy.o)
 .ARM.attributes
                0x00000498       0x1c C:/PROGRA~2/ARMGNU~1/13C7F1~1.2RE/bin/../lib/gcc/arm-none-eabi/13.2.1/thumb/v7e-m+fp/hard\libg.a(libc_a-strlen.o)
 .ARM.attributes
                0x000004b4       0x34 C:/PROGRA~2/ARMGNU~1/13C7F1~1.2RE/bin/../lib/gcc/arm-none-eabi/13.2.1/thumb/v7e-m+fp/hard\libg.a(libc_a-findfp.o)
 .ARM.attributes
                0x000004e8       0x34 C:/PROGRA~2/ARMGNU~1/13C7F1~1.2RE/bin/../lib/gcc/arm-none-eabi/13.2.1/thumb/v7e-m+fp/hard\libm.a(libm_a-wf_atan2.o)
 .ARM.attributes
                0x0000051c       0x34 C:/PROGRA~2/ARMGNU~1/13C7F1~1.2RE/bin/../lib/gcc/arm-none-eabi/13.2.1/thumb/v7e-m+fp/hard\libm.a(libm_a-sf_cos.o)
 .ARM.attributes
                0x00000550       0x34 C:/PROGRA~2/ARMGNU~1/13C7F1~1.2RE/bin/../lib/gcc/arm-none-eabi/13.2.1/thumb/v7e-m+fp/hard\libm.a(libm_a-sf_fabs.o)
 .ARM.attributes
                0x00000584       0x34 C:/PROGRA~2/ARMGNU~1/13C7F1~1.2RE/bin/../lib/gcc/arm-none-eabi/13.2.1/thumb/v7e-m+fp/hard\libm.a(libm_a-sf_sin.o)
 .ARM.attributes
                0x000005b8       0x34 C:/PROGRA~2/ARMGNU~1/13C7F1~1.2RE/bin/../lib/gcc/arm-none-eabi/13.2.1/thumb/v7e-m+fp/hard\libm.a(libm_a-sf_tan.o)
 .ARM.attributes
                0x000005ec       0x34 C:/PROGRA~2/ARMGNU~1/13C7F1~1.2RE/bin/../lib/gcc/arm-none-eabi/13.2.1/thumb/v7e-m+fp/hard\libm.a(libm_a-s_ceil.o)
 .ARM.attributes
                0x00000620       0x34 C:/PROGRA~2/ARMGNU~1/13C7F1~1.2RE/bin/../lib/gcc/arm-none-eabi/13.2.1/thumb/v7e-m+fp/hard\libm.a(libm_a-kf_cos.o)
 .ARM.attributes
                0x00000654       0x34 C:/PROGRA~2/ARMGNU~1/13C7F1~1.2RE/bin/../lib/gcc/arm-none-eabi/13.2.1/thumb/v7e-m+fp/hard\libm.a(libm_a-kf_sin.o)
 .ARM.attributes
                0x00000688       0x34 C:/PROGRA~2/ARMGNU~1/13C7F1~1.2RE/bin/../lib/gcc/arm-none-eabi/13.2.1/thumb/v7e-m+fp/hard\libm.a(libm_a-kf_tan.o)
 .ARM.attributes
                0x000006bc       0x34 C:/PROGRA~2/ARMGNU~1/13C7F1~1.2RE/bin/../lib/gcc/arm-none-eabi/13.2.1/thumb/v7e-m+fp/hard\libm.a(libm_a-ef_atan2.o)
 .ARM.attributes
                0x000006f0       0x34 C:/PROGRA~2/ARMGNU~1/13C7F1~1.2RE/bin/../lib/gcc/arm-none-eabi/13.2.1/thumb/v7e-m+fp/hard\libm.a(libm_a-ef_rem_pio2.o)
 .ARM.attributes
                0x00000724       0x34 C:/PROGRA~2/ARMGNU~1/13C7F1~1.2RE/bin/../lib/gcc/arm-none-eabi/13.2.1/thumb/v7e-m+fp/hard\libm.a(libm_a-sf_atan.o)
 .ARM.attributes
                0x00000758       0x34 C:/PROGRA~2/ARMGNU~1/13C7F1~1.2RE/bin/../lib/gcc/arm-none-eabi/13.2.1/thumb/v7e-m+fp/hard\libm.a(libm_a-kf_rem_pio2.o)
 .ARM.attributes
                0x0000078c       0x34 C:/PROGRA~2/ARMGNU~1/13C7F1~1.2RE/bin/../lib/gcc/arm-none-eabi/13.2.1/thumb/v7e-m+fp/hard\libm.a(libm_a-sf_scalbn.o)
 .ARM.attributes
                0x000007c0       0x34 C:/PROGRA~2/ARMGNU~1/13C7F1~1.2RE/bin/../lib/gcc/arm-none-eabi/13.2.1/thumb/v7e-m+fp/hard\libm.a(libm_a-sf_floor.o)
 .ARM.attributes
                0x000007f4       0x22 C:/PROGRA~2/ARMGNU~1/13C7F1~1.2RE/bin/../lib/gcc/arm-none-eabi/13.2.1/thumb/v7e-m+fp/hard\libgcc.a(_arm_cmpdf2.o)

.debug_frame    0x00000000     0x1c40
 .debug_frame   0x00000000      0x8dc CMakeFiles\ddd.dir\src\main.c.obj
 .debug_frame   0x000008dc      0x674 CMakeFiles\ddd.dir\engine\3dmath.c.obj
 .debug_frame   0x00000f50       0x58 CMakeFiles\ddd.dir\engine\actor.c.obj
 .debug_frame   0x00000fa8       0xc4 CMakeFiles\ddd.dir\engine\camera.c.obj
 .debug_frame   0x0000106c       0x2c CMakeFiles\ddd.dir\engine\fsm.c.obj
 .debug_frame   0x00001098      0x30c CMakeFiles\ddd.dir\engine\render.c.obj
 .debug_frame   0x000013a4       0x3c CMakeFiles\ddd.dir\engine\scene.c.obj
 .debug_frame   0x000013e0       0x28 CMakeFiles\ddd.dir\engine\symbols.c.obj
 .debug_frame   0x00001408       0x5c CMakeFiles\ddd.dir\C_\Users\shrin\Documents\PlaydateSDK\C_API\buildsupport\setup.c.obj
 .debug_frame   0x00001464       0xac C:/PROGRA~2/ARMGNU~1/13C7F1~1.2RE/bin/../lib/gcc/arm-none-eabi/13.2.1/thumb/v7e-m+fp/hard\libgcc.a(_arm_addsubdf3.o)
 .debug_frame   0x00001510       0x50 C:/PROGRA~2/ARMGNU~1/13C7F1~1.2RE/bin/../lib/gcc/arm-none-eabi/13.2.1/thumb/v7e-m+fp/hard\libgcc.a(_arm_muldivdf3.o)
 .debug_frame   0x00001560       0x24 C:/PROGRA~2/ARMGNU~1/13C7F1~1.2RE/bin/../lib/gcc/arm-none-eabi/13.2.1/thumb/v7e-m+fp/hard\libgcc.a(_arm_fixdfsi.o)
 .debug_frame   0x00001584       0x24 C:/PROGRA~2/ARMGNU~1/13C7F1~1.2RE/bin/../lib/gcc/arm-none-eabi/13.2.1/thumb/v7e-m+fp/hard\libgcc.a(_arm_truncdfsf2.o)
 .debug_frame   0x000015a8       0x40 C:/PROGRA~2/ARMGNU~1/13C7F1~1.2RE/bin/../lib/gcc/arm-none-eabi/13.2.1/thumb/v7e-m+fp/hard\libg.a(libc_a-itoa.o)
 .debug_frame   0x000015e8       0x30 C:/PROGRA~2/ARMGNU~1/13C7F1~1.2RE/bin/../lib/gcc/arm-none-eabi/13.2.1/thumb/v7e-m+fp/hard\libg.a(libc_a-malloc.o)
 .debug_frame   0x00001618       0x3c C:/PROGRA~2/ARMGNU~1/13C7F1~1.2RE/bin/../lib/gcc/arm-none-eabi/13.2.1/thumb/v7e-m+fp/hard\libg.a(libc_a-rand.o)
 .debug_frame   0x00001654       0x4c C:/PROGRA~2/ARMGNU~1/13C7F1~1.2RE/bin/../lib/gcc/arm-none-eabi/13.2.1/thumb/v7e-m+fp/hard\libg.a(libc_a-utoa.o)
 .debug_frame   0x000016a0       0x44 C:/PROGRA~2/ARMGNU~1/13C7F1~1.2RE/bin/../lib/gcc/arm-none-eabi/13.2.1/thumb/v7e-m+fp/hard\libg.a(libc_a-qsort.o)
 .debug_frame   0x000016e4       0x40 C:/PROGRA~2/ARMGNU~1/13C7F1~1.2RE/bin/../lib/gcc/arm-none-eabi/13.2.1/thumb/v7e-m+fp/hard\libg.a(libc_a-memmove.o)
 .debug_frame   0x00001724       0x2c C:/PROGRA~2/ARMGNU~1/13C7F1~1.2RE/bin/../lib/gcc/arm-none-eabi/13.2.1/thumb/v7e-m+fp/hard\libg.a(libc_a-memset.o)
 .debug_frame   0x00001750       0x20 C:/PROGRA~2/ARMGNU~1/13C7F1~1.2RE/bin/../lib/gcc/arm-none-eabi/13.2.1/thumb/v7e-m+fp/hard\libg.a(libc_a-stpcpy.o)
 .debug_frame   0x00001770       0x20 C:/PROGRA~2/ARMGNU~1/13C7F1~1.2RE/bin/../lib/gcc/arm-none-eabi/13.2.1/thumb/v7e-m+fp/hard\libg.a(libc_a-strcpy.o)
 .debug_frame   0x00001790      0x13c C:/PROGRA~2/ARMGNU~1/13C7F1~1.2RE/bin/../lib/gcc/arm-none-eabi/13.2.1/thumb/v7e-m+fp/hard\libg.a(libc_a-findfp.o)
 .debug_frame   0x000018cc       0x20 C:/PROGRA~2/ARMGNU~1/13C7F1~1.2RE/bin/../lib/gcc/arm-none-eabi/13.2.1/thumb/v7e-m+fp/hard\libm.a(libm_a-wf_atan2.o)
 .debug_frame   0x000018ec       0x34 C:/PROGRA~2/ARMGNU~1/13C7F1~1.2RE/bin/../lib/gcc/arm-none-eabi/13.2.1/thumb/v7e-m+fp/hard\libm.a(libm_a-sf_cos.o)
 .debug_frame   0x00001920       0x20 C:/PROGRA~2/ARMGNU~1/13C7F1~1.2RE/bin/../lib/gcc/arm-none-eabi/13.2.1/thumb/v7e-m+fp/hard\libm.a(libm_a-sf_fabs.o)
 .debug_frame   0x00001940       0x34 C:/PROGRA~2/ARMGNU~1/13C7F1~1.2RE/bin/../lib/gcc/arm-none-eabi/13.2.1/thumb/v7e-m+fp/hard\libm.a(libm_a-sf_sin.o)
 .debug_frame   0x00001974       0x30 C:/PROGRA~2/ARMGNU~1/13C7F1~1.2RE/bin/../lib/gcc/arm-none-eabi/13.2.1/thumb/v7e-m+fp/hard\libm.a(libm_a-sf_tan.o)
 .debug_frame   0x000019a4       0x30 C:/PROGRA~2/ARMGNU~1/13C7F1~1.2RE/bin/../lib/gcc/arm-none-eabi/13.2.1/thumb/v7e-m+fp/hard\libm.a(libm_a-s_ceil.o)
 .debug_frame   0x000019d4       0x20 C:/PROGRA~2/ARMGNU~1/13C7F1~1.2RE/bin/../lib/gcc/arm-none-eabi/13.2.1/thumb/v7e-m+fp/hard\libm.a(libm_a-kf_cos.o)
 .debug_frame   0x000019f4       0x20 C:/PROGRA~2/ARMGNU~1/13C7F1~1.2RE/bin/../lib/gcc/arm-none-eabi/13.2.1/thumb/v7e-m+fp/hard\libm.a(libm_a-kf_sin.o)
 .debug_frame   0x00001a14       0x28 C:/PROGRA~2/ARMGNU~1/13C7F1~1.2RE/bin/../lib/gcc/arm-none-eabi/13.2.1/thumb/v7e-m+fp/hard\libm.a(libm_a-kf_tan.o)
 .debug_frame   0x00001a3c       0x44 C:/PROGRA~2/ARMGNU~1/13C7F1~1.2RE/bin/../lib/gcc/arm-none-eabi/13.2.1/thumb/v7e-m+fp/hard\libm.a(libm_a-ef_atan2.o)
 .debug_frame   0x00001a80       0x34 C:/PROGRA~2/ARMGNU~1/13C7F1~1.2RE/bin/../lib/gcc/arm-none-eabi/13.2.1/thumb/v7e-m+fp/hard\libm.a(libm_a-ef_rem_pio2.o)
 .debug_frame   0x00001ab4       0x2c C:/PROGRA~2/ARMGNU~1/13C7F1~1.2RE/bin/../lib/gcc/arm-none-eabi/13.2.1/thumb/v7e-m+fp/hard\libm.a(libm_a-sf_atan.o)
 .debug_frame   0x00001ae0       0x5c C:/PROGRA~2/ARMGNU~1/13C7F1~1.2RE/bin/../lib/gcc/arm-none-eabi/13.2.1/thumb/v7e-m+fp/hard\libm.a(libm_a-kf_rem_pio2.o)
 .debug_frame   0x00001b3c       0x20 C:/PROGRA~2/ARMGNU~1/13C7F1~1.2RE/bin/../lib/gcc/arm-none-eabi/13.2.1/thumb/v7e-m+fp/hard\libm.a(libm_a-sf_scalbn.o)
 .debug_frame   0x00001b5c       0x20 C:/PROGRA~2/ARMGNU~1/13C7F1~1.2RE/bin/../lib/gcc/arm-none-eabi/13.2.1/thumb/v7e-m+fp/hard\libm.a(libm_a-sf_floor.o)
 .debug_frame   0x00001b7c       0xc4 C:/PROGRA~2/ARMGNU~1/13C7F1~1.2RE/bin/../lib/gcc/arm-none-eabi/13.2.1/thumb/v7e-m+fp/hard\libgcc.a(_arm_cmpdf2.o)

.debug_line_str
                0x00000000      0x1b0
 .debug_line_str
                0x00000000      0x1b0 C:/PROGRA~2/ARMGNU~1/13C7F1~1.2RE/bin/../lib/gcc/arm-none-eabi/13.2.1/thumb/v7e-m+fp/hard\libgcc.a(_arm_addsubdf3.o)
                                 0xce (size before relaxing)
 .debug_line_str
                0x000001b0       0xce C:/PROGRA~2/ARMGNU~1/13C7F1~1.2RE/bin/../lib/gcc/arm-none-eabi/13.2.1/thumb/v7e-m+fp/hard\libgcc.a(_arm_muldivdf3.o)
 .debug_line_str
                0x000001b0       0xce C:/PROGRA~2/ARMGNU~1/13C7F1~1.2RE/bin/../lib/gcc/arm-none-eabi/13.2.1/thumb/v7e-m+fp/hard\libgcc.a(_arm_fixdfsi.o)
 .debug_line_str
                0x000001b0       0xce C:/PROGRA~2/ARMGNU~1/13C7F1~1.2RE/bin/../lib/gcc/arm-none-eabi/13.2.1/thumb/v7e-m+fp/hard\libgcc.a(_arm_truncdfsf2.o)
 .debug_line_str
                0x000001b0       0xe2 C:/PROGRA~2/ARMGNU~1/13C7F1~1.2RE/bin/../lib/gcc/arm-none-eabi/13.2.1/thumb/v7e-m+fp/hard\libg.a(libc_a-strlen.o)
 .debug_line_str
                0x000001b0       0xce C:/PROGRA~2/ARMGNU~1/13C7F1~1.2RE/bin/../lib/gcc/arm-none-eabi/13.2.1/thumb/v7e-m+fp/hard\libgcc.a(_arm_cmpdf2.o)

Cross Reference Table

Symbol                                            File
ActiveCamera                                      CMakeFiles\ddd.dir\src\main.c.obj
ActiveLure                                        CMakeFiles\ddd.dir\src\main.c.obj
ActiveScene                                       CMakeFiles\ddd.dir\src\main.c.obj
Actor_drawMesh                                    CMakeFiles\ddd.dir\engine\render.c.obj
                                                  CMakeFiles\ddd.dir\src\main.c.obj
Actor_getFrontPointZ                              CMakeFiles\ddd.dir\engine\actor.c.obj
                                                  CMakeFiles\ddd.dir\src\main.c.obj
Actor_updateTransform                             CMakeFiles\ddd.dir\engine\actor.c.obj
                                                  CMakeFiles\ddd.dir\engine\scene.c.obj
ApplyNearClipToLine                               CMakeFiles\ddd.dir\engine\render.c.obj
Camera_getProjectionMatrix                        CMakeFiles\ddd.dir\engine\camera.c.obj
                                                  CMakeFiles\ddd.dir\src\main.c.obj
Camera_getRotationMatrix                          CMakeFiles\ddd.dir\engine\camera.c.obj
                                                  CMakeFiles\ddd.dir\src\main.c.obj
Camera_worldToScreenPos                           CMakeFiles\ddd.dir\engine\camera.c.obj
                                                  CMakeFiles\ddd.dir\engine\render.c.obj
                                                  CMakeFiles\ddd.dir\src\main.c.obj
DELTA_TIME                                        CMakeFiles\ddd.dir\src\main.c.obj
                                                  CMakeFiles\ddd.dir\engine\render.c.obj
                                                  CMakeFiles\ddd.dir\engine\camera.c.obj
DebugScene                                        CMakeFiles\ddd.dir\src\main.c.obj
DefaultLure                                       CMakeFiles\ddd.dir\src\main.c.obj
DefaultScene                                      CMakeFiles\ddd.dir\src\main.c.obj
DefaultView                                       CMakeFiles\ddd.dir\src\main.c.obj
FONT_MONTSERRAT_BLACK_24                          CMakeFiles\ddd.dir\src\main.c.obj
FONT_MONTSERRAT_BLACK_ITALIC_24                   CMakeFiles\ddd.dir\src\main.c.obj
FONT_MONTSERRAT_BOLD_14                           CMakeFiles\ddd.dir\src\main.c.obj
FishingScene                                      CMakeFiles\ddd.dir\src\main.c.obj
GLOBAL_ORIGIN                                     CMakeFiles\ddd.dir\src\main.c.obj
GLOBAL_UNIT                                       CMakeFiles\ddd.dir\src\main.c.obj
GLOBAL_UP                                         CMakeFiles\ddd.dir\src\main.c.obj
Gradient_init                                     CMakeFiles\ddd.dir\src\main.c.obj
Gradient_sample                                   CMakeFiles\ddd.dir\src\main.c.obj
Gradient_tick                                     CMakeFiles\ddd.dir\src\main.c.obj
Grid512Long                                       CMakeFiles\ddd.dir\src\main.c.obj
LakeView                                          CMakeFiles\ddd.dir\src\main.c.obj
LakeWaves_render                                  CMakeFiles\ddd.dir\engine\render.c.obj
                                                  CMakeFiles\ddd.dir\src\main.c.obj
LakeWaves_renderWaterHeight                       CMakeFiles\ddd.dir\engine\render.c.obj
                                                  CMakeFiles\ddd.dir\src\main.c.obj
Line_worldDraw                                    CMakeFiles\ddd.dir\engine\render.c.obj
LookTarget_setTarget                              CMakeFiles\ddd.dir\engine\camera.c.obj
                                                  CMakeFiles\ddd.dir\src\main.c.obj
LookTarget_tick                                   CMakeFiles\ddd.dir\engine\camera.c.obj
                                                  CMakeFiles\ddd.dir\engine\scene.c.obj
                                                  CMakeFiles\ddd.dir\src\main.c.obj
Matrix3_add                                       CMakeFiles\ddd.dir\engine\3dmath.c.obj
Matrix3_apply                                     CMakeFiles\ddd.dir\engine\3dmath.c.obj
                                                  CMakeFiles\ddd.dir\engine\render.c.obj
Matrix3_fromQuaternion                            CMakeFiles\ddd.dir\engine\3dmath.c.obj
Matrix3_getRotationX                              CMakeFiles\ddd.dir\engine\3dmath.c.obj
                                                  CMakeFiles\ddd.dir\engine\camera.c.obj
Matrix3_getRotationY                              CMakeFiles\ddd.dir\engine\3dmath.c.obj
                                                  CMakeFiles\ddd.dir\engine\camera.c.obj
Matrix3_getRotationZ                              CMakeFiles\ddd.dir\engine\3dmath.c.obj
                                                  CMakeFiles\ddd.dir\engine\camera.c.obj
Matrix3_lerp                                      CMakeFiles\ddd.dir\engine\3dmath.c.obj
Matrix3_lookAt                                    CMakeFiles\ddd.dir\engine\3dmath.c.obj
                                                  CMakeFiles\ddd.dir\engine\actor.c.obj
                                                  CMakeFiles\ddd.dir\src\main.c.obj
Matrix3_multiply                                  CMakeFiles\ddd.dir\engine\3dmath.c.obj
                                                  CMakeFiles\ddd.dir\engine\camera.c.obj
Matrix3_multiplyScalar                            CMakeFiles\ddd.dir\engine\3dmath.c.obj
Matrix3_rotationFromAngles                        CMakeFiles\ddd.dir\engine\3dmath.c.obj
Matrix4_apply                                     CMakeFiles\ddd.dir\engine\3dmath.c.obj
                                                  CMakeFiles\ddd.dir\engine\camera.c.obj
                                                  CMakeFiles\ddd.dir\engine\actor.c.obj
Matrix4_from3                                     CMakeFiles\ddd.dir\engine\3dmath.c.obj
Matrix4_getMatrixTransform                        CMakeFiles\ddd.dir\engine\3dmath.c.obj
                                                  CMakeFiles\ddd.dir\engine\actor.c.obj
Matrix4_getQuaternionTransform                    CMakeFiles\ddd.dir\engine\3dmath.c.obj
                                                  CMakeFiles\ddd.dir\engine\actor.c.obj
Matrix4_getTransform                              CMakeFiles\ddd.dir\engine\3dmath.c.obj
Matrix4_multiply                                  CMakeFiles\ddd.dir\engine\3dmath.c.obj
PTR_Camera_worldToScreenPos                       CMakeFiles\ddd.dir\engine\camera.c.obj
                                                  CMakeFiles\ddd.dir\engine\render.c.obj
PTR_Matrix3_apply                                 CMakeFiles\ddd.dir\engine\3dmath.c.obj
                                                  CMakeFiles\ddd.dir\engine\render.c.obj
                                                  CMakeFiles\ddd.dir\src\main.c.obj
PTR_Matrix4_apply                                 CMakeFiles\ddd.dir\engine\3dmath.c.obj
                                                  CMakeFiles\ddd.dir\engine\render.c.obj
                                                  CMakeFiles\ddd.dir\engine\camera.c.obj
Quaternion_LookAt                                 CMakeFiles\ddd.dir\engine\3dmath.c.obj
Quaternion_fromAngleAxis                          CMakeFiles\ddd.dir\engine\3dmath.c.obj
Quaternion_fromVector3                            CMakeFiles\ddd.dir\engine\3dmath.c.obj
                                                  CMakeFiles\ddd.dir\engine\actor.c.obj
Quaternion_normalize                              CMakeFiles\ddd.dir\engine\3dmath.c.obj
SINE_GRADIENT                                     CMakeFiles\ddd.dir\src\main.c.obj
SINE_GRADIENT_OFFSET                              CMakeFiles\ddd.dir\src\main.c.obj
SLANT                                             CMakeFiles\ddd.dir\engine\render.c.obj
Scene_update                                      CMakeFiles\ddd.dir\engine\scene.c.obj
                                                  CMakeFiles\ddd.dir\src\main.c.obj
TICKER_FONT                                       CMakeFiles\ddd.dir\src\main.c.obj
TICKER_SPEED                                      CMakeFiles\ddd.dir\src\main.c.obj
TICK_LASTCRANKREADING                             CMakeFiles\ddd.dir\src\main.c.obj
TIME_SCALE                                        CMakeFiles\ddd.dir\src\main.c.obj
UnderwaterView                                    CMakeFiles\ddd.dir\src\main.c.obj
Vector3_add                                       CMakeFiles\ddd.dir\engine\3dmath.c.obj
                                                  CMakeFiles\ddd.dir\src\main.c.obj
Vector3_applyQuaternion                           CMakeFiles\ddd.dir\engine\3dmath.c.obj
Vector3_cross                                     CMakeFiles\ddd.dir\engine\3dmath.c.obj
Vector3_dot                                       CMakeFiles\ddd.dir\engine\3dmath.c.obj
                                                  CMakeFiles\ddd.dir\engine\render.c.obj
                                                  CMakeFiles\ddd.dir\src\main.c.obj
Vector3_fromQuaternion                            CMakeFiles\ddd.dir\engine\3dmath.c.obj
Vector3_getDistance                               CMakeFiles\ddd.dir\engine\3dmath.c.obj
Vector3_getDistanceSquared                        CMakeFiles\ddd.dir\engine\3dmath.c.obj
                                                  CMakeFiles\ddd.dir\src\main.c.obj
Vector3_getForward                                CMakeFiles\ddd.dir\engine\3dmath.c.obj
                                                  CMakeFiles\ddd.dir\src\main.c.obj
Vector3_getLeft                                   CMakeFiles\ddd.dir\engine\3dmath.c.obj
                                                  CMakeFiles\ddd.dir\src\main.c.obj
Vector3_getUp                                     CMakeFiles\ddd.dir\engine\3dmath.c.obj
                                                  CMakeFiles\ddd.dir\src\main.c.obj
Vector3_length                                    CMakeFiles\ddd.dir\engine\3dmath.c.obj
                                                  CMakeFiles\ddd.dir\engine\render.c.obj
Vector3_lengthSquared                             CMakeFiles\ddd.dir\engine\3dmath.c.obj
Vector3_lerp                                      CMakeFiles\ddd.dir\engine\3dmath.c.obj
                                                  CMakeFiles\ddd.dir\engine\render.c.obj
                                                  CMakeFiles\ddd.dir\engine\camera.c.obj
                                                  CMakeFiles\ddd.dir\src\main.c.obj
Vector3_make                                      CMakeFiles\ddd.dir\engine\symbols.c.obj
                                                  CMakeFiles\ddd.dir\engine\3dmath.c.obj
Vector3_multiply                                  CMakeFiles\ddd.dir\engine\3dmath.c.obj
Vector3_multiplyScalar                            CMakeFiles\ddd.dir\engine\3dmath.c.obj
                                                  CMakeFiles\ddd.dir\src\main.c.obj
Vector3_normalize                                 CMakeFiles\ddd.dir\engine\3dmath.c.obj
                                                  CMakeFiles\ddd.dir\engine\actor.c.obj
                                                  CMakeFiles\ddd.dir\src\main.c.obj
Vector3_subtract                                  CMakeFiles\ddd.dir\engine\3dmath.c.obj
                                                  CMakeFiles\ddd.dir\engine\render.c.obj
                                                  CMakeFiles\ddd.dir\engine\actor.c.obj
                                                  CMakeFiles\ddd.dir\src\main.c.obj
WAVE_RIPPLE_U                                     CMakeFiles\ddd.dir\engine\wave_heightmap.c.obj
                                                  CMakeFiles\ddd.dir\engine\render.c.obj
                                                  CMakeFiles\ddd.dir\src\main.c.obj
WAVE_RIPPLE_V                                     CMakeFiles\ddd.dir\engine\wave_heightmap.c.obj
                                                  CMakeFiles\ddd.dir\engine\render.c.obj
                                                  CMakeFiles\ddd.dir\src\main.c.obj
YPlane_render                                     CMakeFiles\ddd.dir\engine\render.c.obj
                                                  CMakeFiles\ddd.dir\src\main.c.obj
YPlane_renderGrid                                 CMakeFiles\ddd.dir\engine\render.c.obj
__adddf3                                          C:/PROGRA~2/ARMGNU~1/13C7F1~1.2RE/bin/../lib/gcc/arm-none-eabi/13.2.1/thumb/v7e-m+fp/hard\libgcc.a(_arm_addsubdf3.o)
__aeabi_cdcmpeq                                   C:/PROGRA~2/ARMGNU~1/13C7F1~1.2RE/bin/../lib/gcc/arm-none-eabi/13.2.1/thumb/v7e-m+fp/hard\libgcc.a(_arm_cmpdf2.o)
__aeabi_cdcmple                                   C:/PROGRA~2/ARMGNU~1/13C7F1~1.2RE/bin/../lib/gcc/arm-none-eabi/13.2.1/thumb/v7e-m+fp/hard\libgcc.a(_arm_cmpdf2.o)
__aeabi_cdrcmple                                  C:/PROGRA~2/ARMGNU~1/13C7F1~1.2RE/bin/../lib/gcc/arm-none-eabi/13.2.1/thumb/v7e-m+fp/hard\libgcc.a(_arm_cmpdf2.o)
__aeabi_d2f                                       C:/PROGRA~2/ARMGNU~1/13C7F1~1.2RE/bin/../lib/gcc/arm-none-eabi/13.2.1/thumb/v7e-m+fp/hard\libgcc.a(_arm_truncdfsf2.o)
                                                  CMakeFiles\ddd.dir\engine\render.c.obj
                                                  CMakeFiles\ddd.dir\engine\camera.c.obj
                                                  CMakeFiles\ddd.dir\engine\3dmath.c.obj
                                                  CMakeFiles\ddd.dir\src\main.c.obj
__aeabi_d2iz                                      C:/PROGRA~2/ARMGNU~1/13C7F1~1.2RE/bin/../lib/gcc/arm-none-eabi/13.2.1/thumb/v7e-m+fp/hard\libgcc.a(_arm_fixdfsi.o)
                                                  CMakeFiles\ddd.dir\src\main.c.obj
__aeabi_dadd                                      C:/PROGRA~2/ARMGNU~1/13C7F1~1.2RE/bin/../lib/gcc/arm-none-eabi/13.2.1/thumb/v7e-m+fp/hard\libgcc.a(_arm_addsubdf3.o)
                                                  C:/PROGRA~2/ARMGNU~1/13C7F1~1.2RE/bin/../lib/gcc/arm-none-eabi/13.2.1/thumb/v7e-m+fp/hard\libm.a(libm_a-s_ceil.o)
                                                  CMakeFiles\ddd.dir\engine\render.c.obj
                                                  CMakeFiles\ddd.dir\engine\camera.c.obj
                                                  CMakeFiles\ddd.dir\src\main.c.obj
__aeabi_dcmpeq                                    C:/PROGRA~2/ARMGNU~1/13C7F1~1.2RE/bin/../lib/gcc/arm-none-eabi/13.2.1/thumb/v7e-m+fp/hard\libgcc.a(_arm_cmpdf2.o)
__aeabi_dcmpge                                    C:/PROGRA~2/ARMGNU~1/13C7F1~1.2RE/bin/../lib/gcc/arm-none-eabi/13.2.1/thumb/v7e-m+fp/hard\libgcc.a(_arm_cmpdf2.o)
__aeabi_dcmpgt                                    C:/PROGRA~2/ARMGNU~1/13C7F1~1.2RE/bin/../lib/gcc/arm-none-eabi/13.2.1/thumb/v7e-m+fp/hard\libgcc.a(_arm_cmpdf2.o)
                                                  C:/PROGRA~2/ARMGNU~1/13C7F1~1.2RE/bin/../lib/gcc/arm-none-eabi/13.2.1/thumb/v7e-m+fp/hard\libm.a(libm_a-s_ceil.o)
__aeabi_dcmple                                    C:/PROGRA~2/ARMGNU~1/13C7F1~1.2RE/bin/../lib/gcc/arm-none-eabi/13.2.1/thumb/v7e-m+fp/hard\libgcc.a(_arm_cmpdf2.o)
__aeabi_dcmplt                                    C:/PROGRA~2/ARMGNU~1/13C7F1~1.2RE/bin/../lib/gcc/arm-none-eabi/13.2.1/thumb/v7e-m+fp/hard\libgcc.a(_arm_cmpdf2.o)
__aeabi_ddiv                                      C:/PROGRA~2/ARMGNU~1/13C7F1~1.2RE/bin/../lib/gcc/arm-none-eabi/13.2.1/thumb/v7e-m+fp/hard\libgcc.a(_arm_muldivdf3.o)
                                                  CMakeFiles\ddd.dir\engine\render.c.obj
                                                  CMakeFiles\ddd.dir\src\main.c.obj
__aeabi_dmul                                      C:/PROGRA~2/ARMGNU~1/13C7F1~1.2RE/bin/../lib/gcc/arm-none-eabi/13.2.1/thumb/v7e-m+fp/hard\libgcc.a(_arm_muldivdf3.o)
                                                  C:/PROGRA~2/ARMGNU~1/13C7F1~1.2RE/bin/../lib/gcc/arm-none-eabi/13.2.1/thumb/v7e-m+fp/hard\libgcc.a(_arm_muldf3.o)
                                                  CMakeFiles\ddd.dir\engine\render.c.obj
                                                  CMakeFiles\ddd.dir\engine\camera.c.obj
                                                  CMakeFiles\ddd.dir\src\main.c.obj
__aeabi_drsub                                     C:/PROGRA~2/ARMGNU~1/13C7F1~1.2RE/bin/../lib/gcc/arm-none-eabi/13.2.1/thumb/v7e-m+fp/hard\libgcc.a(_arm_addsubdf3.o)
__aeabi_dsub                                      C:/PROGRA~2/ARMGNU~1/13C7F1~1.2RE/bin/../lib/gcc/arm-none-eabi/13.2.1/thumb/v7e-m+fp/hard\libgcc.a(_arm_addsubdf3.o)
                                                  CMakeFiles\ddd.dir\engine\3dmath.c.obj
                                                  CMakeFiles\ddd.dir\src\main.c.obj
__aeabi_f2d                                       C:/PROGRA~2/ARMGNU~1/13C7F1~1.2RE/bin/../lib/gcc/arm-none-eabi/13.2.1/thumb/v7e-m+fp/hard\libgcc.a(_arm_addsubdf3.o)
                                                  CMakeFiles\ddd.dir\engine\render.c.obj
                                                  CMakeFiles\ddd.dir\engine\camera.c.obj
                                                  CMakeFiles\ddd.dir\engine\3dmath.c.obj
                                                  CMakeFiles\ddd.dir\src\main.c.obj
__aeabi_i2d                                       C:/PROGRA~2/ARMGNU~1/13C7F1~1.2RE/bin/../lib/gcc/arm-none-eabi/13.2.1/thumb/v7e-m+fp/hard\libgcc.a(_arm_addsubdf3.o)
__aeabi_l2d                                       C:/PROGRA~2/ARMGNU~1/13C7F1~1.2RE/bin/../lib/gcc/arm-none-eabi/13.2.1/thumb/v7e-m+fp/hard\libgcc.a(_arm_addsubdf3.o)
__aeabi_ui2d                                      C:/PROGRA~2/ARMGNU~1/13C7F1~1.2RE/bin/../lib/gcc/arm-none-eabi/13.2.1/thumb/v7e-m+fp/hard\libgcc.a(_arm_addsubdf3.o)
__aeabi_ul2d                                      C:/PROGRA~2/ARMGNU~1/13C7F1~1.2RE/bin/../lib/gcc/arm-none-eabi/13.2.1/thumb/v7e-m+fp/hard\libgcc.a(_arm_addsubdf3.o)
__cmpdf2                                          C:/PROGRA~2/ARMGNU~1/13C7F1~1.2RE/bin/../lib/gcc/arm-none-eabi/13.2.1/thumb/v7e-m+fp/hard\libgcc.a(_arm_cmpdf2.o)
__divdf3                                          C:/PROGRA~2/ARMGNU~1/13C7F1~1.2RE/bin/../lib/gcc/arm-none-eabi/13.2.1/thumb/v7e-m+fp/hard\libgcc.a(_arm_muldivdf3.o)
__eqdf2                                           C:/PROGRA~2/ARMGNU~1/13C7F1~1.2RE/bin/../lib/gcc/arm-none-eabi/13.2.1/thumb/v7e-m+fp/hard\libgcc.a(_arm_cmpdf2.o)
__errno                                           C:/PROGRA~2/ARMGNU~1/13C7F1~1.2RE/bin/../lib/gcc/arm-none-eabi/13.2.1/thumb/v7e-m+fp/hard\libc.a(libc_a-errno.o)
                                                  C:/PROGRA~2/ARMGNU~1/13C7F1~1.2RE/bin/../lib/gcc/arm-none-eabi/13.2.1/thumb/v7e-m+fp/hard\libm.a(libm_a-wf_sqrt.o)
                                                  C:/PROGRA~2/ARMGNU~1/13C7F1~1.2RE/bin/../lib/gcc/arm-none-eabi/13.2.1/thumb/v7e-m+fp/hard\libm.a(libm_a-wf_acos.o)
__extendsfdf2                                     C:/PROGRA~2/ARMGNU~1/13C7F1~1.2RE/bin/../lib/gcc/arm-none-eabi/13.2.1/thumb/v7e-m+fp/hard\libgcc.a(_arm_addsubdf3.o)
__fixdfsi                                         C:/PROGRA~2/ARMGNU~1/13C7F1~1.2RE/bin/../lib/gcc/arm-none-eabi/13.2.1/thumb/v7e-m+fp/hard\libgcc.a(_arm_fixdfsi.o)
__floatdidf                                       C:/PROGRA~2/ARMGNU~1/13C7F1~1.2RE/bin/../lib/gcc/arm-none-eabi/13.2.1/thumb/v7e-m+fp/hard\libgcc.a(_arm_addsubdf3.o)
__floatsidf                                       C:/PROGRA~2/ARMGNU~1/13C7F1~1.2RE/bin/../lib/gcc/arm-none-eabi/13.2.1/thumb/v7e-m+fp/hard\libgcc.a(_arm_addsubdf3.o)
__floatundidf                                     C:/PROGRA~2/ARMGNU~1/13C7F1~1.2RE/bin/../lib/gcc/arm-none-eabi/13.2.1/thumb/v7e-m+fp/hard\libgcc.a(_arm_addsubdf3.o)
__floatunsidf                                     C:/PROGRA~2/ARMGNU~1/13C7F1~1.2RE/bin/../lib/gcc/arm-none-eabi/13.2.1/thumb/v7e-m+fp/hard\libgcc.a(_arm_addsubdf3.o)
__fp_lock_all                                     C:/PROGRA~2/ARMGNU~1/13C7F1~1.2RE/bin/../lib/gcc/arm-none-eabi/13.2.1/thumb/v7e-m+fp/hard\libg.a(libc_a-findfp.o)
__fp_unlock_all                                   C:/PROGRA~2/ARMGNU~1/13C7F1~1.2RE/bin/../lib/gcc/arm-none-eabi/13.2.1/thumb/v7e-m+fp/hard\libg.a(libc_a-findfp.o)
__gedf2                                           C:/PROGRA~2/ARMGNU~1/13C7F1~1.2RE/bin/../lib/gcc/arm-none-eabi/13.2.1/thumb/v7e-m+fp/hard\libgcc.a(_arm_cmpdf2.o)
__gtdf2                                           C:/PROGRA~2/ARMGNU~1/13C7F1~1.2RE/bin/../lib/gcc/arm-none-eabi/13.2.1/thumb/v7e-m+fp/hard\libgcc.a(_arm_cmpdf2.o)
__ieee754_acosf                                   C:/PROGRA~2/ARMGNU~1/13C7F1~1.2RE/bin/../lib/gcc/arm-none-eabi/13.2.1/thumb/v7e-m+fp/hard\libm.a(libm_a-ef_acos.o)
                                                  C:/PROGRA~2/ARMGNU~1/13C7F1~1.2RE/bin/../lib/gcc/arm-none-eabi/13.2.1/thumb/v7e-m+fp/hard\libm.a(libm_a-wf_acos.o)
__ieee754_atan2f                                  C:/PROGRA~2/ARMGNU~1/13C7F1~1.2RE/bin/../lib/gcc/arm-none-eabi/13.2.1/thumb/v7e-m+fp/hard\libm.a(libm_a-ef_atan2.o)
                                                  C:/PROGRA~2/ARMGNU~1/13C7F1~1.2RE/bin/../lib/gcc/arm-none-eabi/13.2.1/thumb/v7e-m+fp/hard\libm.a(libm_a-wf_atan2.o)
__ieee754_rem_pio2f                               C:/PROGRA~2/ARMGNU~1/13C7F1~1.2RE/bin/../lib/gcc/arm-none-eabi/13.2.1/thumb/v7e-m+fp/hard\libm.a(libm_a-ef_rem_pio2.o)
                                                  C:/PROGRA~2/ARMGNU~1/13C7F1~1.2RE/bin/../lib/gcc/arm-none-eabi/13.2.1/thumb/v7e-m+fp/hard\libm.a(libm_a-sf_tan.o)
                                                  C:/PROGRA~2/ARMGNU~1/13C7F1~1.2RE/bin/../lib/gcc/arm-none-eabi/13.2.1/thumb/v7e-m+fp/hard\libm.a(libm_a-sf_sin.o)
                                                  C:/PROGRA~2/ARMGNU~1/13C7F1~1.2RE/bin/../lib/gcc/arm-none-eabi/13.2.1/thumb/v7e-m+fp/hard\libm.a(libm_a-sf_cos.o)
__ieee754_sqrtf                                   C:/PROGRA~2/ARMGNU~1/13C7F1~1.2RE/bin/../lib/gcc/arm-none-eabi/13.2.1/thumb/v7e-m+fp/hard\libm.a(libm_a-ef_sqrt.o)
                                                  C:/PROGRA~2/ARMGNU~1/13C7F1~1.2RE/bin/../lib/gcc/arm-none-eabi/13.2.1/thumb/v7e-m+fp/hard\libm.a(libm_a-ef_acos.o)
                                                  C:/PROGRA~2/ARMGNU~1/13C7F1~1.2RE/bin/../lib/gcc/arm-none-eabi/13.2.1/thumb/v7e-m+fp/hard\libm.a(libm_a-wf_sqrt.o)
__itoa                                            C:/PROGRA~2/ARMGNU~1/13C7F1~1.2RE/bin/../lib/gcc/arm-none-eabi/13.2.1/thumb/v7e-m+fp/hard\libg.a(libc_a-itoa.o)