Archive member included to satisfy reference by file (symbol)

C:/PROGRA~2/ARMGNU~1/133167~1.3RE/bin/../lib/gcc/arm-none-eabi/13.3.1/thumb/v7e-m+fp/hard\libgcc.a(_arm_addsubdf3.o)
                              CMakeFiles\ddd.dir\src\main.c.obj (__aeabi_dsub)
C:/PROGRA~2/ARMGNU~1/133167~1.3RE/bin/../lib/gcc/arm-none-eabi/13.3.1/thumb/v7e-m+fp/hard\libgcc.a(_arm_fixdfsi.o)
                              CMakeFiles\ddd.dir\src\main.c.obj (__aeabi_d2iz)
C:/PROGRA~2/ARMGNU~1/133167~1.3RE/bin/../lib/gcc/arm-none-eabi/13.3.1/thumb/v7e-m+fp/hard\libgcc.a(_arm_truncdfsf2.o)
                              CMakeFiles\ddd.dir\src\main.c.obj (__aeabi_d2f)
C:/PROGRA~2/ARMGNU~1/133167~1.3RE/bin/../lib/gcc/arm-none-eabi/13.3.1/thumb/v7e-m+fp/hard\libg.a(libc_a-itoa.o)
                              CMakeFiles\ddd.dir\src\main.c.obj (itoa)
C:/PROGRA~2/ARMGNU~1/133167~1.3RE/bin/../lib/gcc/arm-none-eabi/13.3.1/thumb/v7e-m+fp/hard\libg.a(libc_a-malloc.o)
                              CMakeFiles\ddd.dir\src\main.c.obj (malloc)
C:/PROGRA~2/ARMGNU~1/133167~1.3RE/bin/../lib/gcc/arm-none-eabi/13.3.1/thumb/v7e-m+fp/hard\libg.a(libc_a-utoa.o)
                              C:/PROGRA~2/ARMGNU~1/133167~1.3RE/bin/../lib/gcc/arm-none-eabi/13.3.1/thumb/v7e-m+fp/hard\libg.a(libc_a-itoa.o) (__utoa)
C:/PROGRA~2/ARMGNU~1/133167~1.3RE/bin/../lib/gcc/arm-none-eabi/13.3.1/thumb/v7e-m+fp/hard\libg.a(libc_a-qsort.o)
                              CMakeFiles\ddd.dir\engine\render.c.obj (qsort)
C:/PROGRA~2/ARMGNU~1/133167~1.3RE/bin/../lib/gcc/arm-none-eabi/13.3.1/thumb/v7e-m+fp/hard\libg.a(libc_a-memmove.o)
                              CMakeFiles\ddd.dir\src\main.c.obj (memmove)
C:/PROGRA~2/ARMGNU~1/133167~1.3RE/bin/../lib/gcc/arm-none-eabi/13.3.1/thumb/v7e-m+fp/hard\libg.a(libc_a-memset.o)
                              CMakeFiles\ddd.dir\engine\3dmath.c.obj (memset)
C:/PROGRA~2/ARMGNU~1/133167~1.3RE/bin/../lib/gcc/arm-none-eabi/13.3.1/thumb/v7e-m+fp/hard\libg.a(libc_a-stpcpy.o)
                              CMakeFiles\ddd.dir\src\main.c.obj (stpcpy)
C:/PROGRA~2/ARMGNU~1/133167~1.3RE/bin/../lib/gcc/arm-none-eabi/13.3.1/thumb/v7e-m+fp/hard\libg.a(libc_a-impure.o)
                              C:/PROGRA~2/ARMGNU~1/133167~1.3RE/bin/../lib/gcc/arm-none-eabi/13.3.1/thumb/v7e-m+fp/hard\libg.a(libc_a-malloc.o) (_impure_ptr)
C:/PROGRA~2/ARMGNU~1/133167~1.3RE/bin/../lib/gcc/arm-none-eabi/13.3.1/thumb/v7e-m+fp/hard\libg.a(libc_a-strcpy.o)
                              CMakeFiles\ddd.dir\src\main.c.obj (strcpy)
C:/PROGRA~2/ARMGNU~1/133167~1.3RE/bin/../lib/gcc/arm-none-eabi/13.3.1/thumb/v7e-m+fp/hard\libg.a(libc_a-strlen.o)
                              CMakeFiles\ddd.dir\src\main.c.obj (strlen)
C:/PROGRA~2/ARMGNU~1/133167~1.3RE/bin/../lib/gcc/arm-none-eabi/13.3.1/thumb/v7e-m+fp/hard\libg.a(libc_a-findfp.o)
                              C:/PROGRA~2/ARMGNU~1/133167~1.3RE/bin/../lib/gcc/arm-none-eabi/13.3.1/thumb/v7e-m+fp/hard\libg.a(libc_a-impure.o) (__sf)
C:/PROGRA~2/ARMGNU~1/133167~1.3RE/bin/../lib/gcc/arm-none-eabi/13.3.1/thumb/v7e-m+fp/hard\libg.a(libc_a-fwalk.o)
                              C:/PROGRA~2/ARMGNU~1/133167~1.3RE/bin/../lib/gcc/arm-none-eabi/13.3.1/thumb/v7e-m+fp/hard\libg.a(libc_a-findfp.o) (_fwalk_sglue)
C:/PROGRA~2/ARMGNU~1/133167~1.3RE/bin/../lib/gcc/arm-none-eabi/13.3.1/thumb/v7e-m+fp/hard\libg.a(libc_a-stdio.o)
                              C:/PROGRA~2/ARMGNU~1/133167~1.3RE/bin/../lib/gcc/arm-none-eabi/13.3.1/thumb/v7e-m+fp/hard\libg.a(libc_a-findfp.o) (__sread)
C:/PROGRA~2/ARMGNU~1/133167~1.3RE/bin/../lib/gcc/arm-none-eabi/13.3.1/thumb/v7e-m+fp/hard\libg.a(libc_a-closer.o)
                              C:/PROGRA~2/ARMGNU~1/133167~1.3RE/bin/../lib/gcc/arm-none-eabi/13.3.1/thumb/v7e-m+fp/hard\libg.a(libc_a-stdio.o) (_close_r)
C:/PROGRA~2/ARMGNU~1/133167~1.3RE/bin/../lib/gcc/arm-none-eabi/13.3.1/thumb/v7e-m+fp/hard\libg.a(libc_a-reent.o)
                              C:/PROGRA~2/ARMGNU~1/133167~1.3RE/bin/../lib/gcc/arm-none-eabi/13.3.1/thumb/v7e-m+fp/hard\libg.a(libc_a-closer.o) (errno)
C:/PROGRA~2/ARMGNU~1/133167~1.3RE/bin/../lib/gcc/arm-none-eabi/13.3.1/thumb/v7e-m+fp/hard\libg.a(libc_a-lseekr.o)
                              C:/PROGRA~2/ARMGNU~1/133167~1.3RE/bin/../lib/gcc/arm-none-eabi/13.3.1/thumb/v7e-m+fp/hard\libg.a(libc_a-stdio.o) (_lseek_r)
C:/PROGRA~2/ARMGNU~1/133167~1.3RE/bin/../lib/gcc/arm-none-eabi/13.3.1/thumb/v7e-m+fp/hard\libg.a(libc_a-readr.o)
                              C:/PROGRA~2/ARMGNU~1/133167~1.3RE/bin/../lib/gcc/arm-none-eabi/13.3.1/thumb/v7e-m+fp/hard\libg.a(libc_a-stdio.o) (_read_r)
C:/PROGRA~2/ARMGNU~1/133167~1.3RE/bin/../lib/gcc/arm-none-eabi/13.3.1/thumb/v7e-m+fp/hard\libg.a(libc_a-writer.o)
                              C:/PROGRA~2/ARMGNU~1/133167~1.3RE/bin/../lib/gcc/arm-none-eabi/13.3.1/thumb/v7e-m+fp/hard\libg.a(libc_a-stdio.o) (_write_r)
C:/PROGRA~2/ARMGNU~1/133167~1.3RE/bin/../lib/gcc/arm-none-eabi/13.3.1/thumb/v7e-m+fp/hard\libg.a(libc_a-lock.o)
[...]
Memory Configuration

Name             Origin             Length             Attributes
*default*        0x00000000         0xffffffff

Linker script and memory map

LOAD CMakeFiles\ddd.dir\src\main.c.obj
LOAD CMakeFiles\ddd.dir\engine\3dmath.c.obj
LOAD CMakeFiles\ddd.dir\engine\actor.c.obj
LOAD CMakeFiles\ddd.dir\engine\camera.c.obj
LOAD CMakeFiles\ddd.dir\engine\fsm.c.obj
LOAD CMakeFiles\ddd.dir\engine\quaternion.c.obj
LOAD CMakeFiles\ddd.dir\engine\render.c.obj
LOAD CMakeFiles\ddd.dir\engine\scene.c.obj
LOAD CMakeFiles\ddd.dir\engine\symbols.c.obj
LOAD CMakeFiles\ddd.dir\C_\Users\shrin\Documents\PlaydateSDK\C_API\buildsupport\setup.c.obj
START GROUP
LOAD C:/PROGRA~2/ARMGNU~1/133167~1.3RE/bin/../lib/gcc/arm-none-eabi/13.3.1/thumb/v7e-m+fp/hard\libgcc.a
LOAD C:/PROGRA~2/ARMGNU~1/133167~1.3RE/bin/../lib/gcc/arm-none-eabi/13.3.1/thumb/v7e-m+fp/hard\libg.a
LOAD C:/PROGRA~2/ARMGNU~1/133167~1.3RE/bin/../lib/gcc/arm-none-eabi/13.3.1/thumb/v7e-m+fp/hard\libc.a
END GROUP
START GROUP
LOAD C:/PROGRA~2/ARMGNU~1/133167~1.3RE/bin/../lib/gcc/arm-none-eabi/13.3.1/thumb/v7e-m+fp/hard\libgcc.a
LOAD C:/PROGRA~2/ARMGNU~1/133167~1.3RE/bin/../lib/gcc/arm-none-eabi/13.3.1/thumb/v7e-m+fp/hard\libc.a
LOAD C:/PROGRA~2/ARMGNU~1/133167~1.3RE/bin/../lib/gcc/arm-none-eabi/13.3.1/thumb/v7e-m+fp/hard\libm.a
END GROUP

.text           0x00000000     0x5a4c
 *(.text)
 .text          0x00000000      0x378 C:/PROGRA~2/ARMGNU~1/133167~1.3RE/bin/../lib/gcc/arm-none-eabi/13.3.1/thumb/v7e-m+fp/hard\libgcc.a(_arm_addsubdf3.o)
                0x00000000                __aeabi_drsub
                0x00000008                __aeabi_dsub
                0x00000008                __subdf3
                0x0000000c                __aeabi_dadd
                0x0000000c                __adddf3
                0x00000284                __floatunsidf
                0x00000284                __aeabi_ui2d
                0x000002a4                __floatsidf
                0x000002a4                __aeabi_i2d
                0x000002c8                __aeabi_f2d
                0x000002c8                __extendsfdf2
                0x0000030c                __floatundidf
                0x0000030c                __aeabi_ul2d
                0x0000031c                __floatdidf
                0x0000031c                __aeabi_l2d
 .text          0x00000378       0x50 C:/PROGRA~2/ARMGNU~1/133167~1.3RE/bin/../lib/gcc/arm-none-eabi/13.3.1/thumb/v7e-m+fp/hard\libgcc.a(_arm_fixdfsi.o)
                0x00000378                __aeabi_d2iz
                0x00000378                __fixdfsi
 .text          0x000003c8       0xa0 C:/PROGRA~2/ARMGNU~1/133167~1.3RE/bin/../lib/gcc/arm-none-eabi/13.3.1/thumb/v7e-m+fp/hard\libgcc.a(_arm_truncdfsf2.o)
                0x000003c8                __truncdfsf2
                0x000003c8                __aeabi_d2f
 *fill*         0x00000468       0x18 
 .text          0x00000480       0xd8 C:/PROGRA~2/ARMGNU~1/133167~1.3RE/bin/../lib/gcc/arm-none-eabi/13.3.1/thumb/v7e-m+fp/hard\libg.a(libc_a-strlen.o)
                0x00000480                strlen
 .text          0x00000558      0x110 C:/PROGRA~2/ARMGNU~1/133167~1.3RE/bin/../lib/gcc/arm-none-eabi/13.3.1/thumb/v7e-m+fp/hard\libgcc.a(_arm_cmpdf2.o)
                0x00000558                __gtdf2
                0x00000558                __gedf2
                0x00000560                __ltdf2
                0x00000560                __ledf2
                0x00000568                __nedf2
                0x00000568                __eqdf2
                0x00000568                __cmpdf2
                0x000005e4                __aeabi_cdrcmple
                0x000005f4                __aeabi_cdcmpeq
                0x000005f4                __aeabi_cdcmple
                0x00000604                __aeabi_dcmpeq
                0x00000618                __aeabi_dcmplt
                0x0000062c                __aeabi_dcmple
                0x00000640                __aeabi_dcmpge
                0x00000654                __aeabi_dcmpgt
 *(.text.*)
 *fill*         0x00000668        0x8 
 .text.lure_update_descend
                0x00000670       0x30 CMakeFiles\ddd.dir\src\main.c.obj
                0x00000670                lure_update_descend
 .text.lure_move_ascend
                0x000006a0       0x3c CMakeFiles\ddd.dir\src\main.c.obj
                0x000006a0                lure_move_ascend
 *fill*         0x000006dc        0x4 
 .text.fsm_fishing_cast_to_reeling
                0x000006e0       0xa4 CMakeFiles\ddd.dir\src\main.c.obj
                0x000006e0                fsm_fishing_cast_to_reeling
 *fill*         0x00000784        0xc 
 .text.fsm_fishing_reeling_to_cast
                0x00000790       0x44 CMakeFiles\ddd.dir\src\main.c.obj
                0x00000790                fsm_fishing_reeling_to_cast
 *fill*         0x000007d4        0xc 
 .text.fsm_fishing_init
                0x000007e0       0x1c CMakeFiles\ddd.dir\src\main.c.obj
                0x000007e0                fsm_fishing_init
 *fill*         0x000007fc        0x4 
 .text.fishing_scene_update
                0x00000800       0xe0 CMakeFiles\ddd.dir\src\main.c.obj
                0x00000800                fishing_scene_update
 .text.underwater_update
                0x000008e0        0x4 CMakeFiles\ddd.dir\src\main.c.obj
                0x000008e0                underwater_update
 *fill*         0x000008e4        0xc 
 .text.fish_update
                0x000008f0       0x78 CMakeFiles\ddd.dir\src\main.c.obj
                0x000008f0                fish_update
 *fill*         0x00000968        0x8 
 .text.lake_update
                0x00000970      0x134 CMakeFiles\ddd.dir\src\main.c.obj
                0x00000970                lake_update
 *fill*         0x00000aa4        0xc 
 .text.underwater_camera_update
                0x00000ab0       0xb4 CMakeFiles\ddd.dir\src\main.c.obj
                0x00000ab0                underwater_camera_update
 *fill*         0x00000b64        0xc 
 .text.lake_draw
                0x00000b70       0x1c CMakeFiles\ddd.dir\src\main.c.obj
                0x00000b70                lake_draw
 *fill*         0x00000b8c        0x4 
 .text.fsm_fishing_update
                0x00000b90       0x14 CMakeFiles\ddd.dir\src\main.c.obj
                0x00000b90                fsm_fishing_update
 *fill*         0x00000ba4        0xc 
 .text.underwater_draw
                0x00000bb0        0x4 CMakeFiles\ddd.dir\src\main.c.obj
                0x00000bb0                underwater_draw
 *fill*         0x00000bb4        0xc 
 .text.fish_vertShader
                0x00000bc0       0x60 CMakeFiles\ddd.dir\src\main.c.obj
                0x00000bc0                fish_vertShader
 .text.playdate_getCrankTicks
                0x00000c20       0xd4 CMakeFiles\ddd.dir\src\main.c.obj
                0x00000c20                playdate_getCrankTicks
 *fill*         0x00000cf4        0xc 
 .text.lure_update
                0x00000d00      0x140 CMakeFiles\ddd.dir\src\main.c.obj
                0x00000d00                lure_update
 .text.ticker_add
                0x00000e40       0xc0 CMakeFiles\ddd.dir\src\main.c.obj
                0x00000e40                ticker_add
 .text.fishing_scene_init
                0x00000f00      0x10c CMakeFiles\ddd.dir\src\main.c.obj
                0x00000f00                fishing_scene_init
 *fill*         0x0000100c        0x4 
 .text.ticker_clear_first
                0x00001010      0x164 CMakeFiles\ddd.dir\src\main.c.obj
                0x00001010                ticker_clear_first
 *fill*         0x00001174        0xc 
 .text.ui_news_ticker
                0x00001180       0xdc CMakeFiles\ddd.dir\src\main.c.obj
                0x00001180                ui_news_ticker
 *fill*         0x0000125c        0x4 
 .text.ui_fish_name
                0x00001260       0x7c CMakeFiles\ddd.dir\src\main.c.obj
                0x00001260                ui_fish_name
 *fill*         0x000012dc        0x4 
 .text.ui_depth
                0x000012e0      0x210 CMakeFiles\ddd.dir\src\main.c.obj
                0x000012e0                ui_depth
 .text.ui_yards
                0x000014f0      0x144 CMakeFiles\ddd.dir\src\main.c.obj
                0x000014f0                ui_yards
 *fill*         0x00001634        0xc 
 .text.ui_tension
                0x00001640      0x264 CMakeFiles\ddd.dir\src\main.c.obj
                0x00001640                ui_tension
 *fill*         0x000018a4        0xc 
 .text.lake_postdraw
                0x000018b0       0x28 CMakeFiles\ddd.dir\src\main.c.obj
                0x000018b0                lake_postdraw
 *fill*         0x000018d8        0x8 
 .text.underwater_postdraw
                0x000018e0       0x34 CMakeFiles\ddd.dir\src\main.c.obj
                0x000018e0                underwater_postdraw
 *fill*         0x00001914        0xc 
 .text.camera_init
                0x00001920       0xbc CMakeFiles\ddd.dir\src\main.c.obj
                0x00001920                camera_init
 *fill*         0x000019dc        0x4 
 .text.eventHandler
                0x000019e0      0x174 CMakeFiles\ddd.dir\src\main.c.obj
                0x000019e0                eventHandler
 *fill*         0x00001b54        0xc 
 .text.camera_update
                0x00001b60       0xe0 CMakeFiles\ddd.dir\src\main.c.obj
                0x00001b60                camera_update
 .text.update   0x00001c40      0x138 CMakeFiles\ddd.dir\src\main.c.obj
 *fill*         0x00001d78        0x8 
 .text.Vector3_dot
                0x00001d80       0x18 CMakeFiles\ddd.dir\engine\3dmath.c.obj
                0x00001d80                Vector3_dot
 *fill*         0x00001d98        0x8 
 .text.Vector3_lengthSquared
                0x00001da0       0x1c CMakeFiles\ddd.dir\engine\3dmath.c.obj
                0x00001da0                Vector3_lengthSquared
 *fill*         0x00001dbc        0x4 
 .text.Vector3_subtract
                0x00001dc0       0x2c CMakeFiles\ddd.dir\engine\3dmath.c.obj
                0x00001dc0                Vector3_subtract
 *fill*         0x00001dec        0x4 
 .text.Vector3_multiplyScalar
                0x00001df0       0x20 CMakeFiles\ddd.dir\engine\3dmath.c.obj
                0x00001df0                Vector3_multiplyScalar
 .text.Vector3_normalize
                0x00001e10       0x24 CMakeFiles\ddd.dir\engine\3dmath.c.obj
                0x00001e10                Vector3_normalize
 *fill*         0x00001e34        0xc 
 .text.pnormal  0x00001e40       0x78 CMakeFiles\ddd.dir\engine\3dmath.c.obj
                0x00001e40                pnormal
 *fill*         0x00001eb8        0x8 
 .text.Vector3_lerp
                0x00001ec0       0x68 CMakeFiles\ddd.dir\engine\3dmath.c.obj
                0x00001ec0                Vector3_lerp
 *fill*         0x00001f28        0x8 
 .text.Matrix3_multiply
                0x00001f30      0x158 CMakeFiles\ddd.dir\engine\3dmath.c.obj
                0x00001f30                Matrix3_multiply
 *fill*         0x00002088        0x8 
 .text.Matrix3_apply
                0x00002090       0x74 CMakeFiles\ddd.dir\engine\3dmath.c.obj
                0x00002090                Matrix3_apply
 *fill*         0x00002104        0xc 
 .text.PTR_Matrix3_apply
                0x00002110       0x7c CMakeFiles\ddd.dir\engine\3dmath.c.obj
                0x00002110                PTR_Matrix3_apply
 *fill*         0x0000218c        0x4 
 .text.Matrix3_getRotationX
                0x00002190       0x4c CMakeFiles\ddd.dir\engine\3dmath.c.obj
                0x00002190                Matrix3_getRotationX
 *fill*         0x000021dc        0x4 
 .text.Matrix3_getRotationY
                0x000021e0       0x4c CMakeFiles\ddd.dir\engine\3dmath.c.obj
                0x000021e0                Matrix3_getRotationY
 *fill*         0x0000222c        0x4 
 .text.Matrix3_getRotationZ
                0x00002230       0x50 CMakeFiles\ddd.dir\engine\3dmath.c.obj
                0x00002230                Matrix3_getRotationZ
 .text.Matrix3_lookAt
                0x00002280       0xd0 CMakeFiles\ddd.dir\engine\3dmath.c.obj
                0x00002280                Matrix3_lookAt
 .text.Matrix4_getQuaternionTransform
                0x00002350       0xf0 CMakeFiles\ddd.dir\engine\3dmath.c.obj
                0x00002350                Matrix4_getQuaternionTransform
 .text.Matrix4_getMatrixTransform
                0x00002440       0x9c CMakeFiles\ddd.dir\engine\3dmath.c.obj
                0x00002440                Matrix4_getMatrixTransform
 *fill*         0x000024dc        0x4 
 .text.Matrix4_apply
                0x000024e0       0xac CMakeFiles\ddd.dir\engine\3dmath.c.obj
                0x000024e0                Matrix4_apply
 *fill*         0x0000258c        0x4 
 .text.PTR_Matrix4_apply
                0x00002590       0xb4 CMakeFiles\ddd.dir\engine\3dmath.c.obj
                0x00002590                PTR_Matrix4_apply
 *fill*         0x00002644        0xc 
 .text.Quaternion_fromVector3
                0x00002650       0xe0 CMakeFiles\ddd.dir\engine\3dmath.c.obj
                0x00002650                Quaternion_fromVector3
 .text.Actor_updateTransform
                0x00002730      0x118 CMakeFiles\ddd.dir\engine\actor.c.obj
                0x00002730                Actor_updateTransform
 *fill*         0x00002848        0x8 
 .text.Camera_getProjectionMatrix
                0x00002850       0x6c CMakeFiles\ddd.dir\engine\camera.c.obj
                0x00002850                Camera_getProjectionMatrix
 *fill*         0x000028bc        0x4 
 .text.Camera_worldToScreenPos
                0x000028c0       0x38 CMakeFiles\ddd.dir\engine\camera.c.obj
                0x000028c0                Camera_worldToScreenPos
 *fill*         0x000028f8        0x8 
 .text.PTR_Camera_worldToScreenPos
                0x00002900       0x4c CMakeFiles\ddd.dir\engine\camera.c.obj
                0x00002900                PTR_Camera_worldToScreenPos
 *fill*         0x0000294c        0x4 
 .text.Camera_getRotationMatrix
                0x00002950       0xcc CMakeFiles\ddd.dir\engine\camera.c.obj
                0x00002950                Camera_getRotationMatrix
 *fill*         0x00002a1c        0x4 
 .text.LookTarget_setTarget
                0x00002a20       0x24 CMakeFiles\ddd.dir\engine\camera.c.obj
                0x00002a20                LookTarget_setTarget
 *fill*         0x00002a44        0xc 
 .text.LookTarget_tick
                0x00002a50       0x90 CMakeFiles\ddd.dir\engine\camera.c.obj
                0x00002a50                LookTarget_tick
 .text.fsm_set_state
                0x00002ae0       0x20 CMakeFiles\ddd.dir\engine\fsm.c.obj
                0x00002ae0                fsm_set_state
 .text.compare_zdepth
                0x00002b00       0x18 CMakeFiles\ddd.dir\engine\render.c.obj
                0x00002b00                compare_zdepth
 *fill*         0x00002b18        0x8 
 .text.Line_worldDraw
                0x00002b20      0x128 CMakeFiles\ddd.dir\engine\render.c.obj
                0x00002b20                Line_worldDraw
 *fill*         0x00002c48        0x8 
 .text.YPlane_render
                0x00002c50       0xf0 CMakeFiles\ddd.dir\engine\render.c.obj
                0x00002c50                YPlane_render
 .text.sortTri  0x00002d40       0x78 CMakeFiles\ddd.dir\engine\render.c.obj
                0x00002d40                sortTri
 *fill*         0x00002db8        0x8 
 .text.api_drawFragment
                0x00002dc0       0xe4 CMakeFiles\ddd.dir\engine\render.c.obj
                0x00002dc0                api_drawFragment
 *fill*         0x00002ea4        0xc 
 .text.api_fillRange
                0x00002eb0       0xc4 CMakeFiles\ddd.dir\engine\render.c.obj
                0x00002eb0                api_fillRange
 *fill*         0x00002f74        0xc 
 .text.api_fillTriangle
                0x00002f80      0x1f8 CMakeFiles\ddd.dir\engine\render.c.obj
                0x00002f80                api_fillTriangle
 *fill*         0x00003178        0x8 
 .text.Actor_drawMesh
                0x00003180      0x3ec CMakeFiles\ddd.dir\engine\render.c.obj
                0x00003180                Actor_drawMesh
 *fill*         0x0000356c        0x4 
 .text.Scene_update
                0x00003570       0xa0 CMakeFiles\ddd.dir\engine\scene.c.obj
                0x00003570                Scene_update
 .text.Vector3_make
                0x00003610        0x8 CMakeFiles\ddd.dir\engine\symbols.c.obj
                0x00003610                Vector3_make
 *fill*         0x00003618        0x8 
 .text.eventHandlerShim
                0x00003620       0x1c CMakeFiles\ddd.dir\C_\Users\shrin\Documents\PlaydateSDK\C_API\buildsupport\setup.c.obj
                0x00003620                eventHandlerShim
 *fill*         0x0000363c        0x4 
 .text._malloc_r
                0x00003640        0xc CMakeFiles\ddd.dir\C_\Users\shrin\Documents\PlaydateSDK\C_API\buildsupport\setup.c.obj
                0x00003640                _malloc_r
 .text.itoa     0x0000364c       0x2c C:/PROGRA~2/ARMGNU~1/133167~1.3RE/bin/../lib/gcc/arm-none-eabi/13.3.1/thumb/v7e-m+fp/hard\libg.a(libc_a-itoa.o)
                0x0000364c                itoa
 .text.malloc   0x00003678       0x10 C:/PROGRA~2/ARMGNU~1/133167~1.3RE/bin/../lib/gcc/arm-none-eabi/13.3.1/thumb/v7e-m+fp/hard\libg.a(libc_a-malloc.o)
                0x00003678                malloc
 .text.__utoa   0x00003688       0x9c C:/PROGRA~2/ARMGNU~1/133167~1.3RE/bin/../lib/gcc/arm-none-eabi/13.3.1/thumb/v7e-m+fp/hard\libg.a(libc_a-utoa.o)
                0x00003688                __utoa
 .text.qsort    0x00003724      0x628 C:/PROGRA~2/ARMGNU~1/133167~1.3RE/bin/../lib/gcc/arm-none-eabi/13.3.1/thumb/v7e-m+fp/hard\libg.a(libc_a-qsort.o)
                0x00003724                qsort
 .text.memmove  0x00003d4c      0x100 C:/PROGRA~2/ARMGNU~1/133167~1.3RE/bin/../lib/gcc/arm-none-eabi/13.3.1/thumb/v7e-m+fp/hard\libg.a(libc_a-memmove.o)
                0x00003d4c                memmove
 .text.memset   0x00003e4c       0xa4 C:/PROGRA~2/ARMGNU~1/133167~1.3RE/bin/../lib/gcc/arm-none-eabi/13.3.1/thumb/v7e-m+fp/hard\libg.a(libc_a-memset.o)
                0x00003e4c                memset
 .text.stpcpy   0x00003ef0       0x48 C:/PROGRA~2/ARMGNU~1/133167~1.3RE/bin/../lib/gcc/arm-none-eabi/13.3.1/thumb/v7e-m+fp/hard\libg.a(libc_a-stpcpy.o)
                0x00003ef0                stpcpy
 .text.strcpy   0x00003f38       0xbc C:/PROGRA~2/ARMGNU~1/133167~1.3RE/bin/../lib/gcc/arm-none-eabi/13.3.1/thumb/v7e-m+fp/hard\libg.a(libc_a-strcpy.o)
                0x00003f38                strcpy
 .text.atan2f   0x00003ff4        0x4 C:/PROGRA~2/ARMGNU~1/133167~1.3RE/bin/../lib/gcc/arm-none-eabi/13.3.1/thumb/v7e-m+fp/hard\libm.a(libm_a-wf_atan2.o)
                0x00003ff4                atan2f
 .text.cosf     0x00003ff8       0x70 C:/PROGRA~2/ARMGNU~1/133167~1.3RE/bin/../lib/gcc/arm-none-eabi/13.3.1/thumb/v7e-m+fp/hard\libm.a(libm_a-sf_cos.o)
                0x00003ff8                cosf
 .text.fabsf    0x00004068       0x10 C:/PROGRA~2/ARMGNU~1/133167~1.3RE/bin/../lib/gcc/arm-none-eabi/13.3.1/thumb/v7e-m+fp/hard\libm.a(libm_a-sf_fabs.o)
                0x00004068                fabsf
 .text.sinf     0x00004078       0x74 C:/PROGRA~2/ARMGNU~1/133167~1.3RE/bin/../lib/gcc/arm-none-eabi/13.3.1/thumb/v7e-m+fp/hard\libm.a(libm_a-sf_sin.o)
                0x00004078                sinf
 .text.tanf     0x000040ec       0x54 C:/PROGRA~2/ARMGNU~1/133167~1.3RE/bin/../lib/gcc/arm-none-eabi/13.3.1/thumb/v7e-m+fp/hard\libm.a(libm_a-sf_tan.o)
                0x000040ec                tanf
 .text.ceil     0x00004140      0x100 C:/PROGRA~2/ARMGNU~1/133167~1.3RE/bin/../lib/gcc/arm-none-eabi/13.3.1/thumb/v7e-m+fp/hard\libm.a(libm_a-s_ceil.o)
                0x00004140                ceil
 .text.__kernel_cosf
                0x00004240      0x104 C:/PROGRA~2/ARMGNU~1/133167~1.3RE/bin/../lib/gcc/arm-none-eabi/13.3.1/thumb/v7e-m+fp/hard\libm.a(libm_a-kf_cos.o)
                0x00004240                __kernel_cosf
 .text.__kernel_sinf
                0x00004344       0x90 C:/PROGRA~2/ARMGNU~1/133167~1.3RE/bin/../lib/gcc/arm-none-eabi/13.3.1/thumb/v7e-m+fp/hard\libm.a(libm_a-kf_sin.o)
                0x00004344                __kernel_sinf
 .text.__kernel_tanf
                0x000043d4      0x1c0 C:/PROGRA~2/ARMGNU~1/133167~1.3RE/bin/../lib/gcc/arm-none-eabi/13.3.1/thumb/v7e-m+fp/hard\libm.a(libm_a-kf_tan.o)
                0x000043d4                __kernel_tanf
 .text.__ieee754_atan2f
                0x00004594      0x150 C:/PROGRA~2/ARMGNU~1/133167~1.3RE/bin/../lib/gcc/arm-none-eabi/13.3.1/thumb/v7e-m+fp/hard\libm.a(libm_a-ef_atan2.o)
                0x00004594                __ieee754_atan2f
 .text.__ieee754_rem_pio2f
                0x000046e4      0x260 C:/PROGRA~2/ARMGNU~1/133167~1.3RE/bin/../lib/gcc/arm-none-eabi/13.3.1/thumb/v7e-m+fp/hard\libm.a(libm_a-ef_rem_pio2.o)
                0x000046e4                __ieee754_rem_pio2f
 .text.atanf    0x00004944      0x1ac C:/PROGRA~2/ARMGNU~1/133167~1.3RE/bin/../lib/gcc/arm-none-eabi/13.3.1/thumb/v7e-m+fp/hard\libm.a(libm_a-sf_atan.o)
                0x00004944                atanf
 .text.__kernel_rem_pio2f
                0x00004af0      0x63c C:/PROGRA~2/ARMGNU~1/133167~1.3RE/bin/../lib/gcc/arm-none-eabi/13.3.1/thumb/v7e-m+fp/hard\libm.a(libm_a-kf_rem_pio2.o)
                0x00004af0                __kernel_rem_pio2f
 .text.scalbnf  0x0000512c       0xe4 C:/PROGRA~2/ARMGNU~1/133167~1.3RE/bin/../lib/gcc/arm-none-eabi/13.3.1/thumb/v7e-m+fp/hard\libm.a(libm_a-sf_scalbn.o)
                0x0000512c                scalbnf
 .text.floorf   0x00005210       0x94 C:/PROGRA~2/ARMGNU~1/133167~1.3RE/bin/../lib/gcc/arm-none-eabi/13.3.1/thumb/v7e-m+fp/hard\libm.a(libm_a-sf_floor.o)
                0x00005210                floorf
 *(.init)
 *(.fini)
 *crtbegin.o(.ctors)
 *crtbegin?.o(.ctors)
 *(EXCLUDE_FILE(*crtend.o *crtend?.o) .ctors)
 *(SORT_BY_NAME(.ctors.*))
 *(.ctors)
 *crtbegin.o(.dtors)
 *crtbegin?.o(.dtors)
 *(EXCLUDE_FILE(*crtend.o *crtend?.o) .dtors)
 *(SORT_BY_NAME(.dtors.*))
 *(.dtors)
 *(.rodata*)
 .rodata.fsm_fishing_cast_to_reeling.str1.4
                0x000052a4      0x369 CMakeFiles\ddd.dir\src\main.c.obj
                                 0x10 (size before relaxing)
 .rodata.fsm_fishing_reeling_to_cast.str1.4
                0x0000560d        0xf CMakeFiles\ddd.dir\src\main.c.obj
 .rodata.lure_update.str1.4
                0x0000560d       0x15 CMakeFiles\ddd.dir\src\main.c.obj
 .rodata.fishing_scene_init.str1.4
                0x0000560d       0x46 CMakeFiles\ddd.dir\src\main.c.obj
 .rodata.ui_fish_name.str1.4
                0x0000560d        0xf CMakeFiles\ddd.dir\src\main.c.obj
 .rodata.ui_yards.str1.4
                0x0000560d        0x4 CMakeFiles\ddd.dir\src\main.c.obj
 .rodata.eventHandler.str1.4
                0x0000560d       0x5c CMakeFiles\ddd.dir\src\main.c.obj
 .rodata.str1.4
                0x0000560d      0x251 CMakeFiles\ddd.dir\src\main.c.obj
 .rodata.__utoa.str1.4
                0x0000560d       0x25 C:/PROGRA~2/ARMGNU~1/133167~1.3RE/bin/../lib/gcc/arm-none-eabi/13.3.1/thumb/v7e-m+fp/hard\libg.a(libc_a-utoa.o)
 *fill*         0x0000560d        0x3 
 .rodata.CSWTCH.9
                0x00005610        0xc C:/PROGRA~2/ARMGNU~1/133167~1.3RE/bin/../lib/gcc/arm-none-eabi/13.3.1/thumb/v7e-m+fp/hard\libm.a(libm_a-ef_atan2.o)
 .rodata.CSWTCH.8
                0x0000561c        0xc C:/PROGRA~2/ARMGNU~1/133167~1.3RE/bin/../lib/gcc/arm-none-eabi/13.3.1/thumb/v7e-m+fp/hard\libm.a(libm_a-ef_atan2.o)
 .rodata.npio2_hw
                0x00005628       0x80 C:/PROGRA~2/ARMGNU~1/133167~1.3RE/bin/../lib/gcc/arm-none-eabi/13.3.1/thumb/v7e-m+fp/hard\libm.a(libm_a-ef_rem_pio2.o)
 .rodata.two_over_pi
                0x000056a8      0x318 C:/PROGRA~2/ARMGNU~1/133167~1.3RE/bin/../lib/gcc/arm-none-eabi/13.3.1/thumb/v7e-m+fp/hard\libm.a(libm_a-ef_rem_pio2.o)
 .rodata.atanlo
                0x000059c0       0x10 C:/PROGRA~2/ARMGNU~1/133167~1.3RE/bin/../lib/gcc/arm-none-eabi/13.3.1/thumb/v7e-m+fp/hard\libm.a(libm_a-sf_atan.o)
 .rodata.atanhi
                0x000059d0       0x10 C:/PROGRA~2/ARMGNU~1/133167~1.3RE/bin/../lib/gcc/arm-none-eabi/13.3.1/thumb/v7e-m+fp/hard\libm.a(libm_a-sf_atan.o)
 .rodata.PIo2   0x000059e0       0x2c C:/PROGRA~2/ARMGNU~1/133167~1.3RE/bin/../lib/gcc/arm-none-eabi/13.3.1/thumb/v7e-m+fp/hard\libm.a(libm_a-kf_rem_pio2.o)
 .rodata.init_jk
                0x00005a0c        0xc C:/PROGRA~2/ARMGNU~1/133167~1.3RE/bin/../lib/gcc/arm-none-eabi/13.3.1/thumb/v7e-m+fp/hard\libm.a(libm_a-kf_rem_pio2.o)
 *(.eh_frame*)
 .eh_frame      0x00005a18       0x34 C:/PROGRA~2/ARMGNU~1/133167~1.3RE/bin/../lib/gcc/arm-none-eabi/13.3.1/thumb/v7e-m+fp/hard\libg.a(libc_a-strlen.o)

.glue_7         0x00005a4c        0x0
 .glue_7        0x00005a4c        0x0 linker stubs

.glue_7t        0x00005a4c        0x0
 .glue_7t       0x00005a4c        0x0 linker stubs

.vfp11_veneer   0x00005a4c        0x0
 .vfp11_veneer  0x00005a4c        0x0 linker stubs

.v4_bx          0x00005a4c        0x0
 .v4_bx         0x00005a4c        0x0 linker stubs

.iplt           0x00005a4c        0x0
 .iplt          0x00005a4c        0x0 CMakeFiles\ddd.dir\src\main.c.obj

.rel.dyn        0x00005a4c        0x0
 .rel.iplt      0x00005a4c        0x0 CMakeFiles\ddd.dir\src\main.c.obj

.data           0x00005a50     0x31b8
                0x00005a50                        __etext = .
                0x00005a50                        __data_start__ = .
 *(vtable)
 *(.data*)
 .data.DefaultScene
                0x00005a50        0x4 CMakeFiles\ddd.dir\src\main.c.obj
                0x00005a50                DefaultScene
 .data.fontpath4
                0x00005a54        0x4 CMakeFiles\ddd.dir\src\main.c.obj
                0x00005a54                fontpath4
 .data.fontpath3
                0x00005a58        0x4 CMakeFiles\ddd.dir\src\main.c.obj
                0x00005a58                fontpath3
 .data.fontpath2
                0x00005a5c        0x4 CMakeFiles\ddd.dir\src\main.c.obj
                0x00005a5c                fontpath2
 .data.fontpath
                0x00005a60        0x4 CMakeFiles\ddd.dir\src\main.c.obj
                0x00005a60                fontpath
 .data.__compound_literal.12
                0x00005a64        0xc CMakeFiles\ddd.dir\src\main.c.obj
 .data.__compound_literal.11
                0x00005a70        0x8 CMakeFiles\ddd.dir\src\main.c.obj
 .data.__compound_literal.10
                0x00005a78        0x8 CMakeFiles\ddd.dir\src\main.c.obj
 .data.__compound_literal.9
                0x00005a80       0x10 CMakeFiles\ddd.dir\src\main.c.obj
 .data.__compound_literal.8
                0x00005a90        0xc CMakeFiles\ddd.dir\src\main.c.obj
 .data.line_integrity
                0x00005a9c        0x4 CMakeFiles\ddd.dir\src\main.c.obj
                0x00005a9c                line_integrity
 .data.tension_offset_x
                0x00005aa0        0x4 CMakeFiles\ddd.dir\src\main.c.obj
                0x00005aa0                tension_offset_x
 .data.yards    0x00005aa4        0x4 CMakeFiles\ddd.dir\src\main.c.obj
                0x00005aa4                yards
 .data.depth_width
                0x00005aa8        0x4 CMakeFiles\ddd.dir\src\main.c.obj
                0x00005aa8                depth_width
 .data.depth    0x00005aac        0x4 CMakeFiles\ddd.dir\src\main.c.obj
                0x00005aac                depth
 .data.ticker_filler_table
                0x00005ab0       0x1c CMakeFiles\ddd.dir\src\main.c.obj
                0x00005ab0                ticker_filler_table
 .data.ticker_buffer
                0x00005acc        0x4 CMakeFiles\ddd.dir\src\main.c.obj
                0x00005acc                ticker_buffer
 .data.ticker_x
                0x00005ad0        0x4 CMakeFiles\ddd.dir\src\main.c.obj
                0x00005ad0                ticker_x
 .data.camera_lake
                0x00005ad4       0xcc CMakeFiles\ddd.dir\src\main.c.obj
                0x00005ad4                camera_lake
 .data.camera_secondary
                0x00005ba0       0xcc CMakeFiles\ddd.dir\src\main.c.obj
                0x00005ba0                camera_secondary
 .data.camera_default
                0x00005c6c       0xcc CMakeFiles\ddd.dir\src\main.c.obj
                0x00005c6c                camera_default
 .data.camera_lake_object
                0x00005d38       0xdc CMakeFiles\ddd.dir\src\main.c.obj
                0x00005d38                camera_lake_object
 .data.camera_secondary_object
                0x00005e14       0xdc CMakeFiles\ddd.dir\src\main.c.obj
                0x00005e14                camera_secondary_object
 .data.camera_default_object
                0x00005ef0       0xdc CMakeFiles\ddd.dir\src\main.c.obj
                0x00005ef0                camera_default_object
 .data.object_cast_selector
                0x00005fcc       0xdc CMakeFiles\ddd.dir\src\main.c.obj
                0x00005fcc                object_cast_selector
 .data.object_terrain
                0x000060a8       0xdc CMakeFiles\ddd.dir\src\main.c.obj
                0x000060a8                object_terrain
 .data.object_fish
                0x00006184       0xdc CMakeFiles\ddd.dir\src\main.c.obj
                0x00006184                object_fish
 .data.object_lure
                0x00006260       0xdc CMakeFiles\ddd.dir\src\main.c.obj
                0x00006260                object_lure
 .data.fsm_fishing
                0x0000633c     0x1010 CMakeFiles\ddd.dir\src\main.c.obj
                0x0000633c                fsm_fishing
 .data.ActiveLure
                0x0000734c        0x4 CMakeFiles\ddd.dir\src\main.c.obj
                0x0000734c                ActiveLure
 .data.LakeView
                0x00007350       0x30 CMakeFiles\ddd.dir\src\main.c.obj
                0x00007350                LakeView
 .data.UnderwaterView
                0x00007380       0x30 CMakeFiles\ddd.dir\src\main.c.obj
                0x00007380                UnderwaterView
 .data.FishingScene
                0x000073b0        0xc CMakeFiles\ddd.dir\src\main.c.obj
                0x000073b0                FishingScene
 .data.DefaultLure
                0x000073bc       0x5c CMakeFiles\ddd.dir\src\main.c.obj
                0x000073bc                DefaultLure
 .data.flat_plane
                0x00007418       0x58 CMakeFiles\ddd.dir\src\main.c.obj
                0x00007418                flat_plane
 .data.__compound_literal.7
                0x00007470        0xc CMakeFiles\ddd.dir\src\main.c.obj
 .data.__compound_literal.6
                0x0000747c       0x30 CMakeFiles\ddd.dir\src\main.c.obj
 .data.blahaj_tri
                0x000074ac       0x58 CMakeFiles\ddd.dir\src\main.c.obj
                0x000074ac                blahaj_tri
 .data.__compound_literal.3
                0x00007504      0x9a8 CMakeFiles\ddd.dir\src\main.c.obj
 .data.__compound_literal.2
                0x00007eac      0x9c0 CMakeFiles\ddd.dir\src\main.c.obj
 .data.mesh_cube
                0x0000886c       0x58 CMakeFiles\ddd.dir\src\main.c.obj
                0x0000886c                mesh_cube
 .data.__compound_literal.1
                0x000088c4       0x48 CMakeFiles\ddd.dir\src\main.c.obj
 .data.__compound_literal.0
                0x0000890c       0x60 CMakeFiles\ddd.dir\src\main.c.obj
 .data.TIME_SCALE
                0x0000896c        0x4 CMakeFiles\ddd.dir\src\main.c.obj
                0x0000896c                TIME_SCALE
 .data.grid_points
                0x00008970       0x48 CMakeFiles\ddd.dir\engine\render.c.obj
                0x00008970                grid_points
 .data.patterns
                0x000089b8      0x108 CMakeFiles\ddd.dir\engine\render.c.obj
 .data._impure_ptr
                0x00008ac0        0x4 C:/PROGRA~2/ARMGNU~1/133167~1.3RE/bin/../lib/gcc/arm-none-eabi/13.3.1/thumb/v7e-m+fp/hard\libg.a(libc_a-impure.o)
                0x00008ac0                _impure_ptr
 *fill*         0x00008ac4        0x4 
 .data._impure_data
                0x00008ac8      0x140 C:/PROGRA~2/ARMGNU~1/133167~1.3RE/bin/../lib/gcc/arm-none-eabi/13.3.1/thumb/v7e-m+fp/hard\libg.a(libc_a-impure.o)
                0x00008ac8                _impure_data
                0x00008c08                        . = ALIGN (0x4)
                [!provide]                        PROVIDE (__preinit_array_start = .)
 *(.preinit_array)
                [!provide]                        PROVIDE (__preinit_array_end = .)
                0x00008c08                        . = ALIGN (0x4)
                [!provide]                        PROVIDE (__init_array_start = .)
 *(SORT_BY_NAME(.init_array.*))
 *(.init_array)
                [!provide]                        PROVIDE (__init_array_end = .)
                0x00008c08                        . = ALIGN (0x4)
                [!provide]                        PROVIDE (__fini_array_start = .)
 *(SORT_BY_NAME(.fini_array.*))
 *(.fini_array)
                [!provide]                        PROVIDE (__fini_array_end = .)
                0x00008c08                        . = ALIGN (0x4)
                0x00008c08                        __data_end__ = .

.igot.plt       0x00008c08        0x0
 .igot.plt      0x00008c08        0x0 CMakeFiles\ddd.dir\src\main.c.obj

.bss            0x00008c08      0x824
                0x00008c08                        . = ALIGN (0x4)
                0x00008c08                        __bss_start__ = .
 *(.bss*)
 .bss.tick_lastCrankReading.2
                0x00008c08        0x4 CMakeFiles\ddd.dir\src\main.c.obj
 .bss.releasedButtons
                0x00008c0c        0x1 CMakeFiles\ddd.dir\src\main.c.obj
                0x00008c0c                releasedButtons
 .bss.pressedButtons
                0x00008c0d        0x1 CMakeFiles\ddd.dir\src\main.c.obj
                0x00008c0d                pressedButtons
 .bss.heldButtons
                0x00008c0e        0x1 CMakeFiles\ddd.dir\src\main.c.obj
                0x00008c0e                heldButtons
 *fill*         0x00008c0f        0x1 
 .bss.ActiveCamera
                0x00008c10        0x4 CMakeFiles\ddd.dir\src\main.c.obj
                0x00008c10                ActiveCamera
 .bss.ActiveScene
                0x00008c14        0x4 CMakeFiles\ddd.dir\src\main.c.obj
                0x00008c14                ActiveScene
 .bss.frame     0x00008c18        0x4 CMakeFiles\ddd.dir\src\main.c.obj
                0x00008c18                frame
 .bss.FONT_MONTSERRAT_BOLD_14
                0x00008c1c        0x4 CMakeFiles\ddd.dir\src\main.c.obj
                0x00008c1c                FONT_MONTSERRAT_BOLD_14
 .bss.FONT_MONTSERRAT_BLACK_ITALIC_24
                0x00008c20        0x4 CMakeFiles\ddd.dir\src\main.c.obj
                0x00008c20                FONT_MONTSERRAT_BLACK_ITALIC_24
 .bss.FONT_MONTSERRAT_BLACK_24
                0x00008c24        0x4 CMakeFiles\ddd.dir\src\main.c.obj
                0x00008c24                FONT_MONTSERRAT_BLACK_24
 .bss.font      0x00008c28        0x4 CMakeFiles\ddd.dir\src\main.c.obj
                0x00008c28                font
 .bss.cast_animation_timer
                0x00008c2c        0x4 CMakeFiles\ddd.dir\src\main.c.obj
                0x00008c2c                cast_animation_timer
 .bss.target_underwater_camera_position
                0x00008c30        0xc CMakeFiles\ddd.dir\src\main.c.obj
                0x00008c30                target_underwater_camera_position
 .bss.line_tension
                0x00008c3c        0x4 CMakeFiles\ddd.dir\src\main.c.obj
                0x00008c3c                line_tension
 .bss.tension_meter_visible
                0x00008c40        0x1 CMakeFiles\ddd.dir\src\main.c.obj
                0x00008c40                tension_meter_visible
 *fill*         0x00008c41        0x3 
 .bss.ticker_text
                0x00008c44      0x400 CMakeFiles\ddd.dir\src\main.c.obj
                0x00008c44                ticker_text
 .bss.TICKER_FONT
                0x00009044        0x4 CMakeFiles\ddd.dir\src\main.c.obj
                0x00009044                TICKER_FONT
 .bss.ticker_filler_index
                0x00009048        0x4 CMakeFiles\ddd.dir\src\main.c.obj
                0x00009048                ticker_filler_index
 .bss.next_clear_width
                0x0000904c        0x4 CMakeFiles\ddd.dir\src\main.c.obj
                0x0000904c                next_clear_width
 .bss.ticker_queue_length
                0x00009050        0x4 CMakeFiles\ddd.dir\src\main.c.obj
                0x00009050                ticker_queue_length
 .bss.ticker_queue
                0x00009054       0x80 CMakeFiles\ddd.dir\src\main.c.obj
                0x00009054                ticker_queue
 .bss.audio_reel_long
                0x000090d4        0x4 CMakeFiles\ddd.dir\src\main.c.obj
                0x000090d4                audio_reel_long
 .bss.audio_reel_click
                0x000090d8        0x4 CMakeFiles\ddd.dir\src\main.c.obj
                0x000090d8                audio_reel_click
 .bss.reel_long_player
                0x000090dc        0x4 CMakeFiles\ddd.dir\src\main.c.obj
                0x000090dc                reel_long_player
 .bss.reel_click_player
                0x000090e0        0x4 CMakeFiles\ddd.dir\src\main.c.obj
                0x000090e0                reel_click_player
 .bss.SINE_GRADIENT_OFFSET
                0x000090e4        0x4 CMakeFiles\ddd.dir\src\main.c.obj
                0x000090e4                SINE_GRADIENT_OFFSET
 .bss.SINE_GRADIENT
                0x000090e8      0x200 CMakeFiles\ddd.dir\src\main.c.obj
                0x000090e8                SINE_GRADIENT
 .bss.DELTA_TIME
                0x000092e8        0x4 CMakeFiles\ddd.dir\src\main.c.obj
                0x000092e8                DELTA_TIME
 .bss.pd        0x000092ec        0x4 CMakeFiles\ddd.dir\src\main.c.obj
                0x000092ec                pd
 .bss.pdrealloc
                0x000092f0        0x4 CMakeFiles\ddd.dir\C_\Users\shrin\Documents\PlaydateSDK\C_API\buildsupport\setup.c.obj
 .bss.__sf      0x000092f4      0x138 C:/PROGRA~2/ARMGNU~1/133167~1.3RE/bin/../lib/gcc/arm-none-eabi/13.3.1/thumb/v7e-m+fp/hard\libg.a(libc_a-findfp.o)
                0x000092f4                __sf
 *(COMMON)
 *(COM)
                0x0000942c                        . = ALIGN (0x4)
                0x0000942c                        __bss_end__ = .

/DISCARD/
 *(.ARM.exidx)
OUTPUT(ddd.elf elf32-littlearm)
LOAD linker stubs

.debug_info     0x00000000    0x199c5
 .debug_info    0x00000000     0x8687 CMakeFiles\ddd.dir\src\main.c.obj
 .debug_info    0x00008687     0x211f CMakeFiles\ddd.dir\engine\3dmath.c.obj
 .debug_info    0x0000a7a6      0x85c CMakeFiles\ddd.dir\engine\actor.c.obj
 .debug_info    0x0000b002      0x717 CMakeFiles\ddd.dir\engine\camera.c.obj
 .debug_info    0x0000b719      0x148 CMakeFiles\ddd.dir\engine\fsm.c.obj
 .debug_info    0x0000b861     0x7426 CMakeFiles\ddd.dir\engine\render.c.obj
 .debug_info    0x00012c87      0x6e9 CMakeFiles\ddd.dir\engine\scene.c.obj
 .debug_info    0x00013370      0x19e CMakeFiles\ddd.dir\engine\symbols.c.obj
 .debug_info    0x0001350e     0x64b7 CMakeFiles\ddd.dir\C_\Users\shrin\Documents\PlaydateSDK\C_API\buildsupport\setup.c.obj

.debug_abbrev   0x00000000     0x1ad6
 .debug_abbrev  0x00000000      0x7f2 CMakeFiles\ddd.dir\src\main.c.obj
 .debug_abbrev  0x000007f2      0x428 CMakeFiles\ddd.dir\engine\3dmath.c.obj
 .debug_abbrev  0x00000c1a      0x183 CMakeFiles\ddd.dir\engine\actor.c.obj
 .debug_abbrev  0x00000d9d      0x21b CMakeFiles\ddd.dir\engine\camera.c.obj
 .debug_abbrev  0x00000fb8       0xea CMakeFiles\ddd.dir\engine\fsm.c.obj
 .debug_abbrev  0x000010a2      0x554 CMakeFiles\ddd.dir\engine\render.c.obj
 .debug_abbrev  0x000015f6      0x13b CMakeFiles\ddd.dir\engine\scene.c.obj
 .debug_abbrev  0x00001731       0xa5 CMakeFiles\ddd.dir\engine\symbols.c.obj
 .debug_abbrev  0x000017d6      0x300 CMakeFiles\ddd.dir\C_\Users\shrin\Documents\PlaydateSDK\C_API\buildsupport\setup.c.obj

.debug_loc      0x00000000     0x628f
 .debug_loc     0x00000000     0x13dd CMakeFiles\ddd.dir\src\main.c.obj
 .debug_loc     0x000013dd     0x2cfa CMakeFiles\ddd.dir\engine\3dmath.c.obj
 .debug_loc     0x000040d7       0xdd CMakeFiles\ddd.dir\engine\actor.c.obj
 .debug_loc     0x000041b4      0x481 CMakeFiles\ddd.dir\engine\camera.c.obj
 .debug_loc     0x00004635       0x87 CMakeFiles\ddd.dir\engine\fsm.c.obj
 .debug_loc     0x000046bc     0x1848 CMakeFiles\ddd.dir\engine\render.c.obj
 .debug_loc     0x00005f04       0xf5 CMakeFiles\ddd.dir\engine\scene.c.obj
 .debug_loc     0x00005ff9       0x2c CMakeFiles\ddd.dir\engine\symbols.c.obj
 .debug_loc     0x00006025      0x26a CMakeFiles\ddd.dir\C_\Users\shrin\Documents\PlaydateSDK\C_API\buildsupport\setup.c.obj

.debug_aranges  0x00000000      0x428
 .debug_aranges
                0x00000000      0x160 CMakeFiles\ddd.dir\src\main.c.obj
 .debug_aranges
                0x00000160      0x158 CMakeFiles\ddd.dir\engine\3dmath.c.obj
 .debug_aranges
                0x000002b8       0x20 CMakeFiles\ddd.dir\engine\actor.c.obj
 .debug_aranges
                0x000002d8       0x48 CMakeFiles\ddd.dir\engine\camera.c.obj
 .debug_aranges
                0x00000320       0x20 CMakeFiles\ddd.dir\engine\fsm.c.obj
 .debug_aranges
                0x00000340       0x70 CMakeFiles\ddd.dir\engine\render.c.obj
 .debug_aranges
                0x000003b0       0x20 CMakeFiles\ddd.dir\engine\scene.c.obj
 .debug_aranges
                0x000003d0       0x20 CMakeFiles\ddd.dir\engine\symbols.c.obj
 .debug_aranges
                0x000003f0       0x38 CMakeFiles\ddd.dir\C_\Users\shrin\Documents\PlaydateSDK\C_API\buildsupport\setup.c.obj

.debug_ranges   0x00000000      0xb10
 .debug_ranges  0x00000000      0x300 CMakeFiles\ddd.dir\src\main.c.obj
 .debug_ranges  0x00000300      0x4a0 CMakeFiles\ddd.dir\engine\3dmath.c.obj
 .debug_ranges  0x000007a0       0x10 CMakeFiles\ddd.dir\engine\actor.c.obj
 .debug_ranges  0x000007b0       0x38 CMakeFiles\ddd.dir\engine\camera.c.obj
 .debug_ranges  0x000007e8       0x10 CMakeFiles\ddd.dir\engine\fsm.c.obj
 .debug_ranges  0x000007f8      0x2b8 CMakeFiles\ddd.dir\engine\render.c.obj
 .debug_ranges  0x00000ab0       0x28 CMakeFiles\ddd.dir\engine\scene.c.obj
 .debug_ranges  0x00000ad8       0x10 CMakeFiles\ddd.dir\engine\symbols.c.obj
 .debug_ranges  0x00000ae8       0x28 CMakeFiles\ddd.dir\C_\Users\shrin\Documents\PlaydateSDK\C_API\buildsupport\setup.c.obj

.debug_line     0x00000000     0x527d
 .debug_line    0x00000000     0x1f79 CMakeFiles\ddd.dir\src\main.c.obj
 .debug_line    0x00001f79     0x179a CMakeFiles\ddd.dir\engine\3dmath.c.obj
 .debug_line    0x00003713      0x19f CMakeFiles\ddd.dir\engine\actor.c.obj
 .debug_line    0x000038b2      0x340 CMakeFiles\ddd.dir\engine\camera.c.obj
 .debug_line    0x00003bf2       0xb5 CMakeFiles\ddd.dir\engine\fsm.c.obj
 .debug_line    0x00003ca7      0xf17 CMakeFiles\ddd.dir\engine\render.c.obj
 .debug_line    0x00004bbe      0x2b5 CMakeFiles\ddd.dir\engine\scene.c.obj
 .debug_line    0x00004e73       0x90 CMakeFiles\ddd.dir\engine\symbols.c.obj
 .debug_line    0x00004f03      0x37a CMakeFiles\ddd.dir\C_\Users\shrin\Documents\PlaydateSDK\C_API\buildsupport\setup.c.obj

.debug_str      0x00000000     0x3fe7
 .debug_str     0x00000000     0x3fe7 CMakeFiles\ddd.dir\src\main.c.obj
                               0x391d (size before relaxing)
 .debug_str     0x00003fe7      0x68a CMakeFiles\ddd.dir\engine\3dmath.c.obj
 .debug_str     0x00003fe7      0x586 CMakeFiles\ddd.dir\engine\actor.c.obj
 .debug_str     0x00003fe7      0x4c3 CMakeFiles\ddd.dir\engine\camera.c.obj
 .debug_str     0x00003fe7      0x1c5 CMakeFiles\ddd.dir\engine\fsm.c.obj
 .debug_str     0x00003fe7     0x2f9a CMakeFiles\ddd.dir\engine\render.c.obj
 .debug_str     0x00003fe7      0x504 CMakeFiles\ddd.dir\engine\scene.c.obj
 .debug_str     0x00003fe7      0x236 CMakeFiles\ddd.dir\engine\symbols.c.obj
 .debug_str     0x00003fe7     0x2e93 CMakeFiles\ddd.dir\C_\Users\shrin\Documents\PlaydateSDK\C_API\buildsupport\setup.c.obj

.comment        0x00000000       0x45
 .comment       0x00000000       0x45 CMakeFiles\ddd.dir\src\main.c.obj
                                 0x46 (size before relaxing)
 .comment       0x00000045       0x46 CMakeFiles\ddd.dir\engine\3dmath.c.obj
 .comment       0x00000045       0x46 CMakeFiles\ddd.dir\engine\actor.c.obj
 .comment       0x00000045       0x46 CMakeFiles\ddd.dir\engine\camera.c.obj
 .comment       0x00000045       0x46 CMakeFiles\ddd.dir\engine\fsm.c.obj
 .comment       0x00000045       0x46 CMakeFiles\ddd.dir\engine\render.c.obj
 .comment       0x00000045       0x46 CMakeFiles\ddd.dir\engine\scene.c.obj
 .comment       0x00000045       0x46 CMakeFiles\ddd.dir\engine\symbols.c.obj
 .comment       0x00000045       0x46 CMakeFiles\ddd.dir\C_\Users\shrin\Documents\PlaydateSDK\C_API\buildsupport\setup.c.obj

.ARM.attributes
                0x00000000       0x32
 .ARM.attributes
                0x00000000       0x34 CMakeFiles\ddd.dir\src\main.c.obj
 .ARM.attributes
                0x00000034       0x34 CMakeFiles\ddd.dir\engine\3dmath.c.obj
 .ARM.attributes
                0x00000068       0x34 CMakeFiles\ddd.dir\engine\actor.c.obj
 .ARM.attributes
                0x0000009c       0x34 CMakeFiles\ddd.dir\engine\camera.c.obj
 .ARM.attributes
                0x000000d0       0x34 CMakeFiles\ddd.dir\engine\fsm.c.obj
 .ARM.attributes
                0x00000104       0x34 CMakeFiles\ddd.dir\engine\render.c.obj
 .ARM.attributes
                0x00000138       0x34 CMakeFiles\ddd.dir\engine\scene.c.obj
 .ARM.attributes
                0x0000016c       0x34 CMakeFiles\ddd.dir\engine\symbols.c.obj
 .ARM.attributes
                0x000001a0       0x34 CMakeFiles\ddd.dir\C_\Users\shrin\Documents\PlaydateSDK\C_API\buildsupport\setup.c.obj
 .ARM.attributes
                0x000001d4       0x22 C:/PROGRA~2/ARMGNU~1/133167~1.3RE/bin/../lib/gcc/arm-none-eabi/13.3.1/thumb/v7e-m+fp/hard\libgcc.a(_arm_addsubdf3.o)
 .ARM.attributes
                0x000001f6       0x22 C:/PROGRA~2/ARMGNU~1/133167~1.3RE/bin/../lib/gcc/arm-none-eabi/13.3.1/thumb/v7e-m+fp/hard\libgcc.a(_arm_fixdfsi.o)
 .ARM.attributes
                0x00000218       0x22 C:/PROGRA~2/ARMGNU~1/133167~1.3RE/bin/../lib/gcc/arm-none-eabi/13.3.1/thumb/v7e-m+fp/hard\libgcc.a(_arm_truncdfsf2.o)
 .ARM.attributes
                0x0000023a       0x34 C:/PROGRA~2/ARMGNU~1/133167~1.3RE/bin/../lib/gcc/arm-none-eabi/13.3.1/thumb/v7e-m+fp/hard\libg.a(libc_a-itoa.o)
 .ARM.attributes
                0x0000026e       0x34 C:/PROGRA~2/ARMGNU~1/133167~1.3RE/bin/../lib/gcc/arm-none-eabi/13.3.1/thumb/v7e-m+fp/hard\libg.a(libc_a-malloc.o)
 .ARM.attributes
                0x000002a2       0x34 C:/PROGRA~2/ARMGNU~1/133167~1.3RE/bin/../lib/gcc/arm-none-eabi/13.3.1/thumb/v7e-m+fp/hard\libg.a(libc_a-utoa.o)
 .ARM.attributes
                0x000002d6       0x34 C:/PROGRA~2/ARMGNU~1/133167~1.3RE/bin/../lib/gcc/arm-none-eabi/13.3.1/thumb/v7e-m+fp/hard\libg.a(libc_a-qsort.o)
 .ARM.attributes
                0x0000030a       0x34 C:/PROGRA~2/ARMGNU~1/133167~1.3RE/bin/../lib/gcc/arm-none-eabi/13.3.1/thumb/v7e-m+fp/hard\libg.a(libc_a-memmove.o)
 .ARM.attributes
                0x0000033e       0x34 C:/PROGRA~2/ARMGNU~1/133167~1.3RE/bin/../lib/gcc/arm-none-eabi/13.3.1/thumb/v7e-m+fp/hard\libg.a(libc_a-memset.o)
 .ARM.attributes
                0x00000372       0x34 C:/PROGRA~2/ARMGNU~1/133167~1.3RE/bin/../lib/gcc/arm-none-eabi/13.3.1/thumb/v7e-m+fp/hard\libg.a(libc_a-stpcpy.o)
 .ARM.attributes
                0x000003a6       0x34 C:/PROGRA~2/ARMGNU~1/133167~1.3RE/bin/../lib/gcc/arm-none-eabi/13.3.1/thumb/v7e-m+fp/hard\libg.a(libc_a-impure.o)
 .ARM.attributes
                0x000003da       0x34 C:/PROGRA~2/ARMGNU~1/133167~1.3RE/bin/../lib/gcc/arm-none-eabi/13.3.1/thumb/v7e-m+fp/hard\libg.a(libc_a-strcpy.o)
 .ARM.attributes
                0x0000040e       0x1c C:/PROGRA~2/ARMGNU~1/133167~1.3RE/bin/../lib/gcc/arm-none-eabi/13.3.1/thumb/v7e-m+fp/hard\libg.a(libc_a-strlen.o)
 .ARM.attributes
                0x0000042a       0x34 C:/PROGRA~2/ARMGNU~1/133167~1.3RE/bin/../lib/gcc/arm-none-eabi/13.3.1/thumb/v7e-m+fp/hard\libg.a(libc_a-findfp.o)
 .ARM.attributes
                0x0000045e       0x34 C:/PROGRA~2/ARMGNU~1/133167~1.3RE/bin/../lib/gcc/arm-none-eabi/13.3.1/thumb/v7e-m+fp/hard\libm.a(libm_a-wf_atan2.o)
 .ARM.attributes
                0x00000492       0x34 C:/PROGRA~2/ARMGNU~1/133167~1.3RE/bin/../lib/gcc/arm-none-eabi/13.3.1/thumb/v7e-m+fp/hard\libm.a(libm_a-sf_cos.o)
 .ARM.attributes
                0x000004c6       0x34 C:/PROGRA~2/ARMGNU~1/133167~1.3RE/bin/../lib/gcc/arm-none-eabi/13.3.1/thumb/v7e-m+fp/hard\libm.a(libm_a-sf_fabs.o)
 .ARM.attributes
                0x000004fa       0x34 C:/PROGRA~2/ARMGNU~1/133167~1.3RE/bin/../lib/gcc/arm-none-eabi/13.3.1/thumb/v7e-m+fp/hard\libm.a(libm_a-sf_sin.o)
 .ARM.attributes
                0x0000052e       0x34 C:/PROGRA~2/ARMGNU~1/133167~1.3RE/bin/../lib/gcc/arm-none-eabi/13.3.1/thumb/v7e-m+fp/hard\libm.a(libm_a-sf_tan.o)
 .ARM.attributes
                0x00000562       0x34 C:/PROGRA~2/ARMGNU~1/133167~1.3RE/bin/../lib/gcc/arm-none-eabi/13.3.1/thumb/v7e-m+fp/hard\libm.a(libm_a-s_ceil.o)
 .ARM.attributes
                0x00000596       0x34 C:/PROGRA~2/ARMGNU~1/133167~1.3RE/bin/../lib/gcc/arm-none-eabi/13.3.1/thumb/v7e-m+fp/hard\libm.a(libm_a-kf_cos.o)
 .ARM.attributes
                0x000005ca       0x34 C:/PROGRA~2/ARMGNU~1/133167~1.3RE/bin/../lib/gcc/arm-none-eabi/13.3.1/thumb/v7e-m+fp/hard\libm.a(libm_a-kf_sin.o)
 .ARM.attributes
                0x000005fe       0x34 C:/PROGRA~2/ARMGNU~1/133167~1.3RE/bin/../lib/gcc/arm-none-eabi/13.3.1/thumb/v7e-m+fp/hard\libm.a(libm_a-kf_tan.o)
 .ARM.attributes
                0x00000632       0x34 C:/PROGRA~2/ARMGNU~1/133167~1.3RE/bin/../lib/gcc/arm-none-eabi/13.3.1/thumb/v7e-m+fp/hard\libm.a(libm_a-ef_atan2.o)
 .ARM.attributes
                0x00000666       0x34 C:/PROGRA~2/ARMGNU~1/133167~1.3RE/bin/../lib/gcc/arm-none-eabi/13.3.1/thumb/v7e-m+fp/hard\libm.a(libm_a-ef_rem_pio2.o)
 .ARM.attributes
                0x0000069a       0x34 C:/PROGRA~2/ARMGNU~1/133167~1.3RE/bin/../lib/gcc/arm-none-eabi/13.3.1/thumb/v7e-m+fp/hard\libm.a(libm_a-sf_atan.o)
 .ARM.attributes
                0x000006ce       0x34 C:/PROGRA~2/ARMGNU~1/133167~1.3RE/bin/../lib/gcc/arm-none-eabi/13.3.1/thumb/v7e-m+fp/hard\libm.a(libm_a-kf_rem_pio2.o)
 .ARM.attributes
                0x00000702       0x34 C:/PROGRA~2/ARMGNU~1/133167~1.3RE/bin/../lib/gcc/arm-none-eabi/13.3.1/thumb/v7e-m+fp/hard\libm.a(libm_a-sf_scalbn.o)
 .ARM.attributes
                0x00000736       0x34 C:/PROGRA~2/ARMGNU~1/133167~1.3RE/bin/../lib/gcc/arm-none-eabi/13.3.1/thumb/v7e-m+fp/hard\libm.a(libm_a-sf_floor.o)
 .ARM.attributes
                0x0000076a       0x22 C:/PROGRA~2/ARMGNU~1/133167~1.3RE/bin/../lib/gcc/arm-none-eabi/13.3.1/thumb/v7e-m+fp/hard\libgcc.a(_arm_cmpdf2.o)

.debug_frame    0x00000000     0x1684
 .debug_frame   0x00000000      0x544 CMakeFiles\ddd.dir\src\main.c.obj
 .debug_frame   0x00000544      0x644 CMakeFiles\ddd.dir\engine\3dmath.c.obj
 .debug_frame   0x00000b88       0x38 CMakeFiles\ddd.dir\engine\actor.c.obj
 .debug_frame   0x00000bc0       0xc0 CMakeFiles\ddd.dir\engine\camera.c.obj
 .debug_frame   0x00000c80       0x2c CMakeFiles\ddd.dir\engine\fsm.c.obj
 .debug_frame   0x00000cac      0x1c8 CMakeFiles\ddd.dir\engine\render.c.obj
 .debug_frame   0x00000e74       0x3c CMakeFiles\ddd.dir\engine\scene.c.obj
 .debug_frame   0x00000eb0       0x28 CMakeFiles\ddd.dir\engine\symbols.c.obj
 .debug_frame   0x00000ed8       0x5c CMakeFiles\ddd.dir\C_\Users\shrin\Documents\PlaydateSDK\C_API\buildsupport\setup.c.obj
 .debug_frame   0x00000f34       0xac C:/PROGRA~2/ARMGNU~1/133167~1.3RE/bin/../lib/gcc/arm-none-eabi/13.3.1/thumb/v7e-m+fp/hard\libgcc.a(_arm_addsubdf3.o)
 .debug_frame   0x00000fe0       0x24 C:/PROGRA~2/ARMGNU~1/133167~1.3RE/bin/../lib/gcc/arm-none-eabi/13.3.1/thumb/v7e-m+fp/hard\libgcc.a(_arm_fixdfsi.o)
 .debug_frame   0x00001004       0x24 C:/PROGRA~2/ARMGNU~1/133167~1.3RE/bin/../lib/gcc/arm-none-eabi/13.3.1/thumb/v7e-m+fp/hard\libgcc.a(_arm_truncdfsf2.o)
 .debug_frame   0x00001028       0x40 C:/PROGRA~2/ARMGNU~1/133167~1.3RE/bin/../lib/gcc/arm-none-eabi/13.3.1/thumb/v7e-m+fp/hard\libg.a(libc_a-itoa.o)
 .debug_frame   0x00001068       0x30 C:/PROGRA~2/ARMGNU~1/133167~1.3RE/bin/../lib/gcc/arm-none-eabi/13.3.1/thumb/v7e-m+fp/hard\libg.a(libc_a-malloc.o)
 .debug_frame   0x00001098       0x4c C:/PROGRA~2/ARMGNU~1/133167~1.3RE/bin/../lib/gcc/arm-none-eabi/13.3.1/thumb/v7e-m+fp/hard\libg.a(libc_a-utoa.o)
 .debug_frame   0x000010e4       0x44 C:/PROGRA~2/ARMGNU~1/133167~1.3RE/bin/../lib/gcc/arm-none-eabi/13.3.1/thumb/v7e-m+fp/hard\libg.a(libc_a-qsort.o)
 .debug_frame   0x00001128       0x40 C:/PROGRA~2/ARMGNU~1/133167~1.3RE/bin/../lib/gcc/arm-none-eabi/13.3.1/thumb/v7e-m+fp/hard\libg.a(libc_a-memmove.o)
 .debug_frame   0x00001168       0x2c C:/PROGRA~2/ARMGNU~1/133167~1.3RE/bin/../lib/gcc/arm-none-eabi/13.3.1/thumb/v7e-m+fp/hard\libg.a(libc_a-memset.o)
 .debug_frame   0x00001194       0x20 C:/PROGRA~2/ARMGNU~1/133167~1.3RE/bin/../lib/gcc/arm-none-eabi/13.3.1/thumb/v7e-m+fp/hard\libg.a(libc_a-stpcpy.o)
 .debug_frame   0x000011b4       0x20 C:/PROGRA~2/ARMGNU~1/133167~1.3RE/bin/../lib/gcc/arm-none-eabi/13.3.1/thumb/v7e-m+fp/hard\libg.a(libc_a-strcpy.o)
 .debug_frame   0x000011d4      0x13c C:/PROGRA~2/ARMGNU~1/133167~1.3RE/bin/../lib/gcc/arm-none-eabi/13.3.1/thumb/v7e-m+fp/hard\libg.a(libc_a-findfp.o)
 .debug_frame   0x00001310       0x20 C:/PROGRA~2/ARMGNU~1/133167~1.3RE/bin/../lib/gcc/arm-none-eabi/13.3.1/thumb/v7e-m+fp/hard\libm.a(libm_a-wf_atan2.o)
 .debug_frame   0x00001330       0x34 C:/PROGRA~2/ARMGNU~1/133167~1.3RE/bin/../lib/gcc/arm-none-eabi/13.3.1/thumb/v7e-m+fp/hard\libm.a(libm_a-sf_cos.o)
 .debug_frame   0x00001364       0x20 C:/PROGRA~2/ARMGNU~1/133167~1.3RE/bin/../lib/gcc/arm-none-eabi/13.3.1/thumb/v7e-m+fp/hard\libm.a(libm_a-sf_fabs.o)
 .debug_frame   0x00001384       0x34 C:/PROGRA~2/ARMGNU~1/133167~1.3RE/bin/../lib/gcc/arm-none-eabi/13.3.1/thumb/v7e-m+fp/hard\libm.a(libm_a-sf_sin.o)
 .debug_frame   0x000013b8       0x30 C:/PROGRA~2/ARMGNU~1/133167~1.3RE/bin/../lib/gcc/arm-none-eabi/13.3.1/thumb/v7e-m+fp/hard\libm.a(libm_a-sf_tan.o)
 .debug_frame   0x000013e8       0x30 C:/PROGRA~2/ARMGNU~1/133167~1.3RE/bin/../lib/gcc/arm-none-eabi/13.3.1/thumb/v7e-m+fp/hard\libm.a(libm_a-s_ceil.o)
 .debug_frame   0x00001418       0x20 C:/PROGRA~2/ARMGNU~1/133167~1.3RE/bin/../lib/gcc/arm-none-eabi/13.3.1/thumb/v7e-m+fp/hard\libm.a(libm_a-kf_cos.o)
 .debug_frame   0x00001438       0x20 C:/PROGRA~2/ARMGNU~1/133167~1.3RE/bin/../lib/gcc/arm-none-eabi/13.3.1/thumb/v7e-m+fp/hard\libm.a(libm_a-kf_sin.o)
 .debug_frame   0x00001458       0x28 C:/PROGRA~2/ARMGNU~1/133167~1.3RE/bin/../lib/gcc/arm-none-eabi/13.3.1/thumb/v7e-m+fp/hard\libm.a(libm_a-kf_tan.o)
 .debug_frame   0x00001480       0x44 C:/PROGRA~2/ARMGNU~1/133167~1.3RE/bin/../lib/gcc/arm-none-eabi/13.3.1/thumb/v7e-m+fp/hard\libm.a(libm_a-ef_atan2.o)
 .debug_frame   0x000014c4       0x34 C:/PROGRA~2/ARMGNU~1/133167~1.3RE/bin/../lib/gcc/arm-none-eabi/13.3.1/thumb/v7e-m+fp/hard\libm.a(libm_a-ef_rem_pio2.o)
 .debug_frame   0x000014f8       0x2c C:/PROGRA~2/ARMGNU~1/133167~1.3RE/bin/../lib/gcc/arm-none-eabi/13.3.1/thumb/v7e-m+fp/hard\libm.a(libm_a-sf_atan.o)
 .debug_frame   0x00001524       0x5c C:/PROGRA~2/ARMGNU~1/133167~1.3RE/bin/../lib/gcc/arm-none-eabi/13.3.1/thumb/v7e-m+fp/hard\libm.a(libm_a-kf_rem_pio2.o)
 .debug_frame   0x00001580       0x20 C:/PROGRA~2/ARMGNU~1/133167~1.3RE/bin/../lib/gcc/arm-none-eabi/13.3.1/thumb/v7e-m+fp/hard\libm.a(libm_a-sf_scalbn.o)
 .debug_frame   0x000015a0       0x20 C:/PROGRA~2/ARMGNU~1/133167~1.3RE/bin/../lib/gcc/arm-none-eabi/13.3.1/thumb/v7e-m+fp/hard\libm.a(libm_a-sf_floor.o)
 .debug_frame   0x000015c0       0xc4 C:/PROGRA~2/ARMGNU~1/133167~1.3RE/bin/../lib/gcc/arm-none-eabi/13.3.1/thumb/v7e-m+fp/hard\libgcc.a(_arm_cmpdf2.o)

.debug_line_str
                0x00000000      0x1b0
 .debug_line_str
                0x00000000      0x1b0 C:/PROGRA~2/ARMGNU~1/133167~1.3RE/bin/../lib/gcc/arm-none-eabi/13.3.1/thumb/v7e-m+fp/hard\libgcc.a(_arm_addsubdf3.o)
                                 0xce (size before relaxing)
 .debug_line_str
                0x000001b0       0xce C:/PROGRA~2/ARMGNU~1/133167~1.3RE/bin/../lib/gcc/arm-none-eabi/13.3.1/thumb/v7e-m+fp/hard\libgcc.a(_arm_fixdfsi.o)
 .debug_line_str
                0x000001b0       0xce C:/PROGRA~2/ARMGNU~1/133167~1.3RE/bin/../lib/gcc/arm-none-eabi/13.3.1/thumb/v7e-m+fp/hard\libgcc.a(_arm_truncdfsf2.o)
 .debug_line_str
                0x000001b0       0xe2 C:/PROGRA~2/ARMGNU~1/133167~1.3RE/bin/../lib/gcc/arm-none-eabi/13.3.1/thumb/v7e-m+fp/hard\libg.a(libc_a-strlen.o)
 .debug_line_str
                0x000001b0       0xce C:/PROGRA~2/ARMGNU~1/133167~1.3RE/bin/../lib/gcc/arm-none-eabi/13.3.1/thumb/v7e-m+fp/hard\libgcc.a(_arm_cmpdf2.o)

Cross Reference Table

Symbol                                            File
ActiveCamera                                      CMakeFiles\ddd.dir\src\main.c.obj
ActiveLure                                        CMakeFiles\ddd.dir\src\main.c.obj
ActiveScene                                       CMakeFiles\ddd.dir\src\main.c.obj
Actor_drawMesh                                    CMakeFiles\ddd.dir\engine\render.c.obj
                                                  CMakeFiles\ddd.dir\src\main.c.obj
Actor_updateTransform                             CMakeFiles\ddd.dir\engine\actor.c.obj
                                                  CMakeFiles\ddd.dir\engine\scene.c.obj
Camera_getProjectionMatrix                        CMakeFiles\ddd.dir\engine\camera.c.obj
                                                  CMakeFiles\ddd.dir\src\main.c.obj
Camera_getRotationMatrix                          CMakeFiles\ddd.dir\engine\camera.c.obj
                                                  CMakeFiles\ddd.dir\src\main.c.obj
Camera_worldToScreenPos                           CMakeFiles\ddd.dir\engine\camera.c.obj
                                                  CMakeFiles\ddd.dir\engine\render.c.obj
DELTA_TIME                                        CMakeFiles\ddd.dir\src\main.c.obj
                                                  CMakeFiles\ddd.dir\engine\camera.c.obj
DebugScene                                        CMakeFiles\ddd.dir\src\main.c.obj
DefaultLure                                       CMakeFiles\ddd.dir\src\main.c.obj
DefaultScene                                      CMakeFiles\ddd.dir\src\main.c.obj
DefaultView                                       CMakeFiles\ddd.dir\src\main.c.obj
FONT_MONTSERRAT_BLACK_24                          CMakeFiles\ddd.dir\src\main.c.obj
FONT_MONTSERRAT_BLACK_ITALIC_24                   CMakeFiles\ddd.dir\src\main.c.obj
FONT_MONTSERRAT_BOLD_14                           CMakeFiles\ddd.dir\src\main.c.obj
FishingScene                                      CMakeFiles\ddd.dir\src\main.c.obj
GLOBAL_ORIGIN                                     CMakeFiles\ddd.dir\src\main.c.obj
GLOBAL_UNIT                                       CMakeFiles\ddd.dir\src\main.c.obj
GLOBAL_UP                                         CMakeFiles\ddd.dir\src\main.c.obj
Gradient_init                                     CMakeFiles\ddd.dir\src\main.c.obj
Gradient_sample                                   CMakeFiles\ddd.dir\src\main.c.obj
Gradient_tick                                     CMakeFiles\ddd.dir\src\main.c.obj
LakeView                                          CMakeFiles\ddd.dir\src\main.c.obj
Line_worldDraw                                    CMakeFiles\ddd.dir\engine\render.c.obj
LookTarget_setTarget                              CMakeFiles\ddd.dir\engine\camera.c.obj
                                                  CMakeFiles\ddd.dir\src\main.c.obj
LookTarget_tick                                   CMakeFiles\ddd.dir\engine\camera.c.obj
                                                  CMakeFiles\ddd.dir\engine\scene.c.obj
                                                  CMakeFiles\ddd.dir\src\main.c.obj
Matrix3_add                                       CMakeFiles\ddd.dir\engine\3dmath.c.obj
Matrix3_apply                                     CMakeFiles\ddd.dir\engine\3dmath.c.obj
                                                  CMakeFiles\ddd.dir\engine\render.c.obj
Matrix3_fromQuaternion                            CMakeFiles\ddd.dir\engine\3dmath.c.obj
Matrix3_getRotationX                              CMakeFiles\ddd.dir\engine\3dmath.c.obj
                                                  CMakeFiles\ddd.dir\engine\camera.c.obj
Matrix3_getRotationY                              CMakeFiles\ddd.dir\engine\3dmath.c.obj
                                                  CMakeFiles\ddd.dir\engine\camera.c.obj
Matrix3_getRotationZ                              CMakeFiles\ddd.dir\engine\3dmath.c.obj
                                                  CMakeFiles\ddd.dir\engine\camera.c.obj
Matrix3_lerp                                      CMakeFiles\ddd.dir\engine\3dmath.c.obj
Matrix3_lookAt                                    CMakeFiles\ddd.dir\engine\3dmath.c.obj
                                                  CMakeFiles\ddd.dir\engine\actor.c.obj
                                                  CMakeFiles\ddd.dir\src\main.c.obj
Matrix3_multiply                                  CMakeFiles\ddd.dir\engine\3dmath.c.obj
                                                  CMakeFiles\ddd.dir\engine\camera.c.obj
Matrix3_multiplyScalar                            CMakeFiles\ddd.dir\engine\3dmath.c.obj
Matrix3_rotationFromAngles                        CMakeFiles\ddd.dir\engine\3dmath.c.obj
Matrix4_apply                                     CMakeFiles\ddd.dir\engine\3dmath.c.obj
                                                  CMakeFiles\ddd.dir\engine\render.c.obj
                                                  CMakeFiles\ddd.dir\engine\camera.c.obj
Matrix4_from3                                     CMakeFiles\ddd.dir\engine\3dmath.c.obj
Matrix4_getMatrixTransform                        CMakeFiles\ddd.dir\engine\3dmath.c.obj
                                                  CMakeFiles\ddd.dir\engine\actor.c.obj
Matrix4_getQuaternionTransform                    CMakeFiles\ddd.dir\engine\3dmath.c.obj
                                                  CMakeFiles\ddd.dir\engine\actor.c.obj
Matrix4_getTransform                              CMakeFiles\ddd.dir\engine\3dmath.c.obj
Matrix4_multiply                                  CMakeFiles\ddd.dir\engine\3dmath.c.obj
PTR_Camera_worldToScreenPos                       CMakeFiles\ddd.dir\engine\camera.c.obj
                                                  CMakeFiles\ddd.dir\engine\render.c.obj
PTR_Matrix3_apply                                 CMakeFiles\ddd.dir\engine\3dmath.c.obj
                                                  CMakeFiles\ddd.dir\engine\render.c.obj
PTR_Matrix4_apply                                 CMakeFiles\ddd.dir\engine\3dmath.c.obj
                                                  CMakeFiles\ddd.dir\engine\camera.c.obj
Quaternion_LookAt                                 CMakeFiles\ddd.dir\engine\3dmath.c.obj
Quaternion_fromAngleAxis                          CMakeFiles\ddd.dir\engine\3dmath.c.obj
Quaternion_fromVector3                            CMakeFiles\ddd.dir\engine\3dmath.c.obj
                                                  CMakeFiles\ddd.dir\engine\actor.c.obj
Quaternion_normalize                              CMakeFiles\ddd.dir\engine\3dmath.c.obj
SINE_GRADIENT                                     CMakeFiles\ddd.dir\src\main.c.obj
SINE_GRADIENT_OFFSET                              CMakeFiles\ddd.dir\src\main.c.obj
Scene_update                                      CMakeFiles\ddd.dir\engine\scene.c.obj
                                                  CMakeFiles\ddd.dir\src\main.c.obj
TICKER_FONT                                       CMakeFiles\ddd.dir\src\main.c.obj
TICKER_SPEED                                      CMakeFiles\ddd.dir\src\main.c.obj
TIME_SCALE                                        CMakeFiles\ddd.dir\src\main.c.obj
UnderwaterView                                    CMakeFiles\ddd.dir\src\main.c.obj
Vector3_add                                       CMakeFiles\ddd.dir\engine\3dmath.c.obj
                                                  CMakeFiles\ddd.dir\src\main.c.obj
Vector3_applyQuaternion                           CMakeFiles\ddd.dir\engine\3dmath.c.obj
Vector3_cross                                     CMakeFiles\ddd.dir\engine\3dmath.c.obj
Vector3_dot                                       CMakeFiles\ddd.dir\engine\3dmath.c.obj
                                                  CMakeFiles\ddd.dir\engine\render.c.obj
Vector3_fromQuaternion                            CMakeFiles\ddd.dir\engine\3dmath.c.obj
Vector3_getForward                                CMakeFiles\ddd.dir\engine\3dmath.c.obj
                                                  CMakeFiles\ddd.dir\src\main.c.obj
Vector3_getLeft                                   CMakeFiles\ddd.dir\engine\3dmath.c.obj
                                                  CMakeFiles\ddd.dir\src\main.c.obj
Vector3_getUp                                     CMakeFiles\ddd.dir\engine\3dmath.c.obj
                                                  CMakeFiles\ddd.dir\src\main.c.obj
Vector3_length                                    CMakeFiles\ddd.dir\engine\3dmath.c.obj
Vector3_lengthSquared                             CMakeFiles\ddd.dir\engine\3dmath.c.obj
                                                  CMakeFiles\ddd.dir\src\main.c.obj
Vector3_lerp                                      CMakeFiles\ddd.dir\engine\3dmath.c.obj
                                                  CMakeFiles\ddd.dir\engine\camera.c.obj
Vector3_make                                      CMakeFiles\ddd.dir\engine\symbols.c.obj
                                                  CMakeFiles\ddd.dir\engine\3dmath.c.obj
Vector3_multiply                                  CMakeFiles\ddd.dir\engine\3dmath.c.obj
Vector3_multiplyScalar                            CMakeFiles\ddd.dir\engine\3dmath.c.obj
                                                  CMakeFiles\ddd.dir\src\main.c.obj
Vector3_normalize                                 CMakeFiles\ddd.dir\engine\3dmath.c.obj
                                                  CMakeFiles\ddd.dir\engine\actor.c.obj
                                                  CMakeFiles\ddd.dir\src\main.c.obj
Vector3_subtract                                  CMakeFiles\ddd.dir\engine\3dmath.c.obj
                                                  CMakeFiles\ddd.dir\engine\render.c.obj
                                                  CMakeFiles\ddd.dir\engine\actor.c.obj
                                                  CMakeFiles\ddd.dir\src\main.c.obj
YPlane_render                                     CMakeFiles\ddd.dir\engine\render.c.obj
                                                  CMakeFiles\ddd.dir\src\main.c.obj
__adddf3                                          C:/PROGRA~2/ARMGNU~1/133167~1.3RE/bin/../lib/gcc/arm-none-eabi/13.3.1/thumb/v7e-m+fp/hard\libgcc.a(_arm_addsubdf3.o)
__aeabi_cdcmpeq                                   C:/PROGRA~2/ARMGNU~1/133167~1.3RE/bin/../lib/gcc/arm-none-eabi/13.3.1/thumb/v7e-m+fp/hard\libgcc.a(_arm_cmpdf2.o)
__aeabi_cdcmple                                   C:/PROGRA~2/ARMGNU~1/133167~1.3RE/bin/../lib/gcc/arm-none-eabi/13.3.1/thumb/v7e-m+fp/hard\libgcc.a(_arm_cmpdf2.o)
__aeabi_cdrcmple                                  C:/PROGRA~2/ARMGNU~1/133167~1.3RE/bin/../lib/gcc/arm-none-eabi/13.3.1/thumb/v7e-m+fp/hard\libgcc.a(_arm_cmpdf2.o)
__aeabi_d2f                                       C:/PROGRA~2/ARMGNU~1/133167~1.3RE/bin/../lib/gcc/arm-none-eabi/13.3.1/thumb/v7e-m+fp/hard\libgcc.a(_arm_truncdfsf2.o)
                                                  CMakeFiles\ddd.dir\engine\3dmath.c.obj
                                                  CMakeFiles\ddd.dir\src\main.c.obj
__aeabi_d2iz                                      C:/PROGRA~2/ARMGNU~1/133167~1.3RE/bin/../lib/gcc/arm-none-eabi/13.3.1/thumb/v7e-m+fp/hard\libgcc.a(_arm_fixdfsi.o)
                                                  CMakeFiles\ddd.dir\src\main.c.obj
__aeabi_dadd                                      C:/PROGRA~2/ARMGNU~1/133167~1.3RE/bin/../lib/gcc/arm-none-eabi/13.3.1/thumb/v7e-m+fp/hard\libgcc.a(_arm_addsubdf3.o)
                                                  C:/PROGRA~2/ARMGNU~1/133167~1.3RE/bin/../lib/gcc/arm-none-eabi/13.3.1/thumb/v7e-m+fp/hard\libm.a(libm_a-s_ceil.o)
                                                  CMakeFiles\ddd.dir\src\main.c.obj
__aeabi_dcmpeq                                    C:/PROGRA~2/ARMGNU~1/133167~1.3RE/bin/../lib/gcc/arm-none-eabi/13.3.1/thumb/v7e-m+fp/hard\libgcc.a(_arm_cmpdf2.o)
__aeabi_dcmpge                                    C:/PROGRA~2/ARMGNU~1/133167~1.3RE/bin/../lib/gcc/arm-none-eabi/13.3.1/thumb/v7e-m+fp/hard\libgcc.a(_arm_cmpdf2.o)
__aeabi_dcmpgt                                    C:/PROGRA~2/ARMGNU~1/133167~1.3RE/bin/../lib/gcc/arm-none-eabi/13.3.1/thumb/v7e-m+fp/hard\libgcc.a(_arm_cmpdf2.o)
                                                  C:/PROGRA~2/ARMGNU~1/133167~1.3RE/bin/../lib/gcc/arm-none-eabi/13.3.1/thumb/v7e-m+fp/hard\libm.a(libm_a-s_ceil.o)
__aeabi_dcmple                                    C:/PROGRA~2/ARMGNU~1/133167~1.3RE/bin/../lib/gcc/arm-none-eabi/13.3.1/thumb/v7e-m+fp/hard\libgcc.a(_arm_cmpdf2.o)
__aeabi_dcmplt                                    C:/PROGRA~2/ARMGNU~1/133167~1.3RE/bin/../lib/gcc/arm-none-eabi/13.3.1/thumb/v7e-m+fp/hard\libgcc.a(_arm_cmpdf2.o)
__aeabi_drsub                                     C:/PROGRA~2/ARMGNU~1/133167~1.3RE/bin/../lib/gcc/arm-none-eabi/13.3.1/thumb/v7e-m+fp/hard\libgcc.a(_arm_addsubdf3.o)
__aeabi_dsub                                      C:/PROGRA~2/ARMGNU~1/133167~1.3RE/bin/../lib/gcc/arm-none-eabi/13.3.1/thumb/v7e-m+fp/hard\libgcc.a(_arm_addsubdf3.o)
                                                  CMakeFiles\ddd.dir\engine\3dmath.c.obj
                                                  CMakeFiles\ddd.dir\src\main.c.obj
__aeabi_f2d                                       C:/PROGRA~2/ARMGNU~1/133167~1.3RE/bin/../lib/gcc/arm-none-eabi/13.3.1/thumb/v7e-m+fp/hard\libgcc.a(_arm_addsubdf3.o)
                                                  CMakeFiles\ddd.dir\engine\3dmath.c.obj
                                                  CMakeFiles\ddd.dir\src\main.c.obj
__aeabi_i2d                                       C:/PROGRA~2/ARMGNU~1/133167~1.3RE/bin/../lib/gcc/arm-none-eabi/13.3.1/thumb/v7e-m+fp/hard\libgcc.a(_arm_addsubdf3.o)
__aeabi_l2d                                       C:/PROGRA~2/ARMGNU~1/133167~1.3RE/bin/../lib/gcc/arm-none-eabi/13.3.1/thumb/v7e-m+fp/hard\libgcc.a(_arm_addsubdf3.o)
__aeabi_ui2d                                      C:/PROGRA~2/ARMGNU~1/133167~1.3RE/bin/../lib/gcc/arm-none-eabi/13.3.1/thumb/v7e-m+fp/hard\libgcc.a(_arm_addsubdf3.o)
__aeabi_ul2d                                      C:/PROGRA~2/ARMGNU~1/133167~1.3RE/bin/../lib/gcc/arm-none-eabi/13.3.1/thumb/v7e-m+fp/hard\libgcc.a(_arm_addsubdf3.o)
__cmpdf2                                          C:/PROGRA~2/ARMGNU~1/133167~1.3RE/bin/../lib/gcc/arm-none-eabi/13.3.1/thumb/v7e-m+fp/hard\libgcc.a(_arm_cmpdf2.o)
__eqdf2                                           C:/PROGRA~2/ARMGNU~1/133167~1.3RE/bin/../lib/gcc/arm-none-eabi/13.3.1/thumb/v7e-m+fp/hard\libgcc.a(_arm_cmpdf2.o)
__errno                                           C:/PROGRA~2/ARMGNU~1/133167~1.3RE/bin/../lib/gcc/arm-none-eabi/13.3.1/thumb/v7e-m+fp/hard\libc.a(libc_a-errno.o)
                                                  C:/PROGRA~2/ARMGNU~1/133167~1.3RE/bin/../lib/gcc/arm-none-eabi/13.3.1/thumb/v7e-m+fp/hard\libm.a(libm_a-wf_sqrt.o)
                                                  C:/PROGRA~2/ARMGNU~1/133167~1.3RE/bin/../lib/gcc/arm-none-eabi/13.3.1/thumb/v7e-m+fp/hard\libm.a(libm_a-wf_acos.o)
__extendsfdf2                                     C:/PROGRA~2/ARMGNU~1/133167~1.3RE/bin/../lib/gcc/arm-none-eabi/13.3.1/thumb/v7e-m+fp/hard\libgcc.a(_arm_addsubdf3.o)
__fixdfsi                                         C:/PROGRA~2/ARMGNU~1/133167~1.3RE/bin/../lib/gcc/arm-none-eabi/13.3.1/thumb/v7e-m+fp/hard\libgcc.a(_arm_fixdfsi.o)
__floatdidf                                       C:/PROGRA~2/ARMGNU~1/133167~1.3RE/bin/../lib/gcc/arm-none-eabi/13.3.1/thumb/v7e-m+fp/hard\libgcc.a(_arm_addsubdf3.o)
__floatsidf                                       C:/PROGRA~2/ARMGNU~1/133167~1.3RE/bin/../lib/gcc/arm-none-eabi/13.3.1/thumb/v7e-m+fp/hard\libgcc.a(_arm_addsubdf3.o)
__floatundidf                                     C:/PROGRA~2/ARMGNU~1/133167~1.3RE/bin/../lib/gcc/arm-none-eabi/13.3.1/thumb/v7e-m+fp/hard\libgcc.a(_arm_addsubdf3.o)
__floatunsidf                                     C:/PROGRA~2/ARMGNU~1/133167~1.3RE/bin/../lib/gcc/arm-none-eabi/13.3.1/thumb/v7e-m+fp/hard\libgcc.a(_arm_addsubdf3.o)
__fp_lock_all                                     C:/PROGRA~2/ARMGNU~1/133167~1.3RE/bin/../lib/gcc/arm-none-eabi/13.3.1/thumb/v7e-m+fp/hard\libg.a(libc_a-findfp.o)
__fp_unlock_all                                   C:/PROGRA~2/ARMGNU~1/133167~1.3RE/bin/../lib/gcc/arm-none-eabi/13.3.1/thumb/v7e-m+fp/hard\libg.a(libc_a-findfp.o)
__gedf2                                           C:/PROGRA~2/ARMGNU~1/133167~1.3RE/bin/../lib/gcc/arm-none-eabi/13.3.1/thumb/v7e-m+fp/hard\libgcc.a(_arm_cmpdf2.o)
__gtdf2                                           C:/PROGRA~2/ARMGNU~1/133167~1.3RE/bin/../lib/gcc/arm-none-eabi/13.3.1/thumb/v7e-m+fp/hard\libgcc.a(_arm_cmpdf2.o)
__ieee754_acosf                                   C:/PROGRA~2/ARMGNU~1/133167~1.3RE/bin/../lib/gcc/arm-none-eabi/13.3.1/thumb/v7e-m+fp/hard\libm.a(libm_a-ef_acos.o)
                                                  C:/PROGRA~2/ARMGNU~1/133167~1.3RE/bin/../lib/gcc/arm-none-eabi/13.3.1/thumb/v7e-m+fp/hard\libm.a(libm_a-wf_acos.o)
__ieee754_atan2f                                  C:/PROGRA~2/ARMGNU~1/133167~1.3RE/bin/../lib/gcc/arm-none-eabi/13.3.1/thumb/v7e-m+fp/hard\libm.a(libm_a-ef_atan2.o)
                                                  C:/PROGRA~2/ARMGNU~1/133167~1.3RE/bin/../lib/gcc/arm-none-eabi/13.3.1/thumb/v7e-m+fp/hard\libm.a(libm_a-wf_atan2.o)
__ieee754_rem_pio2f                               C:/PROGRA~2/ARMGNU~1/133167~1.3RE/bin/../lib/gcc/arm-none-eabi/13.3.1/thumb/v7e-m+fp/hard\libm.a(libm_a-ef_rem_pio2.o)
                                                  C:/PROGRA~2/ARMGNU~1/133167~1.3RE/bin/../lib/gcc/arm-none-eabi/13.3.1/thumb/v7e-m+fp/hard\libm.a(libm_a-sf_tan.o)
                                                  C:/PROGRA~2/ARMGNU~1/133167~1.3RE/bin/../lib/gcc/arm-none-eabi/13.3.1/thumb/v7e-m+fp/hard\libm.a(libm_a-sf_sin.o)
                                                  C:/PROGRA~2/ARMGNU~1/133167~1.3RE/bin/../lib/gcc/arm-none-eabi/13.3.1/thumb/v7e-m+fp/hard\libm.a(libm_a-sf_cos.o)
__ieee754_sqrtf                                   C:/PROGRA~2/ARMGNU~1/133167~1.3RE/bin/../lib/gcc/arm-none-eabi/13.3.1/thumb/v7e-m+fp/hard\libm.a(libm_a-ef_sqrt.o)
                                                  C:/PROGRA~2/ARMGNU~1/133167~1.3RE/bin/../lib/gcc/arm-none-eabi/13.3.1/thumb/v7e-m+fp/hard\libm.a(libm_a-ef_acos.o)
                                                  C:/PROGRA~2/ARMGNU~1/133167~1.3RE/bin/../lib/gcc/arm-none-eabi/13.3.1/thumb/v7e-m+fp/hard\libm.a(libm_a-wf_sqrt.o)
__itoa                                            C:/PROGRA~2/ARMGNU~1/133167~1.3RE/bin/../lib/gcc/arm-none-eabi/13.3.1/thumb/v7e-m+fp/hard\libg.a(libc_a-itoa.o)
__kernel_cosf                                     C:/PROGRA~2/ARMGNU~1/133167~1.3RE/bin/../lib/gcc/arm-none-eabi/13.3.1/thumb/v7e-m+fp/hard\libm.a(libm_a-kf_cos.o)
                                                  C:/PROGRA~2/ARMGNU~1/133167~1.3RE/bin/../lib/gcc/arm-none-eabi/13.3.1/thumb/v7e-m+fp/hard\libm.a(libm_a-sf_sin.o)
                                                  C:/PROGRA~2/ARMGNU~1/133167~1.3RE/bin/../lib/gcc/arm-none-eabi/13.3.1/thumb/v7e-m+fp/hard\libm.a(libm_a-sf_cos.o)
__kernel_rem_pio2f                                C:/PROGRA~2/ARMGNU~1/133167~1.3RE/bin/../lib/gcc/arm-none-eabi/13.3.1/thumb/v7e-m+fp/hard\libm.a(libm_a-kf_rem_pio2.o)
                                                  C:/PROGRA~2/ARMGNU~1/133167~1.3RE/bin/../lib/gcc/arm-none-eabi/13.3.1/thumb/v7e-m+fp/hard\libm.a(libm_a-ef_rem_pio2.o)
__kernel_sinf                                     C:/PROGRA~2/ARMGNU~1/133167~1.3RE/bin/../lib/gcc/arm-none-eabi/13.3.1/thumb/v7e-m+fp/hard\libm.a(libm_a-kf_sin.o)
                                                  C:/PROGRA~2/ARMGNU~1/133167~1.3RE/bin/../lib/gcc/arm-none-eabi/13.3.1/thumb/v7e-m+fp/hard\libm.a(libm_a-sf_sin.o)
                                                  C:/PROGRA~2/ARMGNU~1/133167~1.3RE/bin/../lib/gcc/arm-none-eabi/13.3.1/thumb/v7e-m+fp/hard\libm.a(libm_a-sf_cos.o)
__kernel_tanf                                     C:/PROGRA~2/ARMGNU~1/133167~1.3RE/bin/../lib/gcc/arm-none-eabi/13.3.1/thumb/v7e-m+fp/hard\libm.a(libm_a-kf_tan.o)
                                                  C:/PROGRA~2/ARMGNU~1/133167~1.3RE/bin/../lib/gcc/arm-none-eabi/13.3.1/thumb/v7e-m+fp/hard\libm.a(libm_a-sf_tan.o)
__ledf2                                           C:/PROGRA~2/ARMGNU~1/133167~1.3RE/bin/../lib/gcc/arm-none-eabi/13.3.1/thumb/v7e-m+fp/hard\libgcc.a(_arm_cmpdf2.o)
__lock___arc4random_mutex                         C:/PROGRA~2/ARMGNU~1/133167~1.3RE/bin/../lib/gcc/arm-none-eabi/13.3.1/thumb/v7e-m+fp/hard\libg.a(libc_a-lock.o)
__lock___at_quick_exit_mutex                      C:/PROGRA~2/ARMGNU~1/133167~1.3RE/bin/../lib/gcc/arm-none-eabi/13.3.1/thumb/v7e-m+fp/hard\libg.a(libc_a-lock.o)
__lock___atexit_recursive_mutex                   C:/PROGRA~2/ARMGNU~1/133167~1.3RE/bin/../lib/gcc/arm-none-eabi/13.3.1/thumb/v7e-m+fp/hard\libg.a(libc_a-lock.o)
__lock___dd_hash_mutex                            C:/PROGRA~2/ARMGNU~1/133167~1.3RE/bin/../lib/gcc/arm-none-eabi/13.3.1/thumb/v7e-m+fp/hard\libg.a(libc_a-lock.o)
__lock___env_recursive_mutex                      C:/PROGRA~2/ARMGNU~1/133167~1.3RE/bin/../lib/gcc/arm-none-eabi/13.3.1/thumb/v7e-m+fp/hard\libg.a(libc_a-lock.o)
__lock___malloc_recursive_mutex                   C:/PROGRA~2/ARMGNU~1/133167~1.3RE/bin/../lib/gcc/arm-none-eabi/13.3.1/thumb/v7e-m+fp/hard\libg.a(libc_a-lock.o)
__lock___sfp_recursive_mutex                      C:/PROGRA~2/ARMGNU~1/133167~1.3RE/bin/../lib/gcc/arm-none-eabi/13.3.1/thumb/v7e-m+fp/hard\libg.a(libc_a-lock.o)
                                                  C:/PROGRA~2/ARMGNU~1/133167~1.3RE/bin/../lib/gcc/arm-none-eabi/13.3.1/thumb/v7e-m+fp/hard\libg.a(libc_a-findfp.o)
__lock___tz_mutex                                 C:/PROGRA~2/ARMGNU~1/133167~1.3RE/bin/../lib/gcc/arm-none-eabi/13.3.1/thumb/v7e-m+fp/hard\libg.a(libc_a-lock.o)
__ltdf2                                           C:/PROGRA~2/ARMGNU~1/133167~1.3RE/bin/../lib/gcc/arm-none-eabi/13.3.1/thumb/v7e-m+fp/hard\libgcc.a(_arm_cmpdf2.o)
__nedf2                                           C:/PROGRA~2/ARMGNU~1/133167~1.3RE/bin/../lib/gcc/arm-none-eabi/13.3.1/thumb/v7e-m+fp/hard\libgcc.a(_arm_cmpdf2.o)
__retarget_lock_acquire                           C:/PROGRA~2/ARMGNU~1/133167~1.3RE/bin/../lib/gcc/arm-none-eabi/13.3.1/thumb/v7e-m+fp/hard\libg.a(libc_a-lock.o)
__retarget_lock_acquire_recursive                 C:/PROGRA~2/ARMGNU~1/133167~1.3RE/bin/../lib/gcc/arm-none-eabi/13.3.1/thumb/v7e-m+fp/hard\libg.a(libc_a-lock.o)
                                                  C:/PROGRA~2/ARMGNU~1/133167~1.3RE/bin/../lib/gcc/arm-none-eabi/13.3.1/thumb/v7e-m+fp/hard\libg.a(libc_a-fflush.o)
                                                  C:/PROGRA~2/ARMGNU~1/133167~1.3RE/bin/../lib/gcc/arm-none-eabi/13.3.1/thumb/v7e-m+fp/hard\libg.a(libc_a-fclose.o)
                                                  C:/PROGRA~2/ARMGNU~1/133167~1.3RE/bin/../lib/gcc/arm-none-eabi/13.3.1/thumb/v7e-m+fp/hard\libg.a(libc_a-findfp.o)
__retarget_lock_close                             C:/PROGRA~2/ARMGNU~1/133167~1.3RE/bin/../lib/gcc/arm-none-eabi/13.3.1/thumb/v7e-m+fp/hard\libg.a(libc_a-lock.o)
__retarget_lock_close_recursive                   C:/PROGRA~2/ARMGNU~1/133167~1.3RE/bin/../lib/gcc/arm-none-eabi/13.3.1/thumb/v7e-m+fp/hard\libg.a(libc_a-lock.o)
                                                  C:/PROGRA~2/ARMGNU~1/133167~1.3RE/bin/../lib/gcc/arm-none-eabi/13.3.1/thumb/v7e-m+fp/hard\libg.a(libc_a-fclose.o)
__retarget_lock_init                              C:/PROGRA~2/ARMGNU~1/133167~1.3RE/bin/../lib/gcc/arm-none-eabi/13.3.1/thumb/v7e-m+fp/hard\libg.a(libc_a-lock.o)
__retarget_lock_init_recursive                    C:/PROGRA~2/ARMGNU~1/133167~1.3RE/bin/../lib/gcc/arm-none-eabi/13.3.1/thumb/v7e-m+fp/hard\libg.a(libc_a-lock.o)
                                                  C:/PROGRA~2/ARMGNU~1/133167~1.3RE/bin/../lib/gcc/arm-none-eabi/13.3.1/thumb/v7e-m+fp/hard\libg.a(libc_a-findfp.o)
__retarget_lock_release                           C:/PROGRA~2/ARMGNU~1/133167~1.3RE/bin/../lib/gcc/arm-none-eabi/13.3.1/thumb/v7e-m+fp/hard\libg.a(libc_a-lock.o)
__retarget_lock_release_recursive                 C:/PROGRA~2/ARMGNU~1/133167~1.3RE/bin/../lib/gcc/arm-none-eabi/13.3.1/thumb/v7e-m+fp/hard\libg.a(libc_a-lock.o)
                                                  C:/PROGRA~2/ARMGNU~1/133167~1.3RE/bin/../lib/gcc/arm-none-eabi/13.3.1/thumb/v7e-m+fp/hard\libg.a(libc_a-fflush.o)
                                                  C:/PROGRA~2/ARMGNU~1/133167~1.3RE/bin/../lib/gcc/arm-none-eabi/13.3.1/thumb/v7e-m+fp/hard\libg.a(libc_a-fclose.o)
                                                  C:/PROGRA~2/ARMGNU~1/133167~1.3RE/bin/../lib/gcc/arm-none-eabi/13.3.1/thumb/v7e-m+fp/hard\libg.a(libc_a-findfp.o)
__retarget_lock_try_acquire                       C:/PROGRA~2/ARMGNU~1/133167~1.3RE/bin/../lib/gcc/arm-none-eabi/13.3.1/thumb/v7e-m+fp/hard\libg.a(libc_a-lock.o)
__retarget_lock_try_acquire_recursive             C:/PROGRA~2/ARMGNU~1/133167~1.3RE/bin/../lib/gcc/arm-none-eabi/13.3.1/thumb/v7e-m+fp/hard\libg.a(libc_a-lock.o)
__sclose                                          C:/PROGRA~2/ARMGNU~1/133167~1.3RE/bin/../lib/gcc/arm-none-eabi/13.3.1/thumb/v7e-m+fp/hard\libg.a(libc_a-stdio.o)
                                                  C:/PROGRA~2/ARMGNU~1/133167~1.3RE/bin/../lib/gcc/arm-none-eabi/13.3.1/thumb/v7e-m+fp/hard\libg.a(libc_a-findfp.o)
__seofread                                        C:/PROGRA~2/ARMGNU~1/133167~1.3RE/bin/../lib/gcc/arm-none-eabi/13.3.1/thumb/v7e-m+fp/hard\libg.a(libc_a-stdio.o)
__sf                                              C:/PROGRA~2/ARMGNU~1/133167~1.3RE/bin/../lib/gcc/arm-none-eabi/13.3.1/thumb/v7e-m+fp/hard\libg.a(libc_a-findfp.o)
                                                  C:/PROGRA~2/ARMGNU~1/133167~1.3RE/bin/../lib/gcc/arm-none-eabi/13.3.1/thumb/v7e-m+fp/hard\libg.a(libc_a-impure.o)
__sflush_r                                        C:/PROGRA~2/ARMGNU~1/133167~1.3RE/bin/../lib/gcc/arm-none-eabi/13.3.1/thumb/v7e-m+fp/hard\libg.a(libc_a-fflush.o)
                                                  C:/PROGRA~2/ARMGNU~1/133167~1.3RE/bin/../lib/gcc/arm-none-eabi/13.3.1/thumb/v7e-m+fp/hard\libg.a(libc_a-fclose.o)
__sfp                                             C:/PROGRA~2/ARMGNU~1/133167~1.3RE/bin/../lib/gcc/arm-none-eabi/13.3.1/thumb/v7e-m+fp/hard\libg.a(libc_a-findfp.o)
__sfp_lock_acquire                                C:/PROGRA~2/ARMGNU~1/133167~1.3RE/bin/../lib/gcc/arm-none-eabi/13.3.1/thumb/v7e-m+fp/hard\libg.a(libc_a-findfp.o)
                                                  C:/PROGRA~2/ARMGNU~1/133167~1.3RE/bin/../lib/gcc/arm-none-eabi/13.3.1/thumb/v7e-m+fp/hard\libg.a(libc_a-fclose.o)
__sfp_lock_release                                C:/PROGRA~2/ARMGNU~1/133167~1.3RE/bin/../lib/gcc/arm-none-eabi/13.3.1/thumb/v7e-m+fp/hard\libg.a(libc_a-findfp.o)
                                                  C:/PROGRA~2/ARMGNU~1/133167~1.3RE/bin/../lib/gcc/arm-none-eabi/13.3.1/thumb/v7e-m+fp/hard\libg.a(libc_a-fclose.o)
__sglue                                           C:/PROGRA~2/ARMGNU~1/133167~1.3RE/bin/../lib/gcc/arm-none-eabi/13.3.1/thumb/v7e-m+fp/hard\libg.a(libc_a-findfp.o)
                                                  C:/PROGRA~2/ARMGNU~1/133167~1.3RE/bin/../lib/gcc/arm-none-eabi/13.3.1/thumb/v7e-m+fp/hard\libg.a(libc_a-fflush.o)
__sinit                                           C:/PROGRA~2/ARMGNU~1/133167~1.3RE/bin/../lib/gcc/arm-none-eabi/13.3.1/thumb/v7e-m+fp/hard\libg.a(libc_a-findfp.o)
                                                  C:/PROGRA~2/ARMGNU~1/133167~1.3RE/bin/../lib/gcc/arm-none-eabi/13.3.1/thumb/v7e-m+fp/hard\libg.a(libc_a-fflush.o)
                                                  C:/PROGRA~2/ARMGNU~1/133167~1.3RE/bin/../lib/gcc/arm-none-eabi/13.3.1/thumb/v7e-m+fp/hard\libg.a(libc_a-fclose.o)
__sread                                           C:/PROGRA~2/ARMGNU~1/133167~1.3RE/bin/../lib/gcc/arm-none-eabi/13.3.1/thumb/v7e-m+fp/hard\libg.a(libc_a-stdio.o)
                                                  C:/PROGRA~2/ARMGNU~1/133167~1.3RE/bin/../lib/gcc/arm-none-eabi/13.3.1/thumb/v7e-m+fp/hard\libg.a(libc_a-findfp.o)
__sseek                                           C:/PROGRA~2/ARMGNU~1/133167~1.3RE/bin/../lib/gcc/arm-none-eabi/13.3.1/thumb/v7e-m+fp/hard\libg.a(libc_a-stdio.o)
                                                  C:/PROGRA~2/ARMGNU~1/133167~1.3RE/bin/../lib/gcc/arm-none-eabi/13.3.1/thumb/v7e-m+fp/hard\libg.a(libc_a-findfp.o)
__stdio_exit_handler                              C:/PROGRA~2/ARMGNU~1/133167~1.3RE/bin/../lib/gcc/arm-none-eabi/13.3.1/thumb/v7e-m+fp/hard\libg.a(libc_a-findfp.o)
__subdf3                                          C:/PROGRA~2/ARMGNU~1/133167~1.3RE/bin/../lib/gcc/arm-none-eabi/13.3.1/thumb/v7e-m+fp/hard\libgcc.a(_arm_addsubdf3.o)
__swrite                                          C:/PROGRA~2/ARMGNU~1/133167~1.3RE/bin/../lib/gcc/arm-none-eabi/13.3.1/thumb/v7e-m+fp/hard\libg.a(libc_a-stdio.o)
                                                  C:/PROGRA~2/ARMGNU~1/133167~1.3RE/bin/../lib/gcc/arm-none-eabi/13.3.1/thumb/v7e-m+fp/hard\libg.a(libc_a-findfp.o)
__truncdfsf2                                      C:/PROGRA~2/ARMGNU~1/133167~1.3RE/bin/../lib/gcc/arm-none-eabi/13.3.1/thumb/v7e-m+fp/hard\libgcc.a(_arm_truncdfsf2.o)
__utoa                                            C:/PROGRA~2/ARMGNU~1/133167~1.3RE/bin/../lib/gcc/arm-none-eabi/13.3.1/thumb/v7e-m+fp/hard\libg.a(libc_a-utoa.o)
                                                  C:/PROGRA~2/ARMGNU~1/133167~1.3RE/bin/../lib/gcc/arm-none-eabi/13.3.1/thumb/v7e-m+fp/hard\libg.a(libc_a-itoa.o)
_close                                            C:/PROGRA~2/ARMGNU~1/133167~1.3RE/bin/../lib/gcc/arm-none-eabi/13.3.1/thumb/v7e-m+fp/hard\libg.a(libc_a-closer.o)
_close_r                                          C:/PROGRA~2/ARMGNU~1/133167~1.3RE/bin/../lib/gcc/arm-none-eabi/13.3.1/thumb/v7e-m+fp/hard\libg.a(libc_a-closer.o)
                                                  C:/PROGRA~2/ARMGNU~1/133167~1.3RE/bin/../lib/gcc/arm-none-eabi/13.3.1/thumb/v7e-m+fp/hard\libg.a(libc_a-stdio.o)
_fclose_r                                         C:/PROGRA~2/ARMGNU~1/133167~1.3RE/bin/../lib/gcc/arm-none-eabi/13.3.1/thumb/v7e-m+fp/hard\libg.a(libc_a-fclose.o)
                                                  C:/PROGRA~2/ARMGNU~1/133167~1.3RE/bin/../lib/gcc/arm-none-eabi/13.3.1/thumb/v7e-m+fp/hard\libg.a(libc_a-findfp.o)
_fflush_r                                         C:/PROGRA~2/ARMGNU~1/133167~1.3RE/bin/../lib/gcc/arm-none-eabi/13.3.1/thumb/v7e-m+fp/hard\libg.a(libc_a-fflush.o)
_free_r                                           CMakeFiles\ddd.dir\C_\Users\shrin\Documents\PlaydateSDK\C_API\buildsupport\setup.c.obj
                                                  C:/PROGRA~2/ARMGNU~1/133167~1.3RE/bin/../lib/gcc/arm-none-eabi/13.3.1/thumb/v7e-m+fp/hard\libg.a(libc_a-fflush.o)
                                                  C:/PROGRA~2/ARMGNU~1/133167~1.3RE/bin/../lib/gcc/arm-none-eabi/13.3.1/thumb/v7e-m+fp/hard\libg.a(libc_a-fclose.o)
                                                  C:/PROGRA~2/ARMGNU~1/133167~1.3RE/bin/../lib/gcc/arm-none-eabi/13.3.1/thumb/v7e-m+fp/hard\libg.a(libc_a-reent.o)
                                                  C:/PROGRA~2/ARMGNU~1/133167~1.3RE/bin/../lib/gcc/arm-none-eabi/13.3.1/thumb/v7e-m+fp/hard\libg.a(libc_a-malloc.o)
_fwalk_sglue                                      C:/PROGRA~2/ARMGNU~1/133167~1.3RE/bin/../lib/gcc/arm-none-eabi/13.3.1/thumb/v7e-m+fp/hard\libg.a(libc_a-fwalk.o)
                                                  C:/PROGRA~2/ARMGNU~1/133167~1.3RE/bin/../lib/gcc/arm-none-eabi/13.3.1/thumb/v7e-m+fp/hard\libg.a(libc_a-fflush.o)
                                                  C:/PROGRA~2/ARMGNU~1/133167~1.3RE/bin/../lib/gcc/arm-none-eabi/13.3.1/thumb/v7e-m+fp/hard\libg.a(libc_a-findfp.o)
_impure_data                                      C:/PROGRA~2/ARMGNU~1/133167~1.3RE/bin/../lib/gcc/arm-none-eabi/13.3.1/thumb/v7e-m+fp/hard\libg.a(libc_a-impure.o)
                                                  C:/PROGRA~2/ARMGNU~1/133167~1.3RE/bin/../lib/gcc/arm-none-eabi/13.3.1/thumb/v7e-m+fp/hard\libg.a(libc_a-fflush.o)
                                                  C:/PROGRA~2/ARMGNU~1/133167~1.3RE/bin/../lib/gcc/arm-none-eabi/13.3.1/thumb/v7e-m+fp/hard\libg.a(libc_a-findfp.o)
_impure_ptr                                       C:/PROGRA~2/ARMGNU~1/133167~1.3RE/bin/../lib/gcc/arm-none-eabi/13.3.1/thumb/v7e-m+fp/hard\libg.a(libc_a-impure.o)
                                                  C:/PROGRA~2/ARMGNU~1/133167~1.3RE/bin/../lib/gcc/arm-none-eabi/13.3.1/thumb/v7e-m+fp/hard\libc.a(libc_a-errno.o)
                                                  C:/PROGRA~2/ARMGNU~1/133167~1.3RE/bin/../lib/gcc/arm-none-eabi/13.3.1/thumb/v7e-m+fp/hard\libg.a(libc_a-fflush.o)
                                                  C:/PROGRA~2/ARMGNU~1/133167~1.3RE/bin/../lib/gcc/arm-none-eabi/13.3.1/thumb/v7e-m+fp/hard\libg.a(libc_a-fclose.o)
                                                  C:/PROGRA~2/ARMGNU~1/133167~1.3RE/bin/../lib/gcc/arm-none-eabi/13.3.1/thumb/v7e-m+fp/hard\libg.a(libc_a-reent.o)
                                                  C:/PROGRA~2/ARMGNU~1/133167~1.3RE/bin/../lib/gcc/arm-none-eabi/13.3.1/thumb/v7e-m+fp/hard\libg.a(libc_a-malloc.o)
_lseek                                            C:/PROGRA~2/ARMGNU~1/133167~1.3RE/bin/../lib/gcc/arm-none-eabi/13.3.1/thumb/v7e-m+fp/hard\libg.a(libc_a-lseekr.o)
_lseek_r                                          C:/PROGRA~2/ARMGNU~1/133167~1.3RE/bin/../lib/gcc/arm-none-eabi/13.3.1/thumb/v7e-m+fp/hard\libg.a(libc_a-lseekr.o)
                                                  C:/PROGRA~2/ARMGNU~1/133167~1.3RE/bin/../lib/gcc/arm-none-eabi/13.3.1/thumb/v7e-m+fp/hard\libg.a(libc_a-stdio.o)
_malloc_r                                         CMakeFiles\ddd.dir\C_\Users\shrin\Documents\PlaydateSDK\C_API\buildsupport\setup.c.obj
                                                  C:/PROGRA~2/ARMGNU~1/133167~1.3RE/bin/../lib/gcc/arm-none-eabi/13.3.1/thumb/v7e-m+fp/hard\libg.a(libc_a-findfp.o)
                                                  C:/PROGRA~2/ARMGNU~1/133167~1.3RE/bin/../lib/gcc/arm-none-eabi/13.3.1/thumb/v7e-m+fp/hard\libg.a(libc_a-malloc.o)
_read                                             C:/PROGRA~2/ARMGNU~1/133167~1.3RE/bin/../lib/gcc/arm-none-eabi/13.3.1/thumb/v7e-m+fp/hard\libg.a(libc_a-readr.o)
_read_r                                           C:/PROGRA~2/ARMGNU~1/133167~1.3RE/bin/../lib/gcc/arm-none-eabi/13.3.1/thumb/v7e-m+fp/hard\libg.a(libc_a-readr.o)
                                                  C:/PROGRA~2/ARMGNU~1/133167~1.3RE/bin/../lib/gcc/arm-none-eabi/13.3.1/thumb/v7e-m+fp/hard\libg.a(libc_a-stdio.o)
_realloc_r                                        CMakeFiles\ddd.dir\C_\Users\shrin\Documents\PlaydateSDK\C_API\buildsupport\setup.c.obj
_reclaim_reent                                    C:/PROGRA~2/ARMGNU~1/133167~1.3RE/bin/../lib/gcc/arm-none-eabi/13.3.1/thumb/v7e-m+fp/hard\libg.a(libc_a-reent.o)
_write                                            C:/PROGRA~2/ARMGNU~1/133167~1.3RE/bin/../lib/gcc/arm-none-eabi/13.3.1/thumb/v7e-m+fp/hard\libg.a(libc_a-writer.o)
_write_r                                          C:/PROGRA~2/ARMGNU~1/133167~1.3RE/bin/../lib/gcc/arm-none-eabi/13.3.1/thumb/v7e-m+fp/hard\libg.a(libc_a-writer.o)
                                                  C:/PROGRA~2/ARMGNU~1/133167~1.3RE/bin/../lib/gcc/arm-none-eabi/13.3.1/thumb/v7e-m+fp/hard\libg.a(libc_a-stdio.o)
acosf                                             C:/PROGRA~2/ARMGNU~1/133167~1.3RE/bin/../lib/gcc/arm-none-eabi/13.3.1/thumb/v7e-m+fp/hard\libm.a(libm_a-wf_acos.o)
                                                  CMakeFiles\ddd.dir\engine\3dmath.c.obj
api_drawFragment                                  CMakeFiles\ddd.dir\engine\render.c.obj
api_drawMaskPattern                               CMakeFiles\ddd.dir\engine\render.c.obj
api_fillRange                                     CMakeFiles\ddd.dir\engine\render.c.obj
api_fillTriangle                                  CMakeFiles\ddd.dir\engine\render.c.obj
api_slope                                         CMakeFiles\ddd.dir\engine\render.c.obj
api_swap                                          CMakeFiles\ddd.dir\engine\render.c.obj
atan2f                                            C:/PROGRA~2/ARMGNU~1/133167~1.3RE/bin/../lib/gcc/arm-none-eabi/13.3.1/thumb/v7e-m+fp/hard\libm.a(libm_a-wf_atan2.o)
                                                  CMakeFiles\ddd.dir\engine\3dmath.c.obj
                                                  CMakeFiles\ddd.dir\src\main.c.obj
atanf                                             C:/PROGRA~2/ARMGNU~1/133167~1.3RE/bin/../lib/gcc/arm-none-eabi/13.3.1/thumb/v7e-m+fp/hard\libm.a(libm_a-sf_atan.o)
                                                  C:/PROGRA~2/ARMGNU~1/133167~1.3RE/bin/../lib/gcc/arm-none-eabi/13.3.1/thumb/v7e-m+fp/hard\libm.a(libm_a-ef_atan2.o)
audio_reel_click                                  CMakeFiles\ddd.dir\src\main.c.obj
audio_reel_long                                   CMakeFiles\ddd.dir\src\main.c.obj
blahaj_tri                                        CMakeFiles\ddd.dir\src\main.c.obj
bluenoise_table                                   CMakeFiles\ddd.dir\engine\render.c.obj
camera_default                                    CMakeFiles\ddd.dir\src\main.c.obj
camera_default_object                             CMakeFiles\ddd.dir\src\main.c.obj
camera_init                                       CMakeFiles\ddd.dir\src\main.c.obj
camera_lake                                       CMakeFiles\ddd.dir\src\main.c.obj
camera_lake_object                                CMakeFiles\ddd.dir\src\main.c.obj