Archive member included to satisfy reference by file (symbol)

C:/PROGRA~2/ARMGNU~1/13C7F1~1.2RE/bin/../lib/gcc/arm-none-eabi/13.2.1/thumb/v7e-m+fp/hard\libgcc.a(_arm_muldf3.o)
                              CMakeFiles\ddd.dir\src\main.c.obj (__aeabi_dmul)
C:/PROGRA~2/ARMGNU~1/13C7F1~1.2RE/bin/../lib/gcc/arm-none-eabi/13.2.1/thumb/v7e-m+fp/hard\libgcc.a(_arm_addsubdf3.o)
                              CMakeFiles\ddd.dir\engine\3dmath.c.obj (__aeabi_dsub)
C:/PROGRA~2/ARMGNU~1/13C7F1~1.2RE/bin/../lib/gcc/arm-none-eabi/13.2.1/thumb/v7e-m+fp/hard\libgcc.a(_arm_cmpdf2.o)
                              CMakeFiles\ddd.dir\src\main.c.obj (__aeabi_dcmplt)
C:/PROGRA~2/ARMGNU~1/13C7F1~1.2RE/bin/../lib/gcc/arm-none-eabi/13.2.1/thumb/v7e-m+fp/hard\libgcc.a(_arm_fixdfsi.o)
                              CMakeFiles\ddd.dir\src\main.c.obj (__aeabi_d2iz)
C:/PROGRA~2/ARMGNU~1/13C7F1~1.2RE/bin/../lib/gcc/arm-none-eabi/13.2.1/thumb/v7e-m+fp/hard\libgcc.a(_arm_truncdfsf2.o)
                              CMakeFiles\ddd.dir\src\main.c.obj (__aeabi_d2f)
C:/PROGRA~2/ARMGNU~1/13C7F1~1.2RE/bin/../lib/gcc/arm-none-eabi/13.2.1/thumb/v7e-m+fp/hard\libg.a(libc_a-itoa.o)
                              CMakeFiles\ddd.dir\src\main.c.obj (itoa)
C:/PROGRA~2/ARMGNU~1/13C7F1~1.2RE/bin/../lib/gcc/arm-none-eabi/13.2.1/thumb/v7e-m+fp/hard\libg.a(libc_a-malloc.o)
                              CMakeFiles\ddd.dir\src\main.c.obj (malloc)
C:/PROGRA~2/ARMGNU~1/13C7F1~1.2RE/bin/../lib/gcc/arm-none-eabi/13.2.1/thumb/v7e-m+fp/hard\libg.a(libc_a-rand.o)
                              CMakeFiles\ddd.dir\src\main.c.obj (rand)
C:/PROGRA~2/ARMGNU~1/13C7F1~1.2RE/bin/../lib/gcc/arm-none-eabi/13.2.1/thumb/v7e-m+fp/hard\libg.a(libc_a-utoa.o)
                              C:/PROGRA~2/ARMGNU~1/13C7F1~1.2RE/bin/../lib/gcc/arm-none-eabi/13.2.1/thumb/v7e-m+fp/hard\libg.a(libc_a-itoa.o) (__utoa)
C:/PROGRA~2/ARMGNU~1/13C7F1~1.2RE/bin/../lib/gcc/arm-none-eabi/13.2.1/thumb/v7e-m+fp/hard\libg.a(libc_a-qsort.o)
                              CMakeFiles\ddd.dir\engine\render.c.obj (qsort)
C:/PROGRA~2/ARMGNU~1/13C7F1~1.2RE/bin/../lib/gcc/arm-none-eabi/13.2.1/thumb/v7e-m+fp/hard\libg.a(libc_a-memmove.o)
                              CMakeFiles\ddd.dir\src\main.c.obj (memmove)
C:/PROGRA~2/ARMGNU~1/13C7F1~1.2RE/bin/../lib/gcc/arm-none-eabi/13.2.1/thumb/v7e-m+fp/hard\libg.a(libc_a-memset.o)
                              CMakeFiles\ddd.dir\engine\3dmath.c.obj (memset)
C:/PROGRA~2/ARMGNU~1/13C7F1~1.2RE/bin/../lib/gcc/arm-none-eabi/13.2.1/thumb/v7e-m+fp/hard\libg.a(libc_a-stpcpy.o)
                              CMakeFiles\ddd.dir\src\main.c.obj (stpcpy)
C:/PROGRA~2/ARMGNU~1/13C7F1~1.2RE/bin/../lib/gcc/arm-none-eabi/13.2.1/thumb/v7e-m+fp/hard\libg.a(libc_a-impure.o)
                              C:/PROGRA~2/ARMGNU~1/13C7F1~1.2RE/bin/../lib/gcc/arm-none-eabi/13.2.1/thumb/v7e-m+fp/hard\libg.a(libc_a-malloc.o) (_impure_ptr)
C:/PROGRA~2/ARMGNU~1/13C7F1~1.2RE/bin/../lib/gcc/arm-none-eabi/13.2.1/thumb/v7e-m+fp/hard\libg.a(libc_a-strcpy.o)
                              CMakeFiles\ddd.dir\src\main.c.obj (strcpy)
C:/PROGRA~2/ARMGNU~1/13C7F1~1.2RE/bin/../lib/gcc/arm-none-eabi/13.2.1/thumb/v7e-m+fp/hard\libg.a(libc_a-strlen.o)
                              CMakeFiles\ddd.dir\src\main.c.obj (strlen)
C:/PROGRA~2/ARMGNU~1/13C7F1~1.2RE/bin/../lib/gcc/arm-none-eabi/13.2.1/thumb/v7e-m+fp/hard\libg.a(libc_a-findfp.o)
                              C:/PROGRA~2/ARMGNU~1/13C7F1~1.2RE/bin/../lib/gcc/arm-none-eabi/13.2.1/thumb/v7e-m+fp/hard\libg.a(libc_a-impure.o) (__sf)
C:/PROGRA~2/ARMGNU~1/13C7F1~1.2RE/bin/../lib/gcc/arm-none-eabi/13.2.1/thumb/v7e-m+fp/hard\libg.a(libc_a-fwalk.o)
                              C:/PROGRA~2/ARMGNU~1/13C7F1~1.2RE/bin/../lib/gcc/arm-none-eabi/13.2.1/thumb/v7e-m+fp/hard\libg.a(libc_a-findfp.o) (_fwalk_sglue)
C:/PROGRA~2/ARMGNU~1/13C7F1~1.2RE/bin/../lib/gcc/arm-none-eabi/13.2.1/thumb/v7e-m+fp/hard\libg.a(libc_a-stdio.o)
                              C:/PROGRA~2/ARMGNU~1/13C7F1~1.2RE/bin/../lib/gcc/arm-none-eabi/13.2.1/thumb/v7e-m+fp/hard\libg.a(libc_a-findfp.o) (__sread)
C:/PROGRA~2/ARMGNU~1/13C7F1~1.2RE/bin/../lib/gcc/arm-none-eabi/13.2.1/thumb/v7e-m+fp/hard\libg.a(libc_a-closer.o)
                              C:/PROGRA~2/ARMGNU~1/13C7F1~1.2RE/bin/../lib/gcc/arm-none-eabi/13.2.1/thumb/v7e-m+fp/hard\libg.a(libc_a-stdio.o) (_close_r)
C:/PROGRA~2/ARMGNU~1/13C7F1~1.2RE/bin/../lib/gcc/arm-none-eabi/13.2.1/thumb/v7e-m+fp/hard\libg.a(libc_a-reent.o)
                              C:/PROGRA~2/ARMGNU~1/13C7F1~1.2RE/bin/../lib/gcc/arm-none-eabi/13.2.1/thumb/v7e-m+fp/hard\libg.a(libc_a-closer.o) (errno)
C:/PROGRA~2/ARMGNU~1/13C7F1~1.2RE/bin/../lib/gcc/arm-none-eabi/13.2.1/thumb/v7e-m+fp/hard\libg.a(libc_a-lseekr.o)
                              C:/PROGRA~2/ARMGNU~1/13C7F1~1.2RE/bin/../lib/gcc/arm-none-eabi/13.2.1/thumb/v7e-m+fp/hard\libg.a(libc_a-stdio.o) (_lseek_r)
C:/PROGRA~2/ARMGNU~1/13C7F1~1.2RE/bin/../lib/gcc/arm-none-eabi/13.2.1/thumb/v7e-m+fp/hard\libg.a(libc_a-readr.o)
[...]
Memory Configuration

Name             Origin             Length             Attributes
*default*        0x00000000         0xffffffff

Linker script and memory map

LOAD CMakeFiles\ddd.dir\src\main.c.obj
LOAD CMakeFiles\ddd.dir\engine\3dmath.c.obj
LOAD CMakeFiles\ddd.dir\engine\actor.c.obj
LOAD CMakeFiles\ddd.dir\engine\camera.c.obj
LOAD CMakeFiles\ddd.dir\engine\fsm.c.obj
LOAD CMakeFiles\ddd.dir\engine\quaternion.c.obj
LOAD CMakeFiles\ddd.dir\engine\render.c.obj
LOAD CMakeFiles\ddd.dir\engine\scene.c.obj
LOAD CMakeFiles\ddd.dir\engine\symbols.c.obj
LOAD CMakeFiles\ddd.dir\engine\wave_heightmap.c.obj
LOAD CMakeFiles\ddd.dir\C_\Users\shrin\Documents\PlaydateSDK\C_API\buildsupport\setup.c.obj
START GROUP
LOAD C:/PROGRA~2/ARMGNU~1/13C7F1~1.2RE/bin/../lib/gcc/arm-none-eabi/13.2.1/thumb/v7e-m+fp/hard\libgcc.a
LOAD C:/PROGRA~2/ARMGNU~1/13C7F1~1.2RE/bin/../lib/gcc/arm-none-eabi/13.2.1/thumb/v7e-m+fp/hard\libg.a
LOAD C:/PROGRA~2/ARMGNU~1/13C7F1~1.2RE/bin/../lib/gcc/arm-none-eabi/13.2.1/thumb/v7e-m+fp/hard\libc.a
END GROUP
START GROUP
LOAD C:/PROGRA~2/ARMGNU~1/13C7F1~1.2RE/bin/../lib/gcc/arm-none-eabi/13.2.1/thumb/v7e-m+fp/hard\libgcc.a
LOAD C:/PROGRA~2/ARMGNU~1/13C7F1~1.2RE/bin/../lib/gcc/arm-none-eabi/13.2.1/thumb/v7e-m+fp/hard\libc.a
LOAD C:/PROGRA~2/ARMGNU~1/13C7F1~1.2RE/bin/../lib/gcc/arm-none-eabi/13.2.1/thumb/v7e-m+fp/hard\libm.a
END GROUP

.text           0x00000000     0x8080
 *(.text)
 .text          0x00000000      0x254 C:/PROGRA~2/ARMGNU~1/13C7F1~1.2RE/bin/../lib/gcc/arm-none-eabi/13.2.1/thumb/v7e-m+fp/hard\libgcc.a(_arm_muldf3.o)
                0x00000000                __muldf3
                0x00000000                __aeabi_dmul
 .text          0x00000254      0x378 C:/PROGRA~2/ARMGNU~1/13C7F1~1.2RE/bin/../lib/gcc/arm-none-eabi/13.2.1/thumb/v7e-m+fp/hard\libgcc.a(_arm_addsubdf3.o)
                0x00000254                __aeabi_drsub
                0x0000025c                __aeabi_dsub
                0x0000025c                __subdf3
                0x00000260                __aeabi_dadd
                0x00000260                __adddf3
                0x000004d8                __floatunsidf
                0x000004d8                __aeabi_ui2d
                0x000004f8                __floatsidf
                0x000004f8                __aeabi_i2d
                0x0000051c                __aeabi_f2d
                0x0000051c                __extendsfdf2
                0x00000560                __floatundidf
                0x00000560                __aeabi_ul2d
                0x00000570                __floatdidf
                0x00000570                __aeabi_l2d
 .text          0x000005cc      0x110 C:/PROGRA~2/ARMGNU~1/13C7F1~1.2RE/bin/../lib/gcc/arm-none-eabi/13.2.1/thumb/v7e-m+fp/hard\libgcc.a(_arm_cmpdf2.o)
                0x000005cc                __gtdf2
                0x000005cc                __gedf2
                0x000005d4                __ltdf2
                0x000005d4                __ledf2
                0x000005dc                __nedf2
                0x000005dc                __eqdf2
                0x000005dc                __cmpdf2
                0x00000658                __aeabi_cdrcmple
                0x00000668                __aeabi_cdcmpeq
                0x00000668                __aeabi_cdcmple
                0x00000678                __aeabi_dcmpeq
                0x0000068c                __aeabi_dcmplt
                0x000006a0                __aeabi_dcmple
                0x000006b4                __aeabi_dcmpge
                0x000006c8                __aeabi_dcmpgt
 .text          0x000006dc       0x50 C:/PROGRA~2/ARMGNU~1/13C7F1~1.2RE/bin/../lib/gcc/arm-none-eabi/13.2.1/thumb/v7e-m+fp/hard\libgcc.a(_arm_fixdfsi.o)
                0x000006dc                __aeabi_d2iz
                0x000006dc                __fixdfsi
 .text          0x0000072c       0xa0 C:/PROGRA~2/ARMGNU~1/13C7F1~1.2RE/bin/../lib/gcc/arm-none-eabi/13.2.1/thumb/v7e-m+fp/hard\libgcc.a(_arm_truncdfsf2.o)
                0x0000072c                __truncdfsf2
                0x0000072c                __aeabi_d2f
 *fill*         0x000007cc       0x34 
 .text          0x00000800       0xd8 C:/PROGRA~2/ARMGNU~1/13C7F1~1.2RE/bin/../lib/gcc/arm-none-eabi/13.2.1/thumb/v7e-m+fp/hard\libg.a(libc_a-strlen.o)
                0x00000800                strlen
 *(.text.*)
 *fill*         0x000008d8        0x8 
 .text.lte      0x000008e0       0x20 CMakeFiles\ddd.dir\src\main.c.obj
                0x000008e0                lte
 .text.gte      0x00000900       0x1c CMakeFiles\ddd.dir\src\main.c.obj
                0x00000900                gte
 *fill*         0x0000091c        0x4 
 .text.lure_update_descend
                0x00000920       0x30 CMakeFiles\ddd.dir\src\main.c.obj
                0x00000920                lure_update_descend
 .text.lure_move_ascend
                0x00000950       0x38 CMakeFiles\ddd.dir\src\main.c.obj
                0x00000950                lure_move_ascend
 *fill*         0x00000988        0x8 
 .text.pattern_fit_default
                0x00000990      0x1e8 CMakeFiles\ddd.dir\src\main.c.obj
                0x00000990                pattern_fit_default
 *fill*         0x00000b78        0x8 
 .text.fish_update
                0x00000b80        0x4 CMakeFiles\ddd.dir\src\main.c.obj
                0x00000b80                fish_update
 *fill*         0x00000b84        0xc 
 .text.audio_intro_finish_callback
                0x00000b90       0x2c CMakeFiles\ddd.dir\src\main.c.obj
                0x00000b90                audio_intro_finish_callback
 *fill*         0x00000bbc        0x4 
 .text.fsm_main_init
                0x00000bc0       0x4c CMakeFiles\ddd.dir\src\main.c.obj
                0x00000bc0                fsm_main_init
 *fill*         0x00000c0c        0x4 
 .text.fsm_main_update_reeling_to_cast
                0x00000c10       0x44 CMakeFiles\ddd.dir\src\main.c.obj
                0x00000c10                fsm_main_update_reeling_to_cast
 *fill*         0x00000c54        0xc 
 .text.fsm_main_reeling_to_fishon
                0x00000c60        0xc CMakeFiles\ddd.dir\src\main.c.obj
                0x00000c60                fsm_main_reeling_to_fishon
 *fill*         0x00000c6c        0x4 
 .text.fsm_fish_init
                0x00000c70       0x44 CMakeFiles\ddd.dir\src\main.c.obj
                0x00000c70                fsm_fish_init
 *fill*         0x00000cb4        0xc 
 .text.fsm_fish_approach_to_bite
                0x00000cc0       0x10 CMakeFiles\ddd.dir\src\main.c.obj
                0x00000cc0                fsm_fish_approach_to_bite
 .text.fsm_fish_bite_to_hook
                0x00000cd0       0x28 CMakeFiles\ddd.dir\src\main.c.obj
                0x00000cd0                fsm_fish_bite_to_hook
 *fill*         0x00000cf8        0x8 
 .text.underwater_update
                0x00000d00       0x20 CMakeFiles\ddd.dir\src\main.c.obj
                0x00000d00                underwater_update
 .text.underwater_camera_update
                0x00000d20       0x64 CMakeFiles\ddd.dir\src\main.c.obj
                0x00000d20                underwater_camera_update
 *fill*         0x00000d84        0xc 
 .text.lake_update
                0x00000d90      0x234 CMakeFiles\ddd.dir\src\main.c.obj
                0x00000d90                lake_update
 *fill*         0x00000fc4        0xc 
 .text.fsm_fish_idle_to_swim
                0x00000fd0       0xcc CMakeFiles\ddd.dir\src\main.c.obj
                0x00000fd0                fsm_fish_idle_to_swim
 *fill*         0x0000109c        0x4 
 .text.fsm_fish_swim_to_idle
                0x000010a0       0x68 CMakeFiles\ddd.dir\src\main.c.obj
                0x000010a0                fsm_fish_swim_to_idle
 *fill*         0x00001108        0x8 
 .text.fsm_main_update_cast_to_reeling
                0x00001110       0xf4 CMakeFiles\ddd.dir\src\main.c.obj
                0x00001110                fsm_main_update_cast_to_reeling
 *fill*         0x00001204        0xc 
 .text.lake_draw
                0x00001210       0x24 CMakeFiles\ddd.dir\src\main.c.obj
                0x00001210                lake_draw
 *fill*         0x00001234        0xc 
 .text.lsm_fish_catch_sequence.part.0
                0x00001240      0x258 CMakeFiles\ddd.dir\src\main.c.obj
 *fill*         0x00001498        0x8 
 .text.underwater_draw
                0x000014a0        0x4 CMakeFiles\ddd.dir\src\main.c.obj
                0x000014a0                underwater_draw
 *fill*         0x000014a4        0xc 
 .text.fsm_main_fishon_to_failure
                0x000014b0       0x58 CMakeFiles\ddd.dir\src\main.c.obj
                0x000014b0                fsm_main_fishon_to_failure
 *fill*         0x00001508        0x8 
 .text.fish_vertShader
                0x00001510       0x8c CMakeFiles\ddd.dir\src\main.c.obj
                0x00001510                fish_vertShader
 *fill*         0x0000159c        0x4 
 .text.playdate_getCrankTicks
                0x000015a0       0xd4 CMakeFiles\ddd.dir\src\main.c.obj
                0x000015a0                playdate_getCrankTicks
 *fill*         0x00001674        0xc 
 .text.lure_update
                0x00001680      0x19c CMakeFiles\ddd.dir\src\main.c.obj
                0x00001680                lure_update
 *fill*         0x0000181c        0x4 
 .text.ticker_add
                0x00001820       0x90 CMakeFiles\ddd.dir\src\main.c.obj
                0x00001820                ticker_add
 .text.fsm_fish_update
                0x000018b0      0x490 CMakeFiles\ddd.dir\src\main.c.obj
                0x000018b0                fsm_fish_update
 .text.fsm_fish_to_approach
                0x00001d40       0x44 CMakeFiles\ddd.dir\src\main.c.obj
                0x00001d40                fsm_fish_to_approach
 *fill*         0x00001d84        0xc 
 .text.ticker_add_from
                0x00001d90       0x38 CMakeFiles\ddd.dir\src\main.c.obj
                0x00001d90                ticker_add_from
 *fill*         0x00001dc8        0x8 
 .text.fishing_scene_init
                0x00001dd0      0x338 CMakeFiles\ddd.dir\src\main.c.obj
                0x00001dd0                fishing_scene_init
 *fill*         0x00002108        0x8 
 .text.ticker_clear_first
                0x00002110      0x120 CMakeFiles\ddd.dir\src\main.c.obj
                0x00002110                ticker_clear_first
 .text.ui_news_ticker
                0x00002230      0x158 CMakeFiles\ddd.dir\src\main.c.obj
                0x00002230                ui_news_ticker
 *fill*         0x00002388        0x8 
 .text.ui_depth
                0x00002390      0x244 CMakeFiles\ddd.dir\src\main.c.obj
                0x00002390                ui_depth
 *fill*         0x000025d4        0xc 
 .text.ui_yards
                0x000025e0      0x1b8 CMakeFiles\ddd.dir\src\main.c.obj
                0x000025e0                ui_yards
 *fill*         0x00002798        0x8 
 .text.ui_tension
                0x000027a0      0x2f4 CMakeFiles\ddd.dir\src\main.c.obj
                0x000027a0                ui_tension
 *fill*         0x00002a94        0xc 
 .text.lake_postdraw
                0x00002aa0       0x28 CMakeFiles\ddd.dir\src\main.c.obj
                0x00002aa0                lake_postdraw
 *fill*         0x00002ac8        0x8 
 .text.lure_line_render
                0x00002ad0      0x15c CMakeFiles\ddd.dir\src\main.c.obj
                0x00002ad0                lure_line_render
 *fill*         0x00002c2c        0x4 
 .text.underwater_postdraw
                0x00002c30      0x248 CMakeFiles\ddd.dir\src\main.c.obj
                0x00002c30                underwater_postdraw
 *fill*         0x00002e78        0x8 
 .text.shift_crank_buffer
                0x00002e80       0x7c CMakeFiles\ddd.dir\src\main.c.obj
                0x00002e80                shift_crank_buffer
 *fill*         0x00002efc        0x4 
 .text.music_update
                0x00002f00       0x70 CMakeFiles\ddd.dir\src\main.c.obj
                0x00002f00                music_update
 .text.fishing_scene_update
                0x00002f70      0x2e8 CMakeFiles\ddd.dir\src\main.c.obj
                0x00002f70                fishing_scene_update
 *fill*         0x00003258        0x8 
 .text.lsm_line_break_sequence
                0x00003260      0x168 CMakeFiles\ddd.dir\src\main.c.obj
                0x00003260                lsm_line_break_sequence
 *fill*         0x000033c8        0x8 
 .text.fsm_main_update
                0x000033d0       0x4c CMakeFiles\ddd.dir\src\main.c.obj
                0x000033d0                fsm_main_update
 *fill*         0x0000341c        0x4 
 .text.reset_underwater
                0x00003420       0x70 CMakeFiles\ddd.dir\src\main.c.obj
                0x00003420                reset_underwater
 .text.fsm_main_fishon_to_success
                0x00003490       0x8c CMakeFiles\ddd.dir\src\main.c.obj
                0x00003490                fsm_main_fishon_to_success
 *fill*         0x0000351c        0x4 
 .text.fsm_main_fishon_to_casting
                0x00003520       0x28 CMakeFiles\ddd.dir\src\main.c.obj
                0x00003520                fsm_main_fishon_to_casting
 *fill*         0x00003548        0x8 
 .text.camera_init
                0x00003550       0xbc CMakeFiles\ddd.dir\src\main.c.obj
                0x00003550                camera_init
 *fill*         0x0000360c        0x4 
 .text.eventHandler
                0x00003610      0x174 CMakeFiles\ddd.dir\src\main.c.obj
                0x00003610                eventHandler
 *fill*         0x00003784        0xc 
 .text.camera_update
                0x00003790       0xe0 CMakeFiles\ddd.dir\src\main.c.obj
                0x00003790                camera_update
 .text.update   0x00003870      0x14c CMakeFiles\ddd.dir\src\main.c.obj
 *fill*         0x000039bc        0x4 
 .text.lerp     0x000039c0        0xc CMakeFiles\ddd.dir\engine\3dmath.c.obj
                0x000039c0                lerp
 *fill*         0x000039cc        0x4 
 .text.Vector3_dot
                0x000039d0       0x18 CMakeFiles\ddd.dir\engine\3dmath.c.obj
                0x000039d0                Vector3_dot
 *fill*         0x000039e8        0x8 
 .text.Vector3_length
                0x000039f0       0x20 CMakeFiles\ddd.dir\engine\3dmath.c.obj
                0x000039f0                Vector3_length
 .text.Vector3_subtract
                0x00003a10       0x2c CMakeFiles\ddd.dir\engine\3dmath.c.obj
                0x00003a10                Vector3_subtract
 *fill*         0x00003a3c        0x4 
 .text.Vector3_multiplyScalar
                0x00003a40       0x20 CMakeFiles\ddd.dir\engine\3dmath.c.obj
                0x00003a40                Vector3_multiplyScalar
 .text.Vector3_normalize
                0x00003a60       0x24 CMakeFiles\ddd.dir\engine\3dmath.c.obj
                0x00003a60                Vector3_normalize
 *fill*         0x00003a84        0xc 
 .text.pnormal  0x00003a90       0x78 CMakeFiles\ddd.dir\engine\3dmath.c.obj
                0x00003a90                pnormal
 *fill*         0x00003b08        0x8 
 .text.Vector3_lerp
                0x00003b10       0x68 CMakeFiles\ddd.dir\engine\3dmath.c.obj
                0x00003b10                Vector3_lerp
 *fill*         0x00003b78        0x8 
 .text.Vector3_getDistanceSquared
                0x00003b80       0x34 CMakeFiles\ddd.dir\engine\3dmath.c.obj
                0x00003b80                Vector3_getDistanceSquared
 *fill*         0x00003bb4        0xc 
 .text.Matrix3_multiply
                0x00003bc0      0x158 CMakeFiles\ddd.dir\engine\3dmath.c.obj
                0x00003bc0                Matrix3_multiply
 *fill*         0x00003d18        0x8 
 .text.Matrix3_apply
                0x00003d20       0x74 CMakeFiles\ddd.dir\engine\3dmath.c.obj
                0x00003d20                Matrix3_apply
 *fill*         0x00003d94        0xc 
 .text.PTR_Matrix3_apply
                0x00003da0       0x7c CMakeFiles\ddd.dir\engine\3dmath.c.obj
                0x00003da0                PTR_Matrix3_apply
 *fill*         0x00003e1c        0x4 
 .text.Matrix3_getRotationX
                0x00003e20       0x4c CMakeFiles\ddd.dir\engine\3dmath.c.obj
                0x00003e20                Matrix3_getRotationX
 *fill*         0x00003e6c        0x4 
 .text.Matrix3_getRotationY
                0x00003e70       0x4c CMakeFiles\ddd.dir\engine\3dmath.c.obj
                0x00003e70                Matrix3_getRotationY
 *fill*         0x00003ebc        0x4 
 .text.Matrix3_getRotationZ
                0x00003ec0       0x50 CMakeFiles\ddd.dir\engine\3dmath.c.obj
                0x00003ec0                Matrix3_getRotationZ
 .text.Matrix3_lookAt
                0x00003f10       0xd0 CMakeFiles\ddd.dir\engine\3dmath.c.obj
                0x00003f10                Matrix3_lookAt
 .text.Matrix4_getQuaternionTransform
                0x00003fe0       0xf0 CMakeFiles\ddd.dir\engine\3dmath.c.obj
                0x00003fe0                Matrix4_getQuaternionTransform
 .text.Matrix4_getMatrixTransform
                0x000040d0       0x9c CMakeFiles\ddd.dir\engine\3dmath.c.obj
                0x000040d0                Matrix4_getMatrixTransform
 *fill*         0x0000416c        0x4 
 .text.Matrix4_apply
                0x00004170       0xac CMakeFiles\ddd.dir\engine\3dmath.c.obj
                0x00004170                Matrix4_apply
 *fill*         0x0000421c        0x4 
 .text.PTR_Matrix4_apply
                0x00004220       0xb4 CMakeFiles\ddd.dir\engine\3dmath.c.obj
                0x00004220                PTR_Matrix4_apply
 *fill*         0x000042d4        0xc 
 .text.Quaternion_fromVector3
                0x000042e0       0xe0 CMakeFiles\ddd.dir\engine\3dmath.c.obj
                0x000042e0                Quaternion_fromVector3
 .text.Actor_updateTransform
                0x000043c0      0x118 CMakeFiles\ddd.dir\engine\actor.c.obj
                0x000043c0                Actor_updateTransform
 *fill*         0x000044d8        0x8 
 .text.Actor_getFrontPointZ
                0x000044e0       0x4c CMakeFiles\ddd.dir\engine\actor.c.obj
                0x000044e0                Actor_getFrontPointZ
 *fill*         0x0000452c        0x4 
 .text.Camera_getProjectionMatrix
                0x00004530       0x6c CMakeFiles\ddd.dir\engine\camera.c.obj
                0x00004530                Camera_getProjectionMatrix
 *fill*         0x0000459c        0x4 
 .text.Camera_worldToScreenPos
                0x000045a0       0x38 CMakeFiles\ddd.dir\engine\camera.c.obj
                0x000045a0                Camera_worldToScreenPos
 *fill*         0x000045d8        0x8 
 .text.PTR_Camera_worldToScreenPos
                0x000045e0       0x4c CMakeFiles\ddd.dir\engine\camera.c.obj
                0x000045e0                PTR_Camera_worldToScreenPos
 *fill*         0x0000462c        0x4 
 .text.Camera_getRotationMatrix
                0x00004630       0xcc CMakeFiles\ddd.dir\engine\camera.c.obj
                0x00004630                Camera_getRotationMatrix
 *fill*         0x000046fc        0x4 
 .text.LookTarget_setTarget
                0x00004700       0x24 CMakeFiles\ddd.dir\engine\camera.c.obj
                0x00004700                LookTarget_setTarget
 *fill*         0x00004724        0xc 
 .text.LookTarget_tick
                0x00004730       0xb4 CMakeFiles\ddd.dir\engine\camera.c.obj
                0x00004730                LookTarget_tick
 *fill*         0x000047e4        0xc 
 .text.fsm_set_state
                0x000047f0       0x54 CMakeFiles\ddd.dir\engine\fsm.c.obj
                0x000047f0                fsm_set_state
 *fill*         0x00004844        0xc 
 .text.compare_zdepth
                0x00004850       0x18 CMakeFiles\ddd.dir\engine\render.c.obj
                0x00004850                compare_zdepth
 *fill*         0x00004868        0x8 
 .text.ApplyNearClipToLine
                0x00004870       0xe4 CMakeFiles\ddd.dir\engine\render.c.obj
                0x00004870                ApplyNearClipToLine
 *fill*         0x00004954        0xc 
 .text.LakeWaves_render
                0x00004960       0x98 CMakeFiles\ddd.dir\engine\render.c.obj
                0x00004960                LakeWaves_render
 *fill*         0x000049f8        0x8 
 .text.sortTri  0x00004a00       0x78 CMakeFiles\ddd.dir\engine\render.c.obj
                0x00004a00                sortTri
 *fill*         0x00004a78        0x8 
 .text.api_drawFragment
                0x00004a80       0xf4 CMakeFiles\ddd.dir\engine\render.c.obj
                0x00004a80                api_drawFragment
 *fill*         0x00004b74        0xc 
 .text.api_fillRange
                0x00004b80       0xb0 CMakeFiles\ddd.dir\engine\render.c.obj
                0x00004b80                api_fillRange
 .text.api_fillTriangle
                0x00004c30      0x210 CMakeFiles\ddd.dir\engine\render.c.obj
                0x00004c30                api_fillTriangle
 .text.Actor_drawMesh
                0x00004e40      0x4f0 CMakeFiles\ddd.dir\engine\render.c.obj
                0x00004e40                Actor_drawMesh
 .text.fillLine
                0x00005330       0xb4 CMakeFiles\ddd.dir\engine\render.c.obj
                0x00005330                fillLine
 *fill*         0x000053e4        0xc 
 .text.LakeWaves_renderWaterHeight
                0x000053f0      0x3a0 CMakeFiles\ddd.dir\engine\render.c.obj
                0x000053f0                LakeWaves_renderWaterHeight
 .text.Scene_update
                0x00005790       0xa0 CMakeFiles\ddd.dir\engine\scene.c.obj
                0x00005790                Scene_update
 .text.Vector3_make
                0x00005830        0x8 CMakeFiles\ddd.dir\engine\symbols.c.obj
                0x00005830                Vector3_make
 *fill*         0x00005838        0x8 
 .text.eventHandlerShim
                0x00005840       0x1c CMakeFiles\ddd.dir\C_\Users\shrin\Documents\PlaydateSDK\C_API\buildsupport\setup.c.obj
                0x00005840                eventHandlerShim
 *fill*         0x0000585c        0x4 
 .text._malloc_r
                0x00005860        0xc CMakeFiles\ddd.dir\C_\Users\shrin\Documents\PlaydateSDK\C_API\buildsupport\setup.c.obj
                0x00005860                _malloc_r
 .text.itoa     0x0000586c       0x2c C:/PROGRA~2/ARMGNU~1/13C7F1~1.2RE/bin/../lib/gcc/arm-none-eabi/13.2.1/thumb/v7e-m+fp/hard\libg.a(libc_a-itoa.o)
                0x0000586c                itoa
 .text.malloc   0x00005898       0x10 C:/PROGRA~2/ARMGNU~1/13C7F1~1.2RE/bin/../lib/gcc/arm-none-eabi/13.2.1/thumb/v7e-m+fp/hard\libg.a(libc_a-malloc.o)
                0x00005898                malloc
 .text.rand     0x000058a8       0x40 C:/PROGRA~2/ARMGNU~1/13C7F1~1.2RE/bin/../lib/gcc/arm-none-eabi/13.2.1/thumb/v7e-m+fp/hard\libg.a(libc_a-rand.o)
                0x000058a8                rand
 .text.__utoa   0x000058e8       0x9c C:/PROGRA~2/ARMGNU~1/13C7F1~1.2RE/bin/../lib/gcc/arm-none-eabi/13.2.1/thumb/v7e-m+fp/hard\libg.a(libc_a-utoa.o)
                0x000058e8                __utoa
 .text.qsort    0x00005984      0x628 C:/PROGRA~2/ARMGNU~1/13C7F1~1.2RE/bin/../lib/gcc/arm-none-eabi/13.2.1/thumb/v7e-m+fp/hard\libg.a(libc_a-qsort.o)
                0x00005984                qsort
 .text.memmove  0x00005fac      0x100 C:/PROGRA~2/ARMGNU~1/13C7F1~1.2RE/bin/../lib/gcc/arm-none-eabi/13.2.1/thumb/v7e-m+fp/hard\libg.a(libc_a-memmove.o)
                0x00005fac                memmove
 .text.memset   0x000060ac       0xa4 C:/PROGRA~2/ARMGNU~1/13C7F1~1.2RE/bin/../lib/gcc/arm-none-eabi/13.2.1/thumb/v7e-m+fp/hard\libg.a(libc_a-memset.o)
                0x000060ac                memset
 .text.stpcpy   0x00006150       0x48 C:/PROGRA~2/ARMGNU~1/13C7F1~1.2RE/bin/../lib/gcc/arm-none-eabi/13.2.1/thumb/v7e-m+fp/hard\libg.a(libc_a-stpcpy.o)
                0x00006150                stpcpy
 .text.strcpy   0x00006198       0xbc C:/PROGRA~2/ARMGNU~1/13C7F1~1.2RE/bin/../lib/gcc/arm-none-eabi/13.2.1/thumb/v7e-m+fp/hard\libg.a(libc_a-strcpy.o)
                0x00006198                strcpy
 .text.atan2f   0x00006254        0x4 C:/PROGRA~2/ARMGNU~1/13C7F1~1.2RE/bin/../lib/gcc/arm-none-eabi/13.2.1/thumb/v7e-m+fp/hard\libm.a(libm_a-wf_atan2.o)
                0x00006254                atan2f
 .text.cosf     0x00006258       0x70 C:/PROGRA~2/ARMGNU~1/13C7F1~1.2RE/bin/../lib/gcc/arm-none-eabi/13.2.1/thumb/v7e-m+fp/hard\libm.a(libm_a-sf_cos.o)
                0x00006258                cosf
 .text.fabsf    0x000062c8       0x10 C:/PROGRA~2/ARMGNU~1/13C7F1~1.2RE/bin/../lib/gcc/arm-none-eabi/13.2.1/thumb/v7e-m+fp/hard\libm.a(libm_a-sf_fabs.o)
                0x000062c8                fabsf
 .text.sinf     0x000062d8       0x74 C:/PROGRA~2/ARMGNU~1/13C7F1~1.2RE/bin/../lib/gcc/arm-none-eabi/13.2.1/thumb/v7e-m+fp/hard\libm.a(libm_a-sf_sin.o)
                0x000062d8                sinf
 .text.tanf     0x0000634c       0x54 C:/PROGRA~2/ARMGNU~1/13C7F1~1.2RE/bin/../lib/gcc/arm-none-eabi/13.2.1/thumb/v7e-m+fp/hard\libm.a(libm_a-sf_tan.o)
                0x0000634c                tanf
 .text.ceil     0x000063a0      0x100 C:/PROGRA~2/ARMGNU~1/13C7F1~1.2RE/bin/../lib/gcc/arm-none-eabi/13.2.1/thumb/v7e-m+fp/hard\libm.a(libm_a-s_ceil.o)
                0x000063a0                ceil
 .text.__kernel_cosf
                0x000064a0      0x104 C:/PROGRA~2/ARMGNU~1/13C7F1~1.2RE/bin/../lib/gcc/arm-none-eabi/13.2.1/thumb/v7e-m+fp/hard\libm.a(libm_a-kf_cos.o)
                0x000064a0                __kernel_cosf
 .text.__kernel_sinf
                0x000065a4       0x90 C:/PROGRA~2/ARMGNU~1/13C7F1~1.2RE/bin/../lib/gcc/arm-none-eabi/13.2.1/thumb/v7e-m+fp/hard\libm.a(libm_a-kf_sin.o)
                0x000065a4                __kernel_sinf
 .text.__kernel_tanf
                0x00006634      0x1c0 C:/PROGRA~2/ARMGNU~1/13C7F1~1.2RE/bin/../lib/gcc/arm-none-eabi/13.2.1/thumb/v7e-m+fp/hard\libm.a(libm_a-kf_tan.o)
                0x00006634                __kernel_tanf
 .text.__ieee754_atan2f
                0x000067f4      0x150 C:/PROGRA~2/ARMGNU~1/13C7F1~1.2RE/bin/../lib/gcc/arm-none-eabi/13.2.1/thumb/v7e-m+fp/hard\libm.a(libm_a-ef_atan2.o)
                0x000067f4                __ieee754_atan2f
 .text.__ieee754_rem_pio2f
                0x00006944      0x260 C:/PROGRA~2/ARMGNU~1/13C7F1~1.2RE/bin/../lib/gcc/arm-none-eabi/13.2.1/thumb/v7e-m+fp/hard\libm.a(libm_a-ef_rem_pio2.o)
                0x00006944                __ieee754_rem_pio2f
 .text.atanf    0x00006ba4      0x1ac C:/PROGRA~2/ARMGNU~1/13C7F1~1.2RE/bin/../lib/gcc/arm-none-eabi/13.2.1/thumb/v7e-m+fp/hard\libm.a(libm_a-sf_atan.o)
                0x00006ba4                atanf
 .text.__kernel_rem_pio2f
                0x00006d50      0x63c C:/PROGRA~2/ARMGNU~1/13C7F1~1.2RE/bin/../lib/gcc/arm-none-eabi/13.2.1/thumb/v7e-m+fp/hard\libm.a(libm_a-kf_rem_pio2.o)
                0x00006d50                __kernel_rem_pio2f
 .text.scalbnf  0x0000738c       0xe4 C:/PROGRA~2/ARMGNU~1/13C7F1~1.2RE/bin/../lib/gcc/arm-none-eabi/13.2.1/thumb/v7e-m+fp/hard\libm.a(libm_a-sf_scalbn.o)
                0x0000738c                scalbnf
 .text.floorf   0x00007470       0x94 C:/PROGRA~2/ARMGNU~1/13C7F1~1.2RE/bin/../lib/gcc/arm-none-eabi/13.2.1/thumb/v7e-m+fp/hard\libm.a(libm_a-sf_floor.o)
                0x00007470                floorf
 *(.init)
 *(.fini)
 *crtbegin.o(.ctors)
 *crtbegin?.o(.ctors)
 *(EXCLUDE_FILE(*crtend.o *crtend?.o) .ctors)
 *(SORT_BY_NAME(.ctors.*))
 *(.ctors)
 *crtbegin.o(.dtors)
 *crtbegin?.o(.dtors)
 *(EXCLUDE_FILE(*crtend.o *crtend?.o) .dtors)
 *(SORT_BY_NAME(.dtors.*))
 *(.dtors)
 *(.rodata*)
 .rodata.fsm_main_update_reeling_to_cast.str1.4
                0x00007504      0x719 CMakeFiles\ddd.dir\src\main.c.obj
                                  0xf (size before relaxing)
 .rodata.fsm_fish_idle_to_swim.str1.4
                0x00007c1d       0x1f CMakeFiles\ddd.dir\src\main.c.obj
 .rodata.fsm_fish_swim_to_idle.str1.4
                0x00007c1d       0x12 CMakeFiles\ddd.dir\src\main.c.obj
 .rodata.fsm_main_update_cast_to_reeling.str1.4
                0x00007c1d       0x10 CMakeFiles\ddd.dir\src\main.c.obj
 .rodata.lsm_fish_catch_sequence.part.0.str1.4
                0x00007c1d       0x2a CMakeFiles\ddd.dir\src\main.c.obj
 .rodata.fsm_main_fishon_to_failure.str1.4
                0x00007c1d       0x28 CMakeFiles\ddd.dir\src\main.c.obj
 .rodata.lure_update.str1.4
                0x00007c1d       0x15 CMakeFiles\ddd.dir\src\main.c.obj
 .rodata.fsm_fish_update.str1.4
                0x00007c1d       0x15 CMakeFiles\ddd.dir\src\main.c.obj
 .rodata.fsm_fish_to_approach.str1.4
                0x00007c1d       0x20 CMakeFiles\ddd.dir\src\main.c.obj
 .rodata.fishing_scene_init.str1.4
                0x00007c1d       0xdc CMakeFiles\ddd.dir\src\main.c.obj
 .rodata.ui_news_ticker.str1.4
                0x00007c1d        0x1 CMakeFiles\ddd.dir\src\main.c.obj
 .rodata.ui_yards.str1.4
                0x00007c1d        0xc CMakeFiles\ddd.dir\src\main.c.obj
 .rodata.underwater_postdraw.str1.4
                0x00007c1d        0xe CMakeFiles\ddd.dir\src\main.c.obj
 .rodata.fishing_scene_update.str1.4
                0x00007c1d        0xc CMakeFiles\ddd.dir\src\main.c.obj
 .rodata.lsm_line_break_sequence.str1.4
                0x00007c1d        0xb CMakeFiles\ddd.dir\src\main.c.obj
 .rodata.reset_underwater.str1.4
                0x00007c1d       0x1b CMakeFiles\ddd.dir\src\main.c.obj
 .rodata.fsm_main_fishon_to_success.str1.4
                0x00007c1d       0x12 CMakeFiles\ddd.dir\src\main.c.obj
 .rodata.fsm_main_fishon_to_casting.str1.4
                0x00007c1d       0x12 CMakeFiles\ddd.dir\src\main.c.obj
 .rodata.eventHandler.str1.4
                0x00007c1d       0x5c CMakeFiles\ddd.dir\src\main.c.obj
 .rodata.str1.4
                0x00007c1d      0x43d CMakeFiles\ddd.dir\src\main.c.obj
 *fill*         0x00007c1d        0x3 
 .rodata        0x00007c20       0x24 CMakeFiles\ddd.dir\src\main.c.obj
 .rodata.fsm_set_state.str1.4
                0x00007c44       0x12 CMakeFiles\ddd.dir\engine\fsm.c.obj
 .rodata.__utoa.str1.4
                0x00007c44       0x25 C:/PROGRA~2/ARMGNU~1/13C7F1~1.2RE/bin/../lib/gcc/arm-none-eabi/13.2.1/thumb/v7e-m+fp/hard\libg.a(libc_a-utoa.o)
 .rodata.CSWTCH.9
                0x00007c44        0xc C:/PROGRA~2/ARMGNU~1/13C7F1~1.2RE/bin/../lib/gcc/arm-none-eabi/13.2.1/thumb/v7e-m+fp/hard\libm.a(libm_a-ef_atan2.o)
 .rodata.CSWTCH.8
                0x00007c50        0xc C:/PROGRA~2/ARMGNU~1/13C7F1~1.2RE/bin/../lib/gcc/arm-none-eabi/13.2.1/thumb/v7e-m+fp/hard\libm.a(libm_a-ef_atan2.o)
 .rodata.npio2_hw
                0x00007c5c       0x80 C:/PROGRA~2/ARMGNU~1/13C7F1~1.2RE/bin/../lib/gcc/arm-none-eabi/13.2.1/thumb/v7e-m+fp/hard\libm.a(libm_a-ef_rem_pio2.o)
 .rodata.two_over_pi
                0x00007cdc      0x318 C:/PROGRA~2/ARMGNU~1/13C7F1~1.2RE/bin/../lib/gcc/arm-none-eabi/13.2.1/thumb/v7e-m+fp/hard\libm.a(libm_a-ef_rem_pio2.o)
 .rodata.atanlo
                0x00007ff4       0x10 C:/PROGRA~2/ARMGNU~1/13C7F1~1.2RE/bin/../lib/gcc/arm-none-eabi/13.2.1/thumb/v7e-m+fp/hard\libm.a(libm_a-sf_atan.o)
 .rodata.atanhi
                0x00008004       0x10 C:/PROGRA~2/ARMGNU~1/13C7F1~1.2RE/bin/../lib/gcc/arm-none-eabi/13.2.1/thumb/v7e-m+fp/hard\libm.a(libm_a-sf_atan.o)
 .rodata.PIo2   0x00008014       0x2c C:/PROGRA~2/ARMGNU~1/13C7F1~1.2RE/bin/../lib/gcc/arm-none-eabi/13.2.1/thumb/v7e-m+fp/hard\libm.a(libm_a-kf_rem_pio2.o)
 .rodata.init_jk
                0x00008040        0xc C:/PROGRA~2/ARMGNU~1/13C7F1~1.2RE/bin/../lib/gcc/arm-none-eabi/13.2.1/thumb/v7e-m+fp/hard\libm.a(libm_a-kf_rem_pio2.o)
 *(.eh_frame*)
 .eh_frame      0x0000804c       0x34 C:/PROGRA~2/ARMGNU~1/13C7F1~1.2RE/bin/../lib/gcc/arm-none-eabi/13.2.1/thumb/v7e-m+fp/hard\libg.a(libc_a-strlen.o)

.glue_7         0x00008080        0x0
 .glue_7        0x00008080        0x0 linker stubs

.glue_7t        0x00008080        0x0
 .glue_7t       0x00008080        0x0 linker stubs

.vfp11_veneer   0x00008080        0x0
 .vfp11_veneer  0x00008080        0x0 linker stubs

.v4_bx          0x00008080        0x0
 .v4_bx         0x00008080        0x0 linker stubs

.iplt           0x00008080        0x0
 .iplt          0x00008080        0x0 CMakeFiles\ddd.dir\src\main.c.obj

.rel.dyn        0x00008080        0x0
 .rel.iplt      0x00008080        0x0 CMakeFiles\ddd.dir\src\main.c.obj

.data           0x00008080    0x26990
                0x00008080                        __etext = .
                0x00008080                        __data_start__ = .
 *(vtable)
 *(.data*)
 .data.first_run.1
                0x00008080        0x1 CMakeFiles\ddd.dir\src\main.c.obj
 .data.first_run.5
                0x00008081        0x1 CMakeFiles\ddd.dir\src\main.c.obj
 *fill*         0x00008082        0x2 
 .data.DefaultScene
                0x00008084        0x4 CMakeFiles\ddd.dir\src\main.c.obj
                0x00008084                DefaultScene
 .data.xerxes_10_fontpath
                0x00008088        0x4 CMakeFiles\ddd.dir\src\main.c.obj
                0x00008088                xerxes_10_fontpath
 .data.quit_12_fontpath
                0x0000808c        0x4 CMakeFiles\ddd.dir\src\main.c.obj
                0x0000808c                quit_12_fontpath
 .data.nope_8_fontpath
                0x00008090        0x4 CMakeFiles\ddd.dir\src\main.c.obj
                0x00008090                nope_8_fontpath
 .data.ignore_17_fontpath
                0x00008094        0x4 CMakeFiles\ddd.dir\src\main.c.obj
                0x00008094                ignore_17_fontpath
 .data.__compound_literal.34
                0x00008098        0xc CMakeFiles\ddd.dir\src\main.c.obj
 .data.__compound_literal.33
                0x000080a4       0x10 CMakeFiles\ddd.dir\src\main.c.obj
 .data.__compound_literal.32
                0x000080b4        0x8 CMakeFiles\ddd.dir\src\main.c.obj
 .data.__compound_literal.31
                0x000080bc       0x10 CMakeFiles\ddd.dir\src\main.c.obj
 .data.__compound_literal.30
                0x000080cc        0xc CMakeFiles\ddd.dir\src\main.c.obj
 .data.fish_on_state_timer
                0x000080d8        0x4 CMakeFiles\ddd.dir\src\main.c.obj
                0x000080d8                fish_on_state_timer
 .data.fish_on_state
                0x000080dc        0x4 CMakeFiles\ddd.dir\src\main.c.obj
                0x000080dc                fish_on_state
 .data.fish_notice_cooldown
                0x000080e0        0x4 CMakeFiles\ddd.dir\src\main.c.obj
                0x000080e0                fish_notice_cooldown
 .data.fish_roam_radius
                0x000080e4        0x4 CMakeFiles\ddd.dir\src\main.c.obj
                0x000080e4                fish_roam_radius
 .data.music_timer
                0x000080e8        0x4 CMakeFiles\ddd.dir\src\main.c.obj
                0x000080e8                music_timer
 .data.line_integrity
                0x000080ec        0x4 CMakeFiles\ddd.dir\src\main.c.obj
                0x000080ec                line_integrity
 .data.tension_offset_x
                0x000080f0        0x4 CMakeFiles\ddd.dir\src\main.c.obj
                0x000080f0                tension_offset_x
 .data.yards    0x000080f4        0x4 CMakeFiles\ddd.dir\src\main.c.obj
                0x000080f4                yards
 .data.depth_width
                0x000080f8        0x4 CMakeFiles\ddd.dir\src\main.c.obj
                0x000080f8                depth_width
 .data.depth    0x000080fc        0x4 CMakeFiles\ddd.dir\src\main.c.obj
                0x000080fc                depth
 .data.ticker_filler_table
                0x00008100       0x3c CMakeFiles\ddd.dir\src\main.c.obj
                0x00008100                ticker_filler_table
 .data.ticker_buffer
                0x0000813c        0x4 CMakeFiles\ddd.dir\src\main.c.obj
                0x0000813c                ticker_buffer
 .data.ticker_x
                0x00008140        0x4 CMakeFiles\ddd.dir\src\main.c.obj
                0x00008140                ticker_x
 .data.camera_lake
                0x00008144       0xcc CMakeFiles\ddd.dir\src\main.c.obj
                0x00008144                camera_lake
 .data.camera_secondary
                0x00008210       0xcc CMakeFiles\ddd.dir\src\main.c.obj
                0x00008210                camera_secondary
 .data.camera_default
                0x000082dc       0xcc CMakeFiles\ddd.dir\src\main.c.obj
                0x000082dc                camera_default
 .data.camera_lake_object
                0x000083a8       0xdc CMakeFiles\ddd.dir\src\main.c.obj
                0x000083a8                camera_lake_object
 .data.camera_secondary_object
                0x00008484       0xdc CMakeFiles\ddd.dir\src\main.c.obj
                0x00008484                camera_secondary_object
 .data.camera_default_object
                0x00008560       0xdc CMakeFiles\ddd.dir\src\main.c.obj
                0x00008560                camera_default_object
 .data.lake_terrain
                0x0000863c       0xdc CMakeFiles\ddd.dir\src\main.c.obj
                0x0000863c                lake_terrain
 .data.object_cast_selector
                0x00008718       0xdc CMakeFiles\ddd.dir\src\main.c.obj
                0x00008718                object_cast_selector
 .data.object_terrain
                0x000087f4       0xdc CMakeFiles\ddd.dir\src\main.c.obj
                0x000087f4                object_terrain
 .data.object_results_fish
                0x000088d0       0xdc CMakeFiles\ddd.dir\src\main.c.obj
                0x000088d0                object_results_fish
 .data.object_fish
                0x000089ac       0xdc CMakeFiles\ddd.dir\src\main.c.obj
                0x000089ac                object_fish
 .data.object_lure
                0x00008a88       0xdc CMakeFiles\ddd.dir\src\main.c.obj
                0x00008a88                object_lure
 .data.fsm_fish
                0x00008b64     0x1110 CMakeFiles\ddd.dir\src\main.c.obj
                0x00008b64                fsm_fish
 .data.fsm_main
                0x00009c74     0x1110 CMakeFiles\ddd.dir\src\main.c.obj
                0x00009c74                fsm_main
 .data.ActiveLure
                0x0000ad84        0x4 CMakeFiles\ddd.dir\src\main.c.obj
                0x0000ad84                ActiveLure
 .data.LakeView
                0x0000ad88       0x30 CMakeFiles\ddd.dir\src\main.c.obj
                0x0000ad88                LakeView
 .data.UnderwaterView
                0x0000adb8       0x30 CMakeFiles\ddd.dir\src\main.c.obj
                0x0000adb8                UnderwaterView
 .data.FishingScene
                0x0000ade8        0xc CMakeFiles\ddd.dir\src\main.c.obj
                0x0000ade8                FishingScene
 .data.DefaultLure
                0x0000adf4       0x60 CMakeFiles\ddd.dir\src\main.c.obj
                0x0000adf4                DefaultLure
 .data.double_burst
                0x0000ae54       0x40 CMakeFiles\ddd.dir\src\main.c.obj
                0x0000ae54                double_burst
 .data.lure_test_mesh
                0x0000ae94       0x5c CMakeFiles\ddd.dir\src\main.c.obj
                0x0000ae94                lure_test_mesh
 .data.__compound_literal.29
                0x0000aef0       0xa8 CMakeFiles\ddd.dir\src\main.c.obj
 .data.__compound_literal.28
                0x0000af98       0xfc CMakeFiles\ddd.dir\src\main.c.obj
 .data.__compound_literal.27
                0x0000b094      0x114 CMakeFiles\ddd.dir\src\main.c.obj
 .data.cast_selector_mesh
                0x0000b1a8       0x5c CMakeFiles\ddd.dir\src\main.c.obj
                0x0000b1a8                cast_selector_mesh
 .data.__compound_literal.26
                0x0000b204      0x100 CMakeFiles\ddd.dir\src\main.c.obj
 .data.__compound_literal.25
                0x0000b304      0x180 CMakeFiles\ddd.dir\src\main.c.obj
 .data.__compound_literal.24
                0x0000b484      0x180 CMakeFiles\ddd.dir\src\main.c.obj
 .data.lake_terrain_mesh
                0x0000b604       0x5c CMakeFiles\ddd.dir\src\main.c.obj
                0x0000b604                lake_terrain_mesh
 .data.__compound_literal.23
                0x0000b660      0x210 CMakeFiles\ddd.dir\src\main.c.obj
 .data.__compound_literal.22
                0x0000b870      0x318 CMakeFiles\ddd.dir\src\main.c.obj
 .data.__compound_literal.21
                0x0000bb88      0x408 CMakeFiles\ddd.dir\src\main.c.obj
 .data.fractal_terrain_lod
                0x0000bf90       0x5c CMakeFiles\ddd.dir\src\main.c.obj
                0x0000bf90                fractal_terrain_lod
 .data.__compound_literal.20
                0x0000bfec      0x400 CMakeFiles\ddd.dir\src\main.c.obj
 .data.__compound_literal.19
                0x0000c3ec      0x600 CMakeFiles\ddd.dir\src\main.c.obj
 .data.__compound_literal.18
                0x0000c9ec      0x72c CMakeFiles\ddd.dir\src\main.c.obj
 .data.Grid512Long
                0x0000d118       0x5c CMakeFiles\ddd.dir\src\main.c.obj
                0x0000d118                Grid512Long
 .data.__compound_literal.14
                0x0000d174     0x2000 CMakeFiles\ddd.dir\src\main.c.obj
 .data.__compound_literal.13
                0x0000f174     0x3000 CMakeFiles\ddd.dir\src\main.c.obj
 .data.__compound_literal.12
                0x00012174     0x33cc CMakeFiles\ddd.dir\src\main.c.obj
 .data.blahaj_tri
                0x00015540       0x5c CMakeFiles\ddd.dir\src\main.c.obj
                0x00015540                blahaj_tri
 .data.__compound_literal.5
                0x0001559c      0x670 CMakeFiles\ddd.dir\src\main.c.obj
 .data.__compound_literal.4
                0x00015c0c      0x9a8 CMakeFiles\ddd.dir\src\main.c.obj
 .data.__compound_literal.3
                0x000165b4      0x9c0 CMakeFiles\ddd.dir\src\main.c.obj
 .data.mesh_cube
                0x00016f74       0x5c CMakeFiles\ddd.dir\src\main.c.obj
                0x00016f74                mesh_cube
 .data.__compound_literal.2
                0x00016fd0       0x30 CMakeFiles\ddd.dir\src\main.c.obj
 .data.__compound_literal.1
                0x00017000       0x48 CMakeFiles\ddd.dir\src\main.c.obj
 .data.__compound_literal.0
                0x00017048       0x60 CMakeFiles\ddd.dir\src\main.c.obj
 .data.TIME_SCALE
                0x000170a8        0x4 CMakeFiles\ddd.dir\src\main.c.obj
                0x000170a8                TIME_SCALE
 .data.SLANT    0x000170ac        0x4 CMakeFiles\ddd.dir\engine\render.c.obj
                0x000170ac                SLANT
 .data.wave_x_offset
                0x000170b0        0x4 CMakeFiles\ddd.dir\engine\render.c.obj
                0x000170b0                wave_x_offset
 .data.lake_bounds_lines
                0x000170b4       0x30 CMakeFiles\ddd.dir\engine\render.c.obj
                0x000170b4                lake_bounds_lines
 .data.patterns
                0x000170e4      0x108 CMakeFiles\ddd.dir\engine\render.c.obj
 .data.wave_heightmap_table
                0x000171ec    0x17700 CMakeFiles\ddd.dir\engine\wave_heightmap.c.obj
                0x000171ec                wave_heightmap_table
 .data._impure_ptr
                0x0002e8ec        0x4 C:/PROGRA~2/ARMGNU~1/13C7F1~1.2RE/bin/../lib/gcc/arm-none-eabi/13.2.1/thumb/v7e-m+fp/hard\libg.a(libc_a-impure.o)
                0x0002e8ec                _impure_ptr
 .data._impure_data
                0x0002e8f0      0x120 C:/PROGRA~2/ARMGNU~1/13C7F1~1.2RE/bin/../lib/gcc/arm-none-eabi/13.2.1/thumb/v7e-m+fp/hard\libg.a(libc_a-impure.o)
                0x0002e8f0                _impure_data
                0x0002ea10                        . = ALIGN (0x4)
                [!provide]                        PROVIDE (__preinit_array_start = .)
 *(.preinit_array)
                [!provide]                        PROVIDE (__preinit_array_end = .)
                0x0002ea10                        . = ALIGN (0x4)
                [!provide]                        PROVIDE (__init_array_start = .)
 *(SORT_BY_NAME(.init_array.*))
 *(.init_array)
                [!provide]                        PROVIDE (__init_array_end = .)
                0x0002ea10                        . = ALIGN (0x4)
                [!provide]                        PROVIDE (__fini_array_start = .)
 *(SORT_BY_NAME(.fini_array.*))
 *(.fini_array)
                [!provide]                        PROVIDE (__fini_array_end = .)
                0x0002ea10                        . = ALIGN (0x4)
                0x0002ea10                        __data_end__ = .

.igot.plt       0x0002ea10        0x0
 .igot.plt      0x0002ea10        0x0 CMakeFiles\ddd.dir\src\main.c.obj

.bss            0x0002ea10    0x13978
                0x0002ea10                        . = ALIGN (0x4)
                0x0002ea10                        __bss_start__ = .
 *(.bss*)
 .bss.ended.0   0x0002ea10        0x1 CMakeFiles\ddd.dir\src\main.c.obj
 *fill*         0x0002ea11        0x3 
 .bss.timer.2   0x0002ea14        0x4 CMakeFiles\ddd.dir\src\main.c.obj
 .bss.state.3   0x0002ea18        0x4 CMakeFiles\ddd.dir\src\main.c.obj
 .bss.ended.4   0x0002ea1c        0x1 CMakeFiles\ddd.dir\src\main.c.obj
 *fill*         0x0002ea1d        0x3 
 .bss.timer.6   0x0002ea20        0x4 CMakeFiles\ddd.dir\src\main.c.obj
 .bss.state.7   0x0002ea24        0x4 CMakeFiles\ddd.dir\src\main.c.obj
 .bss.releasedButtons
                0x0002ea28        0x1 CMakeFiles\ddd.dir\src\main.c.obj
                0x0002ea28                releasedButtons
 .bss.pressedButtons
                0x0002ea29        0x1 CMakeFiles\ddd.dir\src\main.c.obj
                0x0002ea29                pressedButtons
 .bss.heldButtons
                0x0002ea2a        0x1 CMakeFiles\ddd.dir\src\main.c.obj
                0x0002ea2a                heldButtons
 *fill*         0x0002ea2b        0x1 
 .bss.ActiveCamera
                0x0002ea2c        0x4 CMakeFiles\ddd.dir\src\main.c.obj
                0x0002ea2c                ActiveCamera
 .bss.ActiveScene
                0x0002ea30        0x4 CMakeFiles\ddd.dir\src\main.c.obj
                0x0002ea30                ActiveScene
 .bss.frame     0x0002ea34        0x4 CMakeFiles\ddd.dir\src\main.c.obj
                0x0002ea34                frame
 .bss.FONT_XERXES_10
                0x0002ea38        0x4 CMakeFiles\ddd.dir\src\main.c.obj
                0x0002ea38                FONT_XERXES_10
 .bss.FONT_QUIT_12
                0x0002ea3c        0x4 CMakeFiles\ddd.dir\src\main.c.obj
                0x0002ea3c                FONT_QUIT_12
 .bss.FONT_NOPE_8
                0x0002ea40        0x4 CMakeFiles\ddd.dir\src\main.c.obj
                0x0002ea40                FONT_NOPE_8
 .bss.FONT_IGNORE_17
                0x0002ea44        0x4 CMakeFiles\ddd.dir\src\main.c.obj
                0x0002ea44                FONT_IGNORE_17
 .bss.cast_animation_timer
                0x0002ea48        0x4 CMakeFiles\ddd.dir\src\main.c.obj
                0x0002ea48                cast_animation_timer
 .bss.fish_side_lure_offset
                0x0002ea4c        0x4 CMakeFiles\ddd.dir\src\main.c.obj
                0x0002ea4c                fish_side_lure_offset
 .bss.fish_bite_timer
                0x0002ea50        0x4 CMakeFiles\ddd.dir\src\main.c.obj
                0x0002ea50                fish_bite_timer
 .bss.idle_timer
                0x0002ea54        0x4 CMakeFiles\ddd.dir\src\main.c.obj
                0x0002ea54                idle_timer
 .bss.fish_station
                0x0002ea58        0xc CMakeFiles\ddd.dir\src\main.c.obj
                0x0002ea58                fish_station
 .bss.is_cranking
                0x0002ea64        0x1 CMakeFiles\ddd.dir\src\main.c.obj
                0x0002ea64                is_cranking
 *fill*         0x0002ea65        0x3 
 .bss.crank_distance
                0x0002ea68        0x4 CMakeFiles\ddd.dir\src\main.c.obj
                0x0002ea68                crank_distance
 .bss.idle_duration
                0x0002ea6c        0x4 CMakeFiles\ddd.dir\src\main.c.obj
                0x0002ea6c                idle_duration
 .bss.crank_duration
                0x0002ea70        0x4 CMakeFiles\ddd.dir\src\main.c.obj
                0x0002ea70                crank_duration
 .bss.crank_buffer
                0x0002ea74       0xa0 CMakeFiles\ddd.dir\src\main.c.obj
                0x0002ea74                crank_buffer
 .bss.lure_fitness
                0x0002eb14        0x4 CMakeFiles\ddd.dir\src\main.c.obj
                0x0002eb14                lure_fitness
 .bss.fish_remain_position
                0x0002eb18        0xc CMakeFiles\ddd.dir\src\main.c.obj
                0x0002eb18                fish_remain_position
 .bss.fish_swim_target
                0x0002eb24        0xc CMakeFiles\ddd.dir\src\main.c.obj
                0x0002eb24                fish_swim_target
 .bss.fish_wiggle_speed
                0x0002eb30        0x4 CMakeFiles\ddd.dir\src\main.c.obj
                0x0002eb30                fish_wiggle_speed
 .bss.target_underwater_camera_position
                0x0002eb34        0xc CMakeFiles\ddd.dir\src\main.c.obj
                0x0002eb34                target_underwater_camera_position
 .bss.lure_wiggle_timer
                0x0002eb40        0x4 CMakeFiles\ddd.dir\src\main.c.obj
                0x0002eb40                lure_wiggle_timer
 .bss.line_reel_tension
                0x0002eb44        0x4 CMakeFiles\ddd.dir\src\main.c.obj
                0x0002eb44                line_reel_tension
 .bss.line_fish_tension
                0x0002eb48        0x4 CMakeFiles\ddd.dir\src\main.c.obj
                0x0002eb48                line_fish_tension
 .bss.tension_shake
                0x0002eb4c        0x4 CMakeFiles\ddd.dir\src\main.c.obj
                0x0002eb4c                tension_shake
 .bss.tension_meter_visible
                0x0002eb50        0x1 CMakeFiles\ddd.dir\src\main.c.obj
                0x0002eb50                tension_meter_visible
 *fill*         0x0002eb51        0x3 
 .bss.ticker_text
                0x0002eb54      0x400 CMakeFiles\ddd.dir\src\main.c.obj
                0x0002eb54                ticker_text
 .bss.TICKER_FONT
                0x0002ef54        0x4 CMakeFiles\ddd.dir\src\main.c.obj
                0x0002ef54                TICKER_FONT
 .bss.ticker_filler_index
                0x0002ef58        0x4 CMakeFiles\ddd.dir\src\main.c.obj
                0x0002ef58                ticker_filler_index
 .bss.ticker_buffer_width
                0x0002ef5c        0x4 CMakeFiles\ddd.dir\src\main.c.obj
                0x0002ef5c                ticker_buffer_width
 .bss.next_clear_width
                0x0002ef60        0x4 CMakeFiles\ddd.dir\src\main.c.obj
                0x0002ef60                next_clear_width
 .bss.ticker_queue_length
                0x0002ef64        0x4 CMakeFiles\ddd.dir\src\main.c.obj
                0x0002ef64                ticker_queue_length
 .bss.ticker_queue
                0x0002ef68       0x80 CMakeFiles\ddd.dir\src\main.c.obj
                0x0002ef68                ticker_queue
 .bss.audio_fish_on_loop
                0x0002efe8        0x4 CMakeFiles\ddd.dir\src\main.c.obj
                0x0002efe8                audio_fish_on_loop
 .bss.audio_fish_interest_loop
                0x0002efec        0x4 CMakeFiles\ddd.dir\src\main.c.obj
                0x0002efec                audio_fish_interest_loop
 .bss.audio_underwater_loop
                0x0002eff0        0x4 CMakeFiles\ddd.dir\src\main.c.obj
                0x0002eff0                audio_underwater_loop
 .bss.audio_lake_loop
                0x0002eff4        0x4 CMakeFiles\ddd.dir\src\main.c.obj
                0x0002eff4                audio_lake_loop
 .bss.audio_intro
                0x0002eff8        0x4 CMakeFiles\ddd.dir\src\main.c.obj
                0x0002eff8                audio_intro
 .bss.audio_reel_long
                0x0002effc        0x4 CMakeFiles\ddd.dir\src\main.c.obj
                0x0002effc                audio_reel_long
 .bss.audio_reel_click
                0x0002f000        0x4 CMakeFiles\ddd.dir\src\main.c.obj
                0x0002f000                audio_reel_click
 .bss.crank_smoothed
                0x0002f004        0x4 CMakeFiles\ddd.dir\src\main.c.obj
                0x0002f004                crank_smoothed
 .bss.soundtrack_fish_on_loop
                0x0002f008        0x4 CMakeFiles\ddd.dir\src\main.c.obj
                0x0002f008                soundtrack_fish_on_loop
 .bss.soundtrack_fish_interest_loop
                0x0002f00c        0x4 CMakeFiles\ddd.dir\src\main.c.obj
                0x0002f00c                soundtrack_fish_interest_loop
 .bss.soundtrack_underwater_loop
                0x0002f010        0x4 CMakeFiles\ddd.dir\src\main.c.obj
                0x0002f010                soundtrack_underwater_loop
 .bss.soundtrack_lake_loop
                0x0002f014        0x4 CMakeFiles\ddd.dir\src\main.c.obj
                0x0002f014                soundtrack_lake_loop
 .bss.soundtrack_intro
                0x0002f018        0x4 CMakeFiles\ddd.dir\src\main.c.obj
                0x0002f018                soundtrack_intro
 .bss.reel_long_player
                0x0002f01c        0x4 CMakeFiles\ddd.dir\src\main.c.obj
                0x0002f01c                reel_long_player
 .bss.reel_click_player
                0x0002f020        0x4 CMakeFiles\ddd.dir\src\main.c.obj
                0x0002f020                reel_click_player
 .bss.object_lure_target_position
                0x0002f024        0xc CMakeFiles\ddd.dir\src\main.c.obj
                0x0002f024                object_lure_target_position
 .bss.SINE_GRADIENT_OFFSET
                0x0002f030        0x4 CMakeFiles\ddd.dir\src\main.c.obj
                0x0002f030                SINE_GRADIENT_OFFSET
 .bss.SINE_GRADIENT
                0x0002f034      0x200 CMakeFiles\ddd.dir\src\main.c.obj
                0x0002f034                SINE_GRADIENT
 .bss.TICK_LASTCRANKREADING
                0x0002f234        0x4 CMakeFiles\ddd.dir\src\main.c.obj
                0x0002f234                TICK_LASTCRANKREADING
 .bss.DELTA_TIME
                0x0002f238        0x4 CMakeFiles\ddd.dir\src\main.c.obj
                0x0002f238                DELTA_TIME
 .bss.pd        0x0002f23c        0x4 CMakeFiles\ddd.dir\src\main.c.obj
                0x0002f23c                pd
 .bss.wave_z_offset
                0x0002f240        0x4 CMakeFiles\ddd.dir\engine\render.c.obj
                0x0002f240                wave_z_offset
 .bss.tris      0x0002f244    0x10000 CMakeFiles\ddd.dir\engine\render.c.obj
                0x0002f244                tris
 .bss.projected_vertices
                0x0003f244     0x3000 CMakeFiles\ddd.dir\engine\render.c.obj
                0x0003f244                projected_vertices
 .bss.WAVE_RIPPLE_V
                0x00042244        0x4 CMakeFiles\ddd.dir\engine\wave_heightmap.c.obj
                0x00042244                WAVE_RIPPLE_V
 .bss.WAVE_RIPPLE_U
                0x00042248        0x4 CMakeFiles\ddd.dir\engine\wave_heightmap.c.obj
                0x00042248                WAVE_RIPPLE_U
 .bss.pdrealloc
                0x0004224c        0x4 CMakeFiles\ddd.dir\C_\Users\shrin\Documents\PlaydateSDK\C_API\buildsupport\setup.c.obj
 .bss.__sf      0x00042250      0x138 C:/PROGRA~2/ARMGNU~1/13C7F1~1.2RE/bin/../lib/gcc/arm-none-eabi/13.2.1/thumb/v7e-m+fp/hard\libg.a(libc_a-findfp.o)
                0x00042250                __sf
 *(COMMON)
 *(COM)
                0x00042388                        . = ALIGN (0x4)
                0x00042388                        __bss_end__ = .

/DISCARD/
 *(.ARM.exidx)
OUTPUT(ddd.elf elf32-littlearm)
LOAD linker stubs

.debug_info     0x00000000    0x2590a
 .debug_info    0x00000000     0xb16f CMakeFiles\ddd.dir\src\main.c.obj
 .debug_info    0x0000b16f     0x222b CMakeFiles\ddd.dir\engine\3dmath.c.obj
 .debug_info    0x0000d39a      0x916 CMakeFiles\ddd.dir\engine\actor.c.obj
 .debug_info    0x0000dcb0      0x726 CMakeFiles\ddd.dir\engine\camera.c.obj
 .debug_info    0x0000e3d6     0x6b23 CMakeFiles\ddd.dir\engine\fsm.c.obj
 .debug_info    0x00014ef9     0x8d04 CMakeFiles\ddd.dir\engine\render.c.obj
 .debug_info    0x0001dbfd      0x71d CMakeFiles\ddd.dir\engine\scene.c.obj
 .debug_info    0x0001e31a      0x19e CMakeFiles\ddd.dir\engine\symbols.c.obj
 .debug_info    0x0001e4b8       0xea CMakeFiles\ddd.dir\engine\wave_heightmap.c.obj
 .debug_info    0x0001e5a2     0x7368 CMakeFiles\ddd.dir\C_\Users\shrin\Documents\PlaydateSDK\C_API\buildsupport\setup.c.obj

.debug_abbrev   0x00000000     0x1ed1
 .debug_abbrev  0x00000000      0x931 CMakeFiles\ddd.dir\src\main.c.obj
 .debug_abbrev  0x00000931      0x40c CMakeFiles\ddd.dir\engine\3dmath.c.obj
 .debug_abbrev  0x00000d3d      0x1a1 CMakeFiles\ddd.dir\engine\actor.c.obj
 .debug_abbrev  0x00000ede      0x21b CMakeFiles\ddd.dir\engine\camera.c.obj
 .debug_abbrev  0x000010f9      0x2ae CMakeFiles\ddd.dir\engine\fsm.c.obj
 .debug_abbrev  0x000013a7      0x5c7 CMakeFiles\ddd.dir\engine\render.c.obj
 .debug_abbrev  0x0000196e      0x13b CMakeFiles\ddd.dir\engine\scene.c.obj
 .debug_abbrev  0x00001aa9       0xa5 CMakeFiles\ddd.dir\engine\symbols.c.obj
 .debug_abbrev  0x00001b4e       0x69 CMakeFiles\ddd.dir\engine\wave_heightmap.c.obj
 .debug_abbrev  0x00001bb7      0x31a CMakeFiles\ddd.dir\C_\Users\shrin\Documents\PlaydateSDK\C_API\buildsupport\setup.c.obj

.debug_loc      0x00000000     0x84e3
 .debug_loc     0x00000000     0x2901 CMakeFiles\ddd.dir\src\main.c.obj
 .debug_loc     0x00002901     0x2d74 CMakeFiles\ddd.dir\engine\3dmath.c.obj
 .debug_loc     0x00005675      0x150 CMakeFiles\ddd.dir\engine\actor.c.obj
 .debug_loc     0x000057c5      0x481 CMakeFiles\ddd.dir\engine\camera.c.obj
 .debug_loc     0x00005c46       0xb2 CMakeFiles\ddd.dir\engine\fsm.c.obj
 .debug_loc     0x00005cf8     0x2460 CMakeFiles\ddd.dir\engine\render.c.obj
 .debug_loc     0x00008158       0xf5 CMakeFiles\ddd.dir\engine\scene.c.obj
 .debug_loc     0x0000824d       0x2c CMakeFiles\ddd.dir\engine\symbols.c.obj
 .debug_loc     0x00008279      0x26a CMakeFiles\ddd.dir\C_\Users\shrin\Documents\PlaydateSDK\C_API\buildsupport\setup.c.obj

.debug_aranges  0x00000000      0x560
 .debug_aranges
                0x00000000      0x238 CMakeFiles\ddd.dir\src\main.c.obj
 .debug_aranges
                0x00000238      0x170 CMakeFiles\ddd.dir\engine\3dmath.c.obj
 .debug_aranges
                0x000003a8       0x28 CMakeFiles\ddd.dir\engine\actor.c.obj
 .debug_aranges
                0x000003d0       0x48 CMakeFiles\ddd.dir\engine\camera.c.obj
 .debug_aranges
                0x00000418       0x20 CMakeFiles\ddd.dir\engine\fsm.c.obj
 .debug_aranges
                0x00000438       0x98 CMakeFiles\ddd.dir\engine\render.c.obj
 .debug_aranges
                0x000004d0       0x20 CMakeFiles\ddd.dir\engine\scene.c.obj
 .debug_aranges
                0x000004f0       0x20 CMakeFiles\ddd.dir\engine\symbols.c.obj
 .debug_aranges
                0x00000510       0x18 CMakeFiles\ddd.dir\engine\wave_heightmap.c.obj
 .debug_aranges
                0x00000528       0x38 CMakeFiles\ddd.dir\C_\Users\shrin\Documents\PlaydateSDK\C_API\buildsupport\setup.c.obj

.debug_ranges   0x00000000      0xef0
 .debug_ranges  0x00000000      0x5e0 CMakeFiles\ddd.dir\src\main.c.obj
 .debug_ranges  0x000005e0      0x4b8 CMakeFiles\ddd.dir\engine\3dmath.c.obj
 .debug_ranges  0x00000a98       0x18 CMakeFiles\ddd.dir\engine\actor.c.obj
 .debug_ranges  0x00000ab0       0x38 CMakeFiles\ddd.dir\engine\camera.c.obj
 .debug_ranges  0x00000ae8       0x10 CMakeFiles\ddd.dir\engine\fsm.c.obj
 .debug_ranges  0x00000af8      0x398 CMakeFiles\ddd.dir\engine\render.c.obj
 .debug_ranges  0x00000e90       0x28 CMakeFiles\ddd.dir\engine\scene.c.obj
 .debug_ranges  0x00000eb8       0x10 CMakeFiles\ddd.dir\engine\symbols.c.obj
 .debug_ranges  0x00000ec8       0x28 CMakeFiles\ddd.dir\C_\Users\shrin\Documents\PlaydateSDK\C_API\buildsupport\setup.c.obj

.debug_line     0x00000000     0x7a13
 .debug_line    0x00000000     0x3b96 CMakeFiles\ddd.dir\src\main.c.obj
 .debug_line    0x00003b96     0x17eb CMakeFiles\ddd.dir\engine\3dmath.c.obj
 .debug_line    0x00005381      0x1e8 CMakeFiles\ddd.dir\engine\actor.c.obj
 .debug_line    0x00005569      0x369 CMakeFiles\ddd.dir\engine\camera.c.obj
 .debug_line    0x000058d2      0x31e CMakeFiles\ddd.dir\engine\fsm.c.obj
 .debug_line    0x00005bf0     0x1638 CMakeFiles\ddd.dir\engine\render.c.obj
 .debug_line    0x00007228      0x2b5 CMakeFiles\ddd.dir\engine\scene.c.obj
 .debug_line    0x000074dd       0x90 CMakeFiles\ddd.dir\engine\symbols.c.obj
 .debug_line    0x0000756d      0x118 CMakeFiles\ddd.dir\engine\wave_heightmap.c.obj
 .debug_line    0x00007685      0x38e CMakeFiles\ddd.dir\C_\Users\shrin\Documents\PlaydateSDK\C_API\buildsupport\setup.c.obj

.debug_str      0x00000000     0x5004
 .debug_str     0x00000000     0x5004 CMakeFiles\ddd.dir\src\main.c.obj
                               0x4854 (size before relaxing)
 .debug_str     0x00005004      0x6be CMakeFiles\ddd.dir\engine\3dmath.c.obj
 .debug_str     0x00005004      0x5da CMakeFiles\ddd.dir\engine\actor.c.obj
 .debug_str     0x00005004      0x4cd CMakeFiles\ddd.dir\engine\camera.c.obj
 .debug_str     0x00005004     0x311b CMakeFiles\ddd.dir\engine\fsm.c.obj
 .debug_str     0x00005004     0x38b7 CMakeFiles\ddd.dir\engine\render.c.obj
 .debug_str     0x00005004      0x52e CMakeFiles\ddd.dir\engine\scene.c.obj
 .debug_str     0x00005004      0x236 CMakeFiles\ddd.dir\engine\symbols.c.obj
 .debug_str     0x00005004      0x23e CMakeFiles\ddd.dir\engine\wave_heightmap.c.obj
 .debug_str     0x00005004     0x3507 CMakeFiles\ddd.dir\C_\Users\shrin\Documents\PlaydateSDK\C_API\buildsupport\setup.c.obj

.comment        0x00000000       0x44
 .comment       0x00000000       0x44 CMakeFiles\ddd.dir\src\main.c.obj
                                 0x45 (size before relaxing)
 .comment       0x00000044       0x45 CMakeFiles\ddd.dir\engine\3dmath.c.obj
 .comment       0x00000044       0x45 CMakeFiles\ddd.dir\engine\actor.c.obj
 .comment       0x00000044       0x45 CMakeFiles\ddd.dir\engine\camera.c.obj
 .comment       0x00000044       0x45 CMakeFiles\ddd.dir\engine\fsm.c.obj
 .comment       0x00000044       0x45 CMakeFiles\ddd.dir\engine\render.c.obj
 .comment       0x00000044       0x45 CMakeFiles\ddd.dir\engine\scene.c.obj
 .comment       0x00000044       0x45 CMakeFiles\ddd.dir\engine\symbols.c.obj
 .comment       0x00000044       0x45 CMakeFiles\ddd.dir\engine\wave_heightmap.c.obj
 .comment       0x00000044       0x45 CMakeFiles\ddd.dir\C_\Users\shrin\Documents\PlaydateSDK\C_API\buildsupport\setup.c.obj

.ARM.attributes
                0x00000000       0x32
 .ARM.attributes
                0x00000000       0x34 CMakeFiles\ddd.dir\src\main.c.obj
 .ARM.attributes
                0x00000034       0x34 CMakeFiles\ddd.dir\engine\3dmath.c.obj
 .ARM.attributes
                0x00000068       0x34 CMakeFiles\ddd.dir\engine\actor.c.obj
 .ARM.attributes
                0x0000009c       0x34 CMakeFiles\ddd.dir\engine\camera.c.obj
 .ARM.attributes
                0x000000d0       0x34 CMakeFiles\ddd.dir\engine\fsm.c.obj
 .ARM.attributes
                0x00000104       0x34 CMakeFiles\ddd.dir\engine\render.c.obj
 .ARM.attributes
                0x00000138       0x34 CMakeFiles\ddd.dir\engine\scene.c.obj
 .ARM.attributes
                0x0000016c       0x34 CMakeFiles\ddd.dir\engine\symbols.c.obj
 .ARM.attributes
                0x000001a0       0x34 CMakeFiles\ddd.dir\engine\wave_heightmap.c.obj
 .ARM.attributes
                0x000001d4       0x34 CMakeFiles\ddd.dir\C_\Users\shrin\Documents\PlaydateSDK\C_API\buildsupport\setup.c.obj
 .ARM.attributes
                0x00000208       0x22 C:/PROGRA~2/ARMGNU~1/13C7F1~1.2RE/bin/../lib/gcc/arm-none-eabi/13.2.1/thumb/v7e-m+fp/hard\libgcc.a(_arm_muldf3.o)
 .ARM.attributes
                0x0000022a       0x22 C:/PROGRA~2/ARMGNU~1/13C7F1~1.2RE/bin/../lib/gcc/arm-none-eabi/13.2.1/thumb/v7e-m+fp/hard\libgcc.a(_arm_addsubdf3.o)
 .ARM.attributes
                0x0000024c       0x22 C:/PROGRA~2/ARMGNU~1/13C7F1~1.2RE/bin/../lib/gcc/arm-none-eabi/13.2.1/thumb/v7e-m+fp/hard\libgcc.a(_arm_cmpdf2.o)
 .ARM.attributes
                0x0000026e       0x22 C:/PROGRA~2/ARMGNU~1/13C7F1~1.2RE/bin/../lib/gcc/arm-none-eabi/13.2.1/thumb/v7e-m+fp/hard\libgcc.a(_arm_fixdfsi.o)
 .ARM.attributes
                0x00000290       0x22 C:/PROGRA~2/ARMGNU~1/13C7F1~1.2RE/bin/../lib/gcc/arm-none-eabi/13.2.1/thumb/v7e-m+fp/hard\libgcc.a(_arm_truncdfsf2.o)
 .ARM.attributes
                0x000002b2       0x34 C:/PROGRA~2/ARMGNU~1/13C7F1~1.2RE/bin/../lib/gcc/arm-none-eabi/13.2.1/thumb/v7e-m+fp/hard\libg.a(libc_a-itoa.o)
 .ARM.attributes
                0x000002e6       0x34 C:/PROGRA~2/ARMGNU~1/13C7F1~1.2RE/bin/../lib/gcc/arm-none-eabi/13.2.1/thumb/v7e-m+fp/hard\libg.a(libc_a-malloc.o)
 .ARM.attributes
                0x0000031a       0x34 C:/PROGRA~2/ARMGNU~1/13C7F1~1.2RE/bin/../lib/gcc/arm-none-eabi/13.2.1/thumb/v7e-m+fp/hard\libg.a(libc_a-rand.o)
 .ARM.attributes
                0x0000034e       0x34 C:/PROGRA~2/ARMGNU~1/13C7F1~1.2RE/bin/../lib/gcc/arm-none-eabi/13.2.1/thumb/v7e-m+fp/hard\libg.a(libc_a-utoa.o)
 .ARM.attributes
                0x00000382       0x34 C:/PROGRA~2/ARMGNU~1/13C7F1~1.2RE/bin/../lib/gcc/arm-none-eabi/13.2.1/thumb/v7e-m+fp/hard\libg.a(libc_a-qsort.o)
 .ARM.attributes
                0x000003b6       0x34 C:/PROGRA~2/ARMGNU~1/13C7F1~1.2RE/bin/../lib/gcc/arm-none-eabi/13.2.1/thumb/v7e-m+fp/hard\libg.a(libc_a-memmove.o)
 .ARM.attributes
                0x000003ea       0x34 C:/PROGRA~2/ARMGNU~1/13C7F1~1.2RE/bin/../lib/gcc/arm-none-eabi/13.2.1/thumb/v7e-m+fp/hard\libg.a(libc_a-memset.o)
 .ARM.attributes
                0x0000041e       0x34 C:/PROGRA~2/ARMGNU~1/13C7F1~1.2RE/bin/../lib/gcc/arm-none-eabi/13.2.1/thumb/v7e-m+fp/hard\libg.a(libc_a-stpcpy.o)
 .ARM.attributes
                0x00000452       0x34 C:/PROGRA~2/ARMGNU~1/13C7F1~1.2RE/bin/../lib/gcc/arm-none-eabi/13.2.1/thumb/v7e-m+fp/hard\libg.a(libc_a-impure.o)
 .ARM.attributes
                0x00000486       0x34 C:/PROGRA~2/ARMGNU~1/13C7F1~1.2RE/bin/../lib/gcc/arm-none-eabi/13.2.1/thumb/v7e-m+fp/hard\libg.a(libc_a-strcpy.o)
 .ARM.attributes
                0x000004ba       0x1c C:/PROGRA~2/ARMGNU~1/13C7F1~1.2RE/bin/../lib/gcc/arm-none-eabi/13.2.1/thumb/v7e-m+fp/hard\libg.a(libc_a-strlen.o)
 .ARM.attributes
                0x000004d6       0x34 C:/PROGRA~2/ARMGNU~1/13C7F1~1.2RE/bin/../lib/gcc/arm-none-eabi/13.2.1/thumb/v7e-m+fp/hard\libg.a(libc_a-findfp.o)
 .ARM.attributes
                0x0000050a       0x34 C:/PROGRA~2/ARMGNU~1/13C7F1~1.2RE/bin/../lib/gcc/arm-none-eabi/13.2.1/thumb/v7e-m+fp/hard\libm.a(libm_a-wf_atan2.o)
 .ARM.attributes
                0x0000053e       0x34 C:/PROGRA~2/ARMGNU~1/13C7F1~1.2RE/bin/../lib/gcc/arm-none-eabi/13.2.1/thumb/v7e-m+fp/hard\libm.a(libm_a-sf_cos.o)
 .ARM.attributes
                0x00000572       0x34 C:/PROGRA~2/ARMGNU~1/13C7F1~1.2RE/bin/../lib/gcc/arm-none-eabi/13.2.1/thumb/v7e-m+fp/hard\libm.a(libm_a-sf_fabs.o)
 .ARM.attributes
                0x000005a6       0x34 C:/PROGRA~2/ARMGNU~1/13C7F1~1.2RE/bin/../lib/gcc/arm-none-eabi/13.2.1/thumb/v7e-m+fp/hard\libm.a(libm_a-sf_sin.o)
 .ARM.attributes
                0x000005da       0x34 C:/PROGRA~2/ARMGNU~1/13C7F1~1.2RE/bin/../lib/gcc/arm-none-eabi/13.2.1/thumb/v7e-m+fp/hard\libm.a(libm_a-sf_tan.o)
 .ARM.attributes
                0x0000060e       0x34 C:/PROGRA~2/ARMGNU~1/13C7F1~1.2RE/bin/../lib/gcc/arm-none-eabi/13.2.1/thumb/v7e-m+fp/hard\libm.a(libm_a-s_ceil.o)
 .ARM.attributes
                0x00000642       0x34 C:/PROGRA~2/ARMGNU~1/13C7F1~1.2RE/bin/../lib/gcc/arm-none-eabi/13.2.1/thumb/v7e-m+fp/hard\libm.a(libm_a-kf_cos.o)
 .ARM.attributes
                0x00000676       0x34 C:/PROGRA~2/ARMGNU~1/13C7F1~1.2RE/bin/../lib/gcc/arm-none-eabi/13.2.1/thumb/v7e-m+fp/hard\libm.a(libm_a-kf_sin.o)
 .ARM.attributes
                0x000006aa       0x34 C:/PROGRA~2/ARMGNU~1/13C7F1~1.2RE/bin/../lib/gcc/arm-none-eabi/13.2.1/thumb/v7e-m+fp/hard\libm.a(libm_a-kf_tan.o)
 .ARM.attributes
                0x000006de       0x34 C:/PROGRA~2/ARMGNU~1/13C7F1~1.2RE/bin/../lib/gcc/arm-none-eabi/13.2.1/thumb/v7e-m+fp/hard\libm.a(libm_a-ef_atan2.o)
 .ARM.attributes
                0x00000712       0x34 C:/PROGRA~2/ARMGNU~1/13C7F1~1.2RE/bin/../lib/gcc/arm-none-eabi/13.2.1/thumb/v7e-m+fp/hard\libm.a(libm_a-ef_rem_pio2.o)
 .ARM.attributes
                0x00000746       0x34 C:/PROGRA~2/ARMGNU~1/13C7F1~1.2RE/bin/../lib/gcc/arm-none-eabi/13.2.1/thumb/v7e-m+fp/hard\libm.a(libm_a-sf_atan.o)
 .ARM.attributes
                0x0000077a       0x34 C:/PROGRA~2/ARMGNU~1/13C7F1~1.2RE/bin/../lib/gcc/arm-none-eabi/13.2.1/thumb/v7e-m+fp/hard\libm.a(libm_a-kf_rem_pio2.o)
 .ARM.attributes
                0x000007ae       0x34 C:/PROGRA~2/ARMGNU~1/13C7F1~1.2RE/bin/../lib/gcc/arm-none-eabi/13.2.1/thumb/v7e-m+fp/hard\libm.a(libm_a-sf_scalbn.o)
 .ARM.attributes
                0x000007e2       0x34 C:/PROGRA~2/ARMGNU~1/13C7F1~1.2RE/bin/../lib/gcc/arm-none-eabi/13.2.1/thumb/v7e-m+fp/hard\libm.a(libm_a-sf_floor.o)

.debug_frame    0x00000000     0x1cd4
 .debug_frame   0x00000000      0x990 CMakeFiles\ddd.dir\src\main.c.obj
 .debug_frame   0x00000990      0x674 CMakeFiles\ddd.dir\engine\3dmath.c.obj
 .debug_frame   0x00001004       0x58 CMakeFiles\ddd.dir\engine\actor.c.obj
 .debug_frame   0x0000105c       0xc0 CMakeFiles\ddd.dir\engine\camera.c.obj
 .debug_frame   0x0000111c       0x30 CMakeFiles\ddd.dir\engine\fsm.c.obj
 .debug_frame   0x0000114c      0x30c CMakeFiles\ddd.dir\engine\render.c.obj
 .debug_frame   0x00001458       0x3c CMakeFiles\ddd.dir\engine\scene.c.obj
 .debug_frame   0x00001494       0x28 CMakeFiles\ddd.dir\engine\symbols.c.obj
 .debug_frame   0x000014bc       0x5c CMakeFiles\ddd.dir\C_\Users\shrin\Documents\PlaydateSDK\C_API\buildsupport\setup.c.obj
 .debug_frame   0x00001518       0x30 C:/PROGRA~2/ARMGNU~1/13C7F1~1.2RE/bin/../lib/gcc/arm-none-eabi/13.2.1/thumb/v7e-m+fp/hard\libgcc.a(_arm_muldf3.o)
 .debug_frame   0x00001548       0xac C:/PROGRA~2/ARMGNU~1/13C7F1~1.2RE/bin/../lib/gcc/arm-none-eabi/13.2.1/thumb/v7e-m+fp/hard\libgcc.a(_arm_addsubdf3.o)
 .debug_frame   0x000015f4       0xc4 C:/PROGRA~2/ARMGNU~1/13C7F1~1.2RE/bin/../lib/gcc/arm-none-eabi/13.2.1/thumb/v7e-m+fp/hard\libgcc.a(_arm_cmpdf2.o)
 .debug_frame   0x000016b8       0x24 C:/PROGRA~2/ARMGNU~1/13C7F1~1.2RE/bin/../lib/gcc/arm-none-eabi/13.2.1/thumb/v7e-m+fp/hard\libgcc.a(_arm_fixdfsi.o)
 .debug_frame   0x000016dc       0x24 C:/PROGRA~2/ARMGNU~1/13C7F1~1.2RE/bin/../lib/gcc/arm-none-eabi/13.2.1/thumb/v7e-m+fp/hard\libgcc.a(_arm_truncdfsf2.o)
 .debug_frame   0x00001700       0x40 C:/PROGRA~2/ARMGNU~1/13C7F1~1.2RE/bin/../lib/gcc/arm-none-eabi/13.2.1/thumb/v7e-m+fp/hard\libg.a(libc_a-itoa.o)
 .debug_frame   0x00001740       0x30 C:/PROGRA~2/ARMGNU~1/13C7F1~1.2RE/bin/../lib/gcc/arm-none-eabi/13.2.1/thumb/v7e-m+fp/hard\libg.a(libc_a-malloc.o)
 .debug_frame   0x00001770       0x3c C:/PROGRA~2/ARMGNU~1/13C7F1~1.2RE/bin/../lib/gcc/arm-none-eabi/13.2.1/thumb/v7e-m+fp/hard\libg.a(libc_a-rand.o)
 .debug_frame   0x000017ac       0x4c C:/PROGRA~2/ARMGNU~1/13C7F1~1.2RE/bin/../lib/gcc/arm-none-eabi/13.2.1/thumb/v7e-m+fp/hard\libg.a(libc_a-utoa.o)
 .debug_frame   0x000017f8       0x44 C:/PROGRA~2/ARMGNU~1/13C7F1~1.2RE/bin/../lib/gcc/arm-none-eabi/13.2.1/thumb/v7e-m+fp/hard\libg.a(libc_a-qsort.o)
 .debug_frame   0x0000183c       0x40 C:/PROGRA~2/ARMGNU~1/13C7F1~1.2RE/bin/../lib/gcc/arm-none-eabi/13.2.1/thumb/v7e-m+fp/hard\libg.a(libc_a-memmove.o)
 .debug_frame   0x0000187c       0x2c C:/PROGRA~2/ARMGNU~1/13C7F1~1.2RE/bin/../lib/gcc/arm-none-eabi/13.2.1/thumb/v7e-m+fp/hard\libg.a(libc_a-memset.o)
 .debug_frame   0x000018a8       0x20 C:/PROGRA~2/ARMGNU~1/13C7F1~1.2RE/bin/../lib/gcc/arm-none-eabi/13.2.1/thumb/v7e-m+fp/hard\libg.a(libc_a-stpcpy.o)
 .debug_frame   0x000018c8       0x20 C:/PROGRA~2/ARMGNU~1/13C7F1~1.2RE/bin/../lib/gcc/arm-none-eabi/13.2.1/thumb/v7e-m+fp/hard\libg.a(libc_a-strcpy.o)
 .debug_frame   0x000018e8      0x13c C:/PROGRA~2/ARMGNU~1/13C7F1~1.2RE/bin/../lib/gcc/arm-none-eabi/13.2.1/thumb/v7e-m+fp/hard\libg.a(libc_a-findfp.o)
 .debug_frame   0x00001a24       0x20 C:/PROGRA~2/ARMGNU~1/13C7F1~1.2RE/bin/../lib/gcc/arm-none-eabi/13.2.1/thumb/v7e-m+fp/hard\libm.a(libm_a-wf_atan2.o)
 .debug_frame   0x00001a44       0x34 C:/PROGRA~2/ARMGNU~1/13C7F1~1.2RE/bin/../lib/gcc/arm-none-eabi/13.2.1/thumb/v7e-m+fp/hard\libm.a(libm_a-sf_cos.o)
 .debug_frame   0x00001a78       0x20 C:/PROGRA~2/ARMGNU~1/13C7F1~1.2RE/bin/../lib/gcc/arm-none-eabi/13.2.1/thumb/v7e-m+fp/hard\libm.a(libm_a-sf_fabs.o)
 .debug_frame   0x00001a98       0x34 C:/PROGRA~2/ARMGNU~1/13C7F1~1.2RE/bin/../lib/gcc/arm-none-eabi/13.2.1/thumb/v7e-m+fp/hard\libm.a(libm_a-sf_sin.o)
 .debug_frame   0x00001acc       0x30 C:/PROGRA~2/ARMGNU~1/13C7F1~1.2RE/bin/../lib/gcc/arm-none-eabi/13.2.1/thumb/v7e-m+fp/hard\libm.a(libm_a-sf_tan.o)
 .debug_frame   0x00001afc       0x30 C:/PROGRA~2/ARMGNU~1/13C7F1~1.2RE/bin/../lib/gcc/arm-none-eabi/13.2.1/thumb/v7e-m+fp/hard\libm.a(libm_a-s_ceil.o)
 .debug_frame   0x00001b2c       0x20 C:/PROGRA~2/ARMGNU~1/13C7F1~1.2RE/bin/../lib/gcc/arm-none-eabi/13.2.1/thumb/v7e-m+fp/hard\libm.a(libm_a-kf_cos.o)
 .debug_frame   0x00001b4c       0x20 C:/PROGRA~2/ARMGNU~1/13C7F1~1.2RE/bin/../lib/gcc/arm-none-eabi/13.2.1/thumb/v7e-m+fp/hard\libm.a(libm_a-kf_sin.o)
 .debug_frame   0x00001b6c       0x28 C:/PROGRA~2/ARMGNU~1/13C7F1~1.2RE/bin/../lib/gcc/arm-none-eabi/13.2.1/thumb/v7e-m+fp/hard\libm.a(libm_a-kf_tan.o)
 .debug_frame   0x00001b94       0x44 C:/PROGRA~2/ARMGNU~1/13C7F1~1.2RE/bin/../lib/gcc/arm-none-eabi/13.2.1/thumb/v7e-m+fp/hard\libm.a(libm_a-ef_atan2.o)
 .debug_frame   0x00001bd8       0x34 C:/PROGRA~2/ARMGNU~1/13C7F1~1.2RE/bin/../lib/gcc/arm-none-eabi/13.2.1/thumb/v7e-m+fp/hard\libm.a(libm_a-ef_rem_pio2.o)
 .debug_frame   0x00001c0c       0x2c C:/PROGRA~2/ARMGNU~1/13C7F1~1.2RE/bin/../lib/gcc/arm-none-eabi/13.2.1/thumb/v7e-m+fp/hard\libm.a(libm_a-sf_atan.o)
 .debug_frame   0x00001c38       0x5c C:/PROGRA~2/ARMGNU~1/13C7F1~1.2RE/bin/../lib/gcc/arm-none-eabi/13.2.1/thumb/v7e-m+fp/hard\libm.a(libm_a-kf_rem_pio2.o)
 .debug_frame   0x00001c94       0x20 C:/PROGRA~2/ARMGNU~1/13C7F1~1.2RE/bin/../lib/gcc/arm-none-eabi/13.2.1/thumb/v7e-m+fp/hard\libm.a(libm_a-sf_scalbn.o)
 .debug_frame   0x00001cb4       0x20 C:/PROGRA~2/ARMGNU~1/13C7F1~1.2RE/bin/../lib/gcc/arm-none-eabi/13.2.1/thumb/v7e-m+fp/hard\libm.a(libm_a-sf_floor.o)

.debug_line_str
                0x00000000      0x1b0
 .debug_line_str
                0x00000000      0x1b0 C:/PROGRA~2/ARMGNU~1/13C7F1~1.2RE/bin/../lib/gcc/arm-none-eabi/13.2.1/thumb/v7e-m+fp/hard\libgcc.a(_arm_muldf3.o)
                                 0xce (size before relaxing)
 .debug_line_str
                0x000001b0       0xce C:/PROGRA~2/ARMGNU~1/13C7F1~1.2RE/bin/../lib/gcc/arm-none-eabi/13.2.1/thumb/v7e-m+fp/hard\libgcc.a(_arm_addsubdf3.o)
 .debug_line_str
                0x000001b0       0xce C:/PROGRA~2/ARMGNU~1/13C7F1~1.2RE/bin/../lib/gcc/arm-none-eabi/13.2.1/thumb/v7e-m+fp/hard\libgcc.a(_arm_cmpdf2.o)
 .debug_line_str
                0x000001b0       0xce C:/PROGRA~2/ARMGNU~1/13C7F1~1.2RE/bin/../lib/gcc/arm-none-eabi/13.2.1/thumb/v7e-m+fp/hard\libgcc.a(_arm_fixdfsi.o)
 .debug_line_str
                0x000001b0       0xce C:/PROGRA~2/ARMGNU~1/13C7F1~1.2RE/bin/../lib/gcc/arm-none-eabi/13.2.1/thumb/v7e-m+fp/hard\libgcc.a(_arm_truncdfsf2.o)
 .debug_line_str
                0x000001b0       0xe2 C:/PROGRA~2/ARMGNU~1/13C7F1~1.2RE/bin/../lib/gcc/arm-none-eabi/13.2.1/thumb/v7e-m+fp/hard\libg.a(libc_a-strlen.o)

Cross Reference Table

Symbol                                            File
ActiveCamera                                      CMakeFiles\ddd.dir\src\main.c.obj
ActiveLure                                        CMakeFiles\ddd.dir\src\main.c.obj
ActiveScene                                       CMakeFiles\ddd.dir\src\main.c.obj
Actor_drawMesh                                    CMakeFiles\ddd.dir\engine\render.c.obj
                                                  CMakeFiles\ddd.dir\src\main.c.obj
Actor_getFrontPointZ                              CMakeFiles\ddd.dir\engine\actor.c.obj
                                                  CMakeFiles\ddd.dir\src\main.c.obj
Actor_updateTransform                             CMakeFiles\ddd.dir\engine\actor.c.obj
                                                  CMakeFiles\ddd.dir\engine\scene.c.obj
ApplyNearClipToLine                               CMakeFiles\ddd.dir\engine\render.c.obj
Camera_getProjectionMatrix                        CMakeFiles\ddd.dir\engine\camera.c.obj
                                                  CMakeFiles\ddd.dir\src\main.c.obj
Camera_getRotationMatrix                          CMakeFiles\ddd.dir\engine\camera.c.obj
                                                  CMakeFiles\ddd.dir\src\main.c.obj
Camera_worldToScreenPos                           CMakeFiles\ddd.dir\engine\camera.c.obj
                                                  CMakeFiles\ddd.dir\engine\render.c.obj
                                                  CMakeFiles\ddd.dir\src\main.c.obj
DELTA_TIME                                        CMakeFiles\ddd.dir\src\main.c.obj
                                                  CMakeFiles\ddd.dir\engine\render.c.obj
                                                  CMakeFiles\ddd.dir\engine\camera.c.obj
DebugScene                                        CMakeFiles\ddd.dir\src\main.c.obj
DefaultLure                                       CMakeFiles\ddd.dir\src\main.c.obj
DefaultScene                                      CMakeFiles\ddd.dir\src\main.c.obj
DefaultView                                       CMakeFiles\ddd.dir\src\main.c.obj
FONT_IGNORE_17                                    CMakeFiles\ddd.dir\src\main.c.obj
FONT_NOPE_8                                       CMakeFiles\ddd.dir\src\main.c.obj
FONT_QUIT_12                                      CMakeFiles\ddd.dir\src\main.c.obj
FONT_XERXES_10                                    CMakeFiles\ddd.dir\src\main.c.obj
FishingScene                                      CMakeFiles\ddd.dir\src\main.c.obj
GLOBAL_ORIGIN                                     CMakeFiles\ddd.dir\src\main.c.obj
GLOBAL_UNIT                                       CMakeFiles\ddd.dir\src\main.c.obj
GLOBAL_UP                                         CMakeFiles\ddd.dir\src\main.c.obj
Gradient_init                                     CMakeFiles\ddd.dir\src\main.c.obj
Gradient_sample                                   CMakeFiles\ddd.dir\src\main.c.obj
Gradient_tick                                     CMakeFiles\ddd.dir\src\main.c.obj
Grid512Long                                       CMakeFiles\ddd.dir\src\main.c.obj
LakeView                                          CMakeFiles\ddd.dir\src\main.c.obj
LakeWaves_render                                  CMakeFiles\ddd.dir\engine\render.c.obj
                                                  CMakeFiles\ddd.dir\src\main.c.obj
LakeWaves_renderWaterHeight                       CMakeFiles\ddd.dir\engine\render.c.obj
                                                  CMakeFiles\ddd.dir\src\main.c.obj
Line_worldDraw                                    CMakeFiles\ddd.dir\engine\render.c.obj
LookTarget_setTarget                              CMakeFiles\ddd.dir\engine\camera.c.obj
                                                  CMakeFiles\ddd.dir\src\main.c.obj
LookTarget_tick                                   CMakeFiles\ddd.dir\engine\camera.c.obj
                                                  CMakeFiles\ddd.dir\engine\scene.c.obj
                                                  CMakeFiles\ddd.dir\src\main.c.obj
Matrix3_add                                       CMakeFiles\ddd.dir\engine\3dmath.c.obj
Matrix3_apply                                     CMakeFiles\ddd.dir\engine\3dmath.c.obj
                                                  CMakeFiles\ddd.dir\engine\render.c.obj
Matrix3_fromQuaternion                            CMakeFiles\ddd.dir\engine\3dmath.c.obj
Matrix3_getRotationX                              CMakeFiles\ddd.dir\engine\3dmath.c.obj
                                                  CMakeFiles\ddd.dir\engine\camera.c.obj
Matrix3_getRotationY                              CMakeFiles\ddd.dir\engine\3dmath.c.obj
                                                  CMakeFiles\ddd.dir\engine\camera.c.obj
Matrix3_getRotationZ                              CMakeFiles\ddd.dir\engine\3dmath.c.obj
                                                  CMakeFiles\ddd.dir\engine\camera.c.obj
Matrix3_lerp                                      CMakeFiles\ddd.dir\engine\3dmath.c.obj
Matrix3_lookAt                                    CMakeFiles\ddd.dir\engine\3dmath.c.obj
                                                  CMakeFiles\ddd.dir\engine\actor.c.obj
                                                  CMakeFiles\ddd.dir\src\main.c.obj
Matrix3_multiply                                  CMakeFiles\ddd.dir\engine\3dmath.c.obj
                                                  CMakeFiles\ddd.dir\engine\camera.c.obj
Matrix3_multiplyScalar                            CMakeFiles\ddd.dir\engine\3dmath.c.obj
Matrix3_rotationFromAngles                        CMakeFiles\ddd.dir\engine\3dmath.c.obj
Matrix4_apply                                     CMakeFiles\ddd.dir\engine\3dmath.c.obj
                                                  CMakeFiles\ddd.dir\engine\camera.c.obj
                                                  CMakeFiles\ddd.dir\engine\actor.c.obj
Matrix4_from3                                     CMakeFiles\ddd.dir\engine\3dmath.c.obj
Matrix4_getMatrixTransform                        CMakeFiles\ddd.dir\engine\3dmath.c.obj
                                                  CMakeFiles\ddd.dir\engine\actor.c.obj
Matrix4_getQuaternionTransform                    CMakeFiles\ddd.dir\engine\3dmath.c.obj
                                                  CMakeFiles\ddd.dir\engine\actor.c.obj
Matrix4_getTransform                              CMakeFiles\ddd.dir\engine\3dmath.c.obj
Matrix4_multiply                                  CMakeFiles\ddd.dir\engine\3dmath.c.obj
PTR_Camera_worldToScreenPos                       CMakeFiles\ddd.dir\engine\camera.c.obj
                                                  CMakeFiles\ddd.dir\engine\render.c.obj
PTR_Matrix3_apply                                 CMakeFiles\ddd.dir\engine\3dmath.c.obj
                                                  CMakeFiles\ddd.dir\engine\render.c.obj
                                                  CMakeFiles\ddd.dir\src\main.c.obj
PTR_Matrix4_apply                                 CMakeFiles\ddd.dir\engine\3dmath.c.obj
                                                  CMakeFiles\ddd.dir\engine\render.c.obj
                                                  CMakeFiles\ddd.dir\engine\camera.c.obj
Quaternion_LookAt                                 CMakeFiles\ddd.dir\engine\3dmath.c.obj
Quaternion_fromAngleAxis                          CMakeFiles\ddd.dir\engine\3dmath.c.obj
Quaternion_fromVector3                            CMakeFiles\ddd.dir\engine\3dmath.c.obj
                                                  CMakeFiles\ddd.dir\engine\actor.c.obj
Quaternion_normalize                              CMakeFiles\ddd.dir\engine\3dmath.c.obj
SINE_GRADIENT                                     CMakeFiles\ddd.dir\src\main.c.obj
SINE_GRADIENT_OFFSET                              CMakeFiles\ddd.dir\src\main.c.obj
SLANT                                             CMakeFiles\ddd.dir\engine\render.c.obj
Scene_update                                      CMakeFiles\ddd.dir\engine\scene.c.obj
                                                  CMakeFiles\ddd.dir\src\main.c.obj
TICKER_FONT                                       CMakeFiles\ddd.dir\src\main.c.obj
TICKER_SPEED                                      CMakeFiles\ddd.dir\src\main.c.obj
TICK_LASTCRANKREADING                             CMakeFiles\ddd.dir\src\main.c.obj
TIME_SCALE                                        CMakeFiles\ddd.dir\src\main.c.obj
UnderwaterView                                    CMakeFiles\ddd.dir\src\main.c.obj
Vector3_add                                       CMakeFiles\ddd.dir\engine\3dmath.c.obj
                                                  CMakeFiles\ddd.dir\src\main.c.obj
Vector3_applyQuaternion                           CMakeFiles\ddd.dir\engine\3dmath.c.obj
Vector3_cross                                     CMakeFiles\ddd.dir\engine\3dmath.c.obj
Vector3_dot                                       CMakeFiles\ddd.dir\engine\3dmath.c.obj
                                                  CMakeFiles\ddd.dir\engine\render.c.obj
                                                  CMakeFiles\ddd.dir\src\main.c.obj
Vector3_fromQuaternion                            CMakeFiles\ddd.dir\engine\3dmath.c.obj
Vector3_getDistance                               CMakeFiles\ddd.dir\engine\3dmath.c.obj
Vector3_getDistanceSquared                        CMakeFiles\ddd.dir\engine\3dmath.c.obj
                                                  CMakeFiles\ddd.dir\src\main.c.obj
Vector3_getForward                                CMakeFiles\ddd.dir\engine\3dmath.c.obj
                                                  CMakeFiles\ddd.dir\src\main.c.obj
Vector3_getLeft                                   CMakeFiles\ddd.dir\engine\3dmath.c.obj
                                                  CMakeFiles\ddd.dir\src\main.c.obj
Vector3_getUp                                     CMakeFiles\ddd.dir\engine\3dmath.c.obj
                                                  CMakeFiles\ddd.dir\src\main.c.obj
Vector3_length                                    CMakeFiles\ddd.dir\engine\3dmath.c.obj
                                                  CMakeFiles\ddd.dir\engine\render.c.obj
Vector3_lengthSquared                             CMakeFiles\ddd.dir\engine\3dmath.c.obj
Vector3_lerp                                      CMakeFiles\ddd.dir\engine\3dmath.c.obj
                                                  CMakeFiles\ddd.dir\engine\render.c.obj
                                                  CMakeFiles\ddd.dir\engine\camera.c.obj
                                                  CMakeFiles\ddd.dir\src\main.c.obj
Vector3_make                                      CMakeFiles\ddd.dir\engine\symbols.c.obj
                                                  CMakeFiles\ddd.dir\engine\3dmath.c.obj
Vector3_multiply                                  CMakeFiles\ddd.dir\engine\3dmath.c.obj
Vector3_multiplyScalar                            CMakeFiles\ddd.dir\engine\3dmath.c.obj
                                                  CMakeFiles\ddd.dir\src\main.c.obj
Vector3_normalize                                 CMakeFiles\ddd.dir\engine\3dmath.c.obj
                                                  CMakeFiles\ddd.dir\engine\actor.c.obj
                                                  CMakeFiles\ddd.dir\src\main.c.obj
Vector3_subtract                                  CMakeFiles\ddd.dir\engine\3dmath.c.obj
                                                  CMakeFiles\ddd.dir\engine\render.c.obj
                                                  CMakeFiles\ddd.dir\engine\actor.c.obj
                                                  CMakeFiles\ddd.dir\src\main.c.obj
WAVE_RIPPLE_U                                     CMakeFiles\ddd.dir\engine\wave_heightmap.c.obj
                                                  CMakeFiles\ddd.dir\engine\render.c.obj
                                                  CMakeFiles\ddd.dir\src\main.c.obj
WAVE_RIPPLE_V                                     CMakeFiles\ddd.dir\engine\wave_heightmap.c.obj
                                                  CMakeFiles\ddd.dir\engine\render.c.obj
                                                  CMakeFiles\ddd.dir\src\main.c.obj
YPlane_render                                     CMakeFiles\ddd.dir\engine\render.c.obj
                                                  CMakeFiles\ddd.dir\src\main.c.obj
YPlane_renderGrid                                 CMakeFiles\ddd.dir\engine\render.c.obj
__adddf3                                          C:/PROGRA~2/ARMGNU~1/13C7F1~1.2RE/bin/../lib/gcc/arm-none-eabi/13.2.1/thumb/v7e-m+fp/hard\libgcc.a(_arm_addsubdf3.o)
__aeabi_cdcmpeq                                   C:/PROGRA~2/ARMGNU~1/13C7F1~1.2RE/bin/../lib/gcc/arm-none-eabi/13.2.1/thumb/v7e-m+fp/hard\libgcc.a(_arm_cmpdf2.o)
__aeabi_cdcmple                                   C:/PROGRA~2/ARMGNU~1/13C7F1~1.2RE/bin/../lib/gcc/arm-none-eabi/13.2.1/thumb/v7e-m+fp/hard\libgcc.a(_arm_cmpdf2.o)
__aeabi_cdrcmple                                  C:/PROGRA~2/ARMGNU~1/13C7F1~1.2RE/bin/../lib/gcc/arm-none-eabi/13.2.1/thumb/v7e-m+fp/hard\libgcc.a(_arm_cmpdf2.o)
__aeabi_d2f                                       C:/PROGRA~2/ARMGNU~1/13C7F1~1.2RE/bin/../lib/gcc/arm-none-eabi/13.2.1/thumb/v7e-m+fp/hard\libgcc.a(_arm_truncdfsf2.o)
                                                  CMakeFiles\ddd.dir\engine\render.c.obj
                                                  CMakeFiles\ddd.dir\engine\3dmath.c.obj
                                                  CMakeFiles\ddd.dir\src\main.c.obj
__aeabi_d2iz                                      C:/PROGRA~2/ARMGNU~1/13C7F1~1.2RE/bin/../lib/gcc/arm-none-eabi/13.2.1/thumb/v7e-m+fp/hard\libgcc.a(_arm_fixdfsi.o)
                                                  CMakeFiles\ddd.dir\src\main.c.obj
__aeabi_dadd                                      C:/PROGRA~2/ARMGNU~1/13C7F1~1.2RE/bin/../lib/gcc/arm-none-eabi/13.2.1/thumb/v7e-m+fp/hard\libgcc.a(_arm_addsubdf3.o)
                                                  C:/PROGRA~2/ARMGNU~1/13C7F1~1.2RE/bin/../lib/gcc/arm-none-eabi/13.2.1/thumb/v7e-m+fp/hard\libm.a(libm_a-s_ceil.o)
                                                  CMakeFiles\ddd.dir\engine\render.c.obj
                                                  CMakeFiles\ddd.dir\src\main.c.obj
__aeabi_dcmpeq                                    C:/PROGRA~2/ARMGNU~1/13C7F1~1.2RE/bin/../lib/gcc/arm-none-eabi/13.2.1/thumb/v7e-m+fp/hard\libgcc.a(_arm_cmpdf2.o)
__aeabi_dcmpge                                    C:/PROGRA~2/ARMGNU~1/13C7F1~1.2RE/bin/../lib/gcc/arm-none-eabi/13.2.1/thumb/v7e-m+fp/hard\libgcc.a(_arm_cmpdf2.o)
__aeabi_dcmpgt                                    C:/PROGRA~2/ARMGNU~1/13C7F1~1.2RE/bin/../lib/gcc/arm-none-eabi/13.2.1/thumb/v7e-m+fp/hard\libgcc.a(_arm_cmpdf2.o)
                                                  C:/PROGRA~2/ARMGNU~1/13C7F1~1.2RE/bin/../lib/gcc/arm-none-eabi/13.2.1/thumb/v7e-m+fp/hard\libm.a(libm_a-s_ceil.o)
__aeabi_dcmple                                    C:/PROGRA~2/ARMGNU~1/13C7F1~1.2RE/bin/../lib/gcc/arm-none-eabi/13.2.1/thumb/v7e-m+fp/hard\libgcc.a(_arm_cmpdf2.o)
__aeabi_dcmplt                                    C:/PROGRA~2/ARMGNU~1/13C7F1~1.2RE/bin/../lib/gcc/arm-none-eabi/13.2.1/thumb/v7e-m+fp/hard\libgcc.a(_arm_cmpdf2.o)
                                                  CMakeFiles\ddd.dir\src\main.c.obj
__aeabi_dmul                                      C:/PROGRA~2/ARMGNU~1/13C7F1~1.2RE/bin/../lib/gcc/arm-none-eabi/13.2.1/thumb/v7e-m+fp/hard\libgcc.a(_arm_muldf3.o)
                                                  CMakeFiles\ddd.dir\engine\render.c.obj
                                                  CMakeFiles\ddd.dir\src\main.c.obj
__aeabi_drsub                                     C:/PROGRA~2/ARMGNU~1/13C7F1~1.2RE/bin/../lib/gcc/arm-none-eabi/13.2.1/thumb/v7e-m+fp/hard\libgcc.a(_arm_addsubdf3.o)
__aeabi_dsub                                      C:/PROGRA~2/ARMGNU~1/13C7F1~1.2RE/bin/../lib/gcc/arm-none-eabi/13.2.1/thumb/v7e-m+fp/hard\libgcc.a(_arm_addsubdf3.o)
                                                  CMakeFiles\ddd.dir\engine\3dmath.c.obj
__aeabi_f2d                                       C:/PROGRA~2/ARMGNU~1/13C7F1~1.2RE/bin/../lib/gcc/arm-none-eabi/13.2.1/thumb/v7e-m+fp/hard\libgcc.a(_arm_addsubdf3.o)
                                                  CMakeFiles\ddd.dir\engine\render.c.obj
                                                  CMakeFiles\ddd.dir\engine\3dmath.c.obj
                                                  CMakeFiles\ddd.dir\src\main.c.obj
__aeabi_i2d                                       C:/PROGRA~2/ARMGNU~1/13C7F1~1.2RE/bin/../lib/gcc/arm-none-eabi/13.2.1/thumb/v7e-m+fp/hard\libgcc.a(_arm_addsubdf3.o)
__aeabi_l2d                                       C:/PROGRA~2/ARMGNU~1/13C7F1~1.2RE/bin/../lib/gcc/arm-none-eabi/13.2.1/thumb/v7e-m+fp/hard\libgcc.a(_arm_addsubdf3.o)
__aeabi_ui2d                                      C:/PROGRA~2/ARMGNU~1/13C7F1~1.2RE/bin/../lib/gcc/arm-none-eabi/13.2.1/thumb/v7e-m+fp/hard\libgcc.a(_arm_addsubdf3.o)
__aeabi_ul2d                                      C:/PROGRA~2/ARMGNU~1/13C7F1~1.2RE/bin/../lib/gcc/arm-none-eabi/13.2.1/thumb/v7e-m+fp/hard\libgcc.a(_arm_addsubdf3.o)
__cmpdf2                                          C:/PROGRA~2/ARMGNU~1/13C7F1~1.2RE/bin/../lib/gcc/arm-none-eabi/13.2.1/thumb/v7e-m+fp/hard\libgcc.a(_arm_cmpdf2.o)
__eqdf2                                           C:/PROGRA~2/ARMGNU~1/13C7F1~1.2RE/bin/../lib/gcc/arm-none-eabi/13.2.1/thumb/v7e-m+fp/hard\libgcc.a(_arm_cmpdf2.o)
__errno                                           C:/PROGRA~2/ARMGNU~1/13C7F1~1.2RE/bin/../lib/gcc/arm-none-eabi/13.2.1/thumb/v7e-m+fp/hard\libc.a(libc_a-errno.o)
                                                  C:/PROGRA~2/ARMGNU~1/13C7F1~1.2RE/bin/../lib/gcc/arm-none-eabi/13.2.1/thumb/v7e-m+fp/hard\libm.a(libm_a-wf_sqrt.o)
                                                  C:/PROGRA~2/ARMGNU~1/13C7F1~1.2RE/bin/../lib/gcc/arm-none-eabi/13.2.1/thumb/v7e-m+fp/hard\libm.a(libm_a-wf_acos.o)
__extendsfdf2                                     C:/PROGRA~2/ARMGNU~1/13C7F1~1.2RE/bin/../lib/gcc/arm-none-eabi/13.2.1/thumb/v7e-m+fp/hard\libgcc.a(_arm_addsubdf3.o)
__fixdfsi                                         C:/PROGRA~2/ARMGNU~1/13C7F1~1.2RE/bin/../lib/gcc/arm-none-eabi/13.2.1/thumb/v7e-m+fp/hard\libgcc.a(_arm_fixdfsi.o)
__floatdidf                                       C:/PROGRA~2/ARMGNU~1/13C7F1~1.2RE/bin/../lib/gcc/arm-none-eabi/13.2.1/thumb/v7e-m+fp/hard\libgcc.a(_arm_addsubdf3.o)
__floatsidf                                       C:/PROGRA~2/ARMGNU~1/13C7F1~1.2RE/bin/../lib/gcc/arm-none-eabi/13.2.1/thumb/v7e-m+fp/hard\libgcc.a(_arm_addsubdf3.o)
__floatundidf                                     C:/PROGRA~2/ARMGNU~1/13C7F1~1.2RE/bin/../lib/gcc/arm-none-eabi/13.2.1/thumb/v7e-m+fp/hard\libgcc.a(_arm_addsubdf3.o)
__floatunsidf                                     C:/PROGRA~2/ARMGNU~1/13C7F1~1.2RE/bin/../lib/gcc/arm-none-eabi/13.2.1/thumb/v7e-m+fp/hard\libgcc.a(_arm_addsubdf3.o)
__fp_lock_all                                     C:/PROGRA~2/ARMGNU~1/13C7F1~1.2RE/bin/../lib/gcc/arm-none-eabi/13.2.1/thumb/v7e-m+fp/hard\libg.a(libc_a-findfp.o)
__fp_unlock_all                                   C:/PROGRA~2/ARMGNU~1/13C7F1~1.2RE/bin/../lib/gcc/arm-none-eabi/13.2.1/thumb/v7e-m+fp/hard\libg.a(libc_a-findfp.o)