Archive member included to satisfy reference by file (symbol)

C:/PROGRA~2/ARMGNU~1/13C7F1~1.2RE/bin/../lib/gcc/arm-none-eabi/13.2.1/thumb/v7e-m+fp/hard\libgcc.a(_arm_muldf3.o)
                              CMakeFiles\ddd.dir\src\main.c.obj (__aeabi_dmul)
C:/PROGRA~2/ARMGNU~1/13C7F1~1.2RE/bin/../lib/gcc/arm-none-eabi/13.2.1/thumb/v7e-m+fp/hard\libgcc.a(_arm_addsubdf3.o)
                              CMakeFiles\ddd.dir\src\main.c.obj (__aeabi_dsub)
C:/PROGRA~2/ARMGNU~1/13C7F1~1.2RE/bin/../lib/gcc/arm-none-eabi/13.2.1/thumb/v7e-m+fp/hard\libgcc.a(_arm_muldivdf3.o)
                              CMakeFiles\ddd.dir\src\main.c.obj (__aeabi_ddiv)
C:/PROGRA~2/ARMGNU~1/13C7F1~1.2RE/bin/../lib/gcc/arm-none-eabi/13.2.1/thumb/v7e-m+fp/hard\libgcc.a(_arm_fixdfsi.o)
                              CMakeFiles\ddd.dir\src\main.c.obj (__aeabi_d2iz)
C:/PROGRA~2/ARMGNU~1/13C7F1~1.2RE/bin/../lib/gcc/arm-none-eabi/13.2.1/thumb/v7e-m+fp/hard\libgcc.a(_arm_truncdfsf2.o)
                              CMakeFiles\ddd.dir\src\main.c.obj (__aeabi_d2f)
C:/PROGRA~2/ARMGNU~1/13C7F1~1.2RE/bin/../lib/gcc/arm-none-eabi/13.2.1/thumb/v7e-m+fp/hard\libg.a(libc_a-itoa.o)
                              CMakeFiles\ddd.dir\src\main.c.obj (itoa)
C:/PROGRA~2/ARMGNU~1/13C7F1~1.2RE/bin/../lib/gcc/arm-none-eabi/13.2.1/thumb/v7e-m+fp/hard\libg.a(libc_a-malloc.o)
                              CMakeFiles\ddd.dir\src\main.c.obj (malloc)
C:/PROGRA~2/ARMGNU~1/13C7F1~1.2RE/bin/../lib/gcc/arm-none-eabi/13.2.1/thumb/v7e-m+fp/hard\libg.a(libc_a-rand.o)
                              CMakeFiles\ddd.dir\src\main.c.obj (rand)
C:/PROGRA~2/ARMGNU~1/13C7F1~1.2RE/bin/../lib/gcc/arm-none-eabi/13.2.1/thumb/v7e-m+fp/hard\libg.a(libc_a-utoa.o)
                              C:/PROGRA~2/ARMGNU~1/13C7F1~1.2RE/bin/../lib/gcc/arm-none-eabi/13.2.1/thumb/v7e-m+fp/hard\libg.a(libc_a-itoa.o) (__utoa)
C:/PROGRA~2/ARMGNU~1/13C7F1~1.2RE/bin/../lib/gcc/arm-none-eabi/13.2.1/thumb/v7e-m+fp/hard\libg.a(libc_a-qsort.o)
                              CMakeFiles\ddd.dir\engine\render.c.obj (qsort)
C:/PROGRA~2/ARMGNU~1/13C7F1~1.2RE/bin/../lib/gcc/arm-none-eabi/13.2.1/thumb/v7e-m+fp/hard\libg.a(libc_a-memmove.o)
                              CMakeFiles\ddd.dir\src\main.c.obj (memmove)
C:/PROGRA~2/ARMGNU~1/13C7F1~1.2RE/bin/../lib/gcc/arm-none-eabi/13.2.1/thumb/v7e-m+fp/hard\libg.a(libc_a-memset.o)
                              CMakeFiles\ddd.dir\engine\3dmath.c.obj (memset)
C:/PROGRA~2/ARMGNU~1/13C7F1~1.2RE/bin/../lib/gcc/arm-none-eabi/13.2.1/thumb/v7e-m+fp/hard\libg.a(libc_a-stpcpy.o)
                              CMakeFiles\ddd.dir\src\main.c.obj (stpcpy)
C:/PROGRA~2/ARMGNU~1/13C7F1~1.2RE/bin/../lib/gcc/arm-none-eabi/13.2.1/thumb/v7e-m+fp/hard\libg.a(libc_a-impure.o)
                              C:/PROGRA~2/ARMGNU~1/13C7F1~1.2RE/bin/../lib/gcc/arm-none-eabi/13.2.1/thumb/v7e-m+fp/hard\libg.a(libc_a-malloc.o) (_impure_ptr)
C:/PROGRA~2/ARMGNU~1/13C7F1~1.2RE/bin/../lib/gcc/arm-none-eabi/13.2.1/thumb/v7e-m+fp/hard\libg.a(libc_a-strcpy.o)
                              CMakeFiles\ddd.dir\src\main.c.obj (strcpy)
C:/PROGRA~2/ARMGNU~1/13C7F1~1.2RE/bin/../lib/gcc/arm-none-eabi/13.2.1/thumb/v7e-m+fp/hard\libg.a(libc_a-strlen.o)
                              CMakeFiles\ddd.dir\src\main.c.obj (strlen)
C:/PROGRA~2/ARMGNU~1/13C7F1~1.2RE/bin/../lib/gcc/arm-none-eabi/13.2.1/thumb/v7e-m+fp/hard\libg.a(libc_a-findfp.o)
                              C:/PROGRA~2/ARMGNU~1/13C7F1~1.2RE/bin/../lib/gcc/arm-none-eabi/13.2.1/thumb/v7e-m+fp/hard\libg.a(libc_a-impure.o) (__sf)
C:/PROGRA~2/ARMGNU~1/13C7F1~1.2RE/bin/../lib/gcc/arm-none-eabi/13.2.1/thumb/v7e-m+fp/hard\libg.a(libc_a-fwalk.o)
                              C:/PROGRA~2/ARMGNU~1/13C7F1~1.2RE/bin/../lib/gcc/arm-none-eabi/13.2.1/thumb/v7e-m+fp/hard\libg.a(libc_a-findfp.o) (_fwalk_sglue)
C:/PROGRA~2/ARMGNU~1/13C7F1~1.2RE/bin/../lib/gcc/arm-none-eabi/13.2.1/thumb/v7e-m+fp/hard\libg.a(libc_a-stdio.o)
                              C:/PROGRA~2/ARMGNU~1/13C7F1~1.2RE/bin/../lib/gcc/arm-none-eabi/13.2.1/thumb/v7e-m+fp/hard\libg.a(libc_a-findfp.o) (__sread)
C:/PROGRA~2/ARMGNU~1/13C7F1~1.2RE/bin/../lib/gcc/arm-none-eabi/13.2.1/thumb/v7e-m+fp/hard\libg.a(libc_a-closer.o)
                              C:/PROGRA~2/ARMGNU~1/13C7F1~1.2RE/bin/../lib/gcc/arm-none-eabi/13.2.1/thumb/v7e-m+fp/hard\libg.a(libc_a-stdio.o) (_close_r)
C:/PROGRA~2/ARMGNU~1/13C7F1~1.2RE/bin/../lib/gcc/arm-none-eabi/13.2.1/thumb/v7e-m+fp/hard\libg.a(libc_a-reent.o)
                              C:/PROGRA~2/ARMGNU~1/13C7F1~1.2RE/bin/../lib/gcc/arm-none-eabi/13.2.1/thumb/v7e-m+fp/hard\libg.a(libc_a-closer.o) (errno)
C:/PROGRA~2/ARMGNU~1/13C7F1~1.2RE/bin/../lib/gcc/arm-none-eabi/13.2.1/thumb/v7e-m+fp/hard\libg.a(libc_a-lseekr.o)
                              C:/PROGRA~2/ARMGNU~1/13C7F1~1.2RE/bin/../lib/gcc/arm-none-eabi/13.2.1/thumb/v7e-m+fp/hard\libg.a(libc_a-stdio.o) (_lseek_r)
C:/PROGRA~2/ARMGNU~1/13C7F1~1.2RE/bin/../lib/gcc/arm-none-eabi/13.2.1/thumb/v7e-m+fp/hard\libg.a(libc_a-readr.o)
[...]
Memory Configuration

Name             Origin             Length             Attributes
*default*        0x00000000         0xffffffff

Linker script and memory map

LOAD CMakeFiles\ddd.dir\src\main.c.obj
LOAD CMakeFiles\ddd.dir\engine\3dmath.c.obj
LOAD CMakeFiles\ddd.dir\engine\actor.c.obj
LOAD CMakeFiles\ddd.dir\engine\camera.c.obj
LOAD CMakeFiles\ddd.dir\engine\fsm.c.obj
LOAD CMakeFiles\ddd.dir\engine\quaternion.c.obj
LOAD CMakeFiles\ddd.dir\engine\render.c.obj
LOAD CMakeFiles\ddd.dir\engine\scene.c.obj
LOAD CMakeFiles\ddd.dir\engine\symbols.c.obj
LOAD CMakeFiles\ddd.dir\engine\wave_heightmap.c.obj
LOAD CMakeFiles\ddd.dir\C_\Users\shrin\Documents\PlaydateSDK\C_API\buildsupport\setup.c.obj
START GROUP
LOAD C:/PROGRA~2/ARMGNU~1/13C7F1~1.2RE/bin/../lib/gcc/arm-none-eabi/13.2.1/thumb/v7e-m+fp/hard\libgcc.a
LOAD C:/PROGRA~2/ARMGNU~1/13C7F1~1.2RE/bin/../lib/gcc/arm-none-eabi/13.2.1/thumb/v7e-m+fp/hard\libg.a
LOAD C:/PROGRA~2/ARMGNU~1/13C7F1~1.2RE/bin/../lib/gcc/arm-none-eabi/13.2.1/thumb/v7e-m+fp/hard\libc.a
END GROUP
START GROUP
LOAD C:/PROGRA~2/ARMGNU~1/13C7F1~1.2RE/bin/../lib/gcc/arm-none-eabi/13.2.1/thumb/v7e-m+fp/hard\libgcc.a
LOAD C:/PROGRA~2/ARMGNU~1/13C7F1~1.2RE/bin/../lib/gcc/arm-none-eabi/13.2.1/thumb/v7e-m+fp/hard\libc.a
LOAD C:/PROGRA~2/ARMGNU~1/13C7F1~1.2RE/bin/../lib/gcc/arm-none-eabi/13.2.1/thumb/v7e-m+fp/hard\libm.a
END GROUP

.text           0x00000000     0x720c
 *(.text)
 .text          0x00000000      0x378 C:/PROGRA~2/ARMGNU~1/13C7F1~1.2RE/bin/../lib/gcc/arm-none-eabi/13.2.1/thumb/v7e-m+fp/hard\libgcc.a(_arm_addsubdf3.o)
                0x00000000                __aeabi_drsub
                0x00000008                __aeabi_dsub
                0x00000008                __subdf3
                0x0000000c                __aeabi_dadd
                0x0000000c                __adddf3
                0x00000284                __floatunsidf
                0x00000284                __aeabi_ui2d
                0x000002a4                __floatsidf
                0x000002a4                __aeabi_i2d
                0x000002c8                __aeabi_f2d
                0x000002c8                __extendsfdf2
                0x0000030c                __floatundidf
                0x0000030c                __aeabi_ul2d
                0x0000031c                __floatdidf
                0x0000031c                __aeabi_l2d
 .text          0x00000378      0x424 C:/PROGRA~2/ARMGNU~1/13C7F1~1.2RE/bin/../lib/gcc/arm-none-eabi/13.2.1/thumb/v7e-m+fp/hard\libgcc.a(_arm_muldivdf3.o)
                0x00000378                __aeabi_dmul
                0x00000378                __muldf3
                0x000005cc                __divdf3
                0x000005cc                __aeabi_ddiv
 .text          0x0000079c       0x50 C:/PROGRA~2/ARMGNU~1/13C7F1~1.2RE/bin/../lib/gcc/arm-none-eabi/13.2.1/thumb/v7e-m+fp/hard\libgcc.a(_arm_fixdfsi.o)
                0x0000079c                __aeabi_d2iz
                0x0000079c                __fixdfsi
 .text          0x000007ec       0xa0 C:/PROGRA~2/ARMGNU~1/13C7F1~1.2RE/bin/../lib/gcc/arm-none-eabi/13.2.1/thumb/v7e-m+fp/hard\libgcc.a(_arm_truncdfsf2.o)
                0x000007ec                __truncdfsf2
                0x000007ec                __aeabi_d2f
 *fill*         0x0000088c       0x34 
 .text          0x000008c0       0xd8 C:/PROGRA~2/ARMGNU~1/13C7F1~1.2RE/bin/../lib/gcc/arm-none-eabi/13.2.1/thumb/v7e-m+fp/hard\libg.a(libc_a-strlen.o)
                0x000008c0                strlen
 .text          0x00000998      0x110 C:/PROGRA~2/ARMGNU~1/13C7F1~1.2RE/bin/../lib/gcc/arm-none-eabi/13.2.1/thumb/v7e-m+fp/hard\libgcc.a(_arm_cmpdf2.o)
                0x00000998                __gtdf2
                0x00000998                __gedf2
                0x000009a0                __ltdf2
                0x000009a0                __ledf2
                0x000009a8                __nedf2
                0x000009a8                __eqdf2
                0x000009a8                __cmpdf2
                0x00000a24                __aeabi_cdrcmple
                0x00000a34                __aeabi_cdcmpeq
                0x00000a34                __aeabi_cdcmple
                0x00000a44                __aeabi_dcmpeq
                0x00000a58                __aeabi_dcmplt
                0x00000a6c                __aeabi_dcmple
                0x00000a80                __aeabi_dcmpge
                0x00000a94                __aeabi_dcmpgt
 *(.text.*)
 *fill*         0x00000aa8        0x8 
 .text.lte      0x00000ab0       0x20 CMakeFiles\ddd.dir\src\main.c.obj
                0x00000ab0                lte
 .text.gte      0x00000ad0       0x1c CMakeFiles\ddd.dir\src\main.c.obj
                0x00000ad0                gte
 *fill*         0x00000aec        0x4 
 .text.lure_update_descend
                0x00000af0       0x54 CMakeFiles\ddd.dir\src\main.c.obj
                0x00000af0                lure_update_descend
 *fill*         0x00000b44        0xc 
 .text.lure_move_ascend
                0x00000b50       0x7c CMakeFiles\ddd.dir\src\main.c.obj
                0x00000b50                lure_move_ascend
 *fill*         0x00000bcc        0x4 
 .text.pattern_fit_default
                0x00000bd0      0x1e8 CMakeFiles\ddd.dir\src\main.c.obj
                0x00000bd0                pattern_fit_default
 *fill*         0x00000db8        0x8 
 .text.fish_update
                0x00000dc0        0x4 CMakeFiles\ddd.dir\src\main.c.obj
                0x00000dc0                fish_update
 *fill*         0x00000dc4        0xc 
 .text.fish_vertShader
                0x00000dd0        0x4 CMakeFiles\ddd.dir\src\main.c.obj
                0x00000dd0                fish_vertShader
 *fill*         0x00000dd4        0xc 
 .text.audio_intro_finish_callback
                0x00000de0       0x2c CMakeFiles\ddd.dir\src\main.c.obj
                0x00000de0                audio_intro_finish_callback
 *fill*         0x00000e0c        0x4 
 .text.fsm_main_init
                0x00000e10       0x1c CMakeFiles\ddd.dir\src\main.c.obj
                0x00000e10                fsm_main_init
 *fill*         0x00000e2c        0x4 
 .text.fsm_main_update_cast_to_reeling
                0x00000e30       0xac CMakeFiles\ddd.dir\src\main.c.obj
                0x00000e30                fsm_main_update_cast_to_reeling
 *fill*         0x00000edc        0x4 
 .text.fsm_main_update_reeling_to_cast
                0x00000ee0       0x44 CMakeFiles\ddd.dir\src\main.c.obj
                0x00000ee0                fsm_main_update_reeling_to_cast
 *fill*         0x00000f24        0xc 
 .text.fsm_fish_init
                0x00000f30       0x1c CMakeFiles\ddd.dir\src\main.c.obj
                0x00000f30                fsm_fish_init
 *fill*         0x00000f4c        0x4 
 .text.underwater_camera_update
                0x00000f50       0x64 CMakeFiles\ddd.dir\src\main.c.obj
                0x00000f50                underwater_camera_update
 *fill*         0x00000fb4        0xc 
 .text.lake_update
                0x00000fc0      0x320 CMakeFiles\ddd.dir\src\main.c.obj
                0x00000fc0                lake_update
 .text.fsm_fish_swim_to_idle
                0x000012e0       0x5c CMakeFiles\ddd.dir\src\main.c.obj
                0x000012e0                fsm_fish_swim_to_idle
 *fill*         0x0000133c        0x4 
 .text.fsm_fish_idle_to_swim
                0x00001340       0x98 CMakeFiles\ddd.dir\src\main.c.obj
                0x00001340                fsm_fish_idle_to_swim
 *fill*         0x000013d8        0x8 
 .text.fsm_fish_update
                0x000013e0       0xfc CMakeFiles\ddd.dir\src\main.c.obj
                0x000013e0                fsm_fish_update
 *fill*         0x000014dc        0x4 
 .text.lake_draw
                0x000014e0       0x24 CMakeFiles\ddd.dir\src\main.c.obj
                0x000014e0                lake_draw
 *fill*         0x00001504        0xc 
 .text.fsm_main_update
                0x00001510       0x14 CMakeFiles\ddd.dir\src\main.c.obj
                0x00001510                fsm_main_update
 *fill*         0x00001524        0xc 
 .text.underwater_update
                0x00001530        0x4 CMakeFiles\ddd.dir\src\main.c.obj
                0x00001530                underwater_update
 *fill*         0x00001534        0xc 
 .text.underwater_draw
                0x00001540        0x4 CMakeFiles\ddd.dir\src\main.c.obj
                0x00001540                underwater_draw
 *fill*         0x00001544        0xc 
 .text.playdate_getCrankTicks
                0x00001550       0xd4 CMakeFiles\ddd.dir\src\main.c.obj
                0x00001550                playdate_getCrankTicks
 *fill*         0x00001624        0xc 
 .text.lure_update
                0x00001630      0x17c CMakeFiles\ddd.dir\src\main.c.obj
                0x00001630                lure_update
 *fill*         0x000017ac        0x4 
 .text.ticker_add
                0x000017b0       0xc0 CMakeFiles\ddd.dir\src\main.c.obj
                0x000017b0                ticker_add
 .text.ticker_add_from
                0x00001870       0x38 CMakeFiles\ddd.dir\src\main.c.obj
                0x00001870                ticker_add_from
 *fill*         0x000018a8        0x8 
 .text.fishing_scene_init
                0x000018b0      0x328 CMakeFiles\ddd.dir\src\main.c.obj
                0x000018b0                fishing_scene_init
 *fill*         0x00001bd8        0x8 
 .text.ticker_clear_first
                0x00001be0      0x140 CMakeFiles\ddd.dir\src\main.c.obj
                0x00001be0                ticker_clear_first
 .text.ui_news_ticker
                0x00001d20       0xc4 CMakeFiles\ddd.dir\src\main.c.obj
                0x00001d20                ui_news_ticker
 *fill*         0x00001de4        0xc 
 .text.ui_depth
                0x00001df0      0x26c CMakeFiles\ddd.dir\src\main.c.obj
                0x00001df0                ui_depth
 *fill*         0x0000205c        0x4 
 .text.ui_yards
                0x00002060      0x144 CMakeFiles\ddd.dir\src\main.c.obj
                0x00002060                ui_yards
 *fill*         0x000021a4        0xc 
 .text.ui_tension
                0x000021b0      0x288 CMakeFiles\ddd.dir\src\main.c.obj
                0x000021b0                ui_tension
 *fill*         0x00002438        0x8 
 .text.lake_postdraw
                0x00002440       0x28 CMakeFiles\ddd.dir\src\main.c.obj
                0x00002440                lake_postdraw
 *fill*         0x00002468        0x8 
 .text.lure_line_render
                0x00002470      0x168 CMakeFiles\ddd.dir\src\main.c.obj
                0x00002470                lure_line_render
 *fill*         0x000025d8        0x8 
 .text.underwater_postdraw
                0x000025e0       0x1c CMakeFiles\ddd.dir\src\main.c.obj
                0x000025e0                underwater_postdraw
 *fill*         0x000025fc        0x4 
 .text.shift_crank_buffer
                0x00002600       0x7c CMakeFiles\ddd.dir\src\main.c.obj
                0x00002600                shift_crank_buffer
 *fill*         0x0000267c        0x4 
 .text.music_update
                0x00002680       0x7c CMakeFiles\ddd.dir\src\main.c.obj
                0x00002680                music_update
 *fill*         0x000026fc        0x4 
 .text.fishing_scene_update
                0x00002700      0x234 CMakeFiles\ddd.dir\src\main.c.obj
                0x00002700                fishing_scene_update
 *fill*         0x00002934        0xc 
 .text.camera_init
                0x00002940       0xbc CMakeFiles\ddd.dir\src\main.c.obj
                0x00002940                camera_init
 *fill*         0x000029fc        0x4 
 .text.eventHandler
                0x00002a00      0x174 CMakeFiles\ddd.dir\src\main.c.obj
                0x00002a00                eventHandler
 *fill*         0x00002b74        0xc 
 .text.camera_update
                0x00002b80       0xe0 CMakeFiles\ddd.dir\src\main.c.obj
                0x00002b80                camera_update
 .text.update   0x00002c60      0x150 CMakeFiles\ddd.dir\src\main.c.obj
 .text.lerp     0x00002db0        0xc CMakeFiles\ddd.dir\engine\3dmath.c.obj
                0x00002db0                lerp
 *fill*         0x00002dbc        0x4 
 .text.Vector3_dot
                0x00002dc0       0x18 CMakeFiles\ddd.dir\engine\3dmath.c.obj
                0x00002dc0                Vector3_dot
 *fill*         0x00002dd8        0x8 
 .text.Vector3_length
                0x00002de0       0x20 CMakeFiles\ddd.dir\engine\3dmath.c.obj
                0x00002de0                Vector3_length
 .text.Vector3_subtract
                0x00002e00       0x2c CMakeFiles\ddd.dir\engine\3dmath.c.obj
                0x00002e00                Vector3_subtract
 *fill*         0x00002e2c        0x4 
 .text.Vector3_multiplyScalar
                0x00002e30       0x20 CMakeFiles\ddd.dir\engine\3dmath.c.obj
                0x00002e30                Vector3_multiplyScalar
 .text.Vector3_normalize
                0x00002e50       0x24 CMakeFiles\ddd.dir\engine\3dmath.c.obj
                0x00002e50                Vector3_normalize
 *fill*         0x00002e74        0xc 
 .text.pnormal  0x00002e80       0x78 CMakeFiles\ddd.dir\engine\3dmath.c.obj
                0x00002e80                pnormal
 *fill*         0x00002ef8        0x8 
 .text.Vector3_lerp
                0x00002f00       0x68 CMakeFiles\ddd.dir\engine\3dmath.c.obj
                0x00002f00                Vector3_lerp
 *fill*         0x00002f68        0x8 
 .text.Vector3_getDistanceSquared
                0x00002f70       0x34 CMakeFiles\ddd.dir\engine\3dmath.c.obj
                0x00002f70                Vector3_getDistanceSquared
 *fill*         0x00002fa4        0xc 
 .text.Matrix3_multiply
                0x00002fb0      0x158 CMakeFiles\ddd.dir\engine\3dmath.c.obj
                0x00002fb0                Matrix3_multiply
 *fill*         0x00003108        0x8 
 .text.Matrix3_apply
                0x00003110       0x74 CMakeFiles\ddd.dir\engine\3dmath.c.obj
                0x00003110                Matrix3_apply
 *fill*         0x00003184        0xc 
 .text.PTR_Matrix3_apply
                0x00003190       0x7c CMakeFiles\ddd.dir\engine\3dmath.c.obj
                0x00003190                PTR_Matrix3_apply
 *fill*         0x0000320c        0x4 
 .text.Matrix3_getRotationX
                0x00003210       0x4c CMakeFiles\ddd.dir\engine\3dmath.c.obj
                0x00003210                Matrix3_getRotationX
 *fill*         0x0000325c        0x4 
 .text.Matrix3_getRotationY
                0x00003260       0x4c CMakeFiles\ddd.dir\engine\3dmath.c.obj
                0x00003260                Matrix3_getRotationY
 *fill*         0x000032ac        0x4 
 .text.Matrix3_getRotationZ
                0x000032b0       0x50 CMakeFiles\ddd.dir\engine\3dmath.c.obj
                0x000032b0                Matrix3_getRotationZ
 .text.Matrix3_lookAt
                0x00003300       0xd0 CMakeFiles\ddd.dir\engine\3dmath.c.obj
                0x00003300                Matrix3_lookAt
 .text.Matrix4_getQuaternionTransform
                0x000033d0       0xf0 CMakeFiles\ddd.dir\engine\3dmath.c.obj
                0x000033d0                Matrix4_getQuaternionTransform
 .text.Matrix4_getMatrixTransform
                0x000034c0       0x9c CMakeFiles\ddd.dir\engine\3dmath.c.obj
                0x000034c0                Matrix4_getMatrixTransform
 *fill*         0x0000355c        0x4 
 .text.Matrix4_apply
                0x00003560       0xac CMakeFiles\ddd.dir\engine\3dmath.c.obj
                0x00003560                Matrix4_apply
 *fill*         0x0000360c        0x4 
 .text.PTR_Matrix4_apply
                0x00003610       0xb4 CMakeFiles\ddd.dir\engine\3dmath.c.obj
                0x00003610                PTR_Matrix4_apply
 *fill*         0x000036c4        0xc 
 .text.Quaternion_fromVector3
                0x000036d0       0xe0 CMakeFiles\ddd.dir\engine\3dmath.c.obj
                0x000036d0                Quaternion_fromVector3
 .text.Actor_updateTransform
                0x000037b0      0x118 CMakeFiles\ddd.dir\engine\actor.c.obj
                0x000037b0                Actor_updateTransform
 *fill*         0x000038c8        0x8 
 .text.Camera_getProjectionMatrix
                0x000038d0       0x6c CMakeFiles\ddd.dir\engine\camera.c.obj
                0x000038d0                Camera_getProjectionMatrix
 *fill*         0x0000393c        0x4 
 .text.Camera_worldToScreenPos
                0x00003940       0x38 CMakeFiles\ddd.dir\engine\camera.c.obj
                0x00003940                Camera_worldToScreenPos
 *fill*         0x00003978        0x8 
 .text.PTR_Camera_worldToScreenPos
                0x00003980       0x4c CMakeFiles\ddd.dir\engine\camera.c.obj
                0x00003980                PTR_Camera_worldToScreenPos
 *fill*         0x000039cc        0x4 
 .text.Camera_getRotationMatrix
                0x000039d0       0xcc CMakeFiles\ddd.dir\engine\camera.c.obj
                0x000039d0                Camera_getRotationMatrix
 *fill*         0x00003a9c        0x4 
 .text.LookTarget_setTarget
                0x00003aa0       0x24 CMakeFiles\ddd.dir\engine\camera.c.obj
                0x00003aa0                LookTarget_setTarget
 *fill*         0x00003ac4        0xc 
 .text.LookTarget_tick
                0x00003ad0       0xac CMakeFiles\ddd.dir\engine\camera.c.obj
                0x00003ad0                LookTarget_tick
 *fill*         0x00003b7c        0x4 
 .text.fsm_set_state
                0x00003b80       0x20 CMakeFiles\ddd.dir\engine\fsm.c.obj
                0x00003b80                fsm_set_state
 .text.compare_zdepth
                0x00003ba0       0x18 CMakeFiles\ddd.dir\engine\render.c.obj
                0x00003ba0                compare_zdepth
 *fill*         0x00003bb8        0x8 
 .text.ApplyNearClipToLine
                0x00003bc0       0xe4 CMakeFiles\ddd.dir\engine\render.c.obj
                0x00003bc0                ApplyNearClipToLine
 *fill*         0x00003ca4        0xc 
 .text.LakeWaves_render
                0x00003cb0       0x98 CMakeFiles\ddd.dir\engine\render.c.obj
                0x00003cb0                LakeWaves_render
 *fill*         0x00003d48        0x8 
 .text.sortTri  0x00003d50       0x78 CMakeFiles\ddd.dir\engine\render.c.obj
                0x00003d50                sortTri
 *fill*         0x00003dc8        0x8 
 .text.api_drawFragment
                0x00003dd0       0xf4 CMakeFiles\ddd.dir\engine\render.c.obj
                0x00003dd0                api_drawFragment
 *fill*         0x00003ec4        0xc 
 .text.api_fillRange
                0x00003ed0       0xb0 CMakeFiles\ddd.dir\engine\render.c.obj
                0x00003ed0                api_fillRange
 .text.api_fillTriangle
                0x00003f80      0x210 CMakeFiles\ddd.dir\engine\render.c.obj
                0x00003f80                api_fillTriangle
 .text.Actor_drawMesh
                0x00004190      0x500 CMakeFiles\ddd.dir\engine\render.c.obj
                0x00004190                Actor_drawMesh
 .text.fillLine
                0x00004690       0xb4 CMakeFiles\ddd.dir\engine\render.c.obj
                0x00004690                fillLine
 *fill*         0x00004744        0xc 
 .text.LakeWaves_renderWaterHeight
                0x00004750      0x3bc CMakeFiles\ddd.dir\engine\render.c.obj
                0x00004750                LakeWaves_renderWaterHeight
 *fill*         0x00004b0c        0x4 
 .text.Scene_update
                0x00004b10       0xa0 CMakeFiles\ddd.dir\engine\scene.c.obj
                0x00004b10                Scene_update
 .text.Vector3_make
                0x00004bb0        0x8 CMakeFiles\ddd.dir\engine\symbols.c.obj
                0x00004bb0                Vector3_make
 *fill*         0x00004bb8        0x8 
 .text.eventHandlerShim
                0x00004bc0       0x1c CMakeFiles\ddd.dir\C_\Users\shrin\Documents\PlaydateSDK\C_API\buildsupport\setup.c.obj
                0x00004bc0                eventHandlerShim
 *fill*         0x00004bdc        0x4 
 .text._malloc_r
                0x00004be0        0xc CMakeFiles\ddd.dir\C_\Users\shrin\Documents\PlaydateSDK\C_API\buildsupport\setup.c.obj
                0x00004be0                _malloc_r
 .text.itoa     0x00004bec       0x2c C:/PROGRA~2/ARMGNU~1/13C7F1~1.2RE/bin/../lib/gcc/arm-none-eabi/13.2.1/thumb/v7e-m+fp/hard\libg.a(libc_a-itoa.o)
                0x00004bec                itoa
 .text.malloc   0x00004c18       0x10 C:/PROGRA~2/ARMGNU~1/13C7F1~1.2RE/bin/../lib/gcc/arm-none-eabi/13.2.1/thumb/v7e-m+fp/hard\libg.a(libc_a-malloc.o)
                0x00004c18                malloc
 .text.rand     0x00004c28       0x40 C:/PROGRA~2/ARMGNU~1/13C7F1~1.2RE/bin/../lib/gcc/arm-none-eabi/13.2.1/thumb/v7e-m+fp/hard\libg.a(libc_a-rand.o)
                0x00004c28                rand
 .text.__utoa   0x00004c68       0x9c C:/PROGRA~2/ARMGNU~1/13C7F1~1.2RE/bin/../lib/gcc/arm-none-eabi/13.2.1/thumb/v7e-m+fp/hard\libg.a(libc_a-utoa.o)
                0x00004c68                __utoa
 .text.qsort    0x00004d04      0x628 C:/PROGRA~2/ARMGNU~1/13C7F1~1.2RE/bin/../lib/gcc/arm-none-eabi/13.2.1/thumb/v7e-m+fp/hard\libg.a(libc_a-qsort.o)
                0x00004d04                qsort
 .text.memmove  0x0000532c      0x100 C:/PROGRA~2/ARMGNU~1/13C7F1~1.2RE/bin/../lib/gcc/arm-none-eabi/13.2.1/thumb/v7e-m+fp/hard\libg.a(libc_a-memmove.o)
                0x0000532c                memmove
 .text.memset   0x0000542c       0xa4 C:/PROGRA~2/ARMGNU~1/13C7F1~1.2RE/bin/../lib/gcc/arm-none-eabi/13.2.1/thumb/v7e-m+fp/hard\libg.a(libc_a-memset.o)
                0x0000542c                memset
 .text.stpcpy   0x000054d0       0x48 C:/PROGRA~2/ARMGNU~1/13C7F1~1.2RE/bin/../lib/gcc/arm-none-eabi/13.2.1/thumb/v7e-m+fp/hard\libg.a(libc_a-stpcpy.o)
                0x000054d0                stpcpy
 .text.strcpy   0x00005518       0xbc C:/PROGRA~2/ARMGNU~1/13C7F1~1.2RE/bin/../lib/gcc/arm-none-eabi/13.2.1/thumb/v7e-m+fp/hard\libg.a(libc_a-strcpy.o)
                0x00005518                strcpy
 .text.atan2f   0x000055d4        0x4 C:/PROGRA~2/ARMGNU~1/13C7F1~1.2RE/bin/../lib/gcc/arm-none-eabi/13.2.1/thumb/v7e-m+fp/hard\libm.a(libm_a-wf_atan2.o)
                0x000055d4                atan2f
 .text.cosf     0x000055d8       0x70 C:/PROGRA~2/ARMGNU~1/13C7F1~1.2RE/bin/../lib/gcc/arm-none-eabi/13.2.1/thumb/v7e-m+fp/hard\libm.a(libm_a-sf_cos.o)
                0x000055d8                cosf
 .text.fabsf    0x00005648       0x10 C:/PROGRA~2/ARMGNU~1/13C7F1~1.2RE/bin/../lib/gcc/arm-none-eabi/13.2.1/thumb/v7e-m+fp/hard\libm.a(libm_a-sf_fabs.o)
                0x00005648                fabsf
 .text.sinf     0x00005658       0x74 C:/PROGRA~2/ARMGNU~1/13C7F1~1.2RE/bin/../lib/gcc/arm-none-eabi/13.2.1/thumb/v7e-m+fp/hard\libm.a(libm_a-sf_sin.o)
                0x00005658                sinf
 .text.tanf     0x000056cc       0x54 C:/PROGRA~2/ARMGNU~1/13C7F1~1.2RE/bin/../lib/gcc/arm-none-eabi/13.2.1/thumb/v7e-m+fp/hard\libm.a(libm_a-sf_tan.o)
                0x000056cc                tanf
 .text.ceil     0x00005720      0x100 C:/PROGRA~2/ARMGNU~1/13C7F1~1.2RE/bin/../lib/gcc/arm-none-eabi/13.2.1/thumb/v7e-m+fp/hard\libm.a(libm_a-s_ceil.o)
                0x00005720                ceil
 .text.__kernel_cosf
                0x00005820      0x104 C:/PROGRA~2/ARMGNU~1/13C7F1~1.2RE/bin/../lib/gcc/arm-none-eabi/13.2.1/thumb/v7e-m+fp/hard\libm.a(libm_a-kf_cos.o)
                0x00005820                __kernel_cosf
 .text.__kernel_sinf
                0x00005924       0x90 C:/PROGRA~2/ARMGNU~1/13C7F1~1.2RE/bin/../lib/gcc/arm-none-eabi/13.2.1/thumb/v7e-m+fp/hard\libm.a(libm_a-kf_sin.o)
                0x00005924                __kernel_sinf
 .text.__kernel_tanf
                0x000059b4      0x1c0 C:/PROGRA~2/ARMGNU~1/13C7F1~1.2RE/bin/../lib/gcc/arm-none-eabi/13.2.1/thumb/v7e-m+fp/hard\libm.a(libm_a-kf_tan.o)
                0x000059b4                __kernel_tanf
 .text.__ieee754_atan2f
                0x00005b74      0x150 C:/PROGRA~2/ARMGNU~1/13C7F1~1.2RE/bin/../lib/gcc/arm-none-eabi/13.2.1/thumb/v7e-m+fp/hard\libm.a(libm_a-ef_atan2.o)
                0x00005b74                __ieee754_atan2f
 .text.__ieee754_rem_pio2f
                0x00005cc4      0x260 C:/PROGRA~2/ARMGNU~1/13C7F1~1.2RE/bin/../lib/gcc/arm-none-eabi/13.2.1/thumb/v7e-m+fp/hard\libm.a(libm_a-ef_rem_pio2.o)
                0x00005cc4                __ieee754_rem_pio2f
 .text.atanf    0x00005f24      0x1ac C:/PROGRA~2/ARMGNU~1/13C7F1~1.2RE/bin/../lib/gcc/arm-none-eabi/13.2.1/thumb/v7e-m+fp/hard\libm.a(libm_a-sf_atan.o)
                0x00005f24                atanf
 .text.__kernel_rem_pio2f
                0x000060d0      0x63c C:/PROGRA~2/ARMGNU~1/13C7F1~1.2RE/bin/../lib/gcc/arm-none-eabi/13.2.1/thumb/v7e-m+fp/hard\libm.a(libm_a-kf_rem_pio2.o)
                0x000060d0                __kernel_rem_pio2f
 .text.scalbnf  0x0000670c       0xe4 C:/PROGRA~2/ARMGNU~1/13C7F1~1.2RE/bin/../lib/gcc/arm-none-eabi/13.2.1/thumb/v7e-m+fp/hard\libm.a(libm_a-sf_scalbn.o)
                0x0000670c                scalbnf
 .text.floorf   0x000067f0       0x94 C:/PROGRA~2/ARMGNU~1/13C7F1~1.2RE/bin/../lib/gcc/arm-none-eabi/13.2.1/thumb/v7e-m+fp/hard\libm.a(libm_a-sf_floor.o)
                0x000067f0                floorf
 *(.init)
 *(.fini)
 *crtbegin.o(.ctors)
 *crtbegin?.o(.ctors)
 *(EXCLUDE_FILE(*crtend.o *crtend?.o) .ctors)
 *(SORT_BY_NAME(.ctors.*))
 *(.ctors)
 *crtbegin.o(.dtors)
 *crtbegin?.o(.dtors)
 *(EXCLUDE_FILE(*crtend.o *crtend?.o) .dtors)
 *(SORT_BY_NAME(.dtors.*))
 *(.dtors)
 *(.rodata*)
 .rodata.fsm_main_update_cast_to_reeling.str1.4
                0x00006884      0x53d CMakeFiles\ddd.dir\src\main.c.obj
                                 0x10 (size before relaxing)
 .rodata.fsm_main_update_reeling_to_cast.str1.4
                0x00006dc1        0xf CMakeFiles\ddd.dir\src\main.c.obj
 .rodata.fsm_fish_swim_to_idle.str1.4
                0x00006dc1       0x12 CMakeFiles\ddd.dir\src\main.c.obj
 .rodata.fsm_fish_idle_to_swim.str1.4
                0x00006dc1       0x12 CMakeFiles\ddd.dir\src\main.c.obj
 .rodata.fsm_fish_update.str1.4
                0x00006dc1        0xe CMakeFiles\ddd.dir\src\main.c.obj
 .rodata.lure_update.str1.4
                0x00006dc1       0x15 CMakeFiles\ddd.dir\src\main.c.obj
 .rodata.fishing_scene_init.str1.4
                0x00006dc1       0xdc CMakeFiles\ddd.dir\src\main.c.obj
 .rodata.ui_yards.str1.4
                0x00006dc1        0x4 CMakeFiles\ddd.dir\src\main.c.obj
 .rodata.eventHandler.str1.4
                0x00006dc1       0x5c CMakeFiles\ddd.dir\src\main.c.obj
 .rodata.str1.4
                0x00006dc1      0x369 CMakeFiles\ddd.dir\src\main.c.obj
 *fill*         0x00006dc1        0x3 
 .rodata        0x00006dc4        0xc CMakeFiles\ddd.dir\src\main.c.obj
 .rodata.__utoa.str1.4
                0x00006dd0       0x25 C:/PROGRA~2/ARMGNU~1/13C7F1~1.2RE/bin/../lib/gcc/arm-none-eabi/13.2.1/thumb/v7e-m+fp/hard\libg.a(libc_a-utoa.o)
 .rodata.CSWTCH.9
                0x00006dd0        0xc C:/PROGRA~2/ARMGNU~1/13C7F1~1.2RE/bin/../lib/gcc/arm-none-eabi/13.2.1/thumb/v7e-m+fp/hard\libm.a(libm_a-ef_atan2.o)
 .rodata.CSWTCH.8
                0x00006ddc        0xc C:/PROGRA~2/ARMGNU~1/13C7F1~1.2RE/bin/../lib/gcc/arm-none-eabi/13.2.1/thumb/v7e-m+fp/hard\libm.a(libm_a-ef_atan2.o)
 .rodata.npio2_hw
                0x00006de8       0x80 C:/PROGRA~2/ARMGNU~1/13C7F1~1.2RE/bin/../lib/gcc/arm-none-eabi/13.2.1/thumb/v7e-m+fp/hard\libm.a(libm_a-ef_rem_pio2.o)
 .rodata.two_over_pi
                0x00006e68      0x318 C:/PROGRA~2/ARMGNU~1/13C7F1~1.2RE/bin/../lib/gcc/arm-none-eabi/13.2.1/thumb/v7e-m+fp/hard\libm.a(libm_a-ef_rem_pio2.o)
 .rodata.atanlo
                0x00007180       0x10 C:/PROGRA~2/ARMGNU~1/13C7F1~1.2RE/bin/../lib/gcc/arm-none-eabi/13.2.1/thumb/v7e-m+fp/hard\libm.a(libm_a-sf_atan.o)
 .rodata.atanhi
                0x00007190       0x10 C:/PROGRA~2/ARMGNU~1/13C7F1~1.2RE/bin/../lib/gcc/arm-none-eabi/13.2.1/thumb/v7e-m+fp/hard\libm.a(libm_a-sf_atan.o)
 .rodata.PIo2   0x000071a0       0x2c C:/PROGRA~2/ARMGNU~1/13C7F1~1.2RE/bin/../lib/gcc/arm-none-eabi/13.2.1/thumb/v7e-m+fp/hard\libm.a(libm_a-kf_rem_pio2.o)
 .rodata.init_jk
                0x000071cc        0xc C:/PROGRA~2/ARMGNU~1/13C7F1~1.2RE/bin/../lib/gcc/arm-none-eabi/13.2.1/thumb/v7e-m+fp/hard\libm.a(libm_a-kf_rem_pio2.o)
 *(.eh_frame*)
 .eh_frame      0x000071d8       0x34 C:/PROGRA~2/ARMGNU~1/13C7F1~1.2RE/bin/../lib/gcc/arm-none-eabi/13.2.1/thumb/v7e-m+fp/hard\libg.a(libc_a-strlen.o)

.glue_7         0x0000720c        0x0
 .glue_7        0x0000720c        0x0 linker stubs

.glue_7t        0x0000720c        0x0
 .glue_7t       0x0000720c        0x0 linker stubs

.vfp11_veneer   0x0000720c        0x0
 .vfp11_veneer  0x0000720c        0x0 linker stubs

.v4_bx          0x0000720c        0x0
 .v4_bx         0x0000720c        0x0 linker stubs

.iplt           0x0000720c        0x0
 .iplt          0x0000720c        0x0 CMakeFiles\ddd.dir\src\main.c.obj

.rel.dyn        0x0000720c        0x0
 .rel.iplt      0x0000720c        0x0 CMakeFiles\ddd.dir\src\main.c.obj

.data           0x00007210    0x26690
                0x00007210                        __etext = .
                0x00007210                        __data_start__ = .
 *(vtable)
 *(.data*)
 .data.DefaultScene
                0x00007210        0x4 CMakeFiles\ddd.dir\src\main.c.obj
                0x00007210                DefaultScene
 .data.fontpath4
                0x00007214        0x4 CMakeFiles\ddd.dir\src\main.c.obj
                0x00007214                fontpath4
 .data.fontpath3
                0x00007218        0x4 CMakeFiles\ddd.dir\src\main.c.obj
                0x00007218                fontpath3
 .data.fontpath2
                0x0000721c        0x4 CMakeFiles\ddd.dir\src\main.c.obj
                0x0000721c                fontpath2
 .data.fontpath
                0x00007220        0x4 CMakeFiles\ddd.dir\src\main.c.obj
                0x00007220                fontpath
 .data.__compound_literal.34
                0x00007224        0xc CMakeFiles\ddd.dir\src\main.c.obj
 .data.__compound_literal.33
                0x00007230        0xc CMakeFiles\ddd.dir\src\main.c.obj
 .data.__compound_literal.32
                0x0000723c        0x8 CMakeFiles\ddd.dir\src\main.c.obj
 .data.__compound_literal.31
                0x00007244       0x10 CMakeFiles\ddd.dir\src\main.c.obj
 .data.__compound_literal.30
                0x00007254        0xc CMakeFiles\ddd.dir\src\main.c.obj
 .data.fish_roam_radius
                0x00007260        0x4 CMakeFiles\ddd.dir\src\main.c.obj
                0x00007260                fish_roam_radius
 .data.music_timer
                0x00007264        0x4 CMakeFiles\ddd.dir\src\main.c.obj
                0x00007264                music_timer
 .data.line_integrity
                0x00007268        0x4 CMakeFiles\ddd.dir\src\main.c.obj
                0x00007268                line_integrity
 .data.tension_offset_x
                0x0000726c        0x4 CMakeFiles\ddd.dir\src\main.c.obj
                0x0000726c                tension_offset_x
 .data.yards    0x00007270        0x4 CMakeFiles\ddd.dir\src\main.c.obj
                0x00007270                yards
 .data.depth_width
                0x00007274        0x4 CMakeFiles\ddd.dir\src\main.c.obj
                0x00007274                depth_width
 .data.depth    0x00007278        0x4 CMakeFiles\ddd.dir\src\main.c.obj
                0x00007278                depth
 .data.ticker_filler_table
                0x0000727c       0x2c CMakeFiles\ddd.dir\src\main.c.obj
                0x0000727c                ticker_filler_table
 .data.ticker_buffer
                0x000072a8        0x4 CMakeFiles\ddd.dir\src\main.c.obj
                0x000072a8                ticker_buffer
 .data.ticker_x
                0x000072ac        0x4 CMakeFiles\ddd.dir\src\main.c.obj
                0x000072ac                ticker_x
 .data.camera_lake
                0x000072b0       0xcc CMakeFiles\ddd.dir\src\main.c.obj
                0x000072b0                camera_lake
 .data.camera_secondary
                0x0000737c       0xcc CMakeFiles\ddd.dir\src\main.c.obj
                0x0000737c                camera_secondary
 .data.camera_default
                0x00007448       0xcc CMakeFiles\ddd.dir\src\main.c.obj
                0x00007448                camera_default
 .data.camera_lake_object
                0x00007514       0xdc CMakeFiles\ddd.dir\src\main.c.obj
                0x00007514                camera_lake_object
 .data.camera_secondary_object
                0x000075f0       0xdc CMakeFiles\ddd.dir\src\main.c.obj
                0x000075f0                camera_secondary_object
 .data.camera_default_object
                0x000076cc       0xdc CMakeFiles\ddd.dir\src\main.c.obj
                0x000076cc                camera_default_object
 .data.lake_terrain
                0x000077a8       0xdc CMakeFiles\ddd.dir\src\main.c.obj
                0x000077a8                lake_terrain
 .data.object_cast_selector
                0x00007884       0xdc CMakeFiles\ddd.dir\src\main.c.obj
                0x00007884                object_cast_selector
 .data.object_terrain
                0x00007960       0xdc CMakeFiles\ddd.dir\src\main.c.obj
                0x00007960                object_terrain
 .data.object_fish
                0x00007a3c       0xdc CMakeFiles\ddd.dir\src\main.c.obj
                0x00007a3c                object_fish
 .data.object_lure
                0x00007b18       0xdc CMakeFiles\ddd.dir\src\main.c.obj
                0x00007b18                object_lure
 .data.fsm_fish
                0x00007bf4     0x1010 CMakeFiles\ddd.dir\src\main.c.obj
                0x00007bf4                fsm_fish
 .data.fsm_main
                0x00008c04     0x1010 CMakeFiles\ddd.dir\src\main.c.obj
                0x00008c04                fsm_main
 .data.ActiveLure
                0x00009c14        0x4 CMakeFiles\ddd.dir\src\main.c.obj
                0x00009c14                ActiveLure
 .data.LakeView
                0x00009c18       0x30 CMakeFiles\ddd.dir\src\main.c.obj
                0x00009c18                LakeView
 .data.UnderwaterView
                0x00009c48       0x30 CMakeFiles\ddd.dir\src\main.c.obj
                0x00009c48                UnderwaterView
 .data.FishingScene
                0x00009c78        0xc CMakeFiles\ddd.dir\src\main.c.obj
                0x00009c78                FishingScene
 .data.DefaultLure
                0x00009c84       0x60 CMakeFiles\ddd.dir\src\main.c.obj
                0x00009c84                DefaultLure
 .data.double_burst
                0x00009ce4       0x40 CMakeFiles\ddd.dir\src\main.c.obj
                0x00009ce4                double_burst
 .data.lure_test_mesh
                0x00009d24       0x5c CMakeFiles\ddd.dir\src\main.c.obj
                0x00009d24                lure_test_mesh
 .data.__compound_literal.29
                0x00009d80       0xa8 CMakeFiles\ddd.dir\src\main.c.obj
 .data.__compound_literal.28
                0x00009e28       0xfc CMakeFiles\ddd.dir\src\main.c.obj
 .data.__compound_literal.27
                0x00009f24      0x114 CMakeFiles\ddd.dir\src\main.c.obj
 .data.cast_selector_mesh
                0x0000a038       0x5c CMakeFiles\ddd.dir\src\main.c.obj
                0x0000a038                cast_selector_mesh
 .data.__compound_literal.26
                0x0000a094      0x100 CMakeFiles\ddd.dir\src\main.c.obj
 .data.__compound_literal.25
                0x0000a194      0x180 CMakeFiles\ddd.dir\src\main.c.obj
 .data.__compound_literal.24
                0x0000a314      0x180 CMakeFiles\ddd.dir\src\main.c.obj
 .data.lake_terrain_mesh
                0x0000a494       0x5c CMakeFiles\ddd.dir\src\main.c.obj
                0x0000a494                lake_terrain_mesh
 .data.__compound_literal.23
                0x0000a4f0      0x210 CMakeFiles\ddd.dir\src\main.c.obj
 .data.__compound_literal.22
                0x0000a700      0x318 CMakeFiles\ddd.dir\src\main.c.obj
 .data.__compound_literal.21
                0x0000aa18      0x408 CMakeFiles\ddd.dir\src\main.c.obj
 .data.fractal_terrain_lod
                0x0000ae20       0x5c CMakeFiles\ddd.dir\src\main.c.obj
                0x0000ae20                fractal_terrain_lod
 .data.__compound_literal.20
                0x0000ae7c      0x400 CMakeFiles\ddd.dir\src\main.c.obj
 .data.__compound_literal.19
                0x0000b27c      0x600 CMakeFiles\ddd.dir\src\main.c.obj
 .data.__compound_literal.18
                0x0000b87c      0x72c CMakeFiles\ddd.dir\src\main.c.obj
 .data.Grid512Long
                0x0000bfa8       0x5c CMakeFiles\ddd.dir\src\main.c.obj
                0x0000bfa8                Grid512Long
 .data.__compound_literal.14
                0x0000c004     0x2000 CMakeFiles\ddd.dir\src\main.c.obj
 .data.__compound_literal.13
                0x0000e004     0x3000 CMakeFiles\ddd.dir\src\main.c.obj
 .data.__compound_literal.12
                0x00011004     0x33cc CMakeFiles\ddd.dir\src\main.c.obj
 .data.blahaj_tri
                0x000143d0       0x5c CMakeFiles\ddd.dir\src\main.c.obj
                0x000143d0                blahaj_tri
 .data.__compound_literal.5
                0x0001442c      0x670 CMakeFiles\ddd.dir\src\main.c.obj
 .data.__compound_literal.4
                0x00014a9c      0x9a8 CMakeFiles\ddd.dir\src\main.c.obj
 .data.__compound_literal.3
                0x00015444      0x9c0 CMakeFiles\ddd.dir\src\main.c.obj
 .data.mesh_cube
                0x00015e04       0x5c CMakeFiles\ddd.dir\src\main.c.obj
                0x00015e04                mesh_cube
 .data.__compound_literal.2
                0x00015e60       0x30 CMakeFiles\ddd.dir\src\main.c.obj
 .data.__compound_literal.1
                0x00015e90       0x48 CMakeFiles\ddd.dir\src\main.c.obj
 .data.__compound_literal.0
                0x00015ed8       0x60 CMakeFiles\ddd.dir\src\main.c.obj
 .data.TIME_SCALE
                0x00015f38        0x4 CMakeFiles\ddd.dir\src\main.c.obj
                0x00015f38                TIME_SCALE
 .data.SLANT    0x00015f3c        0x4 CMakeFiles\ddd.dir\engine\render.c.obj
                0x00015f3c                SLANT
 .data.wave_x_offset
                0x00015f40        0x4 CMakeFiles\ddd.dir\engine\render.c.obj
                0x00015f40                wave_x_offset
 .data.lake_bounds_lines
                0x00015f44       0x30 CMakeFiles\ddd.dir\engine\render.c.obj
                0x00015f44                lake_bounds_lines
 .data.patterns
                0x00015f74      0x108 CMakeFiles\ddd.dir\engine\render.c.obj
 .data.wave_heightmap_table
                0x0001607c    0x17700 CMakeFiles\ddd.dir\engine\wave_heightmap.c.obj
                0x0001607c                wave_heightmap_table
 .data._impure_ptr
                0x0002d77c        0x4 C:/PROGRA~2/ARMGNU~1/13C7F1~1.2RE/bin/../lib/gcc/arm-none-eabi/13.2.1/thumb/v7e-m+fp/hard\libg.a(libc_a-impure.o)
                0x0002d77c                _impure_ptr
 .data._impure_data
                0x0002d780      0x120 C:/PROGRA~2/ARMGNU~1/13C7F1~1.2RE/bin/../lib/gcc/arm-none-eabi/13.2.1/thumb/v7e-m+fp/hard\libg.a(libc_a-impure.o)
                0x0002d780                _impure_data
                0x0002d8a0                        . = ALIGN (0x4)
                [!provide]                        PROVIDE (__preinit_array_start = .)
 *(.preinit_array)
                [!provide]                        PROVIDE (__preinit_array_end = .)
                0x0002d8a0                        . = ALIGN (0x4)
                [!provide]                        PROVIDE (__init_array_start = .)
 *(SORT_BY_NAME(.init_array.*))
 *(.init_array)
                [!provide]                        PROVIDE (__init_array_end = .)
                0x0002d8a0                        . = ALIGN (0x4)
                [!provide]                        PROVIDE (__fini_array_start = .)
 *(SORT_BY_NAME(.fini_array.*))
 *(.fini_array)
                [!provide]                        PROVIDE (__fini_array_end = .)
                0x0002d8a0                        . = ALIGN (0x4)
                0x0002d8a0                        __data_end__ = .

.igot.plt       0x0002d8a0        0x0
 .igot.plt      0x0002d8a0        0x0 CMakeFiles\ddd.dir\src\main.c.obj

.bss            0x0002d8a0    0x1393c
                0x0002d8a0                        . = ALIGN (0x4)
                0x0002d8a0                        __bss_start__ = .
 *(.bss*)
 .bss.releasedButtons
                0x0002d8a0        0x1 CMakeFiles\ddd.dir\src\main.c.obj
                0x0002d8a0                releasedButtons
 .bss.pressedButtons
                0x0002d8a1        0x1 CMakeFiles\ddd.dir\src\main.c.obj
                0x0002d8a1                pressedButtons
 .bss.heldButtons
                0x0002d8a2        0x1 CMakeFiles\ddd.dir\src\main.c.obj
                0x0002d8a2                heldButtons
 *fill*         0x0002d8a3        0x1 
 .bss.ActiveCamera
                0x0002d8a4        0x4 CMakeFiles\ddd.dir\src\main.c.obj
                0x0002d8a4                ActiveCamera
 .bss.ActiveScene
                0x0002d8a8        0x4 CMakeFiles\ddd.dir\src\main.c.obj
                0x0002d8a8                ActiveScene
 .bss.frame     0x0002d8ac        0x4 CMakeFiles\ddd.dir\src\main.c.obj
                0x0002d8ac                frame
 .bss.FONT_MONTSERRAT_BOLD_14
                0x0002d8b0        0x4 CMakeFiles\ddd.dir\src\main.c.obj
                0x0002d8b0                FONT_MONTSERRAT_BOLD_14
 .bss.FONT_MONTSERRAT_BLACK_ITALIC_24
                0x0002d8b4        0x4 CMakeFiles\ddd.dir\src\main.c.obj
                0x0002d8b4                FONT_MONTSERRAT_BLACK_ITALIC_24
 .bss.FONT_MONTSERRAT_BLACK_24
                0x0002d8b8        0x4 CMakeFiles\ddd.dir\src\main.c.obj
                0x0002d8b8                FONT_MONTSERRAT_BLACK_24
 .bss.font      0x0002d8bc        0x4 CMakeFiles\ddd.dir\src\main.c.obj
                0x0002d8bc                font
 .bss.cast_animation_timer
                0x0002d8c0        0x4 CMakeFiles\ddd.dir\src\main.c.obj
                0x0002d8c0                cast_animation_timer
 .bss.idle_timer
                0x0002d8c4        0x4 CMakeFiles\ddd.dir\src\main.c.obj
                0x0002d8c4                idle_timer
 .bss.fish_station
                0x0002d8c8        0xc CMakeFiles\ddd.dir\src\main.c.obj
                0x0002d8c8                fish_station
 .bss.is_cranking
                0x0002d8d4        0x1 CMakeFiles\ddd.dir\src\main.c.obj
                0x0002d8d4                is_cranking
 *fill*         0x0002d8d5        0x3 
 .bss.crank_distance
                0x0002d8d8        0x4 CMakeFiles\ddd.dir\src\main.c.obj
                0x0002d8d8                crank_distance
 .bss.idle_duration
                0x0002d8dc        0x4 CMakeFiles\ddd.dir\src\main.c.obj
                0x0002d8dc                idle_duration
 .bss.crank_duration
                0x0002d8e0        0x4 CMakeFiles\ddd.dir\src\main.c.obj
                0x0002d8e0                crank_duration
 .bss.crank_buffer
                0x0002d8e4       0xa0 CMakeFiles\ddd.dir\src\main.c.obj
                0x0002d8e4                crank_buffer
 .bss.lure_fitness
                0x0002d984        0x4 CMakeFiles\ddd.dir\src\main.c.obj
                0x0002d984                lure_fitness
 .bss.fish_remain_position
                0x0002d988        0xc CMakeFiles\ddd.dir\src\main.c.obj
                0x0002d988                fish_remain_position
 .bss.fish_swim_target
                0x0002d994        0xc CMakeFiles\ddd.dir\src\main.c.obj
                0x0002d994                fish_swim_target
 .bss.target_underwater_camera_position
                0x0002d9a0        0xc CMakeFiles\ddd.dir\src\main.c.obj
                0x0002d9a0                target_underwater_camera_position
 .bss.lure_wiggle_timer
                0x0002d9ac        0x4 CMakeFiles\ddd.dir\src\main.c.obj
                0x0002d9ac                lure_wiggle_timer
 .bss.line_tension
                0x0002d9b0        0x4 CMakeFiles\ddd.dir\src\main.c.obj
                0x0002d9b0                line_tension
 .bss.tension_meter_visible
                0x0002d9b4        0x1 CMakeFiles\ddd.dir\src\main.c.obj
                0x0002d9b4                tension_meter_visible
 *fill*         0x0002d9b5        0x3 
 .bss.ticker_text
                0x0002d9b8      0x400 CMakeFiles\ddd.dir\src\main.c.obj
                0x0002d9b8                ticker_text
 .bss.TICKER_FONT
                0x0002ddb8        0x4 CMakeFiles\ddd.dir\src\main.c.obj
                0x0002ddb8                TICKER_FONT
 .bss.ticker_filler_index
                0x0002ddbc        0x4 CMakeFiles\ddd.dir\src\main.c.obj
                0x0002ddbc                ticker_filler_index
 .bss.next_clear_width
                0x0002ddc0        0x4 CMakeFiles\ddd.dir\src\main.c.obj
                0x0002ddc0                next_clear_width
 .bss.ticker_queue_length
                0x0002ddc4        0x4 CMakeFiles\ddd.dir\src\main.c.obj
                0x0002ddc4                ticker_queue_length
 .bss.ticker_queue
                0x0002ddc8       0x80 CMakeFiles\ddd.dir\src\main.c.obj
                0x0002ddc8                ticker_queue
 .bss.audio_fish_on_loop
                0x0002de48        0x4 CMakeFiles\ddd.dir\src\main.c.obj
                0x0002de48                audio_fish_on_loop
 .bss.audio_fish_interest_loop
                0x0002de4c        0x4 CMakeFiles\ddd.dir\src\main.c.obj
                0x0002de4c                audio_fish_interest_loop
 .bss.audio_underwater_loop
                0x0002de50        0x4 CMakeFiles\ddd.dir\src\main.c.obj
                0x0002de50                audio_underwater_loop
 .bss.audio_lake_loop
                0x0002de54        0x4 CMakeFiles\ddd.dir\src\main.c.obj
                0x0002de54                audio_lake_loop
 .bss.audio_intro
                0x0002de58        0x4 CMakeFiles\ddd.dir\src\main.c.obj
                0x0002de58                audio_intro
 .bss.audio_reel_long
                0x0002de5c        0x4 CMakeFiles\ddd.dir\src\main.c.obj
                0x0002de5c                audio_reel_long
 .bss.audio_reel_click
                0x0002de60        0x4 CMakeFiles\ddd.dir\src\main.c.obj
                0x0002de60                audio_reel_click
 .bss.soundtrack_fish_on_loop
                0x0002de64        0x4 CMakeFiles\ddd.dir\src\main.c.obj
                0x0002de64                soundtrack_fish_on_loop
 .bss.soundtrack_fish_interest_loop
                0x0002de68        0x4 CMakeFiles\ddd.dir\src\main.c.obj
                0x0002de68                soundtrack_fish_interest_loop
 .bss.soundtrack_underwater_loop
                0x0002de6c        0x4 CMakeFiles\ddd.dir\src\main.c.obj
                0x0002de6c                soundtrack_underwater_loop
 .bss.soundtrack_lake_loop
                0x0002de70        0x4 CMakeFiles\ddd.dir\src\main.c.obj
                0x0002de70                soundtrack_lake_loop
 .bss.soundtrack_intro
                0x0002de74        0x4 CMakeFiles\ddd.dir\src\main.c.obj
                0x0002de74                soundtrack_intro
 .bss.reel_long_player
                0x0002de78        0x4 CMakeFiles\ddd.dir\src\main.c.obj
                0x0002de78                reel_long_player
 .bss.reel_click_player
                0x0002de7c        0x4 CMakeFiles\ddd.dir\src\main.c.obj
                0x0002de7c                reel_click_player
 .bss.SINE_GRADIENT_OFFSET
                0x0002de80        0x4 CMakeFiles\ddd.dir\src\main.c.obj
                0x0002de80                SINE_GRADIENT_OFFSET
 .bss.SINE_GRADIENT
                0x0002de84      0x200 CMakeFiles\ddd.dir\src\main.c.obj
                0x0002de84                SINE_GRADIENT
 .bss.TICK_LASTCRANKREADING
                0x0002e084        0x4 CMakeFiles\ddd.dir\src\main.c.obj
                0x0002e084                TICK_LASTCRANKREADING
 .bss.DELTA_TIME
                0x0002e088        0x8 CMakeFiles\ddd.dir\src\main.c.obj
                0x0002e088                DELTA_TIME
 .bss.pd        0x0002e090        0x4 CMakeFiles\ddd.dir\src\main.c.obj
                0x0002e090                pd
 .bss.wave_z_offset
                0x0002e094        0x4 CMakeFiles\ddd.dir\engine\render.c.obj
                0x0002e094                wave_z_offset
 .bss.tris      0x0002e098    0x10000 CMakeFiles\ddd.dir\engine\render.c.obj
                0x0002e098                tris
 .bss.projected_vertices
                0x0003e098     0x3000 CMakeFiles\ddd.dir\engine\render.c.obj
                0x0003e098                projected_vertices
 .bss.WAVE_RIPPLE_V
                0x00041098        0x4 CMakeFiles\ddd.dir\engine\wave_heightmap.c.obj
                0x00041098                WAVE_RIPPLE_V
 .bss.WAVE_RIPPLE_U
                0x0004109c        0x4 CMakeFiles\ddd.dir\engine\wave_heightmap.c.obj
                0x0004109c                WAVE_RIPPLE_U
 .bss.pdrealloc
                0x000410a0        0x4 CMakeFiles\ddd.dir\C_\Users\shrin\Documents\PlaydateSDK\C_API\buildsupport\setup.c.obj
 .bss.__sf      0x000410a4      0x138 C:/PROGRA~2/ARMGNU~1/13C7F1~1.2RE/bin/../lib/gcc/arm-none-eabi/13.2.1/thumb/v7e-m+fp/hard\libg.a(libc_a-findfp.o)
                0x000410a4                __sf
 *(COMMON)
 *(COM)
                0x000411dc                        . = ALIGN (0x4)
                0x000411dc                        __bss_end__ = .

/DISCARD/
 *(.ARM.exidx)
OUTPUT(ddd.elf elf32-littlearm)
LOAD linker stubs

.debug_info     0x00000000    0x1b774
 .debug_info    0x00000000     0x974e CMakeFiles\ddd.dir\src\main.c.obj
 .debug_info    0x0000974e     0x222b CMakeFiles\ddd.dir\engine\3dmath.c.obj
 .debug_info    0x0000b979      0x891 CMakeFiles\ddd.dir\engine\actor.c.obj
 .debug_info    0x0000c20a      0x770 CMakeFiles\ddd.dir\engine\camera.c.obj
 .debug_info    0x0000c97a      0x148 CMakeFiles\ddd.dir\engine\fsm.c.obj
 .debug_info    0x0000cac2     0x7e76 CMakeFiles\ddd.dir\engine\render.c.obj
 .debug_info    0x00014938      0x71e CMakeFiles\ddd.dir\engine\scene.c.obj
 .debug_info    0x00015056      0x19e CMakeFiles\ddd.dir\engine\symbols.c.obj
 .debug_info    0x000151f4       0xea CMakeFiles\ddd.dir\engine\wave_heightmap.c.obj
 .debug_info    0x000152de     0x6496 CMakeFiles\ddd.dir\C_\Users\shrin\Documents\PlaydateSDK\C_API\buildsupport\setup.c.obj

.debug_abbrev   0x00000000     0x1bfc
 .debug_abbrev  0x00000000      0x864 CMakeFiles\ddd.dir\src\main.c.obj
 .debug_abbrev  0x00000864      0x40c CMakeFiles\ddd.dir\engine\3dmath.c.obj
 .debug_abbrev  0x00000c70      0x183 CMakeFiles\ddd.dir\engine\actor.c.obj
 .debug_abbrev  0x00000df3      0x229 CMakeFiles\ddd.dir\engine\camera.c.obj
 .debug_abbrev  0x0000101c       0xea CMakeFiles\ddd.dir\engine\fsm.c.obj
 .debug_abbrev  0x00001106      0x5ad CMakeFiles\ddd.dir\engine\render.c.obj
 .debug_abbrev  0x000016b3      0x13b CMakeFiles\ddd.dir\engine\scene.c.obj
 .debug_abbrev  0x000017ee       0xa5 CMakeFiles\ddd.dir\engine\symbols.c.obj
 .debug_abbrev  0x00001893       0x69 CMakeFiles\ddd.dir\engine\wave_heightmap.c.obj
 .debug_abbrev  0x000018fc      0x300 CMakeFiles\ddd.dir\C_\Users\shrin\Documents\PlaydateSDK\C_API\buildsupport\setup.c.obj

.debug_loc      0x00000000     0x7a12
 .debug_loc     0x00000000     0x1ebe CMakeFiles\ddd.dir\src\main.c.obj
 .debug_loc     0x00001ebe     0x2d74 CMakeFiles\ddd.dir\engine\3dmath.c.obj
 .debug_loc     0x00004c32       0xdd CMakeFiles\ddd.dir\engine\actor.c.obj
 .debug_loc     0x00004d0f      0x481 CMakeFiles\ddd.dir\engine\camera.c.obj
 .debug_loc     0x00005190       0x87 CMakeFiles\ddd.dir\engine\fsm.c.obj
 .debug_loc     0x00005217     0x2470 CMakeFiles\ddd.dir\engine\render.c.obj
 .debug_loc     0x00007687       0xf5 CMakeFiles\ddd.dir\engine\scene.c.obj
 .debug_loc     0x0000777c       0x2c CMakeFiles\ddd.dir\engine\symbols.c.obj
 .debug_loc     0x000077a8      0x26a CMakeFiles\ddd.dir\C_\Users\shrin\Documents\PlaydateSDK\C_API\buildsupport\setup.c.obj

.debug_aranges  0x00000000      0x4f8
 .debug_aranges
                0x00000000      0x1d8 CMakeFiles\ddd.dir\src\main.c.obj
 .debug_aranges
                0x000001d8      0x170 CMakeFiles\ddd.dir\engine\3dmath.c.obj
 .debug_aranges
                0x00000348       0x20 CMakeFiles\ddd.dir\engine\actor.c.obj
 .debug_aranges
                0x00000368       0x48 CMakeFiles\ddd.dir\engine\camera.c.obj
 .debug_aranges
                0x000003b0       0x20 CMakeFiles\ddd.dir\engine\fsm.c.obj
 .debug_aranges
                0x000003d0       0x98 CMakeFiles\ddd.dir\engine\render.c.obj
 .debug_aranges
                0x00000468       0x20 CMakeFiles\ddd.dir\engine\scene.c.obj
 .debug_aranges
                0x00000488       0x20 CMakeFiles\ddd.dir\engine\symbols.c.obj
 .debug_aranges
                0x000004a8       0x18 CMakeFiles\ddd.dir\engine\wave_heightmap.c.obj
 .debug_aranges
                0x000004c0       0x38 CMakeFiles\ddd.dir\C_\Users\shrin\Documents\PlaydateSDK\C_API\buildsupport\setup.c.obj

.debug_ranges   0x00000000      0xd68
 .debug_ranges  0x00000000      0x460 CMakeFiles\ddd.dir\src\main.c.obj
 .debug_ranges  0x00000460      0x4b8 CMakeFiles\ddd.dir\engine\3dmath.c.obj
 .debug_ranges  0x00000918       0x10 CMakeFiles\ddd.dir\engine\actor.c.obj
 .debug_ranges  0x00000928       0x38 CMakeFiles\ddd.dir\engine\camera.c.obj
 .debug_ranges  0x00000960       0x10 CMakeFiles\ddd.dir\engine\fsm.c.obj
 .debug_ranges  0x00000970      0x398 CMakeFiles\ddd.dir\engine\render.c.obj
 .debug_ranges  0x00000d08       0x28 CMakeFiles\ddd.dir\engine\scene.c.obj
 .debug_ranges  0x00000d30       0x10 CMakeFiles\ddd.dir\engine\symbols.c.obj
 .debug_ranges  0x00000d40       0x28 CMakeFiles\ddd.dir\C_\Users\shrin\Documents\PlaydateSDK\C_API\buildsupport\setup.c.obj

.debug_line     0x00000000     0x6724
 .debug_line    0x00000000     0x2b7f CMakeFiles\ddd.dir\src\main.c.obj
 .debug_line    0x00002b7f     0x17eb CMakeFiles\ddd.dir\engine\3dmath.c.obj
 .debug_line    0x0000436a      0x19f CMakeFiles\ddd.dir\engine\actor.c.obj
 .debug_line    0x00004509      0x348 CMakeFiles\ddd.dir\engine\camera.c.obj
 .debug_line    0x00004851       0xb5 CMakeFiles\ddd.dir\engine\fsm.c.obj
 .debug_line    0x00004906     0x1647 CMakeFiles\ddd.dir\engine\render.c.obj
 .debug_line    0x00005f4d      0x2b5 CMakeFiles\ddd.dir\engine\scene.c.obj
 .debug_line    0x00006202       0x90 CMakeFiles\ddd.dir\engine\symbols.c.obj
 .debug_line    0x00006292      0x118 CMakeFiles\ddd.dir\engine\wave_heightmap.c.obj
 .debug_line    0x000063aa      0x37a CMakeFiles\ddd.dir\C_\Users\shrin\Documents\PlaydateSDK\C_API\buildsupport\setup.c.obj

.debug_str      0x00000000     0x46aa
 .debug_str     0x00000000     0x46aa CMakeFiles\ddd.dir\src\main.c.obj
                               0x3ea2 (size before relaxing)
 .debug_str     0x000046aa      0x6be CMakeFiles\ddd.dir\engine\3dmath.c.obj
 .debug_str     0x000046aa      0x5b3 CMakeFiles\ddd.dir\engine\actor.c.obj
 .debug_str     0x000046aa      0x4f5 CMakeFiles\ddd.dir\engine\camera.c.obj
 .debug_str     0x000046aa      0x1c5 CMakeFiles\ddd.dir\engine\fsm.c.obj
 .debug_str     0x000046aa     0x326d CMakeFiles\ddd.dir\engine\render.c.obj
 .debug_str     0x000046aa      0x531 CMakeFiles\ddd.dir\engine\scene.c.obj
 .debug_str     0x000046aa      0x236 CMakeFiles\ddd.dir\engine\symbols.c.obj
 .debug_str     0x000046aa      0x23e CMakeFiles\ddd.dir\engine\wave_heightmap.c.obj
 .debug_str     0x000046aa     0x2e7e CMakeFiles\ddd.dir\C_\Users\shrin\Documents\PlaydateSDK\C_API\buildsupport\setup.c.obj

.comment        0x00000000       0x44
 .comment       0x00000000       0x44 CMakeFiles\ddd.dir\src\main.c.obj
                                 0x45 (size before relaxing)
 .comment       0x00000044       0x45 CMakeFiles\ddd.dir\engine\3dmath.c.obj
 .comment       0x00000044       0x45 CMakeFiles\ddd.dir\engine\actor.c.obj
 .comment       0x00000044       0x45 CMakeFiles\ddd.dir\engine\camera.c.obj
 .comment       0x00000044       0x45 CMakeFiles\ddd.dir\engine\fsm.c.obj
 .comment       0x00000044       0x45 CMakeFiles\ddd.dir\engine\render.c.obj
 .comment       0x00000044       0x45 CMakeFiles\ddd.dir\engine\scene.c.obj
 .comment       0x00000044       0x45 CMakeFiles\ddd.dir\engine\symbols.c.obj
 .comment       0x00000044       0x45 CMakeFiles\ddd.dir\engine\wave_heightmap.c.obj
 .comment       0x00000044       0x45 CMakeFiles\ddd.dir\C_\Users\shrin\Documents\PlaydateSDK\C_API\buildsupport\setup.c.obj

.ARM.attributes
                0x00000000       0x32
 .ARM.attributes
                0x00000000       0x34 CMakeFiles\ddd.dir\src\main.c.obj
 .ARM.attributes
                0x00000034       0x34 CMakeFiles\ddd.dir\engine\3dmath.c.obj
 .ARM.attributes
                0x00000068       0x34 CMakeFiles\ddd.dir\engine\actor.c.obj
 .ARM.attributes
                0x0000009c       0x34 CMakeFiles\ddd.dir\engine\camera.c.obj
 .ARM.attributes
                0x000000d0       0x34 CMakeFiles\ddd.dir\engine\fsm.c.obj
 .ARM.attributes
                0x00000104       0x34 CMakeFiles\ddd.dir\engine\render.c.obj
 .ARM.attributes
                0x00000138       0x34 CMakeFiles\ddd.dir\engine\scene.c.obj
 .ARM.attributes
                0x0000016c       0x34 CMakeFiles\ddd.dir\engine\symbols.c.obj
 .ARM.attributes
                0x000001a0       0x34 CMakeFiles\ddd.dir\engine\wave_heightmap.c.obj
 .ARM.attributes
                0x000001d4       0x34 CMakeFiles\ddd.dir\C_\Users\shrin\Documents\PlaydateSDK\C_API\buildsupport\setup.c.obj
 .ARM.attributes
                0x00000208       0x22 C:/PROGRA~2/ARMGNU~1/13C7F1~1.2RE/bin/../lib/gcc/arm-none-eabi/13.2.1/thumb/v7e-m+fp/hard\libgcc.a(_arm_addsubdf3.o)
 .ARM.attributes
                0x0000022a       0x22 C:/PROGRA~2/ARMGNU~1/13C7F1~1.2RE/bin/../lib/gcc/arm-none-eabi/13.2.1/thumb/v7e-m+fp/hard\libgcc.a(_arm_muldivdf3.o)
 .ARM.attributes
                0x0000024c       0x22 C:/PROGRA~2/ARMGNU~1/13C7F1~1.2RE/bin/../lib/gcc/arm-none-eabi/13.2.1/thumb/v7e-m+fp/hard\libgcc.a(_arm_fixdfsi.o)
 .ARM.attributes
                0x0000026e       0x22 C:/PROGRA~2/ARMGNU~1/13C7F1~1.2RE/bin/../lib/gcc/arm-none-eabi/13.2.1/thumb/v7e-m+fp/hard\libgcc.a(_arm_truncdfsf2.o)
 .ARM.attributes
                0x00000290       0x34 C:/PROGRA~2/ARMGNU~1/13C7F1~1.2RE/bin/../lib/gcc/arm-none-eabi/13.2.1/thumb/v7e-m+fp/hard\libg.a(libc_a-itoa.o)
 .ARM.attributes
                0x000002c4       0x34 C:/PROGRA~2/ARMGNU~1/13C7F1~1.2RE/bin/../lib/gcc/arm-none-eabi/13.2.1/thumb/v7e-m+fp/hard\libg.a(libc_a-malloc.o)
 .ARM.attributes
                0x000002f8       0x34 C:/PROGRA~2/ARMGNU~1/13C7F1~1.2RE/bin/../lib/gcc/arm-none-eabi/13.2.1/thumb/v7e-m+fp/hard\libg.a(libc_a-rand.o)
 .ARM.attributes
                0x0000032c       0x34 C:/PROGRA~2/ARMGNU~1/13C7F1~1.2RE/bin/../lib/gcc/arm-none-eabi/13.2.1/thumb/v7e-m+fp/hard\libg.a(libc_a-utoa.o)
 .ARM.attributes
                0x00000360       0x34 C:/PROGRA~2/ARMGNU~1/13C7F1~1.2RE/bin/../lib/gcc/arm-none-eabi/13.2.1/thumb/v7e-m+fp/hard\libg.a(libc_a-qsort.o)
 .ARM.attributes
                0x00000394       0x34 C:/PROGRA~2/ARMGNU~1/13C7F1~1.2RE/bin/../lib/gcc/arm-none-eabi/13.2.1/thumb/v7e-m+fp/hard\libg.a(libc_a-memmove.o)
 .ARM.attributes
                0x000003c8       0x34 C:/PROGRA~2/ARMGNU~1/13C7F1~1.2RE/bin/../lib/gcc/arm-none-eabi/13.2.1/thumb/v7e-m+fp/hard\libg.a(libc_a-memset.o)
 .ARM.attributes
                0x000003fc       0x34 C:/PROGRA~2/ARMGNU~1/13C7F1~1.2RE/bin/../lib/gcc/arm-none-eabi/13.2.1/thumb/v7e-m+fp/hard\libg.a(libc_a-stpcpy.o)
 .ARM.attributes
                0x00000430       0x34 C:/PROGRA~2/ARMGNU~1/13C7F1~1.2RE/bin/../lib/gcc/arm-none-eabi/13.2.1/thumb/v7e-m+fp/hard\libg.a(libc_a-impure.o)
 .ARM.attributes
                0x00000464       0x34 C:/PROGRA~2/ARMGNU~1/13C7F1~1.2RE/bin/../lib/gcc/arm-none-eabi/13.2.1/thumb/v7e-m+fp/hard\libg.a(libc_a-strcpy.o)
 .ARM.attributes
                0x00000498       0x1c C:/PROGRA~2/ARMGNU~1/13C7F1~1.2RE/bin/../lib/gcc/arm-none-eabi/13.2.1/thumb/v7e-m+fp/hard\libg.a(libc_a-strlen.o)
 .ARM.attributes
                0x000004b4       0x34 C:/PROGRA~2/ARMGNU~1/13C7F1~1.2RE/bin/../lib/gcc/arm-none-eabi/13.2.1/thumb/v7e-m+fp/hard\libg.a(libc_a-findfp.o)
 .ARM.attributes
                0x000004e8       0x34 C:/PROGRA~2/ARMGNU~1/13C7F1~1.2RE/bin/../lib/gcc/arm-none-eabi/13.2.1/thumb/v7e-m+fp/hard\libm.a(libm_a-wf_atan2.o)
 .ARM.attributes
                0x0000051c       0x34 C:/PROGRA~2/ARMGNU~1/13C7F1~1.2RE/bin/../lib/gcc/arm-none-eabi/13.2.1/thumb/v7e-m+fp/hard\libm.a(libm_a-sf_cos.o)
 .ARM.attributes
                0x00000550       0x34 C:/PROGRA~2/ARMGNU~1/13C7F1~1.2RE/bin/../lib/gcc/arm-none-eabi/13.2.1/thumb/v7e-m+fp/hard\libm.a(libm_a-sf_fabs.o)
 .ARM.attributes
                0x00000584       0x34 C:/PROGRA~2/ARMGNU~1/13C7F1~1.2RE/bin/../lib/gcc/arm-none-eabi/13.2.1/thumb/v7e-m+fp/hard\libm.a(libm_a-sf_sin.o)
 .ARM.attributes
                0x000005b8       0x34 C:/PROGRA~2/ARMGNU~1/13C7F1~1.2RE/bin/../lib/gcc/arm-none-eabi/13.2.1/thumb/v7e-m+fp/hard\libm.a(libm_a-sf_tan.o)
 .ARM.attributes
                0x000005ec       0x34 C:/PROGRA~2/ARMGNU~1/13C7F1~1.2RE/bin/../lib/gcc/arm-none-eabi/13.2.1/thumb/v7e-m+fp/hard\libm.a(libm_a-s_ceil.o)
 .ARM.attributes
                0x00000620       0x34 C:/PROGRA~2/ARMGNU~1/13C7F1~1.2RE/bin/../lib/gcc/arm-none-eabi/13.2.1/thumb/v7e-m+fp/hard\libm.a(libm_a-kf_cos.o)
 .ARM.attributes
                0x00000654       0x34 C:/PROGRA~2/ARMGNU~1/13C7F1~1.2RE/bin/../lib/gcc/arm-none-eabi/13.2.1/thumb/v7e-m+fp/hard\libm.a(libm_a-kf_sin.o)
 .ARM.attributes
                0x00000688       0x34 C:/PROGRA~2/ARMGNU~1/13C7F1~1.2RE/bin/../lib/gcc/arm-none-eabi/13.2.1/thumb/v7e-m+fp/hard\libm.a(libm_a-kf_tan.o)
 .ARM.attributes
                0x000006bc       0x34 C:/PROGRA~2/ARMGNU~1/13C7F1~1.2RE/bin/../lib/gcc/arm-none-eabi/13.2.1/thumb/v7e-m+fp/hard\libm.a(libm_a-ef_atan2.o)
 .ARM.attributes
                0x000006f0       0x34 C:/PROGRA~2/ARMGNU~1/13C7F1~1.2RE/bin/../lib/gcc/arm-none-eabi/13.2.1/thumb/v7e-m+fp/hard\libm.a(libm_a-ef_rem_pio2.o)
 .ARM.attributes
                0x00000724       0x34 C:/PROGRA~2/ARMGNU~1/13C7F1~1.2RE/bin/../lib/gcc/arm-none-eabi/13.2.1/thumb/v7e-m+fp/hard\libm.a(libm_a-sf_atan.o)
 .ARM.attributes
                0x00000758       0x34 C:/PROGRA~2/ARMGNU~1/13C7F1~1.2RE/bin/../lib/gcc/arm-none-eabi/13.2.1/thumb/v7e-m+fp/hard\libm.a(libm_a-kf_rem_pio2.o)
 .ARM.attributes
                0x0000078c       0x34 C:/PROGRA~2/ARMGNU~1/13C7F1~1.2RE/bin/../lib/gcc/arm-none-eabi/13.2.1/thumb/v7e-m+fp/hard\libm.a(libm_a-sf_scalbn.o)
 .ARM.attributes
                0x000007c0       0x34 C:/PROGRA~2/ARMGNU~1/13C7F1~1.2RE/bin/../lib/gcc/arm-none-eabi/13.2.1/thumb/v7e-m+fp/hard\libm.a(libm_a-sf_floor.o)
 .ARM.attributes
                0x000007f4       0x22 C:/PROGRA~2/ARMGNU~1/13C7F1~1.2RE/bin/../lib/gcc/arm-none-eabi/13.2.1/thumb/v7e-m+fp/hard\libgcc.a(_arm_cmpdf2.o)

.debug_frame    0x00000000     0x1b74
 .debug_frame   0x00000000      0x814 CMakeFiles\ddd.dir\src\main.c.obj
 .debug_frame   0x00000814      0x674 CMakeFiles\ddd.dir\engine\3dmath.c.obj
 .debug_frame   0x00000e88       0x38 CMakeFiles\ddd.dir\engine\actor.c.obj
 .debug_frame   0x00000ec0       0xc8 CMakeFiles\ddd.dir\engine\camera.c.obj
 .debug_frame   0x00000f88       0x2c CMakeFiles\ddd.dir\engine\fsm.c.obj
 .debug_frame   0x00000fb4      0x324 CMakeFiles\ddd.dir\engine\render.c.obj
 .debug_frame   0x000012d8       0x3c CMakeFiles\ddd.dir\engine\scene.c.obj
 .debug_frame   0x00001314       0x28 CMakeFiles\ddd.dir\engine\symbols.c.obj
 .debug_frame   0x0000133c       0x5c CMakeFiles\ddd.dir\C_\Users\shrin\Documents\PlaydateSDK\C_API\buildsupport\setup.c.obj
 .debug_frame   0x00001398       0xac C:/PROGRA~2/ARMGNU~1/13C7F1~1.2RE/bin/../lib/gcc/arm-none-eabi/13.2.1/thumb/v7e-m+fp/hard\libgcc.a(_arm_addsubdf3.o)
 .debug_frame   0x00001444       0x50 C:/PROGRA~2/ARMGNU~1/13C7F1~1.2RE/bin/../lib/gcc/arm-none-eabi/13.2.1/thumb/v7e-m+fp/hard\libgcc.a(_arm_muldivdf3.o)
 .debug_frame   0x00001494       0x24 C:/PROGRA~2/ARMGNU~1/13C7F1~1.2RE/bin/../lib/gcc/arm-none-eabi/13.2.1/thumb/v7e-m+fp/hard\libgcc.a(_arm_fixdfsi.o)
 .debug_frame   0x000014b8       0x24 C:/PROGRA~2/ARMGNU~1/13C7F1~1.2RE/bin/../lib/gcc/arm-none-eabi/13.2.1/thumb/v7e-m+fp/hard\libgcc.a(_arm_truncdfsf2.o)
 .debug_frame   0x000014dc       0x40 C:/PROGRA~2/ARMGNU~1/13C7F1~1.2RE/bin/../lib/gcc/arm-none-eabi/13.2.1/thumb/v7e-m+fp/hard\libg.a(libc_a-itoa.o)
 .debug_frame   0x0000151c       0x30 C:/PROGRA~2/ARMGNU~1/13C7F1~1.2RE/bin/../lib/gcc/arm-none-eabi/13.2.1/thumb/v7e-m+fp/hard\libg.a(libc_a-malloc.o)
 .debug_frame   0x0000154c       0x3c C:/PROGRA~2/ARMGNU~1/13C7F1~1.2RE/bin/../lib/gcc/arm-none-eabi/13.2.1/thumb/v7e-m+fp/hard\libg.a(libc_a-rand.o)
 .debug_frame   0x00001588       0x4c C:/PROGRA~2/ARMGNU~1/13C7F1~1.2RE/bin/../lib/gcc/arm-none-eabi/13.2.1/thumb/v7e-m+fp/hard\libg.a(libc_a-utoa.o)
 .debug_frame   0x000015d4       0x44 C:/PROGRA~2/ARMGNU~1/13C7F1~1.2RE/bin/../lib/gcc/arm-none-eabi/13.2.1/thumb/v7e-m+fp/hard\libg.a(libc_a-qsort.o)
 .debug_frame   0x00001618       0x40 C:/PROGRA~2/ARMGNU~1/13C7F1~1.2RE/bin/../lib/gcc/arm-none-eabi/13.2.1/thumb/v7e-m+fp/hard\libg.a(libc_a-memmove.o)
 .debug_frame   0x00001658       0x2c C:/PROGRA~2/ARMGNU~1/13C7F1~1.2RE/bin/../lib/gcc/arm-none-eabi/13.2.1/thumb/v7e-m+fp/hard\libg.a(libc_a-memset.o)
 .debug_frame   0x00001684       0x20 C:/PROGRA~2/ARMGNU~1/13C7F1~1.2RE/bin/../lib/gcc/arm-none-eabi/13.2.1/thumb/v7e-m+fp/hard\libg.a(libc_a-stpcpy.o)
 .debug_frame   0x000016a4       0x20 C:/PROGRA~2/ARMGNU~1/13C7F1~1.2RE/bin/../lib/gcc/arm-none-eabi/13.2.1/thumb/v7e-m+fp/hard\libg.a(libc_a-strcpy.o)
 .debug_frame   0x000016c4      0x13c C:/PROGRA~2/ARMGNU~1/13C7F1~1.2RE/bin/../lib/gcc/arm-none-eabi/13.2.1/thumb/v7e-m+fp/hard\libg.a(libc_a-findfp.o)
 .debug_frame   0x00001800       0x20 C:/PROGRA~2/ARMGNU~1/13C7F1~1.2RE/bin/../lib/gcc/arm-none-eabi/13.2.1/thumb/v7e-m+fp/hard\libm.a(libm_a-wf_atan2.o)
 .debug_frame   0x00001820       0x34 C:/PROGRA~2/ARMGNU~1/13C7F1~1.2RE/bin/../lib/gcc/arm-none-eabi/13.2.1/thumb/v7e-m+fp/hard\libm.a(libm_a-sf_cos.o)
 .debug_frame   0x00001854       0x20 C:/PROGRA~2/ARMGNU~1/13C7F1~1.2RE/bin/../lib/gcc/arm-none-eabi/13.2.1/thumb/v7e-m+fp/hard\libm.a(libm_a-sf_fabs.o)
 .debug_frame   0x00001874       0x34 C:/PROGRA~2/ARMGNU~1/13C7F1~1.2RE/bin/../lib/gcc/arm-none-eabi/13.2.1/thumb/v7e-m+fp/hard\libm.a(libm_a-sf_sin.o)
 .debug_frame   0x000018a8       0x30 C:/PROGRA~2/ARMGNU~1/13C7F1~1.2RE/bin/../lib/gcc/arm-none-eabi/13.2.1/thumb/v7e-m+fp/hard\libm.a(libm_a-sf_tan.o)
 .debug_frame   0x000018d8       0x30 C:/PROGRA~2/ARMGNU~1/13C7F1~1.2RE/bin/../lib/gcc/arm-none-eabi/13.2.1/thumb/v7e-m+fp/hard\libm.a(libm_a-s_ceil.o)
 .debug_frame   0x00001908       0x20 C:/PROGRA~2/ARMGNU~1/13C7F1~1.2RE/bin/../lib/gcc/arm-none-eabi/13.2.1/thumb/v7e-m+fp/hard\libm.a(libm_a-kf_cos.o)
 .debug_frame   0x00001928       0x20 C:/PROGRA~2/ARMGNU~1/13C7F1~1.2RE/bin/../lib/gcc/arm-none-eabi/13.2.1/thumb/v7e-m+fp/hard\libm.a(libm_a-kf_sin.o)
 .debug_frame   0x00001948       0x28 C:/PROGRA~2/ARMGNU~1/13C7F1~1.2RE/bin/../lib/gcc/arm-none-eabi/13.2.1/thumb/v7e-m+fp/hard\libm.a(libm_a-kf_tan.o)
 .debug_frame   0x00001970       0x44 C:/PROGRA~2/ARMGNU~1/13C7F1~1.2RE/bin/../lib/gcc/arm-none-eabi/13.2.1/thumb/v7e-m+fp/hard\libm.a(libm_a-ef_atan2.o)
 .debug_frame   0x000019b4       0x34 C:/PROGRA~2/ARMGNU~1/13C7F1~1.2RE/bin/../lib/gcc/arm-none-eabi/13.2.1/thumb/v7e-m+fp/hard\libm.a(libm_a-ef_rem_pio2.o)
 .debug_frame   0x000019e8       0x2c C:/PROGRA~2/ARMGNU~1/13C7F1~1.2RE/bin/../lib/gcc/arm-none-eabi/13.2.1/thumb/v7e-m+fp/hard\libm.a(libm_a-sf_atan.o)
 .debug_frame   0x00001a14       0x5c C:/PROGRA~2/ARMGNU~1/13C7F1~1.2RE/bin/../lib/gcc/arm-none-eabi/13.2.1/thumb/v7e-m+fp/hard\libm.a(libm_a-kf_rem_pio2.o)
 .debug_frame   0x00001a70       0x20 C:/PROGRA~2/ARMGNU~1/13C7F1~1.2RE/bin/../lib/gcc/arm-none-eabi/13.2.1/thumb/v7e-m+fp/hard\libm.a(libm_a-sf_scalbn.o)
 .debug_frame   0x00001a90       0x20 C:/PROGRA~2/ARMGNU~1/13C7F1~1.2RE/bin/../lib/gcc/arm-none-eabi/13.2.1/thumb/v7e-m+fp/hard\libm.a(libm_a-sf_floor.o)
 .debug_frame   0x00001ab0       0xc4 C:/PROGRA~2/ARMGNU~1/13C7F1~1.2RE/bin/../lib/gcc/arm-none-eabi/13.2.1/thumb/v7e-m+fp/hard\libgcc.a(_arm_cmpdf2.o)

.debug_line_str
                0x00000000      0x1b0
 .debug_line_str
                0x00000000      0x1b0 C:/PROGRA~2/ARMGNU~1/13C7F1~1.2RE/bin/../lib/gcc/arm-none-eabi/13.2.1/thumb/v7e-m+fp/hard\libgcc.a(_arm_addsubdf3.o)
                                 0xce (size before relaxing)
 .debug_line_str
                0x000001b0       0xce C:/PROGRA~2/ARMGNU~1/13C7F1~1.2RE/bin/../lib/gcc/arm-none-eabi/13.2.1/thumb/v7e-m+fp/hard\libgcc.a(_arm_muldivdf3.o)
 .debug_line_str
                0x000001b0       0xce C:/PROGRA~2/ARMGNU~1/13C7F1~1.2RE/bin/../lib/gcc/arm-none-eabi/13.2.1/thumb/v7e-m+fp/hard\libgcc.a(_arm_fixdfsi.o)
 .debug_line_str
                0x000001b0       0xce C:/PROGRA~2/ARMGNU~1/13C7F1~1.2RE/bin/../lib/gcc/arm-none-eabi/13.2.1/thumb/v7e-m+fp/hard\libgcc.a(_arm_truncdfsf2.o)
 .debug_line_str
                0x000001b0       0xe2 C:/PROGRA~2/ARMGNU~1/13C7F1~1.2RE/bin/../lib/gcc/arm-none-eabi/13.2.1/thumb/v7e-m+fp/hard\libg.a(libc_a-strlen.o)
 .debug_line_str
                0x000001b0       0xce C:/PROGRA~2/ARMGNU~1/13C7F1~1.2RE/bin/../lib/gcc/arm-none-eabi/13.2.1/thumb/v7e-m+fp/hard\libgcc.a(_arm_cmpdf2.o)

Cross Reference Table

Symbol                                            File
ActiveCamera                                      CMakeFiles\ddd.dir\src\main.c.obj
ActiveLure                                        CMakeFiles\ddd.dir\src\main.c.obj
ActiveScene                                       CMakeFiles\ddd.dir\src\main.c.obj
Actor_drawMesh                                    CMakeFiles\ddd.dir\engine\render.c.obj
                                                  CMakeFiles\ddd.dir\src\main.c.obj
Actor_updateTransform                             CMakeFiles\ddd.dir\engine\actor.c.obj
                                                  CMakeFiles\ddd.dir\engine\scene.c.obj
ApplyNearClipToLine                               CMakeFiles\ddd.dir\engine\render.c.obj
Camera_getProjectionMatrix                        CMakeFiles\ddd.dir\engine\camera.c.obj
                                                  CMakeFiles\ddd.dir\src\main.c.obj
Camera_getRotationMatrix                          CMakeFiles\ddd.dir\engine\camera.c.obj
                                                  CMakeFiles\ddd.dir\src\main.c.obj
Camera_worldToScreenPos                           CMakeFiles\ddd.dir\engine\camera.c.obj
                                                  CMakeFiles\ddd.dir\engine\render.c.obj
                                                  CMakeFiles\ddd.dir\src\main.c.obj
DELTA_TIME                                        CMakeFiles\ddd.dir\src\main.c.obj
                                                  CMakeFiles\ddd.dir\engine\render.c.obj
                                                  CMakeFiles\ddd.dir\engine\camera.c.obj
DebugScene                                        CMakeFiles\ddd.dir\src\main.c.obj
DefaultLure                                       CMakeFiles\ddd.dir\src\main.c.obj
DefaultScene                                      CMakeFiles\ddd.dir\src\main.c.obj
DefaultView                                       CMakeFiles\ddd.dir\src\main.c.obj
FONT_MONTSERRAT_BLACK_24                          CMakeFiles\ddd.dir\src\main.c.obj
FONT_MONTSERRAT_BLACK_ITALIC_24                   CMakeFiles\ddd.dir\src\main.c.obj
FONT_MONTSERRAT_BOLD_14                           CMakeFiles\ddd.dir\src\main.c.obj
FishingScene                                      CMakeFiles\ddd.dir\src\main.c.obj
GLOBAL_ORIGIN                                     CMakeFiles\ddd.dir\src\main.c.obj
GLOBAL_UNIT                                       CMakeFiles\ddd.dir\src\main.c.obj
GLOBAL_UP                                         CMakeFiles\ddd.dir\src\main.c.obj
Gradient_init                                     CMakeFiles\ddd.dir\src\main.c.obj
Gradient_sample                                   CMakeFiles\ddd.dir\src\main.c.obj
Gradient_tick                                     CMakeFiles\ddd.dir\src\main.c.obj
Grid512Long                                       CMakeFiles\ddd.dir\src\main.c.obj
LakeView                                          CMakeFiles\ddd.dir\src\main.c.obj
LakeWaves_render                                  CMakeFiles\ddd.dir\engine\render.c.obj
                                                  CMakeFiles\ddd.dir\src\main.c.obj
LakeWaves_renderWaterHeight                       CMakeFiles\ddd.dir\engine\render.c.obj
                                                  CMakeFiles\ddd.dir\src\main.c.obj
Line_worldDraw                                    CMakeFiles\ddd.dir\engine\render.c.obj
LookTarget_setTarget                              CMakeFiles\ddd.dir\engine\camera.c.obj
                                                  CMakeFiles\ddd.dir\src\main.c.obj
LookTarget_tick                                   CMakeFiles\ddd.dir\engine\camera.c.obj
                                                  CMakeFiles\ddd.dir\engine\scene.c.obj
                                                  CMakeFiles\ddd.dir\src\main.c.obj
Matrix3_add                                       CMakeFiles\ddd.dir\engine\3dmath.c.obj
Matrix3_apply                                     CMakeFiles\ddd.dir\engine\3dmath.c.obj
                                                  CMakeFiles\ddd.dir\engine\render.c.obj
Matrix3_fromQuaternion                            CMakeFiles\ddd.dir\engine\3dmath.c.obj
Matrix3_getRotationX                              CMakeFiles\ddd.dir\engine\3dmath.c.obj
                                                  CMakeFiles\ddd.dir\engine\camera.c.obj
Matrix3_getRotationY                              CMakeFiles\ddd.dir\engine\3dmath.c.obj
                                                  CMakeFiles\ddd.dir\engine\camera.c.obj
Matrix3_getRotationZ                              CMakeFiles\ddd.dir\engine\3dmath.c.obj
                                                  CMakeFiles\ddd.dir\engine\camera.c.obj
Matrix3_lerp                                      CMakeFiles\ddd.dir\engine\3dmath.c.obj
Matrix3_lookAt                                    CMakeFiles\ddd.dir\engine\3dmath.c.obj
                                                  CMakeFiles\ddd.dir\engine\actor.c.obj
                                                  CMakeFiles\ddd.dir\src\main.c.obj
Matrix3_multiply                                  CMakeFiles\ddd.dir\engine\3dmath.c.obj
                                                  CMakeFiles\ddd.dir\engine\camera.c.obj
Matrix3_multiplyScalar                            CMakeFiles\ddd.dir\engine\3dmath.c.obj
Matrix3_rotationFromAngles                        CMakeFiles\ddd.dir\engine\3dmath.c.obj
Matrix4_apply                                     CMakeFiles\ddd.dir\engine\3dmath.c.obj
                                                  CMakeFiles\ddd.dir\engine\render.c.obj
                                                  CMakeFiles\ddd.dir\engine\camera.c.obj
Matrix4_from3                                     CMakeFiles\ddd.dir\engine\3dmath.c.obj
Matrix4_getMatrixTransform                        CMakeFiles\ddd.dir\engine\3dmath.c.obj
                                                  CMakeFiles\ddd.dir\engine\actor.c.obj
Matrix4_getQuaternionTransform                    CMakeFiles\ddd.dir\engine\3dmath.c.obj
                                                  CMakeFiles\ddd.dir\engine\actor.c.obj
Matrix4_getTransform                              CMakeFiles\ddd.dir\engine\3dmath.c.obj
Matrix4_multiply                                  CMakeFiles\ddd.dir\engine\3dmath.c.obj
PTR_Camera_worldToScreenPos                       CMakeFiles\ddd.dir\engine\camera.c.obj
                                                  CMakeFiles\ddd.dir\engine\render.c.obj
PTR_Matrix3_apply                                 CMakeFiles\ddd.dir\engine\3dmath.c.obj
                                                  CMakeFiles\ddd.dir\engine\render.c.obj
                                                  CMakeFiles\ddd.dir\src\main.c.obj
PTR_Matrix4_apply                                 CMakeFiles\ddd.dir\engine\3dmath.c.obj
                                                  CMakeFiles\ddd.dir\engine\camera.c.obj
Quaternion_LookAt                                 CMakeFiles\ddd.dir\engine\3dmath.c.obj
Quaternion_fromAngleAxis                          CMakeFiles\ddd.dir\engine\3dmath.c.obj
Quaternion_fromVector3                            CMakeFiles\ddd.dir\engine\3dmath.c.obj
                                                  CMakeFiles\ddd.dir\engine\actor.c.obj
Quaternion_normalize                              CMakeFiles\ddd.dir\engine\3dmath.c.obj
SINE_GRADIENT                                     CMakeFiles\ddd.dir\src\main.c.obj
SINE_GRADIENT_OFFSET                              CMakeFiles\ddd.dir\src\main.c.obj
SLANT                                             CMakeFiles\ddd.dir\engine\render.c.obj
Scene_update                                      CMakeFiles\ddd.dir\engine\scene.c.obj
                                                  CMakeFiles\ddd.dir\src\main.c.obj
TICKER_FONT                                       CMakeFiles\ddd.dir\src\main.c.obj
TICKER_SPEED                                      CMakeFiles\ddd.dir\src\main.c.obj
TICK_LASTCRANKREADING                             CMakeFiles\ddd.dir\src\main.c.obj
TIME_SCALE                                        CMakeFiles\ddd.dir\src\main.c.obj
UnderwaterView                                    CMakeFiles\ddd.dir\src\main.c.obj
Vector3_add                                       CMakeFiles\ddd.dir\engine\3dmath.c.obj
                                                  CMakeFiles\ddd.dir\src\main.c.obj
Vector3_applyQuaternion                           CMakeFiles\ddd.dir\engine\3dmath.c.obj
Vector3_cross                                     CMakeFiles\ddd.dir\engine\3dmath.c.obj
Vector3_dot                                       CMakeFiles\ddd.dir\engine\3dmath.c.obj
                                                  CMakeFiles\ddd.dir\engine\render.c.obj
Vector3_fromQuaternion                            CMakeFiles\ddd.dir\engine\3dmath.c.obj
Vector3_getDistance                               CMakeFiles\ddd.dir\engine\3dmath.c.obj
Vector3_getDistanceSquared                        CMakeFiles\ddd.dir\engine\3dmath.c.obj
                                                  CMakeFiles\ddd.dir\src\main.c.obj
Vector3_getForward                                CMakeFiles\ddd.dir\engine\3dmath.c.obj
                                                  CMakeFiles\ddd.dir\src\main.c.obj
Vector3_getLeft                                   CMakeFiles\ddd.dir\engine\3dmath.c.obj
                                                  CMakeFiles\ddd.dir\src\main.c.obj
Vector3_getUp                                     CMakeFiles\ddd.dir\engine\3dmath.c.obj
                                                  CMakeFiles\ddd.dir\src\main.c.obj
Vector3_length                                    CMakeFiles\ddd.dir\engine\3dmath.c.obj
                                                  CMakeFiles\ddd.dir\engine\render.c.obj
                                                  CMakeFiles\ddd.dir\src\main.c.obj
Vector3_lengthSquared                             CMakeFiles\ddd.dir\engine\3dmath.c.obj
Vector3_lerp                                      CMakeFiles\ddd.dir\engine\3dmath.c.obj
                                                  CMakeFiles\ddd.dir\engine\render.c.obj
                                                  CMakeFiles\ddd.dir\engine\camera.c.obj
                                                  CMakeFiles\ddd.dir\src\main.c.obj
Vector3_make                                      CMakeFiles\ddd.dir\engine\symbols.c.obj
                                                  CMakeFiles\ddd.dir\engine\3dmath.c.obj
Vector3_multiply                                  CMakeFiles\ddd.dir\engine\3dmath.c.obj
Vector3_multiplyScalar                            CMakeFiles\ddd.dir\engine\3dmath.c.obj
                                                  CMakeFiles\ddd.dir\src\main.c.obj
Vector3_normalize                                 CMakeFiles\ddd.dir\engine\3dmath.c.obj
                                                  CMakeFiles\ddd.dir\engine\actor.c.obj
Vector3_subtract                                  CMakeFiles\ddd.dir\engine\3dmath.c.obj
                                                  CMakeFiles\ddd.dir\engine\render.c.obj
                                                  CMakeFiles\ddd.dir\engine\actor.c.obj
                                                  CMakeFiles\ddd.dir\src\main.c.obj
WAVE_RIPPLE_U                                     CMakeFiles\ddd.dir\engine\wave_heightmap.c.obj
                                                  CMakeFiles\ddd.dir\engine\render.c.obj
                                                  CMakeFiles\ddd.dir\src\main.c.obj
WAVE_RIPPLE_V                                     CMakeFiles\ddd.dir\engine\wave_heightmap.c.obj
                                                  CMakeFiles\ddd.dir\engine\render.c.obj
                                                  CMakeFiles\ddd.dir\src\main.c.obj
YPlane_render                                     CMakeFiles\ddd.dir\engine\render.c.obj
                                                  CMakeFiles\ddd.dir\src\main.c.obj
YPlane_renderGrid                                 CMakeFiles\ddd.dir\engine\render.c.obj
__adddf3                                          C:/PROGRA~2/ARMGNU~1/13C7F1~1.2RE/bin/../lib/gcc/arm-none-eabi/13.2.1/thumb/v7e-m+fp/hard\libgcc.a(_arm_addsubdf3.o)
__aeabi_cdcmpeq                                   C:/PROGRA~2/ARMGNU~1/13C7F1~1.2RE/bin/../lib/gcc/arm-none-eabi/13.2.1/thumb/v7e-m+fp/hard\libgcc.a(_arm_cmpdf2.o)
__aeabi_cdcmple                                   C:/PROGRA~2/ARMGNU~1/13C7F1~1.2RE/bin/../lib/gcc/arm-none-eabi/13.2.1/thumb/v7e-m+fp/hard\libgcc.a(_arm_cmpdf2.o)
__aeabi_cdrcmple                                  C:/PROGRA~2/ARMGNU~1/13C7F1~1.2RE/bin/../lib/gcc/arm-none-eabi/13.2.1/thumb/v7e-m+fp/hard\libgcc.a(_arm_cmpdf2.o)
__aeabi_d2f                                       C:/PROGRA~2/ARMGNU~1/13C7F1~1.2RE/bin/../lib/gcc/arm-none-eabi/13.2.1/thumb/v7e-m+fp/hard\libgcc.a(_arm_truncdfsf2.o)
                                                  CMakeFiles\ddd.dir\engine\render.c.obj
                                                  CMakeFiles\ddd.dir\engine\camera.c.obj
                                                  CMakeFiles\ddd.dir\engine\3dmath.c.obj
                                                  CMakeFiles\ddd.dir\src\main.c.obj
__aeabi_d2iz                                      C:/PROGRA~2/ARMGNU~1/13C7F1~1.2RE/bin/../lib/gcc/arm-none-eabi/13.2.1/thumb/v7e-m+fp/hard\libgcc.a(_arm_fixdfsi.o)
                                                  CMakeFiles\ddd.dir\src\main.c.obj
__aeabi_dadd                                      C:/PROGRA~2/ARMGNU~1/13C7F1~1.2RE/bin/../lib/gcc/arm-none-eabi/13.2.1/thumb/v7e-m+fp/hard\libgcc.a(_arm_addsubdf3.o)
                                                  C:/PROGRA~2/ARMGNU~1/13C7F1~1.2RE/bin/../lib/gcc/arm-none-eabi/13.2.1/thumb/v7e-m+fp/hard\libm.a(libm_a-s_ceil.o)
                                                  CMakeFiles\ddd.dir\engine\render.c.obj
                                                  CMakeFiles\ddd.dir\engine\camera.c.obj
                                                  CMakeFiles\ddd.dir\src\main.c.obj
__aeabi_dcmpeq                                    C:/PROGRA~2/ARMGNU~1/13C7F1~1.2RE/bin/../lib/gcc/arm-none-eabi/13.2.1/thumb/v7e-m+fp/hard\libgcc.a(_arm_cmpdf2.o)
__aeabi_dcmpge                                    C:/PROGRA~2/ARMGNU~1/13C7F1~1.2RE/bin/../lib/gcc/arm-none-eabi/13.2.1/thumb/v7e-m+fp/hard\libgcc.a(_arm_cmpdf2.o)
__aeabi_dcmpgt                                    C:/PROGRA~2/ARMGNU~1/13C7F1~1.2RE/bin/../lib/gcc/arm-none-eabi/13.2.1/thumb/v7e-m+fp/hard\libgcc.a(_arm_cmpdf2.o)
                                                  C:/PROGRA~2/ARMGNU~1/13C7F1~1.2RE/bin/../lib/gcc/arm-none-eabi/13.2.1/thumb/v7e-m+fp/hard\libm.a(libm_a-s_ceil.o)
__aeabi_dcmple                                    C:/PROGRA~2/ARMGNU~1/13C7F1~1.2RE/bin/../lib/gcc/arm-none-eabi/13.2.1/thumb/v7e-m+fp/hard\libgcc.a(_arm_cmpdf2.o)
__aeabi_dcmplt                                    C:/PROGRA~2/ARMGNU~1/13C7F1~1.2RE/bin/../lib/gcc/arm-none-eabi/13.2.1/thumb/v7e-m+fp/hard\libgcc.a(_arm_cmpdf2.o)
__aeabi_ddiv                                      C:/PROGRA~2/ARMGNU~1/13C7F1~1.2RE/bin/../lib/gcc/arm-none-eabi/13.2.1/thumb/v7e-m+fp/hard\libgcc.a(_arm_muldivdf3.o)
                                                  CMakeFiles\ddd.dir\engine\render.c.obj
                                                  CMakeFiles\ddd.dir\src\main.c.obj
__aeabi_dmul                                      C:/PROGRA~2/ARMGNU~1/13C7F1~1.2RE/bin/../lib/gcc/arm-none-eabi/13.2.1/thumb/v7e-m+fp/hard\libgcc.a(_arm_muldivdf3.o)
                                                  C:/PROGRA~2/ARMGNU~1/13C7F1~1.2RE/bin/../lib/gcc/arm-none-eabi/13.2.1/thumb/v7e-m+fp/hard\libgcc.a(_arm_muldf3.o)
                                                  CMakeFiles\ddd.dir\engine\render.c.obj
                                                  CMakeFiles\ddd.dir\engine\camera.c.obj
                                                  CMakeFiles\ddd.dir\src\main.c.obj
__aeabi_drsub                                     C:/PROGRA~2/ARMGNU~1/13C7F1~1.2RE/bin/../lib/gcc/arm-none-eabi/13.2.1/thumb/v7e-m+fp/hard\libgcc.a(_arm_addsubdf3.o)
__aeabi_dsub                                      C:/PROGRA~2/ARMGNU~1/13C7F1~1.2RE/bin/../lib/gcc/arm-none-eabi/13.2.1/thumb/v7e-m+fp/hard\libgcc.a(_arm_addsubdf3.o)
                                                  CMakeFiles\ddd.dir\engine\3dmath.c.obj
                                                  CMakeFiles\ddd.dir\src\main.c.obj
__aeabi_f2d                                       C:/PROGRA~2/ARMGNU~1/13C7F1~1.2RE/bin/../lib/gcc/arm-none-eabi/13.2.1/thumb/v7e-m+fp/hard\libgcc.a(_arm_addsubdf3.o)
                                                  CMakeFiles\ddd.dir\engine\render.c.obj
                                                  CMakeFiles\ddd.dir\engine\camera.c.obj
                                                  CMakeFiles\ddd.dir\engine\3dmath.c.obj
                                                  CMakeFiles\ddd.dir\src\main.c.obj
__aeabi_i2d                                       C:/PROGRA~2/ARMGNU~1/13C7F1~1.2RE/bin/../lib/gcc/arm-none-eabi/13.2.1/thumb/v7e-m+fp/hard\libgcc.a(_arm_addsubdf3.o)
__aeabi_l2d                                       C:/PROGRA~2/ARMGNU~1/13C7F1~1.2RE/bin/../lib/gcc/arm-none-eabi/13.2.1/thumb/v7e-m+fp/hard\libgcc.a(_arm_addsubdf3.o)
__aeabi_ui2d                                      C:/PROGRA~2/ARMGNU~1/13C7F1~1.2RE/bin/../lib/gcc/arm-none-eabi/13.2.1/thumb/v7e-m+fp/hard\libgcc.a(_arm_addsubdf3.o)
__aeabi_ul2d                                      C:/PROGRA~2/ARMGNU~1/13C7F1~1.2RE/bin/../lib/gcc/arm-none-eabi/13.2.1/thumb/v7e-m+fp/hard\libgcc.a(_arm_addsubdf3.o)
__cmpdf2                                          C:/PROGRA~2/ARMGNU~1/13C7F1~1.2RE/bin/../lib/gcc/arm-none-eabi/13.2.1/thumb/v7e-m+fp/hard\libgcc.a(_arm_cmpdf2.o)
__divdf3                                          C:/PROGRA~2/ARMGNU~1/13C7F1~1.2RE/bin/../lib/gcc/arm-none-eabi/13.2.1/thumb/v7e-m+fp/hard\libgcc.a(_arm_muldivdf3.o)
__eqdf2                                           C:/PROGRA~2/ARMGNU~1/13C7F1~1.2RE/bin/../lib/gcc/arm-none-eabi/13.2.1/thumb/v7e-m+fp/hard\libgcc.a(_arm_cmpdf2.o)
__errno                                           C:/PROGRA~2/ARMGNU~1/13C7F1~1.2RE/bin/../lib/gcc/arm-none-eabi/13.2.1/thumb/v7e-m+fp/hard\libc.a(libc_a-errno.o)
                                                  C:/PROGRA~2/ARMGNU~1/13C7F1~1.2RE/bin/../lib/gcc/arm-none-eabi/13.2.1/thumb/v7e-m+fp/hard\libm.a(libm_a-wf_sqrt.o)
                                                  C:/PROGRA~2/ARMGNU~1/13C7F1~1.2RE/bin/../lib/gcc/arm-none-eabi/13.2.1/thumb/v7e-m+fp/hard\libm.a(libm_a-wf_acos.o)
__extendsfdf2                                     C:/PROGRA~2/ARMGNU~1/13C7F1~1.2RE/bin/../lib/gcc/arm-none-eabi/13.2.1/thumb/v7e-m+fp/hard\libgcc.a(_arm_addsubdf3.o)
__fixdfsi                                         C:/PROGRA~2/ARMGNU~1/13C7F1~1.2RE/bin/../lib/gcc/arm-none-eabi/13.2.1/thumb/v7e-m+fp/hard\libgcc.a(_arm_fixdfsi.o)
__floatdidf                                       C:/PROGRA~2/ARMGNU~1/13C7F1~1.2RE/bin/../lib/gcc/arm-none-eabi/13.2.1/thumb/v7e-m+fp/hard\libgcc.a(_arm_addsubdf3.o)
__floatsidf                                       C:/PROGRA~2/ARMGNU~1/13C7F1~1.2RE/bin/../lib/gcc/arm-none-eabi/13.2.1/thumb/v7e-m+fp/hard\libgcc.a(_arm_addsubdf3.o)
__floatundidf                                     C:/PROGRA~2/ARMGNU~1/13C7F1~1.2RE/bin/../lib/gcc/arm-none-eabi/13.2.1/thumb/v7e-m+fp/hard\libgcc.a(_arm_addsubdf3.o)
__floatunsidf                                     C:/PROGRA~2/ARMGNU~1/13C7F1~1.2RE/bin/../lib/gcc/arm-none-eabi/13.2.1/thumb/v7e-m+fp/hard\libgcc.a(_arm_addsubdf3.o)
__fp_lock_all                                     C:/PROGRA~2/ARMGNU~1/13C7F1~1.2RE/bin/../lib/gcc/arm-none-eabi/13.2.1/thumb/v7e-m+fp/hard\libg.a(libc_a-findfp.o)
__fp_unlock_all                                   C:/PROGRA~2/ARMGNU~1/13C7F1~1.2RE/bin/../lib/gcc/arm-none-eabi/13.2.1/thumb/v7e-m+fp/hard\libg.a(libc_a-findfp.o)
__gedf2                                           C:/PROGRA~2/ARMGNU~1/13C7F1~1.2RE/bin/../lib/gcc/arm-none-eabi/13.2.1/thumb/v7e-m+fp/hard\libgcc.a(_arm_cmpdf2.o)
__gtdf2                                           C:/PROGRA~2/ARMGNU~1/13C7F1~1.2RE/bin/../lib/gcc/arm-none-eabi/13.2.1/thumb/v7e-m+fp/hard\libgcc.a(_arm_cmpdf2.o)
__ieee754_acosf                                   C:/PROGRA~2/ARMGNU~1/13C7F1~1.2RE/bin/../lib/gcc/arm-none-eabi/13.2.1/thumb/v7e-m+fp/hard\libm.a(libm_a-ef_acos.o)
                                                  C:/PROGRA~2/ARMGNU~1/13C7F1~1.2RE/bin/../lib/gcc/arm-none-eabi/13.2.1/thumb/v7e-m+fp/hard\libm.a(libm_a-wf_acos.o)
__ieee754_atan2f                                  C:/PROGRA~2/ARMGNU~1/13C7F1~1.2RE/bin/../lib/gcc/arm-none-eabi/13.2.1/thumb/v7e-m+fp/hard\libm.a(libm_a-ef_atan2.o)
                                                  C:/PROGRA~2/ARMGNU~1/13C7F1~1.2RE/bin/../lib/gcc/arm-none-eabi/13.2.1/thumb/v7e-m+fp/hard\libm.a(libm_a-wf_atan2.o)
__ieee754_rem_pio2f                               C:/PROGRA~2/ARMGNU~1/13C7F1~1.2RE/bin/../lib/gcc/arm-none-eabi/13.2.1/thumb/v7e-m+fp/hard\libm.a(libm_a-ef_rem_pio2.o)
                                                  C:/PROGRA~2/ARMGNU~1/13C7F1~1.2RE/bin/../lib/gcc/arm-none-eabi/13.2.1/thumb/v7e-m+fp/hard\libm.a(libm_a-sf_tan.o)
                                                  C:/PROGRA~2/ARMGNU~1/13C7F1~1.2RE/bin/../lib/gcc/arm-none-eabi/13.2.1/thumb/v7e-m+fp/hard\libm.a(libm_a-sf_sin.o)
                                                  C:/PROGRA~2/ARMGNU~1/13C7F1~1.2RE/bin/../lib/gcc/arm-none-eabi/13.2.1/thumb/v7e-m+fp/hard\libm.a(libm_a-sf_cos.o)
__ieee754_sqrtf                                   C:/PROGRA~2/ARMGNU~1/13C7F1~1.2RE/bin/../lib/gcc/arm-none-eabi/13.2.1/thumb/v7e-m+fp/hard\libm.a(libm_a-ef_sqrt.o)
                                                  C:/PROGRA~2/ARMGNU~1/13C7F1~1.2RE/bin/../lib/gcc/arm-none-eabi/13.2.1/thumb/v7e-m+fp/hard\libm.a(libm_a-ef_acos.o)
                                                  C:/PROGRA~2/ARMGNU~1/13C7F1~1.2RE/bin/../lib/gcc/arm-none-eabi/13.2.1/thumb/v7e-m+fp/hard\libm.a(libm_a-wf_sqrt.o)
__itoa                                            C:/PROGRA~2/ARMGNU~1/13C7F1~1.2RE/bin/../lib/gcc/arm-none-eabi/13.2.1/thumb/v7e-m+fp/hard\libg.a(libc_a-itoa.o)
__kernel_cosf                                     C:/PROGRA~2/ARMGNU~1/13C7F1~1.2RE/bin/../lib/gcc/arm-none-eabi/13.2.1/thumb/v7e-m+fp/hard\libm.a(libm_a-kf_cos.o)
                                                  C:/PROGRA~2/ARMGNU~1/13C7F1~1.2RE/bin/../lib/gcc/arm-none-eabi/13.2.1/thumb/v7e-m+fp/hard\libm.a(libm_a-sf_sin.o)
                                                  C:/PROGRA~2/ARMGNU~1/13C7F1~1.2RE/bin/../lib/gcc/arm-none-eabi/13.2.1/thumb/v7e-m+fp/hard\libm.a(libm_a-sf_cos.o)
__kernel_rem_pio2f                                C:/PROGRA~2/ARMGNU~1/13C7F1~1.2RE/bin/../lib/gcc/arm-none-eabi/13.2.1/thumb/v7e-m+fp/hard\libm.a(libm_a-kf_rem_pio2.o)
                                                  C:/PROGRA~2/ARMGNU~1/13C7F1~1.2RE/bin/../lib/gcc/arm-none-eabi/13.2.1/thumb/v7e-m+fp/hard\libm.a(libm_a-ef_rem_pio2.o)
__kernel_sinf                                     C:/PROGRA~2/ARMGNU~1/13C7F1~1.2RE/bin/../lib/gcc/arm-none-eabi/13.2.1/thumb/v7e-m+fp/hard\libm.a(libm_a-kf_sin.o)
                                                  C:/PROGRA~2/ARMGNU~1/13C7F1~1.2RE/bin/../lib/gcc/arm-none-eabi/13.2.1/thumb/v7e-m+fp/hard\libm.a(libm_a-sf_sin.o)
                                                  C:/PROGRA~2/ARMGNU~1/13C7F1~1.2RE/bin/../lib/gcc/arm-none-eabi/13.2.1/thumb/v7e-m+fp/hard\libm.a(libm_a-sf_cos.o)
__kernel_tanf                                     C:/PROGRA~2/ARMGNU~1/13C7F1~1.2RE/bin/../lib/gcc/arm-none-eabi/13.2.1/thumb/v7e-m+fp/hard\libm.a(libm_a-kf_tan.o)
                                                  C:/PROGRA~2/ARMGNU~1/13C7F1~1.2RE/bin/../lib/gcc/arm-none-eabi/13.2.1/thumb/v7e-m+fp/hard\libm.a(libm_a-sf_tan.o)
__ledf2                                           C:/PROGRA~2/ARMGNU~1/13C7F1~1.2RE/bin/../lib/gcc/arm-none-eabi/13.2.1/thumb/v7e-m+fp/hard\libgcc.a(_arm_cmpdf2.o)
__lock___arc4random_mutex                         C:/PROGRA~2/ARMGNU~1/13C7F1~1.2RE/bin/../lib/gcc/arm-none-eabi/13.2.1/thumb/v7e-m+fp/hard\libg.a(libc_a-lock.o)
__lock___at_quick_exit_mutex                      C:/PROGRA~2/ARMGNU~1/13C7F1~1.2RE/bin/../lib/gcc/arm-none-eabi/13.2.1/thumb/v7e-m+fp/hard\libg.a(libc_a-lock.o)
__lock___atexit_recursive_mutex                   C:/PROGRA~2/ARMGNU~1/13C7F1~1.2RE/bin/../lib/gcc/arm-none-eabi/13.2.1/thumb/v7e-m+fp/hard\libg.a(libc_a-lock.o)
__lock___dd_hash_mutex                            C:/PROGRA~2/ARMGNU~1/13C7F1~1.2RE/bin/../lib/gcc/arm-none-eabi/13.2.1/thumb/v7e-m+fp/hard\libg.a(libc_a-lock.o)
__lock___env_recursive_mutex                      C:/PROGRA~2/ARMGNU~1/13C7F1~1.2RE/bin/../lib/gcc/arm-none-eabi/13.2.1/thumb/v7e-m+fp/hard\libg.a(libc_a-lock.o)
__lock___malloc_recursive_mutex                   C:/PROGRA~2/ARMGNU~1/13C7F1~1.2RE/bin/../lib/gcc/arm-none-eabi/13.2.1/thumb/v7e-m+fp/hard\libg.a(libc_a-lock.o)
__lock___sfp_recursive_mutex                      C:/PROGRA~2/ARMGNU~1/13C7F1~1.2RE/bin/../lib/gcc/arm-none-eabi/13.2.1/thumb/v7e-m+fp/hard\libg.a(libc_a-lock.o)