Archive member included to satisfy reference by file (symbol)

C:/PROGRA~2/ARMGNU~1/13C7F1~1.2RE/bin/../lib/gcc/arm-none-eabi/13.2.1/thumb/v7e-m+fp/hard\libgcc.a(_arm_muldf3.o)
                              CMakeFiles\ddd.dir\src\main.c.obj (__aeabi_dmul)
C:/PROGRA~2/ARMGNU~1/13C7F1~1.2RE/bin/../lib/gcc/arm-none-eabi/13.2.1/thumb/v7e-m+fp/hard\libgcc.a(_arm_addsubdf3.o)
                              CMakeFiles\ddd.dir\src\main.c.obj (__aeabi_dsub)
C:/PROGRA~2/ARMGNU~1/13C7F1~1.2RE/bin/../lib/gcc/arm-none-eabi/13.2.1/thumb/v7e-m+fp/hard\libgcc.a(_arm_muldivdf3.o)
                              CMakeFiles\ddd.dir\engine\render.c.obj (__aeabi_ddiv)
C:/PROGRA~2/ARMGNU~1/13C7F1~1.2RE/bin/../lib/gcc/arm-none-eabi/13.2.1/thumb/v7e-m+fp/hard\libgcc.a(_arm_fixdfsi.o)
                              CMakeFiles\ddd.dir\src\main.c.obj (__aeabi_d2iz)
C:/PROGRA~2/ARMGNU~1/13C7F1~1.2RE/bin/../lib/gcc/arm-none-eabi/13.2.1/thumb/v7e-m+fp/hard\libgcc.a(_arm_truncdfsf2.o)
                              CMakeFiles\ddd.dir\src\main.c.obj (__aeabi_d2f)
C:/PROGRA~2/ARMGNU~1/13C7F1~1.2RE/bin/../lib/gcc/arm-none-eabi/13.2.1/thumb/v7e-m+fp/hard\libg.a(libc_a-itoa.o)
                              CMakeFiles\ddd.dir\src\main.c.obj (itoa)
C:/PROGRA~2/ARMGNU~1/13C7F1~1.2RE/bin/../lib/gcc/arm-none-eabi/13.2.1/thumb/v7e-m+fp/hard\libg.a(libc_a-malloc.o)
                              CMakeFiles\ddd.dir\src\main.c.obj (malloc)
C:/PROGRA~2/ARMGNU~1/13C7F1~1.2RE/bin/../lib/gcc/arm-none-eabi/13.2.1/thumb/v7e-m+fp/hard\libg.a(libc_a-rand.o)
                              CMakeFiles\ddd.dir\src\main.c.obj (rand)
C:/PROGRA~2/ARMGNU~1/13C7F1~1.2RE/bin/../lib/gcc/arm-none-eabi/13.2.1/thumb/v7e-m+fp/hard\libg.a(libc_a-utoa.o)
                              C:/PROGRA~2/ARMGNU~1/13C7F1~1.2RE/bin/../lib/gcc/arm-none-eabi/13.2.1/thumb/v7e-m+fp/hard\libg.a(libc_a-itoa.o) (__utoa)
C:/PROGRA~2/ARMGNU~1/13C7F1~1.2RE/bin/../lib/gcc/arm-none-eabi/13.2.1/thumb/v7e-m+fp/hard\libg.a(libc_a-qsort.o)
                              CMakeFiles\ddd.dir\engine\render.c.obj (qsort)
C:/PROGRA~2/ARMGNU~1/13C7F1~1.2RE/bin/../lib/gcc/arm-none-eabi/13.2.1/thumb/v7e-m+fp/hard\libg.a(libc_a-memmove.o)
                              CMakeFiles\ddd.dir\src\main.c.obj (memmove)
C:/PROGRA~2/ARMGNU~1/13C7F1~1.2RE/bin/../lib/gcc/arm-none-eabi/13.2.1/thumb/v7e-m+fp/hard\libg.a(libc_a-memset.o)
                              CMakeFiles\ddd.dir\engine\3dmath.c.obj (memset)
C:/PROGRA~2/ARMGNU~1/13C7F1~1.2RE/bin/../lib/gcc/arm-none-eabi/13.2.1/thumb/v7e-m+fp/hard\libg.a(libc_a-stpcpy.o)
                              CMakeFiles\ddd.dir\src\main.c.obj (stpcpy)
C:/PROGRA~2/ARMGNU~1/13C7F1~1.2RE/bin/../lib/gcc/arm-none-eabi/13.2.1/thumb/v7e-m+fp/hard\libg.a(libc_a-impure.o)
                              C:/PROGRA~2/ARMGNU~1/13C7F1~1.2RE/bin/../lib/gcc/arm-none-eabi/13.2.1/thumb/v7e-m+fp/hard\libg.a(libc_a-malloc.o) (_impure_ptr)
C:/PROGRA~2/ARMGNU~1/13C7F1~1.2RE/bin/../lib/gcc/arm-none-eabi/13.2.1/thumb/v7e-m+fp/hard\libg.a(libc_a-strcpy.o)
                              CMakeFiles\ddd.dir\src\main.c.obj (strcpy)
C:/PROGRA~2/ARMGNU~1/13C7F1~1.2RE/bin/../lib/gcc/arm-none-eabi/13.2.1/thumb/v7e-m+fp/hard\libg.a(libc_a-strlen.o)
                              CMakeFiles\ddd.dir\src\main.c.obj (strlen)
C:/PROGRA~2/ARMGNU~1/13C7F1~1.2RE/bin/../lib/gcc/arm-none-eabi/13.2.1/thumb/v7e-m+fp/hard\libg.a(libc_a-findfp.o)
                              C:/PROGRA~2/ARMGNU~1/13C7F1~1.2RE/bin/../lib/gcc/arm-none-eabi/13.2.1/thumb/v7e-m+fp/hard\libg.a(libc_a-impure.o) (__sf)
C:/PROGRA~2/ARMGNU~1/13C7F1~1.2RE/bin/../lib/gcc/arm-none-eabi/13.2.1/thumb/v7e-m+fp/hard\libg.a(libc_a-fwalk.o)
                              C:/PROGRA~2/ARMGNU~1/13C7F1~1.2RE/bin/../lib/gcc/arm-none-eabi/13.2.1/thumb/v7e-m+fp/hard\libg.a(libc_a-findfp.o) (_fwalk_sglue)
C:/PROGRA~2/ARMGNU~1/13C7F1~1.2RE/bin/../lib/gcc/arm-none-eabi/13.2.1/thumb/v7e-m+fp/hard\libg.a(libc_a-stdio.o)
                              C:/PROGRA~2/ARMGNU~1/13C7F1~1.2RE/bin/../lib/gcc/arm-none-eabi/13.2.1/thumb/v7e-m+fp/hard\libg.a(libc_a-findfp.o) (__sread)
C:/PROGRA~2/ARMGNU~1/13C7F1~1.2RE/bin/../lib/gcc/arm-none-eabi/13.2.1/thumb/v7e-m+fp/hard\libg.a(libc_a-closer.o)
                              C:/PROGRA~2/ARMGNU~1/13C7F1~1.2RE/bin/../lib/gcc/arm-none-eabi/13.2.1/thumb/v7e-m+fp/hard\libg.a(libc_a-stdio.o) (_close_r)
C:/PROGRA~2/ARMGNU~1/13C7F1~1.2RE/bin/../lib/gcc/arm-none-eabi/13.2.1/thumb/v7e-m+fp/hard\libg.a(libc_a-reent.o)
                              C:/PROGRA~2/ARMGNU~1/13C7F1~1.2RE/bin/../lib/gcc/arm-none-eabi/13.2.1/thumb/v7e-m+fp/hard\libg.a(libc_a-closer.o) (errno)
C:/PROGRA~2/ARMGNU~1/13C7F1~1.2RE/bin/../lib/gcc/arm-none-eabi/13.2.1/thumb/v7e-m+fp/hard\libg.a(libc_a-lseekr.o)
                              C:/PROGRA~2/ARMGNU~1/13C7F1~1.2RE/bin/../lib/gcc/arm-none-eabi/13.2.1/thumb/v7e-m+fp/hard\libg.a(libc_a-stdio.o) (_lseek_r)
C:/PROGRA~2/ARMGNU~1/13C7F1~1.2RE/bin/../lib/gcc/arm-none-eabi/13.2.1/thumb/v7e-m+fp/hard\libg.a(libc_a-readr.o)
[...]
Memory Configuration

Name             Origin             Length             Attributes
*default*        0x00000000         0xffffffff

Linker script and memory map

LOAD CMakeFiles\ddd.dir\src\main.c.obj
LOAD CMakeFiles\ddd.dir\engine\3dmath.c.obj
LOAD CMakeFiles\ddd.dir\engine\actor.c.obj
LOAD CMakeFiles\ddd.dir\engine\camera.c.obj
LOAD CMakeFiles\ddd.dir\engine\fsm.c.obj
LOAD CMakeFiles\ddd.dir\engine\quaternion.c.obj
LOAD CMakeFiles\ddd.dir\engine\render.c.obj
LOAD CMakeFiles\ddd.dir\engine\scene.c.obj
LOAD CMakeFiles\ddd.dir\engine\symbols.c.obj
LOAD CMakeFiles\ddd.dir\engine\wave_heightmap.c.obj
LOAD CMakeFiles\ddd.dir\C_\Users\shrin\Documents\PlaydateSDK\C_API\buildsupport\setup.c.obj
START GROUP
LOAD C:/PROGRA~2/ARMGNU~1/13C7F1~1.2RE/bin/../lib/gcc/arm-none-eabi/13.2.1/thumb/v7e-m+fp/hard\libgcc.a
LOAD C:/PROGRA~2/ARMGNU~1/13C7F1~1.2RE/bin/../lib/gcc/arm-none-eabi/13.2.1/thumb/v7e-m+fp/hard\libg.a
LOAD C:/PROGRA~2/ARMGNU~1/13C7F1~1.2RE/bin/../lib/gcc/arm-none-eabi/13.2.1/thumb/v7e-m+fp/hard\libc.a
END GROUP
START GROUP
LOAD C:/PROGRA~2/ARMGNU~1/13C7F1~1.2RE/bin/../lib/gcc/arm-none-eabi/13.2.1/thumb/v7e-m+fp/hard\libgcc.a
LOAD C:/PROGRA~2/ARMGNU~1/13C7F1~1.2RE/bin/../lib/gcc/arm-none-eabi/13.2.1/thumb/v7e-m+fp/hard\libc.a
LOAD C:/PROGRA~2/ARMGNU~1/13C7F1~1.2RE/bin/../lib/gcc/arm-none-eabi/13.2.1/thumb/v7e-m+fp/hard\libm.a
END GROUP

.text           0x00000000     0x6fa4
 *(.text)
 .text          0x00000000      0x378 C:/PROGRA~2/ARMGNU~1/13C7F1~1.2RE/bin/../lib/gcc/arm-none-eabi/13.2.1/thumb/v7e-m+fp/hard\libgcc.a(_arm_addsubdf3.o)
                0x00000000                __aeabi_drsub
                0x00000008                __aeabi_dsub
                0x00000008                __subdf3
                0x0000000c                __aeabi_dadd
                0x0000000c                __adddf3
                0x00000284                __floatunsidf
                0x00000284                __aeabi_ui2d
                0x000002a4                __floatsidf
                0x000002a4                __aeabi_i2d
                0x000002c8                __aeabi_f2d
                0x000002c8                __extendsfdf2
                0x0000030c                __floatundidf
                0x0000030c                __aeabi_ul2d
                0x0000031c                __floatdidf
                0x0000031c                __aeabi_l2d
 .text          0x00000378      0x424 C:/PROGRA~2/ARMGNU~1/13C7F1~1.2RE/bin/../lib/gcc/arm-none-eabi/13.2.1/thumb/v7e-m+fp/hard\libgcc.a(_arm_muldivdf3.o)
                0x00000378                __aeabi_dmul
                0x00000378                __muldf3
                0x000005cc                __divdf3
                0x000005cc                __aeabi_ddiv
 .text          0x0000079c       0x50 C:/PROGRA~2/ARMGNU~1/13C7F1~1.2RE/bin/../lib/gcc/arm-none-eabi/13.2.1/thumb/v7e-m+fp/hard\libgcc.a(_arm_fixdfsi.o)
                0x0000079c                __aeabi_d2iz
                0x0000079c                __fixdfsi
 .text          0x000007ec       0xa0 C:/PROGRA~2/ARMGNU~1/13C7F1~1.2RE/bin/../lib/gcc/arm-none-eabi/13.2.1/thumb/v7e-m+fp/hard\libgcc.a(_arm_truncdfsf2.o)
                0x000007ec                __truncdfsf2
                0x000007ec                __aeabi_d2f
 *fill*         0x0000088c       0x34 
 .text          0x000008c0       0xd8 C:/PROGRA~2/ARMGNU~1/13C7F1~1.2RE/bin/../lib/gcc/arm-none-eabi/13.2.1/thumb/v7e-m+fp/hard\libg.a(libc_a-strlen.o)
                0x000008c0                strlen
 .text          0x00000998      0x110 C:/PROGRA~2/ARMGNU~1/13C7F1~1.2RE/bin/../lib/gcc/arm-none-eabi/13.2.1/thumb/v7e-m+fp/hard\libgcc.a(_arm_cmpdf2.o)
                0x00000998                __gtdf2
                0x00000998                __gedf2
                0x000009a0                __ltdf2
                0x000009a0                __ledf2
                0x000009a8                __nedf2
                0x000009a8                __eqdf2
                0x000009a8                __cmpdf2
                0x00000a24                __aeabi_cdrcmple
                0x00000a34                __aeabi_cdcmpeq
                0x00000a34                __aeabi_cdcmple
                0x00000a44                __aeabi_dcmpeq
                0x00000a58                __aeabi_dcmplt
                0x00000a6c                __aeabi_dcmple
                0x00000a80                __aeabi_dcmpge
                0x00000a94                __aeabi_dcmpgt
 *(.text.*)
 *fill*         0x00000aa8        0x8 
 .text.lte      0x00000ab0       0x20 CMakeFiles\ddd.dir\src\main.c.obj
                0x00000ab0                lte
 .text.gte      0x00000ad0       0x1c CMakeFiles\ddd.dir\src\main.c.obj
                0x00000ad0                gte
 *fill*         0x00000aec        0x4 
 .text.lure_update_descend
                0x00000af0       0x54 CMakeFiles\ddd.dir\src\main.c.obj
                0x00000af0                lure_update_descend
 *fill*         0x00000b44        0xc 
 .text.lure_move_ascend
                0x00000b50       0xa8 CMakeFiles\ddd.dir\src\main.c.obj
                0x00000b50                lure_move_ascend
 *fill*         0x00000bf8        0x8 
 .text.pattern_fit_default
                0x00000c00      0x1e8 CMakeFiles\ddd.dir\src\main.c.obj
                0x00000c00                pattern_fit_default
 *fill*         0x00000de8        0x8 
 .text.fsm_fishing_cast_to_reeling
                0x00000df0       0xa0 CMakeFiles\ddd.dir\src\main.c.obj
                0x00000df0                fsm_fishing_cast_to_reeling
 .text.fsm_fishing_reeling_to_cast
                0x00000e90       0x44 CMakeFiles\ddd.dir\src\main.c.obj
                0x00000e90                fsm_fishing_reeling_to_cast
 *fill*         0x00000ed4        0xc 
 .text.fsm_fishing_init
                0x00000ee0       0x1c CMakeFiles\ddd.dir\src\main.c.obj
                0x00000ee0                fsm_fishing_init
 *fill*         0x00000efc        0x4 
 .text.underwater_update
                0x00000f00        0x4 CMakeFiles\ddd.dir\src\main.c.obj
                0x00000f00                underwater_update
 *fill*         0x00000f04        0xc 
 .text.fish_update
                0x00000f10       0x90 CMakeFiles\ddd.dir\src\main.c.obj
                0x00000f10                fish_update
 .text.lake_update
                0x00000fa0      0x2fc CMakeFiles\ddd.dir\src\main.c.obj
                0x00000fa0                lake_update
 *fill*         0x0000129c        0x4 
 .text.underwater_camera_update
                0x000012a0       0xc0 CMakeFiles\ddd.dir\src\main.c.obj
                0x000012a0                underwater_camera_update
 .text.lake_draw
                0x00001360       0x24 CMakeFiles\ddd.dir\src\main.c.obj
                0x00001360                lake_draw
 *fill*         0x00001384        0xc 
 .text.fsm_fishing_update
                0x00001390       0x14 CMakeFiles\ddd.dir\src\main.c.obj
                0x00001390                fsm_fishing_update
 *fill*         0x000013a4        0xc 
 .text.underwater_draw
                0x000013b0        0x4 CMakeFiles\ddd.dir\src\main.c.obj
                0x000013b0                underwater_draw
 *fill*         0x000013b4        0xc 
 .text.fish_vertShader
                0x000013c0       0x60 CMakeFiles\ddd.dir\src\main.c.obj
                0x000013c0                fish_vertShader
 .text.playdate_getCrankTicks
                0x00001420       0xd4 CMakeFiles\ddd.dir\src\main.c.obj
                0x00001420                playdate_getCrankTicks
 *fill*         0x000014f4        0xc 
 .text.lure_update
                0x00001500      0x148 CMakeFiles\ddd.dir\src\main.c.obj
                0x00001500                lure_update
 *fill*         0x00001648        0x8 
 .text.ticker_add
                0x00001650       0xc0 CMakeFiles\ddd.dir\src\main.c.obj
                0x00001650                ticker_add
 .text.ticker_add_from
                0x00001710       0x38 CMakeFiles\ddd.dir\src\main.c.obj
                0x00001710                ticker_add_from
 *fill*         0x00001748        0x8 
 .text.fishing_scene_init
                0x00001750      0x198 CMakeFiles\ddd.dir\src\main.c.obj
                0x00001750                fishing_scene_init
 *fill*         0x000018e8        0x8 
 .text.ticker_clear_first
                0x000018f0      0x140 CMakeFiles\ddd.dir\src\main.c.obj
                0x000018f0                ticker_clear_first
 .text.ui_news_ticker
                0x00001a30       0xc4 CMakeFiles\ddd.dir\src\main.c.obj
                0x00001a30                ui_news_ticker
 *fill*         0x00001af4        0xc 
 .text.ui_fish_name
                0x00001b00       0x7c CMakeFiles\ddd.dir\src\main.c.obj
                0x00001b00                ui_fish_name
 *fill*         0x00001b7c        0x4 
 .text.ui_depth
                0x00001b80      0x26c CMakeFiles\ddd.dir\src\main.c.obj
                0x00001b80                ui_depth
 *fill*         0x00001dec        0x4 
 .text.ui_yards
                0x00001df0      0x144 CMakeFiles\ddd.dir\src\main.c.obj
                0x00001df0                ui_yards
 *fill*         0x00001f34        0xc 
 .text.ui_tension
                0x00001f40      0x288 CMakeFiles\ddd.dir\src\main.c.obj
                0x00001f40                ui_tension
 *fill*         0x000021c8        0x8 
 .text.lake_postdraw
                0x000021d0       0x28 CMakeFiles\ddd.dir\src\main.c.obj
                0x000021d0                lake_postdraw
 *fill*         0x000021f8        0x8 
 .text.underwater_postdraw
                0x00002200       0x34 CMakeFiles\ddd.dir\src\main.c.obj
                0x00002200                underwater_postdraw
 *fill*         0x00002234        0xc 
 .text.shift_crank_buffer
                0x00002240      0x108 CMakeFiles\ddd.dir\src\main.c.obj
                0x00002240                shift_crank_buffer
 *fill*         0x00002348        0x8 
 .text.fishing_scene_update
                0x00002350      0x25c CMakeFiles\ddd.dir\src\main.c.obj
                0x00002350                fishing_scene_update
 *fill*         0x000025ac        0x4 
 .text.camera_init
                0x000025b0       0xbc CMakeFiles\ddd.dir\src\main.c.obj
                0x000025b0                camera_init
 *fill*         0x0000266c        0x4 
 .text.eventHandler
                0x00002670      0x174 CMakeFiles\ddd.dir\src\main.c.obj
                0x00002670                eventHandler
 *fill*         0x000027e4        0xc 
 .text.camera_update
                0x000027f0       0xe0 CMakeFiles\ddd.dir\src\main.c.obj
                0x000027f0                camera_update
 .text.update   0x000028d0      0x150 CMakeFiles\ddd.dir\src\main.c.obj
 .text.lerp     0x00002a20        0xc CMakeFiles\ddd.dir\engine\3dmath.c.obj
                0x00002a20                lerp
 *fill*         0x00002a2c        0x4 
 .text.Vector3_dot
                0x00002a30       0x18 CMakeFiles\ddd.dir\engine\3dmath.c.obj
                0x00002a30                Vector3_dot
 *fill*         0x00002a48        0x8 
 .text.Vector3_lengthSquared
                0x00002a50       0x1c CMakeFiles\ddd.dir\engine\3dmath.c.obj
                0x00002a50                Vector3_lengthSquared
 *fill*         0x00002a6c        0x4 
 .text.Vector3_length
                0x00002a70       0x20 CMakeFiles\ddd.dir\engine\3dmath.c.obj
                0x00002a70                Vector3_length
 .text.Vector3_subtract
                0x00002a90       0x2c CMakeFiles\ddd.dir\engine\3dmath.c.obj
                0x00002a90                Vector3_subtract
 *fill*         0x00002abc        0x4 
 .text.Vector3_multiplyScalar
                0x00002ac0       0x20 CMakeFiles\ddd.dir\engine\3dmath.c.obj
                0x00002ac0                Vector3_multiplyScalar
 .text.Vector3_normalize
                0x00002ae0       0x24 CMakeFiles\ddd.dir\engine\3dmath.c.obj
                0x00002ae0                Vector3_normalize
 *fill*         0x00002b04        0xc 
 .text.pnormal  0x00002b10       0x78 CMakeFiles\ddd.dir\engine\3dmath.c.obj
                0x00002b10                pnormal
 *fill*         0x00002b88        0x8 
 .text.Vector3_lerp
                0x00002b90       0x68 CMakeFiles\ddd.dir\engine\3dmath.c.obj
                0x00002b90                Vector3_lerp
 *fill*         0x00002bf8        0x8 
 .text.Matrix3_multiply
                0x00002c00      0x158 CMakeFiles\ddd.dir\engine\3dmath.c.obj
                0x00002c00                Matrix3_multiply
 *fill*         0x00002d58        0x8 
 .text.Matrix3_apply
                0x00002d60       0x74 CMakeFiles\ddd.dir\engine\3dmath.c.obj
                0x00002d60                Matrix3_apply
 *fill*         0x00002dd4        0xc 
 .text.PTR_Matrix3_apply
                0x00002de0       0x7c CMakeFiles\ddd.dir\engine\3dmath.c.obj
                0x00002de0                PTR_Matrix3_apply
 *fill*         0x00002e5c        0x4 
 .text.Matrix3_getRotationX
                0x00002e60       0x4c CMakeFiles\ddd.dir\engine\3dmath.c.obj
                0x00002e60                Matrix3_getRotationX
 *fill*         0x00002eac        0x4 
 .text.Matrix3_getRotationY
                0x00002eb0       0x4c CMakeFiles\ddd.dir\engine\3dmath.c.obj
                0x00002eb0                Matrix3_getRotationY
 *fill*         0x00002efc        0x4 
 .text.Matrix3_getRotationZ
                0x00002f00       0x50 CMakeFiles\ddd.dir\engine\3dmath.c.obj
                0x00002f00                Matrix3_getRotationZ
 .text.Matrix3_lookAt
                0x00002f50       0xd0 CMakeFiles\ddd.dir\engine\3dmath.c.obj
                0x00002f50                Matrix3_lookAt
 .text.Matrix4_getQuaternionTransform
                0x00003020       0xf0 CMakeFiles\ddd.dir\engine\3dmath.c.obj
                0x00003020                Matrix4_getQuaternionTransform
 .text.Matrix4_getMatrixTransform
                0x00003110       0x9c CMakeFiles\ddd.dir\engine\3dmath.c.obj
                0x00003110                Matrix4_getMatrixTransform
 *fill*         0x000031ac        0x4 
 .text.Matrix4_apply
                0x000031b0       0xac CMakeFiles\ddd.dir\engine\3dmath.c.obj
                0x000031b0                Matrix4_apply
 *fill*         0x0000325c        0x4 
 .text.PTR_Matrix4_apply
                0x00003260       0xb4 CMakeFiles\ddd.dir\engine\3dmath.c.obj
                0x00003260                PTR_Matrix4_apply
 *fill*         0x00003314        0xc 
 .text.Quaternion_fromVector3
                0x00003320       0xe0 CMakeFiles\ddd.dir\engine\3dmath.c.obj
                0x00003320                Quaternion_fromVector3
 .text.Actor_updateTransform
                0x00003400      0x118 CMakeFiles\ddd.dir\engine\actor.c.obj
                0x00003400                Actor_updateTransform
 *fill*         0x00003518        0x8 
 .text.Camera_getProjectionMatrix
                0x00003520       0x6c CMakeFiles\ddd.dir\engine\camera.c.obj
                0x00003520                Camera_getProjectionMatrix
 *fill*         0x0000358c        0x4 
 .text.Camera_worldToScreenPos
                0x00003590       0x38 CMakeFiles\ddd.dir\engine\camera.c.obj
                0x00003590                Camera_worldToScreenPos
 *fill*         0x000035c8        0x8 
 .text.PTR_Camera_worldToScreenPos
                0x000035d0       0x4c CMakeFiles\ddd.dir\engine\camera.c.obj
                0x000035d0                PTR_Camera_worldToScreenPos
 *fill*         0x0000361c        0x4 
 .text.Camera_getRotationMatrix
                0x00003620       0xcc CMakeFiles\ddd.dir\engine\camera.c.obj
                0x00003620                Camera_getRotationMatrix
 *fill*         0x000036ec        0x4 
 .text.LookTarget_setTarget
                0x000036f0       0x24 CMakeFiles\ddd.dir\engine\camera.c.obj
                0x000036f0                LookTarget_setTarget
 *fill*         0x00003714        0xc 
 .text.LookTarget_tick
                0x00003720       0xac CMakeFiles\ddd.dir\engine\camera.c.obj
                0x00003720                LookTarget_tick
 *fill*         0x000037cc        0x4 
 .text.fsm_set_state
                0x000037d0       0x20 CMakeFiles\ddd.dir\engine\fsm.c.obj
                0x000037d0                fsm_set_state
 .text.compare_zdepth
                0x000037f0       0x18 CMakeFiles\ddd.dir\engine\render.c.obj
                0x000037f0                compare_zdepth
 *fill*         0x00003808        0x8 
 .text.ApplyNearClipToLine
                0x00003810       0xe4 CMakeFiles\ddd.dir\engine\render.c.obj
                0x00003810                ApplyNearClipToLine
 *fill*         0x000038f4        0xc 
 .text.LakeWaves_render
                0x00003900       0x98 CMakeFiles\ddd.dir\engine\render.c.obj
                0x00003900                LakeWaves_render
 *fill*         0x00003998        0x8 
 .text.Line_worldDraw
                0x000039a0      0x128 CMakeFiles\ddd.dir\engine\render.c.obj
                0x000039a0                Line_worldDraw
 *fill*         0x00003ac8        0x8 
 .text.YPlane_render
                0x00003ad0       0xf0 CMakeFiles\ddd.dir\engine\render.c.obj
                0x00003ad0                YPlane_render
 .text.sortTri  0x00003bc0       0x78 CMakeFiles\ddd.dir\engine\render.c.obj
                0x00003bc0                sortTri
 *fill*         0x00003c38        0x8 
 .text.api_drawFragment
                0x00003c40       0xf4 CMakeFiles\ddd.dir\engine\render.c.obj
                0x00003c40                api_drawFragment
 *fill*         0x00003d34        0xc 
 .text.api_fillRange
                0x00003d40       0xb0 CMakeFiles\ddd.dir\engine\render.c.obj
                0x00003d40                api_fillRange
 .text.api_fillTriangle
                0x00003df0      0x210 CMakeFiles\ddd.dir\engine\render.c.obj
                0x00003df0                api_fillTriangle
 .text.Actor_drawMesh
                0x00004000      0x500 CMakeFiles\ddd.dir\engine\render.c.obj
                0x00004000                Actor_drawMesh
 .text.fillLine
                0x00004500       0x70 CMakeFiles\ddd.dir\engine\render.c.obj
                0x00004500                fillLine
 .text.LakeWaves_renderWaterHeight
                0x00004570      0x3a4 CMakeFiles\ddd.dir\engine\render.c.obj
                0x00004570                LakeWaves_renderWaterHeight
 *fill*         0x00004914        0xc 
 .text.Scene_update
                0x00004920       0xa0 CMakeFiles\ddd.dir\engine\scene.c.obj
                0x00004920                Scene_update
 .text.Vector3_make
                0x000049c0        0x8 CMakeFiles\ddd.dir\engine\symbols.c.obj
                0x000049c0                Vector3_make
 *fill*         0x000049c8        0x8 
 .text.eventHandlerShim
                0x000049d0       0x1c CMakeFiles\ddd.dir\C_\Users\shrin\Documents\PlaydateSDK\C_API\buildsupport\setup.c.obj
                0x000049d0                eventHandlerShim
 *fill*         0x000049ec        0x4 
 .text._malloc_r
                0x000049f0        0xc CMakeFiles\ddd.dir\C_\Users\shrin\Documents\PlaydateSDK\C_API\buildsupport\setup.c.obj
                0x000049f0                _malloc_r
 .text.itoa     0x000049fc       0x2c C:/PROGRA~2/ARMGNU~1/13C7F1~1.2RE/bin/../lib/gcc/arm-none-eabi/13.2.1/thumb/v7e-m+fp/hard\libg.a(libc_a-itoa.o)
                0x000049fc                itoa
 .text.malloc   0x00004a28       0x10 C:/PROGRA~2/ARMGNU~1/13C7F1~1.2RE/bin/../lib/gcc/arm-none-eabi/13.2.1/thumb/v7e-m+fp/hard\libg.a(libc_a-malloc.o)
                0x00004a28                malloc
 .text.rand     0x00004a38       0x40 C:/PROGRA~2/ARMGNU~1/13C7F1~1.2RE/bin/../lib/gcc/arm-none-eabi/13.2.1/thumb/v7e-m+fp/hard\libg.a(libc_a-rand.o)
                0x00004a38                rand
 .text.__utoa   0x00004a78       0x9c C:/PROGRA~2/ARMGNU~1/13C7F1~1.2RE/bin/../lib/gcc/arm-none-eabi/13.2.1/thumb/v7e-m+fp/hard\libg.a(libc_a-utoa.o)
                0x00004a78                __utoa
 .text.qsort    0x00004b14      0x628 C:/PROGRA~2/ARMGNU~1/13C7F1~1.2RE/bin/../lib/gcc/arm-none-eabi/13.2.1/thumb/v7e-m+fp/hard\libg.a(libc_a-qsort.o)
                0x00004b14                qsort
 .text.memmove  0x0000513c      0x100 C:/PROGRA~2/ARMGNU~1/13C7F1~1.2RE/bin/../lib/gcc/arm-none-eabi/13.2.1/thumb/v7e-m+fp/hard\libg.a(libc_a-memmove.o)
                0x0000513c                memmove
 .text.memset   0x0000523c       0xa4 C:/PROGRA~2/ARMGNU~1/13C7F1~1.2RE/bin/../lib/gcc/arm-none-eabi/13.2.1/thumb/v7e-m+fp/hard\libg.a(libc_a-memset.o)
                0x0000523c                memset
 .text.stpcpy   0x000052e0       0x48 C:/PROGRA~2/ARMGNU~1/13C7F1~1.2RE/bin/../lib/gcc/arm-none-eabi/13.2.1/thumb/v7e-m+fp/hard\libg.a(libc_a-stpcpy.o)
                0x000052e0                stpcpy
 .text.strcpy   0x00005328       0xbc C:/PROGRA~2/ARMGNU~1/13C7F1~1.2RE/bin/../lib/gcc/arm-none-eabi/13.2.1/thumb/v7e-m+fp/hard\libg.a(libc_a-strcpy.o)
                0x00005328                strcpy
 .text.atan2f   0x000053e4        0x4 C:/PROGRA~2/ARMGNU~1/13C7F1~1.2RE/bin/../lib/gcc/arm-none-eabi/13.2.1/thumb/v7e-m+fp/hard\libm.a(libm_a-wf_atan2.o)
                0x000053e4                atan2f
 .text.cosf     0x000053e8       0x70 C:/PROGRA~2/ARMGNU~1/13C7F1~1.2RE/bin/../lib/gcc/arm-none-eabi/13.2.1/thumb/v7e-m+fp/hard\libm.a(libm_a-sf_cos.o)
                0x000053e8                cosf
 .text.fabsf    0x00005458       0x10 C:/PROGRA~2/ARMGNU~1/13C7F1~1.2RE/bin/../lib/gcc/arm-none-eabi/13.2.1/thumb/v7e-m+fp/hard\libm.a(libm_a-sf_fabs.o)
                0x00005458                fabsf
 .text.sinf     0x00005468       0x74 C:/PROGRA~2/ARMGNU~1/13C7F1~1.2RE/bin/../lib/gcc/arm-none-eabi/13.2.1/thumb/v7e-m+fp/hard\libm.a(libm_a-sf_sin.o)
                0x00005468                sinf
 .text.tanf     0x000054dc       0x54 C:/PROGRA~2/ARMGNU~1/13C7F1~1.2RE/bin/../lib/gcc/arm-none-eabi/13.2.1/thumb/v7e-m+fp/hard\libm.a(libm_a-sf_tan.o)
                0x000054dc                tanf
 .text.ceil     0x00005530      0x100 C:/PROGRA~2/ARMGNU~1/13C7F1~1.2RE/bin/../lib/gcc/arm-none-eabi/13.2.1/thumb/v7e-m+fp/hard\libm.a(libm_a-s_ceil.o)
                0x00005530                ceil
 .text.__kernel_cosf
                0x00005630      0x104 C:/PROGRA~2/ARMGNU~1/13C7F1~1.2RE/bin/../lib/gcc/arm-none-eabi/13.2.1/thumb/v7e-m+fp/hard\libm.a(libm_a-kf_cos.o)
                0x00005630                __kernel_cosf
 .text.__kernel_sinf
                0x00005734       0x90 C:/PROGRA~2/ARMGNU~1/13C7F1~1.2RE/bin/../lib/gcc/arm-none-eabi/13.2.1/thumb/v7e-m+fp/hard\libm.a(libm_a-kf_sin.o)
                0x00005734                __kernel_sinf
 .text.__kernel_tanf
                0x000057c4      0x1c0 C:/PROGRA~2/ARMGNU~1/13C7F1~1.2RE/bin/../lib/gcc/arm-none-eabi/13.2.1/thumb/v7e-m+fp/hard\libm.a(libm_a-kf_tan.o)
                0x000057c4                __kernel_tanf
 .text.__ieee754_atan2f
                0x00005984      0x150 C:/PROGRA~2/ARMGNU~1/13C7F1~1.2RE/bin/../lib/gcc/arm-none-eabi/13.2.1/thumb/v7e-m+fp/hard\libm.a(libm_a-ef_atan2.o)
                0x00005984                __ieee754_atan2f
 .text.__ieee754_rem_pio2f
                0x00005ad4      0x260 C:/PROGRA~2/ARMGNU~1/13C7F1~1.2RE/bin/../lib/gcc/arm-none-eabi/13.2.1/thumb/v7e-m+fp/hard\libm.a(libm_a-ef_rem_pio2.o)
                0x00005ad4                __ieee754_rem_pio2f
 .text.atanf    0x00005d34      0x1ac C:/PROGRA~2/ARMGNU~1/13C7F1~1.2RE/bin/../lib/gcc/arm-none-eabi/13.2.1/thumb/v7e-m+fp/hard\libm.a(libm_a-sf_atan.o)
                0x00005d34                atanf
 .text.__kernel_rem_pio2f
                0x00005ee0      0x63c C:/PROGRA~2/ARMGNU~1/13C7F1~1.2RE/bin/../lib/gcc/arm-none-eabi/13.2.1/thumb/v7e-m+fp/hard\libm.a(libm_a-kf_rem_pio2.o)
                0x00005ee0                __kernel_rem_pio2f
 .text.scalbnf  0x0000651c       0xe4 C:/PROGRA~2/ARMGNU~1/13C7F1~1.2RE/bin/../lib/gcc/arm-none-eabi/13.2.1/thumb/v7e-m+fp/hard\libm.a(libm_a-sf_scalbn.o)
                0x0000651c                scalbnf
 .text.floorf   0x00006600       0x94 C:/PROGRA~2/ARMGNU~1/13C7F1~1.2RE/bin/../lib/gcc/arm-none-eabi/13.2.1/thumb/v7e-m+fp/hard\libm.a(libm_a-sf_floor.o)
                0x00006600                floorf
 *(.init)
 *(.fini)
 *crtbegin.o(.ctors)
 *crtbegin?.o(.ctors)
 *(EXCLUDE_FILE(*crtend.o *crtend?.o) .ctors)
 *(SORT_BY_NAME(.ctors.*))
 *(.ctors)
 *crtbegin.o(.dtors)
 *crtbegin?.o(.dtors)
 *(EXCLUDE_FILE(*crtend.o *crtend?.o) .dtors)
 *(SORT_BY_NAME(.dtors.*))
 *(.dtors)
 *(.rodata*)
 .rodata.fsm_fishing_cast_to_reeling.str1.4
                0x00006694      0x4d1 CMakeFiles\ddd.dir\src\main.c.obj
                                 0x10 (size before relaxing)
 .rodata.fsm_fishing_reeling_to_cast.str1.4
                0x00006b65        0xf CMakeFiles\ddd.dir\src\main.c.obj
 .rodata.lure_update.str1.4
                0x00006b65       0x15 CMakeFiles\ddd.dir\src\main.c.obj
 .rodata.fishing_scene_init.str1.4
                0x00006b65       0x46 CMakeFiles\ddd.dir\src\main.c.obj
 .rodata.ui_fish_name.str1.4
                0x00006b65        0xf CMakeFiles\ddd.dir\src\main.c.obj
 .rodata.ui_yards.str1.4
                0x00006b65        0x4 CMakeFiles\ddd.dir\src\main.c.obj
 .rodata.shift_crank_buffer.str1.4
                0x00006b65       0x34 CMakeFiles\ddd.dir\src\main.c.obj
 .rodata.fishing_scene_update.str1.4
                0x00006b65       0x1a CMakeFiles\ddd.dir\src\main.c.obj
 .rodata.eventHandler.str1.4
                0x00006b65       0x5c CMakeFiles\ddd.dir\src\main.c.obj
 .rodata.str1.4
                0x00006b65      0x369 CMakeFiles\ddd.dir\src\main.c.obj
 .rodata.__utoa.str1.4
                0x00006b65       0x25 C:/PROGRA~2/ARMGNU~1/13C7F1~1.2RE/bin/../lib/gcc/arm-none-eabi/13.2.1/thumb/v7e-m+fp/hard\libg.a(libc_a-utoa.o)
 *fill*         0x00006b65        0x3 
 .rodata.CSWTCH.9
                0x00006b68        0xc C:/PROGRA~2/ARMGNU~1/13C7F1~1.2RE/bin/../lib/gcc/arm-none-eabi/13.2.1/thumb/v7e-m+fp/hard\libm.a(libm_a-ef_atan2.o)
 .rodata.CSWTCH.8
                0x00006b74        0xc C:/PROGRA~2/ARMGNU~1/13C7F1~1.2RE/bin/../lib/gcc/arm-none-eabi/13.2.1/thumb/v7e-m+fp/hard\libm.a(libm_a-ef_atan2.o)
 .rodata.npio2_hw
                0x00006b80       0x80 C:/PROGRA~2/ARMGNU~1/13C7F1~1.2RE/bin/../lib/gcc/arm-none-eabi/13.2.1/thumb/v7e-m+fp/hard\libm.a(libm_a-ef_rem_pio2.o)
 .rodata.two_over_pi
                0x00006c00      0x318 C:/PROGRA~2/ARMGNU~1/13C7F1~1.2RE/bin/../lib/gcc/arm-none-eabi/13.2.1/thumb/v7e-m+fp/hard\libm.a(libm_a-ef_rem_pio2.o)
 .rodata.atanlo
                0x00006f18       0x10 C:/PROGRA~2/ARMGNU~1/13C7F1~1.2RE/bin/../lib/gcc/arm-none-eabi/13.2.1/thumb/v7e-m+fp/hard\libm.a(libm_a-sf_atan.o)
 .rodata.atanhi
                0x00006f28       0x10 C:/PROGRA~2/ARMGNU~1/13C7F1~1.2RE/bin/../lib/gcc/arm-none-eabi/13.2.1/thumb/v7e-m+fp/hard\libm.a(libm_a-sf_atan.o)
 .rodata.PIo2   0x00006f38       0x2c C:/PROGRA~2/ARMGNU~1/13C7F1~1.2RE/bin/../lib/gcc/arm-none-eabi/13.2.1/thumb/v7e-m+fp/hard\libm.a(libm_a-kf_rem_pio2.o)
 .rodata.init_jk
                0x00006f64        0xc C:/PROGRA~2/ARMGNU~1/13C7F1~1.2RE/bin/../lib/gcc/arm-none-eabi/13.2.1/thumb/v7e-m+fp/hard\libm.a(libm_a-kf_rem_pio2.o)
 *(.eh_frame*)
 .eh_frame      0x00006f70       0x34 C:/PROGRA~2/ARMGNU~1/13C7F1~1.2RE/bin/../lib/gcc/arm-none-eabi/13.2.1/thumb/v7e-m+fp/hard\libg.a(libc_a-strlen.o)

.glue_7         0x00006fa4        0x0
 .glue_7        0x00006fa4        0x0 linker stubs

.glue_7t        0x00006fa4        0x0
 .glue_7t       0x00006fa4        0x0 linker stubs

.vfp11_veneer   0x00006fa4        0x0
 .vfp11_veneer  0x00006fa4        0x0 linker stubs

.v4_bx          0x00006fa4        0x0
 .v4_bx         0x00006fa4        0x0 linker stubs

.iplt           0x00006fa4        0x0
 .iplt          0x00006fa4        0x0 CMakeFiles\ddd.dir\src\main.c.obj

.rel.dyn        0x00006fa4        0x0
 .rel.iplt      0x00006fa4        0x0 CMakeFiles\ddd.dir\src\main.c.obj

.data           0x00006fa8    0x24f50
                0x00006fa8                        __etext = .
                0x00006fa8                        __data_start__ = .
 *(vtable)
 *(.data*)
 .data.DefaultScene
                0x00006fa8        0x4 CMakeFiles\ddd.dir\src\main.c.obj
                0x00006fa8                DefaultScene
 .data.fontpath4
                0x00006fac        0x4 CMakeFiles\ddd.dir\src\main.c.obj
                0x00006fac                fontpath4
 .data.fontpath3
                0x00006fb0        0x4 CMakeFiles\ddd.dir\src\main.c.obj
                0x00006fb0                fontpath3
 .data.fontpath2
                0x00006fb4        0x4 CMakeFiles\ddd.dir\src\main.c.obj
                0x00006fb4                fontpath2
 .data.fontpath
                0x00006fb8        0x4 CMakeFiles\ddd.dir\src\main.c.obj
                0x00006fb8                fontpath
 .data.__compound_literal.28
                0x00006fbc        0xc CMakeFiles\ddd.dir\src\main.c.obj
 .data.__compound_literal.27
                0x00006fc8        0xc CMakeFiles\ddd.dir\src\main.c.obj
 .data.__compound_literal.26
                0x00006fd4        0x8 CMakeFiles\ddd.dir\src\main.c.obj
 .data.__compound_literal.25
                0x00006fdc       0x10 CMakeFiles\ddd.dir\src\main.c.obj
 .data.__compound_literal.24
                0x00006fec        0xc CMakeFiles\ddd.dir\src\main.c.obj
 .data.line_integrity
                0x00006ff8        0x4 CMakeFiles\ddd.dir\src\main.c.obj
                0x00006ff8                line_integrity
 .data.tension_offset_x
                0x00006ffc        0x4 CMakeFiles\ddd.dir\src\main.c.obj
                0x00006ffc                tension_offset_x
 .data.yards    0x00007000        0x4 CMakeFiles\ddd.dir\src\main.c.obj
                0x00007000                yards
 .data.depth_width
                0x00007004        0x4 CMakeFiles\ddd.dir\src\main.c.obj
                0x00007004                depth_width
 .data.depth    0x00007008        0x4 CMakeFiles\ddd.dir\src\main.c.obj
                0x00007008                depth
 .data.ticker_filler_table
                0x0000700c       0x2c CMakeFiles\ddd.dir\src\main.c.obj
                0x0000700c                ticker_filler_table
 .data.ticker_buffer
                0x00007038        0x4 CMakeFiles\ddd.dir\src\main.c.obj
                0x00007038                ticker_buffer
 .data.ticker_x
                0x0000703c        0x4 CMakeFiles\ddd.dir\src\main.c.obj
                0x0000703c                ticker_x
 .data.camera_lake
                0x00007040       0xcc CMakeFiles\ddd.dir\src\main.c.obj
                0x00007040                camera_lake
 .data.camera_secondary
                0x0000710c       0xcc CMakeFiles\ddd.dir\src\main.c.obj
                0x0000710c                camera_secondary
 .data.camera_default
                0x000071d8       0xcc CMakeFiles\ddd.dir\src\main.c.obj
                0x000071d8                camera_default
 .data.camera_lake_object
                0x000072a4       0xdc CMakeFiles\ddd.dir\src\main.c.obj
                0x000072a4                camera_lake_object
 .data.camera_secondary_object
                0x00007380       0xdc CMakeFiles\ddd.dir\src\main.c.obj
                0x00007380                camera_secondary_object
 .data.camera_default_object
                0x0000745c       0xdc CMakeFiles\ddd.dir\src\main.c.obj
                0x0000745c                camera_default_object
 .data.lake_terrain
                0x00007538       0xdc CMakeFiles\ddd.dir\src\main.c.obj
                0x00007538                lake_terrain
 .data.object_cast_selector
                0x00007614       0xdc CMakeFiles\ddd.dir\src\main.c.obj
                0x00007614                object_cast_selector
 .data.object_terrain
                0x000076f0       0xdc CMakeFiles\ddd.dir\src\main.c.obj
                0x000076f0                object_terrain
 .data.object_fish
                0x000077cc       0xdc CMakeFiles\ddd.dir\src\main.c.obj
                0x000077cc                object_fish
 .data.object_lure
                0x000078a8       0xdc CMakeFiles\ddd.dir\src\main.c.obj
                0x000078a8                object_lure
 .data.fsm_fishing
                0x00007984     0x1010 CMakeFiles\ddd.dir\src\main.c.obj
                0x00007984                fsm_fishing
 .data.ActiveLure
                0x00008994        0x4 CMakeFiles\ddd.dir\src\main.c.obj
                0x00008994                ActiveLure
 .data.LakeView
                0x00008998       0x30 CMakeFiles\ddd.dir\src\main.c.obj
                0x00008998                LakeView
 .data.UnderwaterView
                0x000089c8       0x30 CMakeFiles\ddd.dir\src\main.c.obj
                0x000089c8                UnderwaterView
 .data.FishingScene
                0x000089f8        0xc CMakeFiles\ddd.dir\src\main.c.obj
                0x000089f8                FishingScene
 .data.DefaultLure
                0x00008a04       0x60 CMakeFiles\ddd.dir\src\main.c.obj
                0x00008a04                DefaultLure
 .data.double_burst
                0x00008a64       0x40 CMakeFiles\ddd.dir\src\main.c.obj
                0x00008a64                double_burst
 .data.lake_terrain_mesh
                0x00008aa4       0x5c CMakeFiles\ddd.dir\src\main.c.obj
                0x00008aa4                lake_terrain_mesh
 .data.__compound_literal.23
                0x00008b00      0x210 CMakeFiles\ddd.dir\src\main.c.obj
 .data.__compound_literal.22
                0x00008d10      0x318 CMakeFiles\ddd.dir\src\main.c.obj
 .data.__compound_literal.21
                0x00009028      0x408 CMakeFiles\ddd.dir\src\main.c.obj
 .data.fractal_terrain_lod
                0x00009430       0x5c CMakeFiles\ddd.dir\src\main.c.obj
                0x00009430                fractal_terrain_lod
 .data.__compound_literal.20
                0x0000948c      0x400 CMakeFiles\ddd.dir\src\main.c.obj
 .data.__compound_literal.19
                0x0000988c      0x600 CMakeFiles\ddd.dir\src\main.c.obj
 .data.__compound_literal.18
                0x00009e8c      0x72c CMakeFiles\ddd.dir\src\main.c.obj
 .data.Grid512Long
                0x0000a5b8       0x5c CMakeFiles\ddd.dir\src\main.c.obj
                0x0000a5b8                Grid512Long
 .data.__compound_literal.14
                0x0000a614     0x2000 CMakeFiles\ddd.dir\src\main.c.obj
 .data.__compound_literal.13
                0x0000c614     0x3000 CMakeFiles\ddd.dir\src\main.c.obj
 .data.__compound_literal.12
                0x0000f614     0x33cc CMakeFiles\ddd.dir\src\main.c.obj
 .data.blahaj_tri
                0x000129e0       0x5c CMakeFiles\ddd.dir\src\main.c.obj
                0x000129e0                blahaj_tri
 .data.__compound_literal.5
                0x00012a3c      0x670 CMakeFiles\ddd.dir\src\main.c.obj
 .data.__compound_literal.4
                0x000130ac      0x9a8 CMakeFiles\ddd.dir\src\main.c.obj
 .data.__compound_literal.3
                0x00013a54      0x9c0 CMakeFiles\ddd.dir\src\main.c.obj
 .data.mesh_cube
                0x00014414       0x5c CMakeFiles\ddd.dir\src\main.c.obj
                0x00014414                mesh_cube
 .data.__compound_literal.2
                0x00014470       0x30 CMakeFiles\ddd.dir\src\main.c.obj
 .data.__compound_literal.1
                0x000144a0       0x48 CMakeFiles\ddd.dir\src\main.c.obj
 .data.__compound_literal.0
                0x000144e8       0x60 CMakeFiles\ddd.dir\src\main.c.obj
 .data.TIME_SCALE
                0x00014548        0x4 CMakeFiles\ddd.dir\src\main.c.obj
                0x00014548                TIME_SCALE
 .data.SLANT    0x0001454c        0x4 CMakeFiles\ddd.dir\engine\render.c.obj
                0x0001454c                SLANT
 .data.wave_x_offset
                0x00014550        0x4 CMakeFiles\ddd.dir\engine\render.c.obj
                0x00014550                wave_x_offset
 .data.lake_bounds_lines
                0x00014554       0x30 CMakeFiles\ddd.dir\engine\render.c.obj
                0x00014554                lake_bounds_lines
 .data.grid_points
                0x00014584       0x48 CMakeFiles\ddd.dir\engine\render.c.obj
                0x00014584                grid_points
 .data.patterns
                0x000145cc      0x108 CMakeFiles\ddd.dir\engine\render.c.obj
 .data.wave_heightmap_table
                0x000146d4    0x17700 CMakeFiles\ddd.dir\engine\wave_heightmap.c.obj
                0x000146d4                wave_heightmap_table
 .data._impure_ptr
                0x0002bdd4        0x4 C:/PROGRA~2/ARMGNU~1/13C7F1~1.2RE/bin/../lib/gcc/arm-none-eabi/13.2.1/thumb/v7e-m+fp/hard\libg.a(libc_a-impure.o)
                0x0002bdd4                _impure_ptr
 .data._impure_data
                0x0002bdd8      0x120 C:/PROGRA~2/ARMGNU~1/13C7F1~1.2RE/bin/../lib/gcc/arm-none-eabi/13.2.1/thumb/v7e-m+fp/hard\libg.a(libc_a-impure.o)
                0x0002bdd8                _impure_data
                0x0002bef8                        . = ALIGN (0x4)
                [!provide]                        PROVIDE (__preinit_array_start = .)
 *(.preinit_array)
                [!provide]                        PROVIDE (__preinit_array_end = .)
                0x0002bef8                        . = ALIGN (0x4)
                [!provide]                        PROVIDE (__init_array_start = .)
 *(SORT_BY_NAME(.init_array.*))
 *(.init_array)
                [!provide]                        PROVIDE (__init_array_end = .)
                0x0002bef8                        . = ALIGN (0x4)
                [!provide]                        PROVIDE (__fini_array_start = .)
 *(SORT_BY_NAME(.fini_array.*))
 *(.fini_array)
                [!provide]                        PROVIDE (__fini_array_end = .)
                0x0002bef8                        . = ALIGN (0x4)
                0x0002bef8                        __data_end__ = .

.igot.plt       0x0002bef8        0x0
 .igot.plt      0x0002bef8        0x0 CMakeFiles\ddd.dir\src\main.c.obj

.bss            0x0002bef8    0x138ec
                0x0002bef8                        . = ALIGN (0x4)
                0x0002bef8                        __bss_start__ = .
 *(.bss*)
 .bss.releasedButtons
                0x0002bef8        0x1 CMakeFiles\ddd.dir\src\main.c.obj
                0x0002bef8                releasedButtons
 .bss.pressedButtons
                0x0002bef9        0x1 CMakeFiles\ddd.dir\src\main.c.obj
                0x0002bef9                pressedButtons
 .bss.heldButtons
                0x0002befa        0x1 CMakeFiles\ddd.dir\src\main.c.obj
                0x0002befa                heldButtons
 *fill*         0x0002befb        0x1 
 .bss.ActiveCamera
                0x0002befc        0x4 CMakeFiles\ddd.dir\src\main.c.obj
                0x0002befc                ActiveCamera
 .bss.ActiveScene
                0x0002bf00        0x4 CMakeFiles\ddd.dir\src\main.c.obj
                0x0002bf00                ActiveScene
 .bss.frame     0x0002bf04        0x4 CMakeFiles\ddd.dir\src\main.c.obj
                0x0002bf04                frame
 .bss.FONT_MONTSERRAT_BOLD_14
                0x0002bf08        0x4 CMakeFiles\ddd.dir\src\main.c.obj
                0x0002bf08                FONT_MONTSERRAT_BOLD_14
 .bss.FONT_MONTSERRAT_BLACK_ITALIC_24
                0x0002bf0c        0x4 CMakeFiles\ddd.dir\src\main.c.obj
                0x0002bf0c                FONT_MONTSERRAT_BLACK_ITALIC_24
 .bss.FONT_MONTSERRAT_BLACK_24
                0x0002bf10        0x4 CMakeFiles\ddd.dir\src\main.c.obj
                0x0002bf10                FONT_MONTSERRAT_BLACK_24
 .bss.font      0x0002bf14        0x4 CMakeFiles\ddd.dir\src\main.c.obj
                0x0002bf14                font
 .bss.cast_animation_timer
                0x0002bf18        0x4 CMakeFiles\ddd.dir\src\main.c.obj
                0x0002bf18                cast_animation_timer
 .bss.is_cranking
                0x0002bf1c        0x1 CMakeFiles\ddd.dir\src\main.c.obj
                0x0002bf1c                is_cranking
 *fill*         0x0002bf1d        0x3 
 .bss.crank_distance
                0x0002bf20        0x4 CMakeFiles\ddd.dir\src\main.c.obj
                0x0002bf20                crank_distance
 .bss.idle_duration
                0x0002bf24        0x4 CMakeFiles\ddd.dir\src\main.c.obj
                0x0002bf24                idle_duration
 .bss.crank_duration
                0x0002bf28        0x4 CMakeFiles\ddd.dir\src\main.c.obj
                0x0002bf28                crank_duration
 .bss.crank_buffer
                0x0002bf2c       0xa0 CMakeFiles\ddd.dir\src\main.c.obj
                0x0002bf2c                crank_buffer
 .bss.lure_fitness
                0x0002bfcc        0x4 CMakeFiles\ddd.dir\src\main.c.obj
                0x0002bfcc                lure_fitness
 .bss.target_underwater_camera_position
                0x0002bfd0        0xc CMakeFiles\ddd.dir\src\main.c.obj
                0x0002bfd0                target_underwater_camera_position
 .bss.line_tension
                0x0002bfdc        0x4 CMakeFiles\ddd.dir\src\main.c.obj
                0x0002bfdc                line_tension
 .bss.tension_meter_visible
                0x0002bfe0        0x1 CMakeFiles\ddd.dir\src\main.c.obj
                0x0002bfe0                tension_meter_visible
 *fill*         0x0002bfe1        0x3 
 .bss.ticker_text
                0x0002bfe4      0x400 CMakeFiles\ddd.dir\src\main.c.obj
                0x0002bfe4                ticker_text
 .bss.TICKER_FONT
                0x0002c3e4        0x4 CMakeFiles\ddd.dir\src\main.c.obj
                0x0002c3e4                TICKER_FONT
 .bss.ticker_filler_index
                0x0002c3e8        0x4 CMakeFiles\ddd.dir\src\main.c.obj
                0x0002c3e8                ticker_filler_index
 .bss.next_clear_width
                0x0002c3ec        0x4 CMakeFiles\ddd.dir\src\main.c.obj
                0x0002c3ec                next_clear_width
 .bss.ticker_queue_length
                0x0002c3f0        0x4 CMakeFiles\ddd.dir\src\main.c.obj
                0x0002c3f0                ticker_queue_length
 .bss.ticker_queue
                0x0002c3f4       0x80 CMakeFiles\ddd.dir\src\main.c.obj
                0x0002c3f4                ticker_queue
 .bss.audio_reel_long
                0x0002c474        0x4 CMakeFiles\ddd.dir\src\main.c.obj
                0x0002c474                audio_reel_long
 .bss.audio_reel_click
                0x0002c478        0x4 CMakeFiles\ddd.dir\src\main.c.obj
                0x0002c478                audio_reel_click
 .bss.reel_long_player
                0x0002c47c        0x4 CMakeFiles\ddd.dir\src\main.c.obj
                0x0002c47c                reel_long_player
 .bss.reel_click_player
                0x0002c480        0x4 CMakeFiles\ddd.dir\src\main.c.obj
                0x0002c480                reel_click_player
 .bss.SINE_GRADIENT_OFFSET
                0x0002c484        0x4 CMakeFiles\ddd.dir\src\main.c.obj
                0x0002c484                SINE_GRADIENT_OFFSET
 .bss.SINE_GRADIENT
                0x0002c488      0x200 CMakeFiles\ddd.dir\src\main.c.obj
                0x0002c488                SINE_GRADIENT
 .bss.TICK_LASTCRANKREADING
                0x0002c688        0x4 CMakeFiles\ddd.dir\src\main.c.obj
                0x0002c688                TICK_LASTCRANKREADING
 *fill*         0x0002c68c        0x4 
 .bss.DELTA_TIME
                0x0002c690        0x8 CMakeFiles\ddd.dir\src\main.c.obj
                0x0002c690                DELTA_TIME
 .bss.pd        0x0002c698        0x4 CMakeFiles\ddd.dir\src\main.c.obj
                0x0002c698                pd
 .bss.wave_z_offset
                0x0002c69c        0x4 CMakeFiles\ddd.dir\engine\render.c.obj
                0x0002c69c                wave_z_offset
 .bss.tris      0x0002c6a0    0x10000 CMakeFiles\ddd.dir\engine\render.c.obj
                0x0002c6a0                tris
 .bss.projected_vertices
                0x0003c6a0     0x3000 CMakeFiles\ddd.dir\engine\render.c.obj
                0x0003c6a0                projected_vertices
 .bss.WAVE_RIPPLE_V
                0x0003f6a0        0x4 CMakeFiles\ddd.dir\engine\wave_heightmap.c.obj
                0x0003f6a0                WAVE_RIPPLE_V
 .bss.WAVE_RIPPLE_U
                0x0003f6a4        0x4 CMakeFiles\ddd.dir\engine\wave_heightmap.c.obj
                0x0003f6a4                WAVE_RIPPLE_U
 .bss.pdrealloc
                0x0003f6a8        0x4 CMakeFiles\ddd.dir\C_\Users\shrin\Documents\PlaydateSDK\C_API\buildsupport\setup.c.obj
 .bss.__sf      0x0003f6ac      0x138 C:/PROGRA~2/ARMGNU~1/13C7F1~1.2RE/bin/../lib/gcc/arm-none-eabi/13.2.1/thumb/v7e-m+fp/hard\libg.a(libc_a-findfp.o)
                0x0003f6ac                __sf
 *(COMMON)
 *(COM)
                0x0003f7e4                        . = ALIGN (0x4)
                0x0003f7e4                        __bss_end__ = .

/DISCARD/
 *(.ARM.exidx)
OUTPUT(ddd.elf elf32-littlearm)
LOAD linker stubs

.debug_info     0x00000000    0x1b36b
 .debug_info    0x00000000     0x9423 CMakeFiles\ddd.dir\src\main.c.obj
 .debug_info    0x00009423     0x2172 CMakeFiles\ddd.dir\engine\3dmath.c.obj
 .debug_info    0x0000b595      0x891 CMakeFiles\ddd.dir\engine\actor.c.obj
 .debug_info    0x0000be26      0x770 CMakeFiles\ddd.dir\engine\camera.c.obj
 .debug_info    0x0000c596      0x148 CMakeFiles\ddd.dir\engine\fsm.c.obj
 .debug_info    0x0000c6de     0x7e51 CMakeFiles\ddd.dir\engine\render.c.obj
 .debug_info    0x0001452f      0x71e CMakeFiles\ddd.dir\engine\scene.c.obj
 .debug_info    0x00014c4d      0x19e CMakeFiles\ddd.dir\engine\symbols.c.obj
 .debug_info    0x00014deb       0xea CMakeFiles\ddd.dir\engine\wave_heightmap.c.obj
 .debug_info    0x00014ed5     0x6496 CMakeFiles\ddd.dir\C_\Users\shrin\Documents\PlaydateSDK\C_API\buildsupport\setup.c.obj

.debug_abbrev   0x00000000     0x1c7c
 .debug_abbrev  0x00000000      0x8b7 CMakeFiles\ddd.dir\src\main.c.obj
 .debug_abbrev  0x000008b7      0x428 CMakeFiles\ddd.dir\engine\3dmath.c.obj
 .debug_abbrev  0x00000cdf      0x183 CMakeFiles\ddd.dir\engine\actor.c.obj
 .debug_abbrev  0x00000e62      0x229 CMakeFiles\ddd.dir\engine\camera.c.obj
 .debug_abbrev  0x0000108b       0xea CMakeFiles\ddd.dir\engine\fsm.c.obj
 .debug_abbrev  0x00001175      0x5be CMakeFiles\ddd.dir\engine\render.c.obj
 .debug_abbrev  0x00001733      0x13b CMakeFiles\ddd.dir\engine\scene.c.obj
 .debug_abbrev  0x0000186e       0xa5 CMakeFiles\ddd.dir\engine\symbols.c.obj
 .debug_abbrev  0x00001913       0x69 CMakeFiles\ddd.dir\engine\wave_heightmap.c.obj
 .debug_abbrev  0x0000197c      0x300 CMakeFiles\ddd.dir\C_\Users\shrin\Documents\PlaydateSDK\C_API\buildsupport\setup.c.obj

.debug_loc      0x00000000     0x7ba5
 .debug_loc     0x00000000     0x20f3 CMakeFiles\ddd.dir\src\main.c.obj
 .debug_loc     0x000020f3     0x2d4a CMakeFiles\ddd.dir\engine\3dmath.c.obj
 .debug_loc     0x00004e3d       0xdd CMakeFiles\ddd.dir\engine\actor.c.obj
 .debug_loc     0x00004f1a      0x481 CMakeFiles\ddd.dir\engine\camera.c.obj
 .debug_loc     0x0000539b       0x87 CMakeFiles\ddd.dir\engine\fsm.c.obj
 .debug_loc     0x00005422     0x23f8 CMakeFiles\ddd.dir\engine\render.c.obj
 .debug_loc     0x0000781a       0xf5 CMakeFiles\ddd.dir\engine\scene.c.obj
 .debug_loc     0x0000790f       0x2c CMakeFiles\ddd.dir\engine\symbols.c.obj
 .debug_loc     0x0000793b      0x26a CMakeFiles\ddd.dir\C_\Users\shrin\Documents\PlaydateSDK\C_API\buildsupport\setup.c.obj

.debug_aranges  0x00000000      0x4b8
 .debug_aranges
                0x00000000      0x1a8 CMakeFiles\ddd.dir\src\main.c.obj
 .debug_aranges
                0x000001a8      0x160 CMakeFiles\ddd.dir\engine\3dmath.c.obj
 .debug_aranges
                0x00000308       0x20 CMakeFiles\ddd.dir\engine\actor.c.obj
 .debug_aranges
                0x00000328       0x48 CMakeFiles\ddd.dir\engine\camera.c.obj
 .debug_aranges
                0x00000370       0x20 CMakeFiles\ddd.dir\engine\fsm.c.obj
 .debug_aranges
                0x00000390       0x98 CMakeFiles\ddd.dir\engine\render.c.obj
 .debug_aranges
                0x00000428       0x20 CMakeFiles\ddd.dir\engine\scene.c.obj
 .debug_aranges
                0x00000448       0x20 CMakeFiles\ddd.dir\engine\symbols.c.obj
 .debug_aranges
                0x00000468       0x18 CMakeFiles\ddd.dir\engine\wave_heightmap.c.obj
 .debug_aranges
                0x00000480       0x38 CMakeFiles\ddd.dir\C_\Users\shrin\Documents\PlaydateSDK\C_API\buildsupport\setup.c.obj

.debug_ranges   0x00000000      0xe18
 .debug_ranges  0x00000000      0x510 CMakeFiles\ddd.dir\src\main.c.obj
 .debug_ranges  0x00000510      0x4a8 CMakeFiles\ddd.dir\engine\3dmath.c.obj
 .debug_ranges  0x000009b8       0x10 CMakeFiles\ddd.dir\engine\actor.c.obj
 .debug_ranges  0x000009c8       0x38 CMakeFiles\ddd.dir\engine\camera.c.obj
 .debug_ranges  0x00000a00       0x10 CMakeFiles\ddd.dir\engine\fsm.c.obj
 .debug_ranges  0x00000a10      0x3a8 CMakeFiles\ddd.dir\engine\render.c.obj
 .debug_ranges  0x00000db8       0x28 CMakeFiles\ddd.dir\engine\scene.c.obj
 .debug_ranges  0x00000de0       0x10 CMakeFiles\ddd.dir\engine\symbols.c.obj
 .debug_ranges  0x00000df0       0x28 CMakeFiles\ddd.dir\C_\Users\shrin\Documents\PlaydateSDK\C_API\buildsupport\setup.c.obj

.debug_line     0x00000000     0x6394
 .debug_line    0x00000000     0x2872 CMakeFiles\ddd.dir\src\main.c.obj
 .debug_line    0x00002872     0x178b CMakeFiles\ddd.dir\engine\3dmath.c.obj
 .debug_line    0x00003ffd      0x19f CMakeFiles\ddd.dir\engine\actor.c.obj
 .debug_line    0x0000419c      0x348 CMakeFiles\ddd.dir\engine\camera.c.obj
 .debug_line    0x000044e4       0xb5 CMakeFiles\ddd.dir\engine\fsm.c.obj
 .debug_line    0x00004599     0x1624 CMakeFiles\ddd.dir\engine\render.c.obj
 .debug_line    0x00005bbd      0x2b5 CMakeFiles\ddd.dir\engine\scene.c.obj
 .debug_line    0x00005e72       0x90 CMakeFiles\ddd.dir\engine\symbols.c.obj
 .debug_line    0x00005f02      0x118 CMakeFiles\ddd.dir\engine\wave_heightmap.c.obj
 .debug_line    0x0000601a      0x37a CMakeFiles\ddd.dir\C_\Users\shrin\Documents\PlaydateSDK\C_API\buildsupport\setup.c.obj

.debug_str      0x00000000     0x4499
 .debug_str     0x00000000     0x4499 CMakeFiles\ddd.dir\src\main.c.obj
                               0x3c4a (size before relaxing)
 .debug_str     0x00004499      0x68f CMakeFiles\ddd.dir\engine\3dmath.c.obj
 .debug_str     0x00004499      0x5b3 CMakeFiles\ddd.dir\engine\actor.c.obj
 .debug_str     0x00004499      0x4f5 CMakeFiles\ddd.dir\engine\camera.c.obj
 .debug_str     0x00004499      0x1c5 CMakeFiles\ddd.dir\engine\fsm.c.obj
 .debug_str     0x00004499     0x326d CMakeFiles\ddd.dir\engine\render.c.obj
 .debug_str     0x00004499      0x531 CMakeFiles\ddd.dir\engine\scene.c.obj
 .debug_str     0x00004499      0x236 CMakeFiles\ddd.dir\engine\symbols.c.obj
 .debug_str     0x00004499      0x23e CMakeFiles\ddd.dir\engine\wave_heightmap.c.obj
 .debug_str     0x00004499     0x2e7e CMakeFiles\ddd.dir\C_\Users\shrin\Documents\PlaydateSDK\C_API\buildsupport\setup.c.obj

.comment        0x00000000       0x44
 .comment       0x00000000       0x44 CMakeFiles\ddd.dir\src\main.c.obj
                                 0x45 (size before relaxing)
 .comment       0x00000044       0x45 CMakeFiles\ddd.dir\engine\3dmath.c.obj
 .comment       0x00000044       0x45 CMakeFiles\ddd.dir\engine\actor.c.obj
 .comment       0x00000044       0x45 CMakeFiles\ddd.dir\engine\camera.c.obj
 .comment       0x00000044       0x45 CMakeFiles\ddd.dir\engine\fsm.c.obj
 .comment       0x00000044       0x45 CMakeFiles\ddd.dir\engine\render.c.obj
 .comment       0x00000044       0x45 CMakeFiles\ddd.dir\engine\scene.c.obj
 .comment       0x00000044       0x45 CMakeFiles\ddd.dir\engine\symbols.c.obj
 .comment       0x00000044       0x45 CMakeFiles\ddd.dir\engine\wave_heightmap.c.obj
 .comment       0x00000044       0x45 CMakeFiles\ddd.dir\C_\Users\shrin\Documents\PlaydateSDK\C_API\buildsupport\setup.c.obj

.ARM.attributes
                0x00000000       0x32
 .ARM.attributes
                0x00000000       0x34 CMakeFiles\ddd.dir\src\main.c.obj
 .ARM.attributes
                0x00000034       0x34 CMakeFiles\ddd.dir\engine\3dmath.c.obj
 .ARM.attributes
                0x00000068       0x34 CMakeFiles\ddd.dir\engine\actor.c.obj
 .ARM.attributes
                0x0000009c       0x34 CMakeFiles\ddd.dir\engine\camera.c.obj
 .ARM.attributes
                0x000000d0       0x34 CMakeFiles\ddd.dir\engine\fsm.c.obj
 .ARM.attributes
                0x00000104       0x34 CMakeFiles\ddd.dir\engine\render.c.obj
 .ARM.attributes
                0x00000138       0x34 CMakeFiles\ddd.dir\engine\scene.c.obj
 .ARM.attributes
                0x0000016c       0x34 CMakeFiles\ddd.dir\engine\symbols.c.obj
 .ARM.attributes
                0x000001a0       0x34 CMakeFiles\ddd.dir\engine\wave_heightmap.c.obj
 .ARM.attributes
                0x000001d4       0x34 CMakeFiles\ddd.dir\C_\Users\shrin\Documents\PlaydateSDK\C_API\buildsupport\setup.c.obj
 .ARM.attributes
                0x00000208       0x22 C:/PROGRA~2/ARMGNU~1/13C7F1~1.2RE/bin/../lib/gcc/arm-none-eabi/13.2.1/thumb/v7e-m+fp/hard\libgcc.a(_arm_addsubdf3.o)
 .ARM.attributes
                0x0000022a       0x22 C:/PROGRA~2/ARMGNU~1/13C7F1~1.2RE/bin/../lib/gcc/arm-none-eabi/13.2.1/thumb/v7e-m+fp/hard\libgcc.a(_arm_muldivdf3.o)
 .ARM.attributes
                0x0000024c       0x22 C:/PROGRA~2/ARMGNU~1/13C7F1~1.2RE/bin/../lib/gcc/arm-none-eabi/13.2.1/thumb/v7e-m+fp/hard\libgcc.a(_arm_fixdfsi.o)
 .ARM.attributes
                0x0000026e       0x22 C:/PROGRA~2/ARMGNU~1/13C7F1~1.2RE/bin/../lib/gcc/arm-none-eabi/13.2.1/thumb/v7e-m+fp/hard\libgcc.a(_arm_truncdfsf2.o)
 .ARM.attributes
                0x00000290       0x34 C:/PROGRA~2/ARMGNU~1/13C7F1~1.2RE/bin/../lib/gcc/arm-none-eabi/13.2.1/thumb/v7e-m+fp/hard\libg.a(libc_a-itoa.o)
 .ARM.attributes
                0x000002c4       0x34 C:/PROGRA~2/ARMGNU~1/13C7F1~1.2RE/bin/../lib/gcc/arm-none-eabi/13.2.1/thumb/v7e-m+fp/hard\libg.a(libc_a-malloc.o)
 .ARM.attributes
                0x000002f8       0x34 C:/PROGRA~2/ARMGNU~1/13C7F1~1.2RE/bin/../lib/gcc/arm-none-eabi/13.2.1/thumb/v7e-m+fp/hard\libg.a(libc_a-rand.o)
 .ARM.attributes
                0x0000032c       0x34 C:/PROGRA~2/ARMGNU~1/13C7F1~1.2RE/bin/../lib/gcc/arm-none-eabi/13.2.1/thumb/v7e-m+fp/hard\libg.a(libc_a-utoa.o)
 .ARM.attributes
                0x00000360       0x34 C:/PROGRA~2/ARMGNU~1/13C7F1~1.2RE/bin/../lib/gcc/arm-none-eabi/13.2.1/thumb/v7e-m+fp/hard\libg.a(libc_a-qsort.o)
 .ARM.attributes
                0x00000394       0x34 C:/PROGRA~2/ARMGNU~1/13C7F1~1.2RE/bin/../lib/gcc/arm-none-eabi/13.2.1/thumb/v7e-m+fp/hard\libg.a(libc_a-memmove.o)
 .ARM.attributes
                0x000003c8       0x34 C:/PROGRA~2/ARMGNU~1/13C7F1~1.2RE/bin/../lib/gcc/arm-none-eabi/13.2.1/thumb/v7e-m+fp/hard\libg.a(libc_a-memset.o)
 .ARM.attributes
                0x000003fc       0x34 C:/PROGRA~2/ARMGNU~1/13C7F1~1.2RE/bin/../lib/gcc/arm-none-eabi/13.2.1/thumb/v7e-m+fp/hard\libg.a(libc_a-stpcpy.o)
 .ARM.attributes
                0x00000430       0x34 C:/PROGRA~2/ARMGNU~1/13C7F1~1.2RE/bin/../lib/gcc/arm-none-eabi/13.2.1/thumb/v7e-m+fp/hard\libg.a(libc_a-impure.o)
 .ARM.attributes
                0x00000464       0x34 C:/PROGRA~2/ARMGNU~1/13C7F1~1.2RE/bin/../lib/gcc/arm-none-eabi/13.2.1/thumb/v7e-m+fp/hard\libg.a(libc_a-strcpy.o)
 .ARM.attributes
                0x00000498       0x1c C:/PROGRA~2/ARMGNU~1/13C7F1~1.2RE/bin/../lib/gcc/arm-none-eabi/13.2.1/thumb/v7e-m+fp/hard\libg.a(libc_a-strlen.o)
 .ARM.attributes
                0x000004b4       0x34 C:/PROGRA~2/ARMGNU~1/13C7F1~1.2RE/bin/../lib/gcc/arm-none-eabi/13.2.1/thumb/v7e-m+fp/hard\libg.a(libc_a-findfp.o)
 .ARM.attributes
                0x000004e8       0x34 C:/PROGRA~2/ARMGNU~1/13C7F1~1.2RE/bin/../lib/gcc/arm-none-eabi/13.2.1/thumb/v7e-m+fp/hard\libm.a(libm_a-wf_atan2.o)
 .ARM.attributes
                0x0000051c       0x34 C:/PROGRA~2/ARMGNU~1/13C7F1~1.2RE/bin/../lib/gcc/arm-none-eabi/13.2.1/thumb/v7e-m+fp/hard\libm.a(libm_a-sf_cos.o)
 .ARM.attributes
                0x00000550       0x34 C:/PROGRA~2/ARMGNU~1/13C7F1~1.2RE/bin/../lib/gcc/arm-none-eabi/13.2.1/thumb/v7e-m+fp/hard\libm.a(libm_a-sf_fabs.o)
 .ARM.attributes
                0x00000584       0x34 C:/PROGRA~2/ARMGNU~1/13C7F1~1.2RE/bin/../lib/gcc/arm-none-eabi/13.2.1/thumb/v7e-m+fp/hard\libm.a(libm_a-sf_sin.o)
 .ARM.attributes
                0x000005b8       0x34 C:/PROGRA~2/ARMGNU~1/13C7F1~1.2RE/bin/../lib/gcc/arm-none-eabi/13.2.1/thumb/v7e-m+fp/hard\libm.a(libm_a-sf_tan.o)
 .ARM.attributes
                0x000005ec       0x34 C:/PROGRA~2/ARMGNU~1/13C7F1~1.2RE/bin/../lib/gcc/arm-none-eabi/13.2.1/thumb/v7e-m+fp/hard\libm.a(libm_a-s_ceil.o)
 .ARM.attributes
                0x00000620       0x34 C:/PROGRA~2/ARMGNU~1/13C7F1~1.2RE/bin/../lib/gcc/arm-none-eabi/13.2.1/thumb/v7e-m+fp/hard\libm.a(libm_a-kf_cos.o)
 .ARM.attributes
                0x00000654       0x34 C:/PROGRA~2/ARMGNU~1/13C7F1~1.2RE/bin/../lib/gcc/arm-none-eabi/13.2.1/thumb/v7e-m+fp/hard\libm.a(libm_a-kf_sin.o)
 .ARM.attributes
                0x00000688       0x34 C:/PROGRA~2/ARMGNU~1/13C7F1~1.2RE/bin/../lib/gcc/arm-none-eabi/13.2.1/thumb/v7e-m+fp/hard\libm.a(libm_a-kf_tan.o)
 .ARM.attributes
                0x000006bc       0x34 C:/PROGRA~2/ARMGNU~1/13C7F1~1.2RE/bin/../lib/gcc/arm-none-eabi/13.2.1/thumb/v7e-m+fp/hard\libm.a(libm_a-ef_atan2.o)
 .ARM.attributes
                0x000006f0       0x34 C:/PROGRA~2/ARMGNU~1/13C7F1~1.2RE/bin/../lib/gcc/arm-none-eabi/13.2.1/thumb/v7e-m+fp/hard\libm.a(libm_a-ef_rem_pio2.o)
 .ARM.attributes
                0x00000724       0x34 C:/PROGRA~2/ARMGNU~1/13C7F1~1.2RE/bin/../lib/gcc/arm-none-eabi/13.2.1/thumb/v7e-m+fp/hard\libm.a(libm_a-sf_atan.o)
 .ARM.attributes
                0x00000758       0x34 C:/PROGRA~2/ARMGNU~1/13C7F1~1.2RE/bin/../lib/gcc/arm-none-eabi/13.2.1/thumb/v7e-m+fp/hard\libm.a(libm_a-kf_rem_pio2.o)
 .ARM.attributes
                0x0000078c       0x34 C:/PROGRA~2/ARMGNU~1/13C7F1~1.2RE/bin/../lib/gcc/arm-none-eabi/13.2.1/thumb/v7e-m+fp/hard\libm.a(libm_a-sf_scalbn.o)
 .ARM.attributes
                0x000007c0       0x34 C:/PROGRA~2/ARMGNU~1/13C7F1~1.2RE/bin/../lib/gcc/arm-none-eabi/13.2.1/thumb/v7e-m+fp/hard\libm.a(libm_a-sf_floor.o)
 .ARM.attributes
                0x000007f4       0x22 C:/PROGRA~2/ARMGNU~1/13C7F1~1.2RE/bin/../lib/gcc/arm-none-eabi/13.2.1/thumb/v7e-m+fp/hard\libgcc.a(_arm_cmpdf2.o)

.debug_frame    0x00000000     0x1ae4
 .debug_frame   0x00000000      0x7a4 CMakeFiles\ddd.dir\src\main.c.obj
 .debug_frame   0x000007a4      0x654 CMakeFiles\ddd.dir\engine\3dmath.c.obj
 .debug_frame   0x00000df8       0x38 CMakeFiles\ddd.dir\engine\actor.c.obj
 .debug_frame   0x00000e30       0xc8 CMakeFiles\ddd.dir\engine\camera.c.obj
 .debug_frame   0x00000ef8       0x2c CMakeFiles\ddd.dir\engine\fsm.c.obj
 .debug_frame   0x00000f24      0x324 CMakeFiles\ddd.dir\engine\render.c.obj
 .debug_frame   0x00001248       0x3c CMakeFiles\ddd.dir\engine\scene.c.obj
 .debug_frame   0x00001284       0x28 CMakeFiles\ddd.dir\engine\symbols.c.obj
 .debug_frame   0x000012ac       0x5c CMakeFiles\ddd.dir\C_\Users\shrin\Documents\PlaydateSDK\C_API\buildsupport\setup.c.obj
 .debug_frame   0x00001308       0xac C:/PROGRA~2/ARMGNU~1/13C7F1~1.2RE/bin/../lib/gcc/arm-none-eabi/13.2.1/thumb/v7e-m+fp/hard\libgcc.a(_arm_addsubdf3.o)
 .debug_frame   0x000013b4       0x50 C:/PROGRA~2/ARMGNU~1/13C7F1~1.2RE/bin/../lib/gcc/arm-none-eabi/13.2.1/thumb/v7e-m+fp/hard\libgcc.a(_arm_muldivdf3.o)
 .debug_frame   0x00001404       0x24 C:/PROGRA~2/ARMGNU~1/13C7F1~1.2RE/bin/../lib/gcc/arm-none-eabi/13.2.1/thumb/v7e-m+fp/hard\libgcc.a(_arm_fixdfsi.o)
 .debug_frame   0x00001428       0x24 C:/PROGRA~2/ARMGNU~1/13C7F1~1.2RE/bin/../lib/gcc/arm-none-eabi/13.2.1/thumb/v7e-m+fp/hard\libgcc.a(_arm_truncdfsf2.o)
 .debug_frame   0x0000144c       0x40 C:/PROGRA~2/ARMGNU~1/13C7F1~1.2RE/bin/../lib/gcc/arm-none-eabi/13.2.1/thumb/v7e-m+fp/hard\libg.a(libc_a-itoa.o)
 .debug_frame   0x0000148c       0x30 C:/PROGRA~2/ARMGNU~1/13C7F1~1.2RE/bin/../lib/gcc/arm-none-eabi/13.2.1/thumb/v7e-m+fp/hard\libg.a(libc_a-malloc.o)
 .debug_frame   0x000014bc       0x3c C:/PROGRA~2/ARMGNU~1/13C7F1~1.2RE/bin/../lib/gcc/arm-none-eabi/13.2.1/thumb/v7e-m+fp/hard\libg.a(libc_a-rand.o)
 .debug_frame   0x000014f8       0x4c C:/PROGRA~2/ARMGNU~1/13C7F1~1.2RE/bin/../lib/gcc/arm-none-eabi/13.2.1/thumb/v7e-m+fp/hard\libg.a(libc_a-utoa.o)
 .debug_frame   0x00001544       0x44 C:/PROGRA~2/ARMGNU~1/13C7F1~1.2RE/bin/../lib/gcc/arm-none-eabi/13.2.1/thumb/v7e-m+fp/hard\libg.a(libc_a-qsort.o)
 .debug_frame   0x00001588       0x40 C:/PROGRA~2/ARMGNU~1/13C7F1~1.2RE/bin/../lib/gcc/arm-none-eabi/13.2.1/thumb/v7e-m+fp/hard\libg.a(libc_a-memmove.o)
 .debug_frame   0x000015c8       0x2c C:/PROGRA~2/ARMGNU~1/13C7F1~1.2RE/bin/../lib/gcc/arm-none-eabi/13.2.1/thumb/v7e-m+fp/hard\libg.a(libc_a-memset.o)
 .debug_frame   0x000015f4       0x20 C:/PROGRA~2/ARMGNU~1/13C7F1~1.2RE/bin/../lib/gcc/arm-none-eabi/13.2.1/thumb/v7e-m+fp/hard\libg.a(libc_a-stpcpy.o)
 .debug_frame   0x00001614       0x20 C:/PROGRA~2/ARMGNU~1/13C7F1~1.2RE/bin/../lib/gcc/arm-none-eabi/13.2.1/thumb/v7e-m+fp/hard\libg.a(libc_a-strcpy.o)
 .debug_frame   0x00001634      0x13c C:/PROGRA~2/ARMGNU~1/13C7F1~1.2RE/bin/../lib/gcc/arm-none-eabi/13.2.1/thumb/v7e-m+fp/hard\libg.a(libc_a-findfp.o)
 .debug_frame   0x00001770       0x20 C:/PROGRA~2/ARMGNU~1/13C7F1~1.2RE/bin/../lib/gcc/arm-none-eabi/13.2.1/thumb/v7e-m+fp/hard\libm.a(libm_a-wf_atan2.o)
 .debug_frame   0x00001790       0x34 C:/PROGRA~2/ARMGNU~1/13C7F1~1.2RE/bin/../lib/gcc/arm-none-eabi/13.2.1/thumb/v7e-m+fp/hard\libm.a(libm_a-sf_cos.o)
 .debug_frame   0x000017c4       0x20 C:/PROGRA~2/ARMGNU~1/13C7F1~1.2RE/bin/../lib/gcc/arm-none-eabi/13.2.1/thumb/v7e-m+fp/hard\libm.a(libm_a-sf_fabs.o)
 .debug_frame   0x000017e4       0x34 C:/PROGRA~2/ARMGNU~1/13C7F1~1.2RE/bin/../lib/gcc/arm-none-eabi/13.2.1/thumb/v7e-m+fp/hard\libm.a(libm_a-sf_sin.o)
 .debug_frame   0x00001818       0x30 C:/PROGRA~2/ARMGNU~1/13C7F1~1.2RE/bin/../lib/gcc/arm-none-eabi/13.2.1/thumb/v7e-m+fp/hard\libm.a(libm_a-sf_tan.o)
 .debug_frame   0x00001848       0x30 C:/PROGRA~2/ARMGNU~1/13C7F1~1.2RE/bin/../lib/gcc/arm-none-eabi/13.2.1/thumb/v7e-m+fp/hard\libm.a(libm_a-s_ceil.o)
 .debug_frame   0x00001878       0x20 C:/PROGRA~2/ARMGNU~1/13C7F1~1.2RE/bin/../lib/gcc/arm-none-eabi/13.2.1/thumb/v7e-m+fp/hard\libm.a(libm_a-kf_cos.o)
 .debug_frame   0x00001898       0x20 C:/PROGRA~2/ARMGNU~1/13C7F1~1.2RE/bin/../lib/gcc/arm-none-eabi/13.2.1/thumb/v7e-m+fp/hard\libm.a(libm_a-kf_sin.o)
 .debug_frame   0x000018b8       0x28 C:/PROGRA~2/ARMGNU~1/13C7F1~1.2RE/bin/../lib/gcc/arm-none-eabi/13.2.1/thumb/v7e-m+fp/hard\libm.a(libm_a-kf_tan.o)
 .debug_frame   0x000018e0       0x44 C:/PROGRA~2/ARMGNU~1/13C7F1~1.2RE/bin/../lib/gcc/arm-none-eabi/13.2.1/thumb/v7e-m+fp/hard\libm.a(libm_a-ef_atan2.o)
 .debug_frame   0x00001924       0x34 C:/PROGRA~2/ARMGNU~1/13C7F1~1.2RE/bin/../lib/gcc/arm-none-eabi/13.2.1/thumb/v7e-m+fp/hard\libm.a(libm_a-ef_rem_pio2.o)
 .debug_frame   0x00001958       0x2c C:/PROGRA~2/ARMGNU~1/13C7F1~1.2RE/bin/../lib/gcc/arm-none-eabi/13.2.1/thumb/v7e-m+fp/hard\libm.a(libm_a-sf_atan.o)
 .debug_frame   0x00001984       0x5c C:/PROGRA~2/ARMGNU~1/13C7F1~1.2RE/bin/../lib/gcc/arm-none-eabi/13.2.1/thumb/v7e-m+fp/hard\libm.a(libm_a-kf_rem_pio2.o)
 .debug_frame   0x000019e0       0x20 C:/PROGRA~2/ARMGNU~1/13C7F1~1.2RE/bin/../lib/gcc/arm-none-eabi/13.2.1/thumb/v7e-m+fp/hard\libm.a(libm_a-sf_scalbn.o)
 .debug_frame   0x00001a00       0x20 C:/PROGRA~2/ARMGNU~1/13C7F1~1.2RE/bin/../lib/gcc/arm-none-eabi/13.2.1/thumb/v7e-m+fp/hard\libm.a(libm_a-sf_floor.o)
 .debug_frame   0x00001a20       0xc4 C:/PROGRA~2/ARMGNU~1/13C7F1~1.2RE/bin/../lib/gcc/arm-none-eabi/13.2.1/thumb/v7e-m+fp/hard\libgcc.a(_arm_cmpdf2.o)

.debug_line_str
                0x00000000      0x1b0
 .debug_line_str
                0x00000000      0x1b0 C:/PROGRA~2/ARMGNU~1/13C7F1~1.2RE/bin/../lib/gcc/arm-none-eabi/13.2.1/thumb/v7e-m+fp/hard\libgcc.a(_arm_addsubdf3.o)
                                 0xce (size before relaxing)
 .debug_line_str
                0x000001b0       0xce C:/PROGRA~2/ARMGNU~1/13C7F1~1.2RE/bin/../lib/gcc/arm-none-eabi/13.2.1/thumb/v7e-m+fp/hard\libgcc.a(_arm_muldivdf3.o)
 .debug_line_str
                0x000001b0       0xce C:/PROGRA~2/ARMGNU~1/13C7F1~1.2RE/bin/../lib/gcc/arm-none-eabi/13.2.1/thumb/v7e-m+fp/hard\libgcc.a(_arm_fixdfsi.o)
 .debug_line_str
                0x000001b0       0xce C:/PROGRA~2/ARMGNU~1/13C7F1~1.2RE/bin/../lib/gcc/arm-none-eabi/13.2.1/thumb/v7e-m+fp/hard\libgcc.a(_arm_truncdfsf2.o)
 .debug_line_str
                0x000001b0       0xe2 C:/PROGRA~2/ARMGNU~1/13C7F1~1.2RE/bin/../lib/gcc/arm-none-eabi/13.2.1/thumb/v7e-m+fp/hard\libg.a(libc_a-strlen.o)
 .debug_line_str
                0x000001b0       0xce C:/PROGRA~2/ARMGNU~1/13C7F1~1.2RE/bin/../lib/gcc/arm-none-eabi/13.2.1/thumb/v7e-m+fp/hard\libgcc.a(_arm_cmpdf2.o)

Cross Reference Table

Symbol                                            File
ActiveCamera                                      CMakeFiles\ddd.dir\src\main.c.obj
ActiveLure                                        CMakeFiles\ddd.dir\src\main.c.obj
ActiveScene                                       CMakeFiles\ddd.dir\src\main.c.obj
Actor_drawMesh                                    CMakeFiles\ddd.dir\engine\render.c.obj
                                                  CMakeFiles\ddd.dir\src\main.c.obj
Actor_updateTransform                             CMakeFiles\ddd.dir\engine\actor.c.obj
                                                  CMakeFiles\ddd.dir\engine\scene.c.obj
ApplyNearClipToLine                               CMakeFiles\ddd.dir\engine\render.c.obj
Camera_getProjectionMatrix                        CMakeFiles\ddd.dir\engine\camera.c.obj
                                                  CMakeFiles\ddd.dir\src\main.c.obj
Camera_getRotationMatrix                          CMakeFiles\ddd.dir\engine\camera.c.obj
                                                  CMakeFiles\ddd.dir\src\main.c.obj
Camera_worldToScreenPos                           CMakeFiles\ddd.dir\engine\camera.c.obj
                                                  CMakeFiles\ddd.dir\engine\render.c.obj
DELTA_TIME                                        CMakeFiles\ddd.dir\src\main.c.obj
                                                  CMakeFiles\ddd.dir\engine\render.c.obj
                                                  CMakeFiles\ddd.dir\engine\camera.c.obj
DebugScene                                        CMakeFiles\ddd.dir\src\main.c.obj
DefaultLure                                       CMakeFiles\ddd.dir\src\main.c.obj
DefaultScene                                      CMakeFiles\ddd.dir\src\main.c.obj
DefaultView                                       CMakeFiles\ddd.dir\src\main.c.obj
FONT_MONTSERRAT_BLACK_24                          CMakeFiles\ddd.dir\src\main.c.obj
FONT_MONTSERRAT_BLACK_ITALIC_24                   CMakeFiles\ddd.dir\src\main.c.obj
FONT_MONTSERRAT_BOLD_14                           CMakeFiles\ddd.dir\src\main.c.obj
FishingScene                                      CMakeFiles\ddd.dir\src\main.c.obj
GLOBAL_ORIGIN                                     CMakeFiles\ddd.dir\src\main.c.obj
GLOBAL_UNIT                                       CMakeFiles\ddd.dir\src\main.c.obj
GLOBAL_UP                                         CMakeFiles\ddd.dir\src\main.c.obj
Gradient_init                                     CMakeFiles\ddd.dir\src\main.c.obj
Gradient_sample                                   CMakeFiles\ddd.dir\src\main.c.obj
Gradient_tick                                     CMakeFiles\ddd.dir\src\main.c.obj
Grid512Long                                       CMakeFiles\ddd.dir\src\main.c.obj
LakeView                                          CMakeFiles\ddd.dir\src\main.c.obj
LakeWaves_render                                  CMakeFiles\ddd.dir\engine\render.c.obj
                                                  CMakeFiles\ddd.dir\src\main.c.obj
LakeWaves_renderWaterHeight                       CMakeFiles\ddd.dir\engine\render.c.obj
                                                  CMakeFiles\ddd.dir\src\main.c.obj
Line_worldDraw                                    CMakeFiles\ddd.dir\engine\render.c.obj
LookTarget_setTarget                              CMakeFiles\ddd.dir\engine\camera.c.obj
                                                  CMakeFiles\ddd.dir\src\main.c.obj
LookTarget_tick                                   CMakeFiles\ddd.dir\engine\camera.c.obj
                                                  CMakeFiles\ddd.dir\engine\scene.c.obj
                                                  CMakeFiles\ddd.dir\src\main.c.obj
Matrix3_add                                       CMakeFiles\ddd.dir\engine\3dmath.c.obj
Matrix3_apply                                     CMakeFiles\ddd.dir\engine\3dmath.c.obj
                                                  CMakeFiles\ddd.dir\engine\render.c.obj
Matrix3_fromQuaternion                            CMakeFiles\ddd.dir\engine\3dmath.c.obj
Matrix3_getRotationX                              CMakeFiles\ddd.dir\engine\3dmath.c.obj
                                                  CMakeFiles\ddd.dir\engine\camera.c.obj
Matrix3_getRotationY                              CMakeFiles\ddd.dir\engine\3dmath.c.obj
                                                  CMakeFiles\ddd.dir\engine\camera.c.obj
Matrix3_getRotationZ                              CMakeFiles\ddd.dir\engine\3dmath.c.obj
                                                  CMakeFiles\ddd.dir\engine\camera.c.obj
Matrix3_lerp                                      CMakeFiles\ddd.dir\engine\3dmath.c.obj
Matrix3_lookAt                                    CMakeFiles\ddd.dir\engine\3dmath.c.obj
                                                  CMakeFiles\ddd.dir\engine\actor.c.obj
                                                  CMakeFiles\ddd.dir\src\main.c.obj
Matrix3_multiply                                  CMakeFiles\ddd.dir\engine\3dmath.c.obj
                                                  CMakeFiles\ddd.dir\engine\camera.c.obj
Matrix3_multiplyScalar                            CMakeFiles\ddd.dir\engine\3dmath.c.obj
Matrix3_rotationFromAngles                        CMakeFiles\ddd.dir\engine\3dmath.c.obj
Matrix4_apply                                     CMakeFiles\ddd.dir\engine\3dmath.c.obj
                                                  CMakeFiles\ddd.dir\engine\render.c.obj
                                                  CMakeFiles\ddd.dir\engine\camera.c.obj
Matrix4_from3                                     CMakeFiles\ddd.dir\engine\3dmath.c.obj
Matrix4_getMatrixTransform                        CMakeFiles\ddd.dir\engine\3dmath.c.obj
                                                  CMakeFiles\ddd.dir\engine\actor.c.obj
Matrix4_getQuaternionTransform                    CMakeFiles\ddd.dir\engine\3dmath.c.obj
                                                  CMakeFiles\ddd.dir\engine\actor.c.obj
Matrix4_getTransform                              CMakeFiles\ddd.dir\engine\3dmath.c.obj
Matrix4_multiply                                  CMakeFiles\ddd.dir\engine\3dmath.c.obj
PTR_Camera_worldToScreenPos                       CMakeFiles\ddd.dir\engine\camera.c.obj
                                                  CMakeFiles\ddd.dir\engine\render.c.obj
PTR_Matrix3_apply                                 CMakeFiles\ddd.dir\engine\3dmath.c.obj
                                                  CMakeFiles\ddd.dir\engine\render.c.obj
PTR_Matrix4_apply                                 CMakeFiles\ddd.dir\engine\3dmath.c.obj
                                                  CMakeFiles\ddd.dir\engine\camera.c.obj
Quaternion_LookAt                                 CMakeFiles\ddd.dir\engine\3dmath.c.obj
Quaternion_fromAngleAxis                          CMakeFiles\ddd.dir\engine\3dmath.c.obj
Quaternion_fromVector3                            CMakeFiles\ddd.dir\engine\3dmath.c.obj
                                                  CMakeFiles\ddd.dir\engine\actor.c.obj
Quaternion_normalize                              CMakeFiles\ddd.dir\engine\3dmath.c.obj
SINE_GRADIENT                                     CMakeFiles\ddd.dir\src\main.c.obj
SINE_GRADIENT_OFFSET                              CMakeFiles\ddd.dir\src\main.c.obj
SLANT                                             CMakeFiles\ddd.dir\engine\render.c.obj
Scene_update                                      CMakeFiles\ddd.dir\engine\scene.c.obj
                                                  CMakeFiles\ddd.dir\src\main.c.obj
TICKER_FONT                                       CMakeFiles\ddd.dir\src\main.c.obj
TICKER_SPEED                                      CMakeFiles\ddd.dir\src\main.c.obj
TICK_LASTCRANKREADING                             CMakeFiles\ddd.dir\src\main.c.obj
TIME_SCALE                                        CMakeFiles\ddd.dir\src\main.c.obj
UnderwaterView                                    CMakeFiles\ddd.dir\src\main.c.obj
Vector3_add                                       CMakeFiles\ddd.dir\engine\3dmath.c.obj
                                                  CMakeFiles\ddd.dir\src\main.c.obj
Vector3_applyQuaternion                           CMakeFiles\ddd.dir\engine\3dmath.c.obj
Vector3_cross                                     CMakeFiles\ddd.dir\engine\3dmath.c.obj
Vector3_dot                                       CMakeFiles\ddd.dir\engine\3dmath.c.obj
                                                  CMakeFiles\ddd.dir\engine\render.c.obj
Vector3_fromQuaternion                            CMakeFiles\ddd.dir\engine\3dmath.c.obj
Vector3_getForward                                CMakeFiles\ddd.dir\engine\3dmath.c.obj
                                                  CMakeFiles\ddd.dir\src\main.c.obj
Vector3_getLeft                                   CMakeFiles\ddd.dir\engine\3dmath.c.obj
                                                  CMakeFiles\ddd.dir\src\main.c.obj
Vector3_getUp                                     CMakeFiles\ddd.dir\engine\3dmath.c.obj
                                                  CMakeFiles\ddd.dir\src\main.c.obj
Vector3_length                                    CMakeFiles\ddd.dir\engine\3dmath.c.obj
                                                  CMakeFiles\ddd.dir\engine\render.c.obj
Vector3_lengthSquared                             CMakeFiles\ddd.dir\engine\3dmath.c.obj
                                                  CMakeFiles\ddd.dir\src\main.c.obj
Vector3_lerp                                      CMakeFiles\ddd.dir\engine\3dmath.c.obj
                                                  CMakeFiles\ddd.dir\engine\render.c.obj
                                                  CMakeFiles\ddd.dir\engine\camera.c.obj
Vector3_make                                      CMakeFiles\ddd.dir\engine\symbols.c.obj
                                                  CMakeFiles\ddd.dir\engine\3dmath.c.obj
Vector3_multiply                                  CMakeFiles\ddd.dir\engine\3dmath.c.obj
Vector3_multiplyScalar                            CMakeFiles\ddd.dir\engine\3dmath.c.obj
                                                  CMakeFiles\ddd.dir\src\main.c.obj
Vector3_normalize                                 CMakeFiles\ddd.dir\engine\3dmath.c.obj
                                                  CMakeFiles\ddd.dir\engine\actor.c.obj
                                                  CMakeFiles\ddd.dir\src\main.c.obj
Vector3_subtract                                  CMakeFiles\ddd.dir\engine\3dmath.c.obj
                                                  CMakeFiles\ddd.dir\engine\render.c.obj
                                                  CMakeFiles\ddd.dir\engine\actor.c.obj
                                                  CMakeFiles\ddd.dir\src\main.c.obj
WAVE_RIPPLE_U                                     CMakeFiles\ddd.dir\engine\wave_heightmap.c.obj
                                                  CMakeFiles\ddd.dir\engine\render.c.obj
                                                  CMakeFiles\ddd.dir\src\main.c.obj
WAVE_RIPPLE_V                                     CMakeFiles\ddd.dir\engine\wave_heightmap.c.obj
                                                  CMakeFiles\ddd.dir\engine\render.c.obj
                                                  CMakeFiles\ddd.dir\src\main.c.obj
YPlane_render                                     CMakeFiles\ddd.dir\engine\render.c.obj
                                                  CMakeFiles\ddd.dir\src\main.c.obj
YPlane_renderGrid                                 CMakeFiles\ddd.dir\engine\render.c.obj
__adddf3                                          C:/PROGRA~2/ARMGNU~1/13C7F1~1.2RE/bin/../lib/gcc/arm-none-eabi/13.2.1/thumb/v7e-m+fp/hard\libgcc.a(_arm_addsubdf3.o)
__aeabi_cdcmpeq                                   C:/PROGRA~2/ARMGNU~1/13C7F1~1.2RE/bin/../lib/gcc/arm-none-eabi/13.2.1/thumb/v7e-m+fp/hard\libgcc.a(_arm_cmpdf2.o)
__aeabi_cdcmple                                   C:/PROGRA~2/ARMGNU~1/13C7F1~1.2RE/bin/../lib/gcc/arm-none-eabi/13.2.1/thumb/v7e-m+fp/hard\libgcc.a(_arm_cmpdf2.o)
__aeabi_cdrcmple                                  C:/PROGRA~2/ARMGNU~1/13C7F1~1.2RE/bin/../lib/gcc/arm-none-eabi/13.2.1/thumb/v7e-m+fp/hard\libgcc.a(_arm_cmpdf2.o)
__aeabi_d2f                                       C:/PROGRA~2/ARMGNU~1/13C7F1~1.2RE/bin/../lib/gcc/arm-none-eabi/13.2.1/thumb/v7e-m+fp/hard\libgcc.a(_arm_truncdfsf2.o)
                                                  CMakeFiles\ddd.dir\engine\render.c.obj
                                                  CMakeFiles\ddd.dir\engine\camera.c.obj
                                                  CMakeFiles\ddd.dir\engine\3dmath.c.obj
                                                  CMakeFiles\ddd.dir\src\main.c.obj
__aeabi_d2iz                                      C:/PROGRA~2/ARMGNU~1/13C7F1~1.2RE/bin/../lib/gcc/arm-none-eabi/13.2.1/thumb/v7e-m+fp/hard\libgcc.a(_arm_fixdfsi.o)
                                                  C:/PROGRA~2/ARMGNU~1/13C7F1~1.2RE/bin/../lib/gcc/arm-none-eabi/13.2.1/thumb/v7e-m+fp/hard\libm.a(libm_a-k_rem_pio2.o)
                                                  C:/PROGRA~2/ARMGNU~1/13C7F1~1.2RE/bin/../lib/gcc/arm-none-eabi/13.2.1/thumb/v7e-m+fp/hard\libm.a(libm_a-e_rem_pio2.o)
                                                  C:/PROGRA~2/ARMGNU~1/13C7F1~1.2RE/bin/../lib/gcc/arm-none-eabi/13.2.1/thumb/v7e-m+fp/hard\libm.a(libm_a-k_sin.o)
                                                  C:/PROGRA~2/ARMGNU~1/13C7F1~1.2RE/bin/../lib/gcc/arm-none-eabi/13.2.1/thumb/v7e-m+fp/hard\libm.a(libm_a-k_cos.o)
                                                  CMakeFiles\ddd.dir\src\main.c.obj
__aeabi_dadd                                      C:/PROGRA~2/ARMGNU~1/13C7F1~1.2RE/bin/../lib/gcc/arm-none-eabi/13.2.1/thumb/v7e-m+fp/hard\libgcc.a(_arm_addsubdf3.o)
                                                  C:/PROGRA~2/ARMGNU~1/13C7F1~1.2RE/bin/../lib/gcc/arm-none-eabi/13.2.1/thumb/v7e-m+fp/hard\libm.a(libm_a-s_floor.o)
                                                  C:/PROGRA~2/ARMGNU~1/13C7F1~1.2RE/bin/../lib/gcc/arm-none-eabi/13.2.1/thumb/v7e-m+fp/hard\libm.a(libm_a-s_scalbn.o)
                                                  C:/PROGRA~2/ARMGNU~1/13C7F1~1.2RE/bin/../lib/gcc/arm-none-eabi/13.2.1/thumb/v7e-m+fp/hard\libm.a(libm_a-k_rem_pio2.o)
                                                  C:/PROGRA~2/ARMGNU~1/13C7F1~1.2RE/bin/../lib/gcc/arm-none-eabi/13.2.1/thumb/v7e-m+fp/hard\libm.a(libm_a-e_rem_pio2.o)
                                                  C:/PROGRA~2/ARMGNU~1/13C7F1~1.2RE/bin/../lib/gcc/arm-none-eabi/13.2.1/thumb/v7e-m+fp/hard\libm.a(libm_a-k_sin.o)
                                                  C:/PROGRA~2/ARMGNU~1/13C7F1~1.2RE/bin/../lib/gcc/arm-none-eabi/13.2.1/thumb/v7e-m+fp/hard\libm.a(libm_a-k_cos.o)
                                                  C:/PROGRA~2/ARMGNU~1/13C7F1~1.2RE/bin/../lib/gcc/arm-none-eabi/13.2.1/thumb/v7e-m+fp/hard\libm.a(libm_a-s_ceil.o)
                                                  CMakeFiles\ddd.dir\engine\render.c.obj
                                                  CMakeFiles\ddd.dir\engine\camera.c.obj
                                                  CMakeFiles\ddd.dir\src\main.c.obj
__aeabi_dcmpeq                                    C:/PROGRA~2/ARMGNU~1/13C7F1~1.2RE/bin/../lib/gcc/arm-none-eabi/13.2.1/thumb/v7e-m+fp/hard\libgcc.a(_arm_cmpdf2.o)
                                                  C:/PROGRA~2/ARMGNU~1/13C7F1~1.2RE/bin/../lib/gcc/arm-none-eabi/13.2.1/thumb/v7e-m+fp/hard\libm.a(libm_a-k_rem_pio2.o)
                                                  C:/PROGRA~2/ARMGNU~1/13C7F1~1.2RE/bin/../lib/gcc/arm-none-eabi/13.2.1/thumb/v7e-m+fp/hard\libm.a(libm_a-e_rem_pio2.o)
__aeabi_dcmpge                                    C:/PROGRA~2/ARMGNU~1/13C7F1~1.2RE/bin/../lib/gcc/arm-none-eabi/13.2.1/thumb/v7e-m+fp/hard\libgcc.a(_arm_cmpdf2.o)
                                                  C:/PROGRA~2/ARMGNU~1/13C7F1~1.2RE/bin/../lib/gcc/arm-none-eabi/13.2.1/thumb/v7e-m+fp/hard\libm.a(libm_a-k_rem_pio2.o)
__aeabi_dcmpgt                                    C:/PROGRA~2/ARMGNU~1/13C7F1~1.2RE/bin/../lib/gcc/arm-none-eabi/13.2.1/thumb/v7e-m+fp/hard\libgcc.a(_arm_cmpdf2.o)
                                                  C:/PROGRA~2/ARMGNU~1/13C7F1~1.2RE/bin/../lib/gcc/arm-none-eabi/13.2.1/thumb/v7e-m+fp/hard\libm.a(libm_a-s_floor.o)
                                                  C:/PROGRA~2/ARMGNU~1/13C7F1~1.2RE/bin/../lib/gcc/arm-none-eabi/13.2.1/thumb/v7e-m+fp/hard\libm.a(libm_a-s_ceil.o)
__aeabi_dcmple                                    C:/PROGRA~2/ARMGNU~1/13C7F1~1.2RE/bin/../lib/gcc/arm-none-eabi/13.2.1/thumb/v7e-m+fp/hard\libgcc.a(_arm_cmpdf2.o)
__aeabi_dcmplt                                    C:/PROGRA~2/ARMGNU~1/13C7F1~1.2RE/bin/../lib/gcc/arm-none-eabi/13.2.1/thumb/v7e-m+fp/hard\libgcc.a(_arm_cmpdf2.o)
__aeabi_ddiv                                      C:/PROGRA~2/ARMGNU~1/13C7F1~1.2RE/bin/../lib/gcc/arm-none-eabi/13.2.1/thumb/v7e-m+fp/hard\libgcc.a(_arm_muldivdf3.o)
                                                  CMakeFiles\ddd.dir\engine\render.c.obj
__aeabi_dmul                                      C:/PROGRA~2/ARMGNU~1/13C7F1~1.2RE/bin/../lib/gcc/arm-none-eabi/13.2.1/thumb/v7e-m+fp/hard\libgcc.a(_arm_muldivdf3.o)
                                                  C:/PROGRA~2/ARMGNU~1/13C7F1~1.2RE/bin/../lib/gcc/arm-none-eabi/13.2.1/thumb/v7e-m+fp/hard\libgcc.a(_arm_muldf3.o)
                                                  C:/PROGRA~2/ARMGNU~1/13C7F1~1.2RE/bin/../lib/gcc/arm-none-eabi/13.2.1/thumb/v7e-m+fp/hard\libm.a(libm_a-s_scalbn.o)
                                                  C:/PROGRA~2/ARMGNU~1/13C7F1~1.2RE/bin/../lib/gcc/arm-none-eabi/13.2.1/thumb/v7e-m+fp/hard\libm.a(libm_a-k_rem_pio2.o)
                                                  C:/PROGRA~2/ARMGNU~1/13C7F1~1.2RE/bin/../lib/gcc/arm-none-eabi/13.2.1/thumb/v7e-m+fp/hard\libm.a(libm_a-e_rem_pio2.o)
                                                  C:/PROGRA~2/ARMGNU~1/13C7F1~1.2RE/bin/../lib/gcc/arm-none-eabi/13.2.1/thumb/v7e-m+fp/hard\libm.a(libm_a-k_sin.o)
                                                  C:/PROGRA~2/ARMGNU~1/13C7F1~1.2RE/bin/../lib/gcc/arm-none-eabi/13.2.1/thumb/v7e-m+fp/hard\libm.a(libm_a-k_cos.o)
                                                  CMakeFiles\ddd.dir\engine\render.c.obj
                                                  CMakeFiles\ddd.dir\engine\camera.c.obj
                                                  CMakeFiles\ddd.dir\src\main.c.obj
__aeabi_drsub                                     C:/PROGRA~2/ARMGNU~1/13C7F1~1.2RE/bin/../lib/gcc/arm-none-eabi/13.2.1/thumb/v7e-m+fp/hard\libgcc.a(_arm_addsubdf3.o)
__aeabi_dsub                                      C:/PROGRA~2/ARMGNU~1/13C7F1~1.2RE/bin/../lib/gcc/arm-none-eabi/13.2.1/thumb/v7e-m+fp/hard\libgcc.a(_arm_addsubdf3.o)
                                                  C:/PROGRA~2/ARMGNU~1/13C7F1~1.2RE/bin/../lib/gcc/arm-none-eabi/13.2.1/thumb/v7e-m+fp/hard\libm.a(libm_a-k_rem_pio2.o)
                                                  C:/PROGRA~2/ARMGNU~1/13C7F1~1.2RE/bin/../lib/gcc/arm-none-eabi/13.2.1/thumb/v7e-m+fp/hard\libm.a(libm_a-e_rem_pio2.o)
                                                  C:/PROGRA~2/ARMGNU~1/13C7F1~1.2RE/bin/../lib/gcc/arm-none-eabi/13.2.1/thumb/v7e-m+fp/hard\libm.a(libm_a-k_sin.o)
                                                  C:/PROGRA~2/ARMGNU~1/13C7F1~1.2RE/bin/../lib/gcc/arm-none-eabi/13.2.1/thumb/v7e-m+fp/hard\libm.a(libm_a-k_cos.o)
                                                  C:/PROGRA~2/ARMGNU~1/13C7F1~1.2RE/bin/../lib/gcc/arm-none-eabi/13.2.1/thumb/v7e-m+fp/hard\libm.a(libm_a-s_sin.o)
                                                  C:/PROGRA~2/ARMGNU~1/13C7F1~1.2RE/bin/../lib/gcc/arm-none-eabi/13.2.1/thumb/v7e-m+fp/hard\libm.a(libm_a-s_cos.o)
                                                  CMakeFiles\ddd.dir\engine\3dmath.c.obj
                                                  CMakeFiles\ddd.dir\src\main.c.obj
__aeabi_f2d                                       C:/PROGRA~2/ARMGNU~1/13C7F1~1.2RE/bin/../lib/gcc/arm-none-eabi/13.2.1/thumb/v7e-m+fp/hard\libgcc.a(_arm_addsubdf3.o)
                                                  CMakeFiles\ddd.dir\engine\render.c.obj
                                                  CMakeFiles\ddd.dir\engine\camera.c.obj
                                                  CMakeFiles\ddd.dir\engine\3dmath.c.obj
                                                  CMakeFiles\ddd.dir\src\main.c.obj
__aeabi_i2d                                       C:/PROGRA~2/ARMGNU~1/13C7F1~1.2RE/bin/../lib/gcc/arm-none-eabi/13.2.1/thumb/v7e-m+fp/hard\libgcc.a(_arm_addsubdf3.o)
                                                  C:/PROGRA~2/ARMGNU~1/13C7F1~1.2RE/bin/../lib/gcc/arm-none-eabi/13.2.1/thumb/v7e-m+fp/hard\libm.a(libm_a-k_rem_pio2.o)
                                                  C:/PROGRA~2/ARMGNU~1/13C7F1~1.2RE/bin/../lib/gcc/arm-none-eabi/13.2.1/thumb/v7e-m+fp/hard\libm.a(libm_a-e_rem_pio2.o)
__aeabi_l2d                                       C:/PROGRA~2/ARMGNU~1/13C7F1~1.2RE/bin/../lib/gcc/arm-none-eabi/13.2.1/thumb/v7e-m+fp/hard\libgcc.a(_arm_addsubdf3.o)
__aeabi_ui2d                                      C:/PROGRA~2/ARMGNU~1/13C7F1~1.2RE/bin/../lib/gcc/arm-none-eabi/13.2.1/thumb/v7e-m+fp/hard\libgcc.a(_arm_addsubdf3.o)
__aeabi_ul2d                                      C:/PROGRA~2/ARMGNU~1/13C7F1~1.2RE/bin/../lib/gcc/arm-none-eabi/13.2.1/thumb/v7e-m+fp/hard\libgcc.a(_arm_addsubdf3.o)
__cmpdf2                                          C:/PROGRA~2/ARMGNU~1/13C7F1~1.2RE/bin/../lib/gcc/arm-none-eabi/13.2.1/thumb/v7e-m+fp/hard\libgcc.a(_arm_cmpdf2.o)
__divdf3                                          C:/PROGRA~2/ARMGNU~1/13C7F1~1.2RE/bin/../lib/gcc/arm-none-eabi/13.2.1/thumb/v7e-m+fp/hard\libgcc.a(_arm_muldivdf3.o)
__eqdf2                                           C:/PROGRA~2/ARMGNU~1/13C7F1~1.2RE/bin/../lib/gcc/arm-none-eabi/13.2.1/thumb/v7e-m+fp/hard\libgcc.a(_arm_cmpdf2.o)
__errno                                           C:/PROGRA~2/ARMGNU~1/13C7F1~1.2RE/bin/../lib/gcc/arm-none-eabi/13.2.1/thumb/v7e-m+fp/hard\libc.a(libc_a-errno.o)
                                                  C:/PROGRA~2/ARMGNU~1/13C7F1~1.2RE/bin/../lib/gcc/arm-none-eabi/13.2.1/thumb/v7e-m+fp/hard\libm.a(libm_a-wf_sqrt.o)
                                                  C:/PROGRA~2/ARMGNU~1/13C7F1~1.2RE/bin/../lib/gcc/arm-none-eabi/13.2.1/thumb/v7e-m+fp/hard\libm.a(libm_a-wf_acos.o)
__extendsfdf2                                     C:/PROGRA~2/ARMGNU~1/13C7F1~1.2RE/bin/../lib/gcc/arm-none-eabi/13.2.1/thumb/v7e-m+fp/hard\libgcc.a(_arm_addsubdf3.o)
__fixdfsi                                         C:/PROGRA~2/ARMGNU~1/13C7F1~1.2RE/bin/../lib/gcc/arm-none-eabi/13.2.1/thumb/v7e-m+fp/hard\libgcc.a(_arm_fixdfsi.o)
__floatdidf                                       C:/PROGRA~2/ARMGNU~1/13C7F1~1.2RE/bin/../lib/gcc/arm-none-eabi/13.2.1/thumb/v7e-m+fp/hard\libgcc.a(_arm_addsubdf3.o)
__floatsidf                                       C:/PROGRA~2/ARMGNU~1/13C7F1~1.2RE/bin/../lib/gcc/arm-none-eabi/13.2.1/thumb/v7e-m+fp/hard\libgcc.a(_arm_addsubdf3.o)
__floatundidf                                     C:/PROGRA~2/ARMGNU~1/13C7F1~1.2RE/bin/../lib/gcc/arm-none-eabi/13.2.1/thumb/v7e-m+fp/hard\libgcc.a(_arm_addsubdf3.o)
__floatunsidf                                     C:/PROGRA~2/ARMGNU~1/13C7F1~1.2RE/bin/../lib/gcc/arm-none-eabi/13.2.1/thumb/v7e-m+fp/hard\libgcc.a(_arm_addsubdf3.o)
__fp_lock_all                                     C:/PROGRA~2/ARMGNU~1/13C7F1~1.2RE/bin/../lib/gcc/arm-none-eabi/13.2.1/thumb/v7e-m+fp/hard\libg.a(libc_a-findfp.o)
__fp_unlock_all                                   C:/PROGRA~2/ARMGNU~1/13C7F1~1.2RE/bin/../lib/gcc/arm-none-eabi/13.2.1/thumb/v7e-m+fp/hard\libg.a(libc_a-findfp.o)
__gedf2                                           C:/PROGRA~2/ARMGNU~1/13C7F1~1.2RE/bin/../lib/gcc/arm-none-eabi/13.2.1/thumb/v7e-m+fp/hard\libgcc.a(_arm_cmpdf2.o)
__gtdf2                                           C:/PROGRA~2/ARMGNU~1/13C7F1~1.2RE/bin/../lib/gcc/arm-none-eabi/13.2.1/thumb/v7e-m+fp/hard\libgcc.a(_arm_cmpdf2.o)
__ieee754_acosf                                   C:/PROGRA~2/ARMGNU~1/13C7F1~1.2RE/bin/../lib/gcc/arm-none-eabi/13.2.1/thumb/v7e-m+fp/hard\libm.a(libm_a-ef_acos.o)
                                                  C:/PROGRA~2/ARMGNU~1/13C7F1~1.2RE/bin/../lib/gcc/arm-none-eabi/13.2.1/thumb/v7e-m+fp/hard\libm.a(libm_a-wf_acos.o)
__ieee754_atan2f                                  C:/PROGRA~2/ARMGNU~1/13C7F1~1.2RE/bin/../lib/gcc/arm-none-eabi/13.2.1/thumb/v7e-m+fp/hard\libm.a(libm_a-ef_atan2.o)
                                                  C:/PROGRA~2/ARMGNU~1/13C7F1~1.2RE/bin/../lib/gcc/arm-none-eabi/13.2.1/thumb/v7e-m+fp/hard\libm.a(libm_a-wf_atan2.o)
__ieee754_rem_pio2                                C:/PROGRA~2/ARMGNU~1/13C7F1~1.2RE/bin/../lib/gcc/arm-none-eabi/13.2.1/thumb/v7e-m+fp/hard\libm.a(libm_a-e_rem_pio2.o)
                                                  C:/PROGRA~2/ARMGNU~1/13C7F1~1.2RE/bin/../lib/gcc/arm-none-eabi/13.2.1/thumb/v7e-m+fp/hard\libm.a(libm_a-s_sin.o)
                                                  C:/PROGRA~2/ARMGNU~1/13C7F1~1.2RE/bin/../lib/gcc/arm-none-eabi/13.2.1/thumb/v7e-m+fp/hard\libm.a(libm_a-s_cos.o)
__ieee754_rem_pio2f                               C:/PROGRA~2/ARMGNU~1/13C7F1~1.2RE/bin/../lib/gcc/arm-none-eabi/13.2.1/thumb/v7e-m+fp/hard\libm.a(libm_a-ef_rem_pio2.o)
                                                  C:/PROGRA~2/ARMGNU~1/13C7F1~1.2RE/bin/../lib/gcc/arm-none-eabi/13.2.1/thumb/v7e-m+fp/hard\libm.a(libm_a-sf_tan.o)
                                                  C:/PROGRA~2/ARMGNU~1/13C7F1~1.2RE/bin/../lib/gcc/arm-none-eabi/13.2.1/thumb/v7e-m+fp/hard\libm.a(libm_a-sf_sin.o)
                                                  C:/PROGRA~2/ARMGNU~1/13C7F1~1.2RE/bin/../lib/gcc/arm-none-eabi/13.2.1/thumb/v7e-m+fp/hard\libm.a(libm_a-sf_cos.o)
__ieee754_sqrtf                                   C:/PROGRA~2/ARMGNU~1/13C7F1~1.2RE/bin/../lib/gcc/arm-none-eabi/13.2.1/thumb/v7e-m+fp/hard\libm.a(libm_a-ef_sqrt.o)
                                                  C:/PROGRA~2/ARMGNU~1/13C7F1~1.2RE/bin/../lib/gcc/arm-none-eabi/13.2.1/thumb/v7e-m+fp/hard\libm.a(libm_a-ef_acos.o)
                                                  C:/PROGRA~2/ARMGNU~1/13C7F1~1.2RE/bin/../lib/gcc/arm-none-eabi/13.2.1/thumb/v7e-m+fp/hard\libm.a(libm_a-wf_sqrt.o)
__itoa                                            C:/PROGRA~2/ARMGNU~1/13C7F1~1.2RE/bin/../lib/gcc/arm-none-eabi/13.2.1/thumb/v7e-m+fp/hard\libg.a(libc_a-itoa.o)
__kernel_cos                                      C:/PROGRA~2/ARMGNU~1/13C7F1~1.2RE/bin/../lib/gcc/arm-none-eabi/13.2.1/thumb/v7e-m+fp/hard\libm.a(libm_a-k_cos.o)
                                                  C:/PROGRA~2/ARMGNU~1/13C7F1~1.2RE/bin/../lib/gcc/arm-none-eabi/13.2.1/thumb/v7e-m+fp/hard\libm.a(libm_a-s_sin.o)
                                                  C:/PROGRA~2/ARMGNU~1/13C7F1~1.2RE/bin/../lib/gcc/arm-none-eabi/13.2.1/thumb/v7e-m+fp/hard\libm.a(libm_a-s_cos.o)
__kernel_cosf                                     C:/PROGRA~2/ARMGNU~1/13C7F1~1.2RE/bin/../lib/gcc/arm-none-eabi/13.2.1/thumb/v7e-m+fp/hard\libm.a(libm_a-kf_cos.o)
                                                  C:/PROGRA~2/ARMGNU~1/13C7F1~1.2RE/bin/../lib/gcc/arm-none-eabi/13.2.1/thumb/v7e-m+fp/hard\libm.a(libm_a-sf_sin.o)
                                                  C:/PROGRA~2/ARMGNU~1/13C7F1~1.2RE/bin/../lib/gcc/arm-none-eabi/13.2.1/thumb/v7e-m+fp/hard\libm.a(libm_a-sf_cos.o)
__kernel_rem_pio2                                 C:/PROGRA~2/ARMGNU~1/13C7F1~1.2RE/bin/../lib/gcc/arm-none-eabi/13.2.1/thumb/v7e-m+fp/hard\libm.a(libm_a-k_rem_pio2.o)
                                                  C:/PROGRA~2/ARMGNU~1/13C7F1~1.2RE/bin/../lib/gcc/arm-none-eabi/13.2.1/thumb/v7e-m+fp/hard\libm.a(libm_a-e_rem_pio2.o)
__kernel_rem_pio2f                                C:/PROGRA~2/ARMGNU~1/13C7F1~1.2RE/bin/../lib/gcc/arm-none-eabi/13.2.1/thumb/v7e-m+fp/hard\libm.a(libm_a-kf_rem_pio2.o)
                                                  C:/PROGRA~2/ARMGNU~1/13C7F1~1.2RE/bin/../lib/gcc/arm-none-eabi/13.2.1/thumb/v7e-m+fp/hard\libm.a(libm_a-ef_rem_pio2.o)
__kernel_sin                                      C:/PROGRA~2/ARMGNU~1/13C7F1~1.2RE/bin/../lib/gcc/arm-none-eabi/13.2.1/thumb/v7e-m+fp/hard\libm.a(libm_a-k_sin.o)
                                                  C:/PROGRA~2/ARMGNU~1/13C7F1~1.2RE/bin/../lib/gcc/arm-none-eabi/13.2.1/thumb/v7e-m+fp/hard\libm.a(libm_a-s_sin.o)
                                                  C:/PROGRA~2/ARMGNU~1/13C7F1~1.2RE/bin/../lib/gcc/arm-none-eabi/13.2.1/thumb/v7e-m+fp/hard\libm.a(libm_a-s_cos.o)
__kernel_sinf                                     C:/PROGRA~2/ARMGNU~1/13C7F1~1.2RE/bin/../lib/gcc/arm-none-eabi/13.2.1/thumb/v7e-m+fp/hard\libm.a(libm_a-kf_sin.o)
                                                  C:/PROGRA~2/ARMGNU~1/13C7F1~1.2RE/bin/../lib/gcc/arm-none-eabi/13.2.1/thumb/v7e-m+fp/hard\libm.a(libm_a-sf_sin.o)
                                                  C:/PROGRA~2/ARMGNU~1/13C7F1~1.2RE/bin/../lib/gcc/arm-none-eabi/13.2.1/thumb/v7e-m+fp/hard\libm.a(libm_a-sf_cos.o)
__kernel_tanf                                     C:/PROGRA~2/ARMGNU~1/13C7F1~1.2RE/bin/../lib/gcc/arm-none-eabi/13.2.1/thumb/v7e-m+fp/hard\libm.a(libm_a-kf_tan.o)
                                                  C:/PROGRA~2/ARMGNU~1/13C7F1~1.2RE/bin/../lib/gcc/arm-none-eabi/13.2.1/thumb/v7e-m+fp/hard\libm.a(libm_a-sf_tan.o)
__ledf2                                           C:/PROGRA~2/ARMGNU~1/13C7F1~1.2RE/bin/../lib/gcc/arm-none-eabi/13.2.1/thumb/v7e-m+fp/hard\libgcc.a(_arm_cmpdf2.o)