Archive member included to satisfy reference by file (symbol)

C:/PROGRA~2/ARMGNU~1/13C7F1~1.2RE/bin/../lib/gcc/arm-none-eabi/13.2.1/thumb/v7e-m+fp/hard\libgcc.a(_arm_addsubdf3.o)
                              CMakeFiles\ddd.dir\src\main.c.obj (__aeabi_dsub)
C:/PROGRA~2/ARMGNU~1/13C7F1~1.2RE/bin/../lib/gcc/arm-none-eabi/13.2.1/thumb/v7e-m+fp/hard\libgcc.a(_arm_fixdfsi.o)
                              CMakeFiles\ddd.dir\src\main.c.obj (__aeabi_d2iz)
C:/PROGRA~2/ARMGNU~1/13C7F1~1.2RE/bin/../lib/gcc/arm-none-eabi/13.2.1/thumb/v7e-m+fp/hard\libgcc.a(_arm_truncdfsf2.o)
                              CMakeFiles\ddd.dir\src\main.c.obj (__aeabi_d2f)
C:/PROGRA~2/ARMGNU~1/13C7F1~1.2RE/bin/../lib/gcc/arm-none-eabi/13.2.1/thumb/v7e-m+fp/hard\libg.a(libc_a-itoa.o)
                              CMakeFiles\ddd.dir\src\main.c.obj (itoa)
C:/PROGRA~2/ARMGNU~1/13C7F1~1.2RE/bin/../lib/gcc/arm-none-eabi/13.2.1/thumb/v7e-m+fp/hard\libg.a(libc_a-malloc.o)
                              CMakeFiles\ddd.dir\src\main.c.obj (malloc)
C:/PROGRA~2/ARMGNU~1/133167~1.3RE/bin/../lib/gcc/arm-none-eabi/13.3.1/thumb/v7e-m+fp/hard\libg.a(libc_a-rand.o)
                              CMakeFiles\ddd.dir\src\main.c.obj (rand)
C:/PROGRA~2/ARMGNU~1/133167~1.3RE/bin/../lib/gcc/arm-none-eabi/13.3.1/thumb/v7e-m+fp/hard\libg.a(libc_a-utoa.o)
                              C:/PROGRA~2/ARMGNU~1/133167~1.3RE/bin/../lib/gcc/arm-none-eabi/13.3.1/thumb/v7e-m+fp/hard\libg.a(libc_a-itoa.o) (__utoa)
C:/PROGRA~2/ARMGNU~1/133167~1.3RE/bin/../lib/gcc/arm-none-eabi/13.3.1/thumb/v7e-m+fp/hard\libg.a(libc_a-qsort.o)
                              CMakeFiles\ddd.dir\engine\render.c.obj (qsort)
C:/PROGRA~2/ARMGNU~1/13C7F1~1.2RE/bin/../lib/gcc/arm-none-eabi/13.2.1/thumb/v7e-m+fp/hard\libg.a(libc_a-memmove.o)
                              CMakeFiles\ddd.dir\src\main.c.obj (memmove)
C:/PROGRA~2/ARMGNU~1/13C7F1~1.2RE/bin/../lib/gcc/arm-none-eabi/13.2.1/thumb/v7e-m+fp/hard\libg.a(libc_a-memset.o)
                              CMakeFiles\ddd.dir\engine\3dmath.c.obj (memset)
C:/PROGRA~2/ARMGNU~1/13C7F1~1.2RE/bin/../lib/gcc/arm-none-eabi/13.2.1/thumb/v7e-m+fp/hard\libg.a(libc_a-stpcpy.o)
                              CMakeFiles\ddd.dir\src\main.c.obj (stpcpy)
C:/PROGRA~2/ARMGNU~1/13C7F1~1.2RE/bin/../lib/gcc/arm-none-eabi/13.2.1/thumb/v7e-m+fp/hard\libg.a(libc_a-impure.o)
                              C:/PROGRA~2/ARMGNU~1/13C7F1~1.2RE/bin/../lib/gcc/arm-none-eabi/13.2.1/thumb/v7e-m+fp/hard\libg.a(libc_a-malloc.o) (_impure_ptr)
C:/PROGRA~2/ARMGNU~1/13C7F1~1.2RE/bin/../lib/gcc/arm-none-eabi/13.2.1/thumb/v7e-m+fp/hard\libg.a(libc_a-strcpy.o)
                              CMakeFiles\ddd.dir\src\main.c.obj (strcpy)
C:/PROGRA~2/ARMGNU~1/13C7F1~1.2RE/bin/../lib/gcc/arm-none-eabi/13.2.1/thumb/v7e-m+fp/hard\libg.a(libc_a-strlen.o)
                              CMakeFiles\ddd.dir\src\main.c.obj (strlen)
C:/PROGRA~2/ARMGNU~1/13C7F1~1.2RE/bin/../lib/gcc/arm-none-eabi/13.2.1/thumb/v7e-m+fp/hard\libg.a(libc_a-findfp.o)
                              C:/PROGRA~2/ARMGNU~1/13C7F1~1.2RE/bin/../lib/gcc/arm-none-eabi/13.2.1/thumb/v7e-m+fp/hard\libg.a(libc_a-impure.o) (__sf)
C:/PROGRA~2/ARMGNU~1/13C7F1~1.2RE/bin/../lib/gcc/arm-none-eabi/13.2.1/thumb/v7e-m+fp/hard\libg.a(libc_a-fwalk.o)
                              C:/PROGRA~2/ARMGNU~1/13C7F1~1.2RE/bin/../lib/gcc/arm-none-eabi/13.2.1/thumb/v7e-m+fp/hard\libg.a(libc_a-findfp.o) (_fwalk_sglue)
C:/PROGRA~2/ARMGNU~1/13C7F1~1.2RE/bin/../lib/gcc/arm-none-eabi/13.2.1/thumb/v7e-m+fp/hard\libg.a(libc_a-stdio.o)
                              C:/PROGRA~2/ARMGNU~1/13C7F1~1.2RE/bin/../lib/gcc/arm-none-eabi/13.2.1/thumb/v7e-m+fp/hard\libg.a(libc_a-findfp.o) (__sread)
C:/PROGRA~2/ARMGNU~1/13C7F1~1.2RE/bin/../lib/gcc/arm-none-eabi/13.2.1/thumb/v7e-m+fp/hard\libg.a(libc_a-closer.o)
                              C:/PROGRA~2/ARMGNU~1/13C7F1~1.2RE/bin/../lib/gcc/arm-none-eabi/13.2.1/thumb/v7e-m+fp/hard\libg.a(libc_a-stdio.o) (_close_r)
C:/PROGRA~2/ARMGNU~1/13C7F1~1.2RE/bin/../lib/gcc/arm-none-eabi/13.2.1/thumb/v7e-m+fp/hard\libg.a(libc_a-reent.o)
                              C:/PROGRA~2/ARMGNU~1/13C7F1~1.2RE/bin/../lib/gcc/arm-none-eabi/13.2.1/thumb/v7e-m+fp/hard\libg.a(libc_a-closer.o) (errno)
C:/PROGRA~2/ARMGNU~1/13C7F1~1.2RE/bin/../lib/gcc/arm-none-eabi/13.2.1/thumb/v7e-m+fp/hard\libg.a(libc_a-lseekr.o)
                              C:/PROGRA~2/ARMGNU~1/13C7F1~1.2RE/bin/../lib/gcc/arm-none-eabi/13.2.1/thumb/v7e-m+fp/hard\libg.a(libc_a-stdio.o) (_lseek_r)
C:/PROGRA~2/ARMGNU~1/13C7F1~1.2RE/bin/../lib/gcc/arm-none-eabi/13.2.1/thumb/v7e-m+fp/hard\libg.a(libc_a-readr.o)
                              C:/PROGRA~2/ARMGNU~1/13C7F1~1.2RE/bin/../lib/gcc/arm-none-eabi/13.2.1/thumb/v7e-m+fp/hard\libg.a(libc_a-stdio.o) (_read_r)
C:/PROGRA~2/ARMGNU~1/13C7F1~1.2RE/bin/../lib/gcc/arm-none-eabi/13.2.1/thumb/v7e-m+fp/hard\libg.a(libc_a-writer.o)
[...]
Memory Configuration

Name             Origin             Length             Attributes
*default*        0x00000000         0xffffffff

Linker script and memory map

LOAD CMakeFiles\ddd.dir\src\main.c.obj
LOAD CMakeFiles\ddd.dir\engine\3dmath.c.obj
LOAD CMakeFiles\ddd.dir\engine\actor.c.obj
LOAD CMakeFiles\ddd.dir\engine\camera.c.obj
LOAD CMakeFiles\ddd.dir\engine\fsm.c.obj
LOAD CMakeFiles\ddd.dir\engine\quaternion.c.obj
LOAD CMakeFiles\ddd.dir\engine\render.c.obj
LOAD CMakeFiles\ddd.dir\engine\scene.c.obj
LOAD CMakeFiles\ddd.dir\engine\symbols.c.obj
LOAD CMakeFiles\ddd.dir\C_\Users\shrin\Documents\PlaydateSDK\C_API\buildsupport\setup.c.obj
START GROUP
LOAD C:/PROGRA~2/ARMGNU~1/13C7F1~1.2RE/bin/../lib/gcc/arm-none-eabi/13.2.1/thumb/v7e-m+fp/hard\libgcc.a
LOAD C:/PROGRA~2/ARMGNU~1/13C7F1~1.2RE/bin/../lib/gcc/arm-none-eabi/13.2.1/thumb/v7e-m+fp/hard\libg.a
LOAD C:/PROGRA~2/ARMGNU~1/13C7F1~1.2RE/bin/../lib/gcc/arm-none-eabi/13.2.1/thumb/v7e-m+fp/hard\libc.a
END GROUP
START GROUP
LOAD C:/PROGRA~2/ARMGNU~1/13C7F1~1.2RE/bin/../lib/gcc/arm-none-eabi/13.2.1/thumb/v7e-m+fp/hard\libgcc.a
LOAD C:/PROGRA~2/ARMGNU~1/13C7F1~1.2RE/bin/../lib/gcc/arm-none-eabi/13.2.1/thumb/v7e-m+fp/hard\libc.a
LOAD C:/PROGRA~2/ARMGNU~1/13C7F1~1.2RE/bin/../lib/gcc/arm-none-eabi/13.2.1/thumb/v7e-m+fp/hard\libm.a
END GROUP

.text           0x00000000     0x613c
 *(.text)
 .text          0x00000000      0x378 C:/PROGRA~2/ARMGNU~1/13C7F1~1.2RE/bin/../lib/gcc/arm-none-eabi/13.2.1/thumb/v7e-m+fp/hard\libgcc.a(_arm_addsubdf3.o)
                0x00000000                __aeabi_drsub
                0x00000008                __aeabi_dsub
                0x00000008                __subdf3
                0x0000000c                __aeabi_dadd
                0x0000000c                __adddf3
                0x00000284                __floatunsidf
                0x00000284                __aeabi_ui2d
                0x000002a4                __floatsidf
                0x000002a4                __aeabi_i2d
                0x000002c8                __aeabi_f2d
                0x000002c8                __extendsfdf2
                0x0000030c                __floatundidf
                0x0000030c                __aeabi_ul2d
                0x0000031c                __floatdidf
                0x0000031c                __aeabi_l2d
 .text          0x00000378       0x50 C:/PROGRA~2/ARMGNU~1/13C7F1~1.2RE/bin/../lib/gcc/arm-none-eabi/13.2.1/thumb/v7e-m+fp/hard\libgcc.a(_arm_fixdfsi.o)
                0x00000378                __aeabi_d2iz
                0x00000378                __fixdfsi
 .text          0x000003c8       0xa0 C:/PROGRA~2/ARMGNU~1/13C7F1~1.2RE/bin/../lib/gcc/arm-none-eabi/13.2.1/thumb/v7e-m+fp/hard\libgcc.a(_arm_truncdfsf2.o)
                0x000003c8                __truncdfsf2
                0x000003c8                __aeabi_d2f
 *fill*         0x00000468       0x18 
 .text          0x00000480       0xd8 C:/PROGRA~2/ARMGNU~1/13C7F1~1.2RE/bin/../lib/gcc/arm-none-eabi/13.2.1/thumb/v7e-m+fp/hard\libg.a(libc_a-strlen.o)
                0x00000480                strlen
 .text          0x00000558      0x110 C:/PROGRA~2/ARMGNU~1/13C7F1~1.2RE/bin/../lib/gcc/arm-none-eabi/13.2.1/thumb/v7e-m+fp/hard\libgcc.a(_arm_cmpdf2.o)
                0x00000558                __gtdf2
                0x00000558                __gedf2
                0x00000560                __ltdf2
                0x00000560                __ledf2
                0x00000568                __nedf2
                0x00000568                __eqdf2
                0x00000568                __cmpdf2
                0x000005e4                __aeabi_cdrcmple
                0x000005f4                __aeabi_cdcmpeq
                0x000005f4                __aeabi_cdcmple
                0x00000604                __aeabi_dcmpeq
                0x00000618                __aeabi_dcmplt
                0x0000062c                __aeabi_dcmple
                0x00000640                __aeabi_dcmpge
                0x00000654                __aeabi_dcmpgt
 *(.text.*)
 *fill*         0x00000668        0x8 
 .text.lte      0x00000670       0x20 CMakeFiles\ddd.dir\src\main.c.obj
                0x00000670                lte
 .text.gte      0x00000690       0x1c CMakeFiles\ddd.dir\src\main.c.obj
                0x00000690                gte
 *fill*         0x000006ac        0x4 
 .text.lure_update_descend
                0x000006b0       0x30 CMakeFiles\ddd.dir\src\main.c.obj
                0x000006b0                lure_update_descend
 .text.lure_move_ascend
                0x000006e0       0x3c CMakeFiles\ddd.dir\src\main.c.obj
                0x000006e0                lure_move_ascend
 *fill*         0x0000071c        0x4 
 .text.pattern_fit_default
                0x00000720      0x1e8 CMakeFiles\ddd.dir\src\main.c.obj
                0x00000720                pattern_fit_default
 *fill*         0x00000908        0x8 
 .text.fsm_fishing_cast_to_reeling
                0x00000910       0xa0 CMakeFiles\ddd.dir\src\main.c.obj
                0x00000910                fsm_fishing_cast_to_reeling
 .text.fsm_fishing_reeling_to_cast
                0x000009b0       0x44 CMakeFiles\ddd.dir\src\main.c.obj
                0x000009b0                fsm_fishing_reeling_to_cast
 *fill*         0x000009f4        0xc 
 .text.fsm_fishing_init
                0x00000a00       0x1c CMakeFiles\ddd.dir\src\main.c.obj
                0x00000a00                fsm_fishing_init
 *fill*         0x00000a1c        0x4 
 .text.underwater_update
                0x00000a20        0x4 CMakeFiles\ddd.dir\src\main.c.obj
                0x00000a20                underwater_update
 *fill*         0x00000a24        0xc 
 .text.fish_update
                0x00000a30       0x78 CMakeFiles\ddd.dir\src\main.c.obj
                0x00000a30                fish_update
 *fill*         0x00000aa8        0x8 
 .text.lake_update
                0x00000ab0      0x134 CMakeFiles\ddd.dir\src\main.c.obj
                0x00000ab0                lake_update
 *fill*         0x00000be4        0xc 
 .text.underwater_camera_update
                0x00000bf0       0xb4 CMakeFiles\ddd.dir\src\main.c.obj
                0x00000bf0                underwater_camera_update
 *fill*         0x00000ca4        0xc 
 .text.lake_draw
                0x00000cb0       0x1c CMakeFiles\ddd.dir\src\main.c.obj
                0x00000cb0                lake_draw
 *fill*         0x00000ccc        0x4 
 .text.fsm_fishing_update
                0x00000cd0       0x14 CMakeFiles\ddd.dir\src\main.c.obj
                0x00000cd0                fsm_fishing_update
 *fill*         0x00000ce4        0xc 
 .text.underwater_draw
                0x00000cf0        0x4 CMakeFiles\ddd.dir\src\main.c.obj
                0x00000cf0                underwater_draw
 *fill*         0x00000cf4        0xc 
 .text.fish_vertShader
                0x00000d00       0x60 CMakeFiles\ddd.dir\src\main.c.obj
                0x00000d00                fish_vertShader
 .text.playdate_getCrankTicks
                0x00000d60       0xd4 CMakeFiles\ddd.dir\src\main.c.obj
                0x00000d60                playdate_getCrankTicks
 *fill*         0x00000e34        0xc 
 .text.lure_update
                0x00000e40      0x140 CMakeFiles\ddd.dir\src\main.c.obj
                0x00000e40                lure_update
 .text.ticker_add
                0x00000f80       0xc0 CMakeFiles\ddd.dir\src\main.c.obj
                0x00000f80                ticker_add
 .text.fishing_scene_init
                0x00001040      0x1b4 CMakeFiles\ddd.dir\src\main.c.obj
                0x00001040                fishing_scene_init
 *fill*         0x000011f4        0xc 
 .text.ticker_clear_first
                0x00001200      0x164 CMakeFiles\ddd.dir\src\main.c.obj
                0x00001200                ticker_clear_first
 *fill*         0x00001364        0xc 
 .text.ui_news_ticker
                0x00001370       0xdc CMakeFiles\ddd.dir\src\main.c.obj
                0x00001370                ui_news_ticker
 *fill*         0x0000144c        0x4 
 .text.ui_fish_name
                0x00001450       0x7c CMakeFiles\ddd.dir\src\main.c.obj
                0x00001450                ui_fish_name
 *fill*         0x000014cc        0x4 
 .text.ui_depth
                0x000014d0      0x210 CMakeFiles\ddd.dir\src\main.c.obj
                0x000014d0                ui_depth
 .text.ui_yards
                0x000016e0      0x144 CMakeFiles\ddd.dir\src\main.c.obj
                0x000016e0                ui_yards
 *fill*         0x00001824        0xc 
 .text.ui_tension
                0x00001830      0x264 CMakeFiles\ddd.dir\src\main.c.obj
                0x00001830                ui_tension
 *fill*         0x00001a94        0xc 
 .text.lake_postdraw
                0x00001aa0       0x28 CMakeFiles\ddd.dir\src\main.c.obj
                0x00001aa0                lake_postdraw
 *fill*         0x00001ac8        0x8 
 .text.underwater_postdraw
                0x00001ad0       0x34 CMakeFiles\ddd.dir\src\main.c.obj
                0x00001ad0                underwater_postdraw
 *fill*         0x00001b04        0xc 
 .text.shift_crank_buffer
                0x00001b10      0x108 CMakeFiles\ddd.dir\src\main.c.obj
                0x00001b10                shift_crank_buffer
 *fill*         0x00001c18        0x8 
 .text.fishing_scene_update
                0x00001c20      0x228 CMakeFiles\ddd.dir\src\main.c.obj
                0x00001c20                fishing_scene_update
 *fill*         0x00001e48        0x8 
 .text.camera_init
                0x00001e50       0xbc CMakeFiles\ddd.dir\src\main.c.obj
                0x00001e50                camera_init
 *fill*         0x00001f0c        0x4 
 .text.eventHandler
                0x00001f10      0x174 CMakeFiles\ddd.dir\src\main.c.obj
                0x00001f10                eventHandler
 *fill*         0x00002084        0xc 
 .text.camera_update
                0x00002090       0xe0 CMakeFiles\ddd.dir\src\main.c.obj
                0x00002090                camera_update
 .text.update   0x00002170      0x140 CMakeFiles\ddd.dir\src\main.c.obj
 .text.Vector3_dot
                0x000022b0       0x18 CMakeFiles\ddd.dir\engine\3dmath.c.obj
                0x000022b0                Vector3_dot
 *fill*         0x000022c8        0x8 
 .text.Vector3_lengthSquared
                0x000022d0       0x1c CMakeFiles\ddd.dir\engine\3dmath.c.obj
                0x000022d0                Vector3_lengthSquared
 *fill*         0x000022ec        0x4 
 .text.Vector3_length
                0x000022f0       0x20 CMakeFiles\ddd.dir\engine\3dmath.c.obj
                0x000022f0                Vector3_length
 .text.Vector3_subtract
                0x00002310       0x2c CMakeFiles\ddd.dir\engine\3dmath.c.obj
                0x00002310                Vector3_subtract
 *fill*         0x0000233c        0x4 
 .text.Vector3_multiplyScalar
                0x00002340       0x20 CMakeFiles\ddd.dir\engine\3dmath.c.obj
                0x00002340                Vector3_multiplyScalar
 .text.Vector3_normalize
                0x00002360       0x24 CMakeFiles\ddd.dir\engine\3dmath.c.obj
                0x00002360                Vector3_normalize
 *fill*         0x00002384        0xc 
 .text.pnormal  0x00002390       0x78 CMakeFiles\ddd.dir\engine\3dmath.c.obj
                0x00002390                pnormal
 *fill*         0x00002408        0x8 
 .text.Vector3_lerp
                0x00002410       0x68 CMakeFiles\ddd.dir\engine\3dmath.c.obj
                0x00002410                Vector3_lerp
 *fill*         0x00002478        0x8 
 .text.Matrix3_multiply
                0x00002480      0x158 CMakeFiles\ddd.dir\engine\3dmath.c.obj
                0x00002480                Matrix3_multiply
 *fill*         0x000025d8        0x8 
 .text.Matrix3_apply
                0x000025e0       0x74 CMakeFiles\ddd.dir\engine\3dmath.c.obj
                0x000025e0                Matrix3_apply
 *fill*         0x00002654        0xc 
 .text.PTR_Matrix3_apply
                0x00002660       0x7c CMakeFiles\ddd.dir\engine\3dmath.c.obj
                0x00002660                PTR_Matrix3_apply
 *fill*         0x000026dc        0x4 
 .text.Matrix3_getRotationX
                0x000026e0       0x4c CMakeFiles\ddd.dir\engine\3dmath.c.obj
                0x000026e0                Matrix3_getRotationX
 *fill*         0x0000272c        0x4 
 .text.Matrix3_getRotationY
                0x00002730       0x4c CMakeFiles\ddd.dir\engine\3dmath.c.obj
                0x00002730                Matrix3_getRotationY
 *fill*         0x0000277c        0x4 
 .text.Matrix3_getRotationZ
                0x00002780       0x50 CMakeFiles\ddd.dir\engine\3dmath.c.obj
                0x00002780                Matrix3_getRotationZ
 .text.Matrix3_lookAt
                0x000027d0       0xd0 CMakeFiles\ddd.dir\engine\3dmath.c.obj
                0x000027d0                Matrix3_lookAt
 .text.Matrix4_getQuaternionTransform
                0x000028a0       0xf0 CMakeFiles\ddd.dir\engine\3dmath.c.obj
                0x000028a0                Matrix4_getQuaternionTransform
 .text.Matrix4_getMatrixTransform
                0x00002990       0x9c CMakeFiles\ddd.dir\engine\3dmath.c.obj
                0x00002990                Matrix4_getMatrixTransform
 *fill*         0x00002a2c        0x4 
 .text.Matrix4_apply
                0x00002a30       0xac CMakeFiles\ddd.dir\engine\3dmath.c.obj
                0x00002a30                Matrix4_apply
 *fill*         0x00002adc        0x4 
 .text.PTR_Matrix4_apply
                0x00002ae0       0xb4 CMakeFiles\ddd.dir\engine\3dmath.c.obj
                0x00002ae0                PTR_Matrix4_apply
 *fill*         0x00002b94        0xc 
 .text.Quaternion_fromVector3
                0x00002ba0       0xe0 CMakeFiles\ddd.dir\engine\3dmath.c.obj
                0x00002ba0                Quaternion_fromVector3
 .text.Actor_updateTransform
                0x00002c80      0x118 CMakeFiles\ddd.dir\engine\actor.c.obj
                0x00002c80                Actor_updateTransform
 *fill*         0x00002d98        0x8 
 .text.Camera_getProjectionMatrix
                0x00002da0       0x6c CMakeFiles\ddd.dir\engine\camera.c.obj
                0x00002da0                Camera_getProjectionMatrix
 *fill*         0x00002e0c        0x4 
 .text.Camera_worldToScreenPos
                0x00002e10       0x38 CMakeFiles\ddd.dir\engine\camera.c.obj
                0x00002e10                Camera_worldToScreenPos
 *fill*         0x00002e48        0x8 
 .text.PTR_Camera_worldToScreenPos
                0x00002e50       0x4c CMakeFiles\ddd.dir\engine\camera.c.obj
                0x00002e50                PTR_Camera_worldToScreenPos
 *fill*         0x00002e9c        0x4 
 .text.Camera_getRotationMatrix
                0x00002ea0       0xcc CMakeFiles\ddd.dir\engine\camera.c.obj
                0x00002ea0                Camera_getRotationMatrix
 *fill*         0x00002f6c        0x4 
 .text.LookTarget_setTarget
                0x00002f70       0x24 CMakeFiles\ddd.dir\engine\camera.c.obj
                0x00002f70                LookTarget_setTarget
 *fill*         0x00002f94        0xc 
 .text.LookTarget_tick
                0x00002fa0       0x90 CMakeFiles\ddd.dir\engine\camera.c.obj
                0x00002fa0                LookTarget_tick
 .text.fsm_set_state
                0x00003030       0x20 CMakeFiles\ddd.dir\engine\fsm.c.obj
                0x00003030                fsm_set_state
 .text.compare_zdepth
                0x00003050       0x18 CMakeFiles\ddd.dir\engine\render.c.obj
                0x00003050                compare_zdepth
 *fill*         0x00003068        0x8 
 .text.Line_worldDraw
                0x00003070      0x128 CMakeFiles\ddd.dir\engine\render.c.obj
                0x00003070                Line_worldDraw
 *fill*         0x00003198        0x8 
 .text.YPlane_render
                0x000031a0       0xf0 CMakeFiles\ddd.dir\engine\render.c.obj
                0x000031a0                YPlane_render
 .text.sortTri  0x00003290       0x78 CMakeFiles\ddd.dir\engine\render.c.obj
                0x00003290                sortTri
 *fill*         0x00003308        0x8 
 .text.api_drawFragment
                0x00003310       0xf4 CMakeFiles\ddd.dir\engine\render.c.obj
                0x00003310                api_drawFragment
 *fill*         0x00003404        0xc 
 .text.api_fillRange
                0x00003410       0xb0 CMakeFiles\ddd.dir\engine\render.c.obj
                0x00003410                api_fillRange
 .text.api_fillTriangle
                0x000034c0      0x210 CMakeFiles\ddd.dir\engine\render.c.obj
                0x000034c0                api_fillTriangle
 .text.Actor_drawMesh
                0x000036d0      0x500 CMakeFiles\ddd.dir\engine\render.c.obj
                0x000036d0                Actor_drawMesh
 .text.Scene_update
                0x00003bd0       0xa0 CMakeFiles\ddd.dir\engine\scene.c.obj
                0x00003bd0                Scene_update
 .text.Vector3_make
                0x00003c70        0x8 CMakeFiles\ddd.dir\engine\symbols.c.obj
                0x00003c70                Vector3_make
 *fill*         0x00003c78        0x8 
 .text.eventHandlerShim
                0x00003c80       0x1c CMakeFiles\ddd.dir\C_\Users\shrin\Documents\PlaydateSDK\C_API\buildsupport\setup.c.obj
                0x00003c80                eventHandlerShim
 *fill*         0x00003c9c        0x4 
 .text._malloc_r
                0x00003ca0        0xc CMakeFiles\ddd.dir\C_\Users\shrin\Documents\PlaydateSDK\C_API\buildsupport\setup.c.obj
                0x00003ca0                _malloc_r
 .text.itoa     0x00003cac       0x2c C:/PROGRA~2/ARMGNU~1/133167~1.3RE/bin/../lib/gcc/arm-none-eabi/13.3.1/thumb/v7e-m+fp/hard\libg.a(libc_a-itoa.o)
                0x00003cac                itoa
 .text.malloc   0x00003cd8       0x10 C:/PROGRA~2/ARMGNU~1/133167~1.3RE/bin/../lib/gcc/arm-none-eabi/13.3.1/thumb/v7e-m+fp/hard\libg.a(libc_a-malloc.o)
                0x00003cd8                malloc
 .text.rand     0x00003ce8       0x40 C:/PROGRA~2/ARMGNU~1/133167~1.3RE/bin/../lib/gcc/arm-none-eabi/13.3.1/thumb/v7e-m+fp/hard\libg.a(libc_a-rand.o)
                0x00003ce8                rand
 .text.__utoa   0x00003d28       0x9c C:/PROGRA~2/ARMGNU~1/133167~1.3RE/bin/../lib/gcc/arm-none-eabi/13.3.1/thumb/v7e-m+fp/hard\libg.a(libc_a-utoa.o)
                0x00003d28                __utoa
 .text.qsort    0x00003dc4      0x628 C:/PROGRA~2/ARMGNU~1/133167~1.3RE/bin/../lib/gcc/arm-none-eabi/13.3.1/thumb/v7e-m+fp/hard\libg.a(libc_a-qsort.o)
                0x00003dc4                qsort
 .text.memmove  0x000043ec      0x100 C:/PROGRA~2/ARMGNU~1/133167~1.3RE/bin/../lib/gcc/arm-none-eabi/13.3.1/thumb/v7e-m+fp/hard\libg.a(libc_a-memmove.o)
                0x000043ec                memmove
 .text.memset   0x000044ec       0xa4 C:/PROGRA~2/ARMGNU~1/133167~1.3RE/bin/../lib/gcc/arm-none-eabi/13.3.1/thumb/v7e-m+fp/hard\libg.a(libc_a-memset.o)
                0x000044ec                memset
 .text.stpcpy   0x00004590       0x48 C:/PROGRA~2/ARMGNU~1/133167~1.3RE/bin/../lib/gcc/arm-none-eabi/13.3.1/thumb/v7e-m+fp/hard\libg.a(libc_a-stpcpy.o)
                0x00004590                stpcpy
 .text.strcpy   0x000045d8       0xbc C:/PROGRA~2/ARMGNU~1/133167~1.3RE/bin/../lib/gcc/arm-none-eabi/13.3.1/thumb/v7e-m+fp/hard\libg.a(libc_a-strcpy.o)
                0x000045d8                strcpy
 .text.atan2f   0x00004694        0x4 C:/PROGRA~2/ARMGNU~1/133167~1.3RE/bin/../lib/gcc/arm-none-eabi/13.3.1/thumb/v7e-m+fp/hard\libm.a(libm_a-wf_atan2.o)
                0x00004694                atan2f
 .text.cosf     0x00004698       0x70 C:/PROGRA~2/ARMGNU~1/133167~1.3RE/bin/../lib/gcc/arm-none-eabi/13.3.1/thumb/v7e-m+fp/hard\libm.a(libm_a-sf_cos.o)
                0x00004698                cosf
 .text.fabsf    0x00004708       0x10 C:/PROGRA~2/ARMGNU~1/133167~1.3RE/bin/../lib/gcc/arm-none-eabi/13.3.1/thumb/v7e-m+fp/hard\libm.a(libm_a-sf_fabs.o)
                0x00004708                fabsf
 .text.sinf     0x00004718       0x74 C:/PROGRA~2/ARMGNU~1/133167~1.3RE/bin/../lib/gcc/arm-none-eabi/13.3.1/thumb/v7e-m+fp/hard\libm.a(libm_a-sf_sin.o)
                0x00004718                sinf
 .text.tanf     0x0000478c       0x54 C:/PROGRA~2/ARMGNU~1/133167~1.3RE/bin/../lib/gcc/arm-none-eabi/13.3.1/thumb/v7e-m+fp/hard\libm.a(libm_a-sf_tan.o)
                0x0000478c                tanf
 .text.ceil     0x000047e0      0x100 C:/PROGRA~2/ARMGNU~1/133167~1.3RE/bin/../lib/gcc/arm-none-eabi/13.3.1/thumb/v7e-m+fp/hard\libm.a(libm_a-s_ceil.o)
                0x000047e0                ceil
 .text.__kernel_cosf
                0x000048e0      0x104 C:/PROGRA~2/ARMGNU~1/133167~1.3RE/bin/../lib/gcc/arm-none-eabi/13.3.1/thumb/v7e-m+fp/hard\libm.a(libm_a-kf_cos.o)
                0x000048e0                __kernel_cosf
 .text.__kernel_sinf
                0x000049e4       0x90 C:/PROGRA~2/ARMGNU~1/133167~1.3RE/bin/../lib/gcc/arm-none-eabi/13.3.1/thumb/v7e-m+fp/hard\libm.a(libm_a-kf_sin.o)
                0x000049e4                __kernel_sinf
 .text.__kernel_tanf
                0x00004a74      0x1c0 C:/PROGRA~2/ARMGNU~1/133167~1.3RE/bin/../lib/gcc/arm-none-eabi/13.3.1/thumb/v7e-m+fp/hard\libm.a(libm_a-kf_tan.o)
                0x00004a74                __kernel_tanf
 .text.__ieee754_atan2f
                0x00004c34      0x150 C:/PROGRA~2/ARMGNU~1/133167~1.3RE/bin/../lib/gcc/arm-none-eabi/13.3.1/thumb/v7e-m+fp/hard\libm.a(libm_a-ef_atan2.o)
                0x00004c34                __ieee754_atan2f
 .text.__ieee754_rem_pio2f
                0x00004d84      0x260 C:/PROGRA~2/ARMGNU~1/133167~1.3RE/bin/../lib/gcc/arm-none-eabi/13.3.1/thumb/v7e-m+fp/hard\libm.a(libm_a-ef_rem_pio2.o)
                0x00004d84                __ieee754_rem_pio2f
 .text.atanf    0x00004fe4      0x1ac C:/PROGRA~2/ARMGNU~1/133167~1.3RE/bin/../lib/gcc/arm-none-eabi/13.3.1/thumb/v7e-m+fp/hard\libm.a(libm_a-sf_atan.o)
                0x00004fe4                atanf
 .text.__kernel_rem_pio2f
                0x00005190      0x63c C:/PROGRA~2/ARMGNU~1/133167~1.3RE/bin/../lib/gcc/arm-none-eabi/13.3.1/thumb/v7e-m+fp/hard\libm.a(libm_a-kf_rem_pio2.o)
                0x00005190                __kernel_rem_pio2f
 .text.scalbnf  0x000057cc       0xe4 C:/PROGRA~2/ARMGNU~1/133167~1.3RE/bin/../lib/gcc/arm-none-eabi/13.3.1/thumb/v7e-m+fp/hard\libm.a(libm_a-sf_scalbn.o)
                0x000057cc                scalbnf
 .text.floorf   0x000058b0       0x94 C:/PROGRA~2/ARMGNU~1/133167~1.3RE/bin/../lib/gcc/arm-none-eabi/13.3.1/thumb/v7e-m+fp/hard\libm.a(libm_a-sf_floor.o)
                0x000058b0                floorf
 *(.init)
 *(.fini)
 *crtbegin.o(.ctors)
 *crtbegin?.o(.ctors)
 *(EXCLUDE_FILE(*crtend.o *crtend?.o) .ctors)
 *(SORT_BY_NAME(.ctors.*))
 *(.ctors)
 *crtbegin.o(.dtors)
 *crtbegin?.o(.dtors)
 *(EXCLUDE_FILE(*crtend.o *crtend?.o) .dtors)
 *(SORT_BY_NAME(.dtors.*))
 *(.dtors)
 *(.rodata*)
 .rodata.fsm_fishing_cast_to_reeling.str1.4
                0x00005944      0x3b9 CMakeFiles\ddd.dir\src\main.c.obj
                                 0x10 (size before relaxing)
 .rodata.fsm_fishing_reeling_to_cast.str1.4
                0x00005cfd        0xf CMakeFiles\ddd.dir\src\main.c.obj
 .rodata.lure_update.str1.4
                0x00005cfd       0x15 CMakeFiles\ddd.dir\src\main.c.obj
 .rodata.fishing_scene_init.str1.4
                0x00005cfd       0x46 CMakeFiles\ddd.dir\src\main.c.obj
 .rodata.ui_fish_name.str1.4
                0x00005cfd        0xf CMakeFiles\ddd.dir\src\main.c.obj
 .rodata.ui_yards.str1.4
                0x00005cfd        0x4 CMakeFiles\ddd.dir\src\main.c.obj
 .rodata.shift_crank_buffer.str1.4
                0x00005cfd       0x34 CMakeFiles\ddd.dir\src\main.c.obj
 .rodata.fishing_scene_update.str1.4
                0x00005cfd       0x1a CMakeFiles\ddd.dir\src\main.c.obj
 .rodata.eventHandler.str1.4
                0x00005cfd       0x5c CMakeFiles\ddd.dir\src\main.c.obj
 .rodata.str1.4
                0x00005cfd      0x251 CMakeFiles\ddd.dir\src\main.c.obj
 .rodata.__utoa.str1.4
                0x00005cfd       0x25 C:/PROGRA~2/ARMGNU~1/133167~1.3RE/bin/../lib/gcc/arm-none-eabi/13.3.1/thumb/v7e-m+fp/hard\libg.a(libc_a-utoa.o)
 *fill*         0x00005cfd        0x3 
 .rodata.CSWTCH.9
                0x00005d00        0xc C:/PROGRA~2/ARMGNU~1/133167~1.3RE/bin/../lib/gcc/arm-none-eabi/13.3.1/thumb/v7e-m+fp/hard\libm.a(libm_a-ef_atan2.o)
 .rodata.CSWTCH.8
                0x00005d0c        0xc C:/PROGRA~2/ARMGNU~1/133167~1.3RE/bin/../lib/gcc/arm-none-eabi/13.3.1/thumb/v7e-m+fp/hard\libm.a(libm_a-ef_atan2.o)
 .rodata.npio2_hw
                0x00005d18       0x80 C:/PROGRA~2/ARMGNU~1/133167~1.3RE/bin/../lib/gcc/arm-none-eabi/13.3.1/thumb/v7e-m+fp/hard\libm.a(libm_a-ef_rem_pio2.o)
 .rodata.two_over_pi
                0x00005d98      0x318 C:/PROGRA~2/ARMGNU~1/133167~1.3RE/bin/../lib/gcc/arm-none-eabi/13.3.1/thumb/v7e-m+fp/hard\libm.a(libm_a-ef_rem_pio2.o)
 .rodata.atanlo
                0x000060b0       0x10 C:/PROGRA~2/ARMGNU~1/133167~1.3RE/bin/../lib/gcc/arm-none-eabi/13.3.1/thumb/v7e-m+fp/hard\libm.a(libm_a-sf_atan.o)
 .rodata.atanhi
                0x000060c0       0x10 C:/PROGRA~2/ARMGNU~1/133167~1.3RE/bin/../lib/gcc/arm-none-eabi/13.3.1/thumb/v7e-m+fp/hard\libm.a(libm_a-sf_atan.o)
 .rodata.PIo2   0x000060d0       0x2c C:/PROGRA~2/ARMGNU~1/133167~1.3RE/bin/../lib/gcc/arm-none-eabi/13.3.1/thumb/v7e-m+fp/hard\libm.a(libm_a-kf_rem_pio2.o)
 .rodata.init_jk
                0x000060fc        0xc C:/PROGRA~2/ARMGNU~1/133167~1.3RE/bin/../lib/gcc/arm-none-eabi/13.3.1/thumb/v7e-m+fp/hard\libm.a(libm_a-kf_rem_pio2.o)
 *(.eh_frame*)
 .eh_frame      0x00006108       0x34 C:/PROGRA~2/ARMGNU~1/133167~1.3RE/bin/../lib/gcc/arm-none-eabi/13.3.1/thumb/v7e-m+fp/hard\libg.a(libc_a-strlen.o)

.glue_7         0x0000613c        0x0
 .glue_7        0x0000613c        0x0 linker stubs

.glue_7t        0x0000613c        0x0
 .glue_7t       0x0000613c        0x0 linker stubs

.vfp11_veneer   0x0000613c        0x0
 .vfp11_veneer  0x0000613c        0x0 linker stubs

.v4_bx          0x0000613c        0x0
 .v4_bx         0x0000613c        0x0 linker stubs

.iplt           0x0000613c        0x0
 .iplt          0x0000613c        0x0 CMakeFiles\ddd.dir\src\main.c.obj

.rel.dyn        0x0000613c        0x0
 .rel.iplt      0x0000613c        0x0 CMakeFiles\ddd.dir\src\main.c.obj

.data           0x00006140     0xbc38
                0x00006140                        __etext = .
                0x00006140                        __data_start__ = .
 *(vtable)
 *(.data*)
 .data.DefaultScene
                0x00006140        0x4 CMakeFiles\ddd.dir\src\main.c.obj
                0x00006140                DefaultScene
 .data.fontpath4
                0x00006144        0x4 CMakeFiles\ddd.dir\src\main.c.obj
                0x00006144                fontpath4
 .data.fontpath3
                0x00006148        0x4 CMakeFiles\ddd.dir\src\main.c.obj
                0x00006148                fontpath3
 .data.fontpath2
                0x0000614c        0x4 CMakeFiles\ddd.dir\src\main.c.obj
                0x0000614c                fontpath2
 .data.fontpath
                0x00006150        0x4 CMakeFiles\ddd.dir\src\main.c.obj
                0x00006150                fontpath
 .data.__compound_literal.19
                0x00006154        0xc CMakeFiles\ddd.dir\src\main.c.obj
 .data.__compound_literal.18
                0x00006160        0x8 CMakeFiles\ddd.dir\src\main.c.obj
 .data.__compound_literal.17
                0x00006168        0x8 CMakeFiles\ddd.dir\src\main.c.obj
 .data.__compound_literal.16
                0x00006170       0x10 CMakeFiles\ddd.dir\src\main.c.obj
 .data.__compound_literal.15
                0x00006180        0xc CMakeFiles\ddd.dir\src\main.c.obj
 .data.line_integrity
                0x0000618c        0x4 CMakeFiles\ddd.dir\src\main.c.obj
                0x0000618c                line_integrity
 .data.tension_offset_x
                0x00006190        0x4 CMakeFiles\ddd.dir\src\main.c.obj
                0x00006190                tension_offset_x
 .data.yards    0x00006194        0x4 CMakeFiles\ddd.dir\src\main.c.obj
                0x00006194                yards
 .data.depth_width
                0x00006198        0x4 CMakeFiles\ddd.dir\src\main.c.obj
                0x00006198                depth_width
 .data.depth    0x0000619c        0x4 CMakeFiles\ddd.dir\src\main.c.obj
                0x0000619c                depth
 .data.ticker_filler_table
                0x000061a0       0x1c CMakeFiles\ddd.dir\src\main.c.obj
                0x000061a0                ticker_filler_table
 .data.ticker_buffer
                0x000061bc        0x4 CMakeFiles\ddd.dir\src\main.c.obj
                0x000061bc                ticker_buffer
 .data.ticker_x
                0x000061c0        0x4 CMakeFiles\ddd.dir\src\main.c.obj
                0x000061c0                ticker_x
 .data.camera_lake
                0x000061c4       0xcc CMakeFiles\ddd.dir\src\main.c.obj
                0x000061c4                camera_lake
 .data.camera_secondary
                0x00006290       0xcc CMakeFiles\ddd.dir\src\main.c.obj
                0x00006290                camera_secondary
 .data.camera_default
                0x0000635c       0xcc CMakeFiles\ddd.dir\src\main.c.obj
                0x0000635c                camera_default
 .data.camera_lake_object
                0x00006428       0xdc CMakeFiles\ddd.dir\src\main.c.obj
                0x00006428                camera_lake_object
 .data.camera_secondary_object
                0x00006504       0xdc CMakeFiles\ddd.dir\src\main.c.obj
                0x00006504                camera_secondary_object
 .data.camera_default_object
                0x000065e0       0xdc CMakeFiles\ddd.dir\src\main.c.obj
                0x000065e0                camera_default_object
 .data.object_cast_selector
                0x000066bc       0xdc CMakeFiles\ddd.dir\src\main.c.obj
                0x000066bc                object_cast_selector
 .data.object_terrain
                0x00006798       0xdc CMakeFiles\ddd.dir\src\main.c.obj
                0x00006798                object_terrain
 .data.object_fish
                0x00006874       0xdc CMakeFiles\ddd.dir\src\main.c.obj
                0x00006874                object_fish
 .data.object_lure
                0x00006950       0xdc CMakeFiles\ddd.dir\src\main.c.obj
                0x00006950                object_lure
 .data.fsm_fishing
                0x00006a2c     0x1010 CMakeFiles\ddd.dir\src\main.c.obj
                0x00006a2c                fsm_fishing
 .data.ActiveLure
                0x00007a3c        0x4 CMakeFiles\ddd.dir\src\main.c.obj
                0x00007a3c                ActiveLure
 .data.LakeView
                0x00007a40       0x30 CMakeFiles\ddd.dir\src\main.c.obj
                0x00007a40                LakeView
 .data.UnderwaterView
                0x00007a70       0x30 CMakeFiles\ddd.dir\src\main.c.obj
                0x00007a70                UnderwaterView
 .data.FishingScene
                0x00007aa0        0xc CMakeFiles\ddd.dir\src\main.c.obj
                0x00007aa0                FishingScene
 .data.DefaultLure
                0x00007aac       0x60 CMakeFiles\ddd.dir\src\main.c.obj
                0x00007aac                DefaultLure
 .data.double_burst
                0x00007b0c       0x40 CMakeFiles\ddd.dir\src\main.c.obj
                0x00007b0c                double_burst
 .data.Grid512Long
                0x00007b4c       0x5c CMakeFiles\ddd.dir\src\main.c.obj
                0x00007b4c                Grid512Long
 .data.__compound_literal.14
                0x00007ba8     0x2000 CMakeFiles\ddd.dir\src\main.c.obj
 .data.__compound_literal.13
                0x00009ba8     0x3000 CMakeFiles\ddd.dir\src\main.c.obj
 .data.__compound_literal.12
                0x0000cba8     0x33cc CMakeFiles\ddd.dir\src\main.c.obj
 .data.blahaj_tri
                0x0000ff74       0x5c CMakeFiles\ddd.dir\src\main.c.obj
                0x0000ff74                blahaj_tri
 .data.__compound_literal.5
                0x0000ffd0      0x670 CMakeFiles\ddd.dir\src\main.c.obj
 .data.__compound_literal.4
                0x00010640      0x9a8 CMakeFiles\ddd.dir\src\main.c.obj
 .data.__compound_literal.3
                0x00010fe8      0x9c0 CMakeFiles\ddd.dir\src\main.c.obj
 .data.mesh_cube
                0x000119a8       0x5c CMakeFiles\ddd.dir\src\main.c.obj
                0x000119a8                mesh_cube
 .data.__compound_literal.2
                0x00011a04       0x30 CMakeFiles\ddd.dir\src\main.c.obj
 .data.__compound_literal.1
                0x00011a34       0x48 CMakeFiles\ddd.dir\src\main.c.obj
 .data.__compound_literal.0
                0x00011a7c       0x60 CMakeFiles\ddd.dir\src\main.c.obj
 .data.TIME_SCALE
                0x00011adc        0x4 CMakeFiles\ddd.dir\src\main.c.obj
                0x00011adc                TIME_SCALE
 .data.grid_points
                0x00011ae0       0x48 CMakeFiles\ddd.dir\engine\render.c.obj
                0x00011ae0                grid_points
 .data.patterns
                0x00011b28      0x108 CMakeFiles\ddd.dir\engine\render.c.obj
 .data._impure_ptr
                0x00011c30        0x4 C:/PROGRA~2/ARMGNU~1/133167~1.3RE/bin/../lib/gcc/arm-none-eabi/13.3.1/thumb/v7e-m+fp/hard\libg.a(libc_a-impure.o)
                0x00011c30                _impure_ptr
 *fill*         0x00011c34        0x4 
 .data._impure_data
                0x00011c38      0x140 C:/PROGRA~2/ARMGNU~1/133167~1.3RE/bin/../lib/gcc/arm-none-eabi/13.3.1/thumb/v7e-m+fp/hard\libg.a(libc_a-impure.o)
                0x00011c38                _impure_data
                0x00011d78                        . = ALIGN (0x4)
                [!provide]                        PROVIDE (__preinit_array_start = .)
 *(.preinit_array)
                [!provide]                        PROVIDE (__preinit_array_end = .)
                0x00011d78                        . = ALIGN (0x4)
                [!provide]                        PROVIDE (__init_array_start = .)
 *(SORT_BY_NAME(.init_array.*))
 *(.init_array)
                [!provide]                        PROVIDE (__init_array_end = .)
                0x00011d78                        . = ALIGN (0x4)
                [!provide]                        PROVIDE (__fini_array_start = .)
 *(SORT_BY_NAME(.fini_array.*))
 *(.fini_array)
                [!provide]                        PROVIDE (__fini_array_end = .)
                0x00011d78                        . = ALIGN (0x4)
                0x00011d78                        __data_end__ = .

.igot.plt       0x00011d78        0x0
 .igot.plt      0x00011d78        0x0 CMakeFiles\ddd.dir\src\main.c.obj

.bss            0x00011d78    0x138d8
                0x00011d78                        . = ALIGN (0x4)
                0x00011d78                        __bss_start__ = .
 *(.bss*)
 .bss.releasedButtons
                0x00011d78        0x1 CMakeFiles\ddd.dir\src\main.c.obj
                0x00011d78                releasedButtons
 .bss.pressedButtons
                0x00011d79        0x1 CMakeFiles\ddd.dir\src\main.c.obj
                0x00011d79                pressedButtons
 .bss.heldButtons
                0x00011d7a        0x1 CMakeFiles\ddd.dir\src\main.c.obj
                0x00011d7a                heldButtons
 *fill*         0x00011d7b        0x1 
 .bss.ActiveCamera
                0x00011d7c        0x4 CMakeFiles\ddd.dir\src\main.c.obj
                0x00011d7c                ActiveCamera
 .bss.ActiveScene
                0x00011d80        0x4 CMakeFiles\ddd.dir\src\main.c.obj
                0x00011d80                ActiveScene
 .bss.frame     0x00011d84        0x4 CMakeFiles\ddd.dir\src\main.c.obj
                0x00011d84                frame
 .bss.FONT_MONTSERRAT_BOLD_14
                0x00011d88        0x4 CMakeFiles\ddd.dir\src\main.c.obj
                0x00011d88                FONT_MONTSERRAT_BOLD_14
 .bss.FONT_MONTSERRAT_BLACK_ITALIC_24
                0x00011d8c        0x4 CMakeFiles\ddd.dir\src\main.c.obj
                0x00011d8c                FONT_MONTSERRAT_BLACK_ITALIC_24
 .bss.FONT_MONTSERRAT_BLACK_24
                0x00011d90        0x4 CMakeFiles\ddd.dir\src\main.c.obj
                0x00011d90                FONT_MONTSERRAT_BLACK_24
 .bss.font      0x00011d94        0x4 CMakeFiles\ddd.dir\src\main.c.obj
                0x00011d94                font
 .bss.cast_animation_timer
                0x00011d98        0x4 CMakeFiles\ddd.dir\src\main.c.obj
                0x00011d98                cast_animation_timer
 .bss.is_cranking
                0x00011d9c        0x1 CMakeFiles\ddd.dir\src\main.c.obj
                0x00011d9c                is_cranking
 *fill*         0x00011d9d        0x3 
 .bss.crank_distance
                0x00011da0        0x4 CMakeFiles\ddd.dir\src\main.c.obj
                0x00011da0                crank_distance
 .bss.idle_duration
                0x00011da4        0x4 CMakeFiles\ddd.dir\src\main.c.obj
                0x00011da4                idle_duration
 .bss.crank_duration
                0x00011da8        0x4 CMakeFiles\ddd.dir\src\main.c.obj
                0x00011da8                crank_duration
 .bss.crank_buffer
                0x00011dac       0xa0 CMakeFiles\ddd.dir\src\main.c.obj
                0x00011dac                crank_buffer
 .bss.lure_fitness
                0x00011e4c        0x4 CMakeFiles\ddd.dir\src\main.c.obj
                0x00011e4c                lure_fitness
 .bss.target_underwater_camera_position
                0x00011e50        0xc CMakeFiles\ddd.dir\src\main.c.obj
                0x00011e50                target_underwater_camera_position
 .bss.line_tension
                0x00011e5c        0x4 CMakeFiles\ddd.dir\src\main.c.obj
                0x00011e5c                line_tension
 .bss.tension_meter_visible
                0x00011e60        0x1 CMakeFiles\ddd.dir\src\main.c.obj
                0x00011e60                tension_meter_visible
 *fill*         0x00011e61        0x3 
 .bss.ticker_text
                0x00011e64      0x400 CMakeFiles\ddd.dir\src\main.c.obj
                0x00011e64                ticker_text
 .bss.TICKER_FONT
                0x00012264        0x4 CMakeFiles\ddd.dir\src\main.c.obj
                0x00012264                TICKER_FONT
 .bss.ticker_filler_index
                0x00012268        0x4 CMakeFiles\ddd.dir\src\main.c.obj
                0x00012268                ticker_filler_index
 .bss.next_clear_width
                0x0001226c        0x4 CMakeFiles\ddd.dir\src\main.c.obj
                0x0001226c                next_clear_width
 .bss.ticker_queue_length
                0x00012270        0x4 CMakeFiles\ddd.dir\src\main.c.obj
                0x00012270                ticker_queue_length
 .bss.ticker_queue
                0x00012274       0x80 CMakeFiles\ddd.dir\src\main.c.obj
                0x00012274                ticker_queue
 .bss.audio_reel_long
                0x000122f4        0x4 CMakeFiles\ddd.dir\src\main.c.obj
                0x000122f4                audio_reel_long
 .bss.audio_reel_click
                0x000122f8        0x4 CMakeFiles\ddd.dir\src\main.c.obj
                0x000122f8                audio_reel_click
 .bss.reel_long_player
                0x000122fc        0x4 CMakeFiles\ddd.dir\src\main.c.obj
                0x000122fc                reel_long_player
 .bss.reel_click_player
                0x00012300        0x4 CMakeFiles\ddd.dir\src\main.c.obj
                0x00012300                reel_click_player
 .bss.SINE_GRADIENT_OFFSET
                0x00012304        0x4 CMakeFiles\ddd.dir\src\main.c.obj
                0x00012304                SINE_GRADIENT_OFFSET
 .bss.SINE_GRADIENT
                0x00012308      0x200 CMakeFiles\ddd.dir\src\main.c.obj
                0x00012308                SINE_GRADIENT
 .bss.TICK_LASTCRANKREADING
                0x00012508        0x4 CMakeFiles\ddd.dir\src\main.c.obj
                0x00012508                TICK_LASTCRANKREADING
 .bss.DELTA_TIME
                0x0001250c        0x4 CMakeFiles\ddd.dir\src\main.c.obj
                0x0001250c                DELTA_TIME
 .bss.pd        0x00012510        0x4 CMakeFiles\ddd.dir\src\main.c.obj
                0x00012510                pd
 .bss.tris      0x00012514    0x10000 CMakeFiles\ddd.dir\engine\render.c.obj
                0x00012514                tris
 .bss.projected_vertices
                0x00022514     0x3000 CMakeFiles\ddd.dir\engine\render.c.obj
                0x00022514                projected_vertices
 .bss.pdrealloc
                0x00025514        0x4 CMakeFiles\ddd.dir\C_\Users\shrin\Documents\PlaydateSDK\C_API\buildsupport\setup.c.obj
 .bss.__sf      0x00025518      0x138 C:/PROGRA~2/ARMGNU~1/133167~1.3RE/bin/../lib/gcc/arm-none-eabi/13.3.1/thumb/v7e-m+fp/hard\libg.a(libc_a-findfp.o)
                0x00025518                __sf
 *(COMMON)
 *(COM)
                0x00025650                        . = ALIGN (0x4)
                0x00025650                        __bss_end__ = .

/DISCARD/
 *(.ARM.exidx)
OUTPUT(ddd.elf elf32-littlearm)
LOAD linker stubs

.debug_info     0x00000000    0x1a4ce
 .debug_info    0x00000000     0x8dfe CMakeFiles\ddd.dir\src\main.c.obj
 .debug_info    0x00008dfe     0x211f CMakeFiles\ddd.dir\engine\3dmath.c.obj
 .debug_info    0x0000af1d      0x891 CMakeFiles\ddd.dir\engine\actor.c.obj
 .debug_info    0x0000b7ae      0x717 CMakeFiles\ddd.dir\engine\camera.c.obj
 .debug_info    0x0000bec5      0x148 CMakeFiles\ddd.dir\engine\fsm.c.obj
 .debug_info    0x0000c00d     0x7672 CMakeFiles\ddd.dir\engine\render.c.obj
 .debug_info    0x0001367f      0x71e CMakeFiles\ddd.dir\engine\scene.c.obj
 .debug_info    0x00013d9d      0x19e CMakeFiles\ddd.dir\engine\symbols.c.obj
 .debug_info    0x00013f3b     0x6593 CMakeFiles\ddd.dir\C_\Users\shrin\Documents\PlaydateSDK\C_API\buildsupport\setup.c.obj

.debug_abbrev   0x00000000     0x1bab
 .debug_abbrev  0x00000000      0x8a4 CMakeFiles\ddd.dir\src\main.c.obj
 .debug_abbrev  0x000008a4      0x428 CMakeFiles\ddd.dir\engine\3dmath.c.obj
 .debug_abbrev  0x00000ccc      0x183 CMakeFiles\ddd.dir\engine\actor.c.obj
 .debug_abbrev  0x00000e4f      0x21b CMakeFiles\ddd.dir\engine\camera.c.obj
 .debug_abbrev  0x0000106a       0xea CMakeFiles\ddd.dir\engine\fsm.c.obj
 .debug_abbrev  0x00001154      0x566 CMakeFiles\ddd.dir\engine\render.c.obj
 .debug_abbrev  0x000016ba      0x13b CMakeFiles\ddd.dir\engine\scene.c.obj
 .debug_abbrev  0x000017f5       0xa5 CMakeFiles\ddd.dir\engine\symbols.c.obj
 .debug_abbrev  0x0000189a      0x311 CMakeFiles\ddd.dir\C_\Users\shrin\Documents\PlaydateSDK\C_API\buildsupport\setup.c.obj

.debug_loc      0x00000000     0x6e0f
 .debug_loc     0x00000000     0x1d57 CMakeFiles\ddd.dir\src\main.c.obj
 .debug_loc     0x00001d57     0x2cfa CMakeFiles\ddd.dir\engine\3dmath.c.obj
 .debug_loc     0x00004a51       0xdd CMakeFiles\ddd.dir\engine\actor.c.obj
 .debug_loc     0x00004b2e      0x481 CMakeFiles\ddd.dir\engine\camera.c.obj
 .debug_loc     0x00004faf       0x87 CMakeFiles\ddd.dir\engine\fsm.c.obj
 .debug_loc     0x00005036     0x1a4e CMakeFiles\ddd.dir\engine\render.c.obj
 .debug_loc     0x00006a84       0xf5 CMakeFiles\ddd.dir\engine\scene.c.obj
 .debug_loc     0x00006b79       0x2c CMakeFiles\ddd.dir\engine\symbols.c.obj
 .debug_loc     0x00006ba5      0x26a CMakeFiles\ddd.dir\C_\Users\shrin\Documents\PlaydateSDK\C_API\buildsupport\setup.c.obj

.debug_aranges  0x00000000      0x460
 .debug_aranges
                0x00000000      0x198 CMakeFiles\ddd.dir\src\main.c.obj
 .debug_aranges
                0x00000198      0x158 CMakeFiles\ddd.dir\engine\3dmath.c.obj
 .debug_aranges
                0x000002f0       0x20 CMakeFiles\ddd.dir\engine\actor.c.obj
 .debug_aranges
                0x00000310       0x48 CMakeFiles\ddd.dir\engine\camera.c.obj
 .debug_aranges
                0x00000358       0x20 CMakeFiles\ddd.dir\engine\fsm.c.obj
 .debug_aranges
                0x00000378       0x70 CMakeFiles\ddd.dir\engine\render.c.obj
 .debug_aranges
                0x000003e8       0x20 CMakeFiles\ddd.dir\engine\scene.c.obj
 .debug_aranges
                0x00000408       0x20 CMakeFiles\ddd.dir\engine\symbols.c.obj
 .debug_aranges
                0x00000428       0x38 CMakeFiles\ddd.dir\C_\Users\shrin\Documents\PlaydateSDK\C_API\buildsupport\setup.c.obj

.debug_ranges   0x00000000      0xc10
 .debug_ranges  0x00000000      0x438 CMakeFiles\ddd.dir\src\main.c.obj
 .debug_ranges  0x00000438      0x4a0 CMakeFiles\ddd.dir\engine\3dmath.c.obj
 .debug_ranges  0x000008d8       0x10 CMakeFiles\ddd.dir\engine\actor.c.obj
 .debug_ranges  0x000008e8       0x38 CMakeFiles\ddd.dir\engine\camera.c.obj
 .debug_ranges  0x00000920       0x10 CMakeFiles\ddd.dir\engine\fsm.c.obj
 .debug_ranges  0x00000930      0x280 CMakeFiles\ddd.dir\engine\render.c.obj
 .debug_ranges  0x00000bb0       0x28 CMakeFiles\ddd.dir\engine\scene.c.obj
 .debug_ranges  0x00000bd8       0x10 CMakeFiles\ddd.dir\engine\symbols.c.obj
 .debug_ranges  0x00000be8       0x28 CMakeFiles\ddd.dir\C_\Users\shrin\Documents\PlaydateSDK\C_API\buildsupport\setup.c.obj

.debug_line     0x00000000     0x593f
 .debug_line    0x00000000     0x2582 CMakeFiles\ddd.dir\src\main.c.obj
 .debug_line    0x00002582     0x179a CMakeFiles\ddd.dir\engine\3dmath.c.obj
 .debug_line    0x00003d1c      0x19f CMakeFiles\ddd.dir\engine\actor.c.obj
 .debug_line    0x00003ebb      0x340 CMakeFiles\ddd.dir\engine\camera.c.obj
 .debug_line    0x000041fb       0xb5 CMakeFiles\ddd.dir\engine\fsm.c.obj
 .debug_line    0x000042b0      0xfd0 CMakeFiles\ddd.dir\engine\render.c.obj
 .debug_line    0x00005280      0x2b5 CMakeFiles\ddd.dir\engine\scene.c.obj
 .debug_line    0x00005535       0x90 CMakeFiles\ddd.dir\engine\symbols.c.obj
 .debug_line    0x000055c5      0x37a CMakeFiles\ddd.dir\C_\Users\shrin\Documents\PlaydateSDK\C_API\buildsupport\setup.c.obj

.debug_str      0x00000000     0x42c9
 .debug_str     0x00000000     0x42c9 CMakeFiles\ddd.dir\src\main.c.obj
                               0x3bcf (size before relaxing)
 .debug_str     0x000042c9      0x68a CMakeFiles\ddd.dir\engine\3dmath.c.obj
 .debug_str     0x000042c9      0x5b3 CMakeFiles\ddd.dir\engine\actor.c.obj
 .debug_str     0x000042c9      0x4c3 CMakeFiles\ddd.dir\engine\camera.c.obj
 .debug_str     0x000042c9      0x1c5 CMakeFiles\ddd.dir\engine\fsm.c.obj
 .debug_str     0x000042c9     0x3119 CMakeFiles\ddd.dir\engine\render.c.obj
 .debug_str     0x000042c9      0x531 CMakeFiles\ddd.dir\engine\scene.c.obj
 .debug_str     0x000042c9      0x236 CMakeFiles\ddd.dir\engine\symbols.c.obj
 .debug_str     0x000042c9     0x2f38 CMakeFiles\ddd.dir\C_\Users\shrin\Documents\PlaydateSDK\C_API\buildsupport\setup.c.obj

.comment        0x00000000       0x44
 .comment       0x00000000       0x44 CMakeFiles\ddd.dir\src\main.c.obj
                                 0x45 (size before relaxing)
 .comment       0x00000044       0x45 CMakeFiles\ddd.dir\engine\3dmath.c.obj
 .comment       0x00000044       0x45 CMakeFiles\ddd.dir\engine\actor.c.obj
 .comment       0x00000044       0x45 CMakeFiles\ddd.dir\engine\camera.c.obj
 .comment       0x00000044       0x45 CMakeFiles\ddd.dir\engine\fsm.c.obj
 .comment       0x00000044       0x45 CMakeFiles\ddd.dir\engine\render.c.obj
 .comment       0x00000044       0x45 CMakeFiles\ddd.dir\engine\scene.c.obj
 .comment       0x00000044       0x45 CMakeFiles\ddd.dir\engine\symbols.c.obj
 .comment       0x00000044       0x45 CMakeFiles\ddd.dir\C_\Users\shrin\Documents\PlaydateSDK\C_API\buildsupport\setup.c.obj

.ARM.attributes
                0x00000000       0x32
 .ARM.attributes
                0x00000000       0x34 CMakeFiles\ddd.dir\src\main.c.obj
 .ARM.attributes
                0x00000034       0x34 CMakeFiles\ddd.dir\engine\3dmath.c.obj
 .ARM.attributes
                0x00000068       0x34 CMakeFiles\ddd.dir\engine\actor.c.obj
 .ARM.attributes
                0x0000009c       0x34 CMakeFiles\ddd.dir\engine\camera.c.obj
 .ARM.attributes
                0x000000d0       0x34 CMakeFiles\ddd.dir\engine\fsm.c.obj
 .ARM.attributes
                0x00000104       0x34 CMakeFiles\ddd.dir\engine\render.c.obj
 .ARM.attributes
                0x00000138       0x34 CMakeFiles\ddd.dir\engine\scene.c.obj
 .ARM.attributes
                0x0000016c       0x34 CMakeFiles\ddd.dir\engine\symbols.c.obj
 .ARM.attributes
                0x000001a0       0x34 CMakeFiles\ddd.dir\C_\Users\shrin\Documents\PlaydateSDK\C_API\buildsupport\setup.c.obj
 .ARM.attributes
                0x000001d4       0x22 C:/PROGRA~2/ARMGNU~1/13C7F1~1.2RE/bin/../lib/gcc/arm-none-eabi/13.2.1/thumb/v7e-m+fp/hard\libgcc.a(_arm_addsubdf3.o)
 .ARM.attributes
                0x000001f6       0x22 C:/PROGRA~2/ARMGNU~1/13C7F1~1.2RE/bin/../lib/gcc/arm-none-eabi/13.2.1/thumb/v7e-m+fp/hard\libgcc.a(_arm_fixdfsi.o)
 .ARM.attributes
                0x00000218       0x22 C:/PROGRA~2/ARMGNU~1/13C7F1~1.2RE/bin/../lib/gcc/arm-none-eabi/13.2.1/thumb/v7e-m+fp/hard\libgcc.a(_arm_truncdfsf2.o)
 .ARM.attributes
                0x0000023a       0x34 C:/PROGRA~2/ARMGNU~1/13C7F1~1.2RE/bin/../lib/gcc/arm-none-eabi/13.2.1/thumb/v7e-m+fp/hard\libg.a(libc_a-itoa.o)
 .ARM.attributes
                0x0000026e       0x34 C:/PROGRA~2/ARMGNU~1/13C7F1~1.2RE/bin/../lib/gcc/arm-none-eabi/13.2.1/thumb/v7e-m+fp/hard\libg.a(libc_a-malloc.o)
 .ARM.attributes
                0x000002a2       0x34 C:/PROGRA~2/ARMGNU~1/133167~1.3RE/bin/../lib/gcc/arm-none-eabi/13.3.1/thumb/v7e-m+fp/hard\libg.a(libc_a-rand.o)
 .ARM.attributes
                0x000002d6       0x34 C:/PROGRA~2/ARMGNU~1/133167~1.3RE/bin/../lib/gcc/arm-none-eabi/13.3.1/thumb/v7e-m+fp/hard\libg.a(libc_a-utoa.o)
 .ARM.attributes
                0x0000030a       0x34 C:/PROGRA~2/ARMGNU~1/133167~1.3RE/bin/../lib/gcc/arm-none-eabi/13.3.1/thumb/v7e-m+fp/hard\libg.a(libc_a-qsort.o)
 .ARM.attributes
                0x0000033e       0x34 C:/PROGRA~2/ARMGNU~1/133167~1.3RE/bin/../lib/gcc/arm-none-eabi/13.3.1/thumb/v7e-m+fp/hard\libg.a(libc_a-memmove.o)
 .ARM.attributes
                0x00000372       0x34 C:/PROGRA~2/ARMGNU~1/133167~1.3RE/bin/../lib/gcc/arm-none-eabi/13.3.1/thumb/v7e-m+fp/hard\libg.a(libc_a-memset.o)
 .ARM.attributes
                0x000003a6       0x34 C:/PROGRA~2/ARMGNU~1/133167~1.3RE/bin/../lib/gcc/arm-none-eabi/13.3.1/thumb/v7e-m+fp/hard\libg.a(libc_a-stpcpy.o)
 .ARM.attributes
                0x000003da       0x34 C:/PROGRA~2/ARMGNU~1/133167~1.3RE/bin/../lib/gcc/arm-none-eabi/13.3.1/thumb/v7e-m+fp/hard\libg.a(libc_a-impure.o)
 .ARM.attributes
                0x0000040e       0x34 C:/PROGRA~2/ARMGNU~1/133167~1.3RE/bin/../lib/gcc/arm-none-eabi/13.3.1/thumb/v7e-m+fp/hard\libg.a(libc_a-strcpy.o)
 .ARM.attributes
                0x00000442       0x1c C:/PROGRA~2/ARMGNU~1/133167~1.3RE/bin/../lib/gcc/arm-none-eabi/13.3.1/thumb/v7e-m+fp/hard\libg.a(libc_a-strlen.o)
 .ARM.attributes
                0x0000045e       0x34 C:/PROGRA~2/ARMGNU~1/133167~1.3RE/bin/../lib/gcc/arm-none-eabi/13.3.1/thumb/v7e-m+fp/hard\libg.a(libc_a-findfp.o)
 .ARM.attributes
                0x00000492       0x34 C:/PROGRA~2/ARMGNU~1/133167~1.3RE/bin/../lib/gcc/arm-none-eabi/13.3.1/thumb/v7e-m+fp/hard\libm.a(libm_a-wf_atan2.o)
 .ARM.attributes
                0x000004c6       0x34 C:/PROGRA~2/ARMGNU~1/133167~1.3RE/bin/../lib/gcc/arm-none-eabi/13.3.1/thumb/v7e-m+fp/hard\libm.a(libm_a-sf_cos.o)
 .ARM.attributes
                0x000004fa       0x34 C:/PROGRA~2/ARMGNU~1/133167~1.3RE/bin/../lib/gcc/arm-none-eabi/13.3.1/thumb/v7e-m+fp/hard\libm.a(libm_a-sf_fabs.o)
 .ARM.attributes
                0x0000052e       0x34 C:/PROGRA~2/ARMGNU~1/133167~1.3RE/bin/../lib/gcc/arm-none-eabi/13.3.1/thumb/v7e-m+fp/hard\libm.a(libm_a-sf_sin.o)
 .ARM.attributes
                0x00000562       0x34 C:/PROGRA~2/ARMGNU~1/133167~1.3RE/bin/../lib/gcc/arm-none-eabi/13.3.1/thumb/v7e-m+fp/hard\libm.a(libm_a-sf_tan.o)
 .ARM.attributes
                0x00000596       0x34 C:/PROGRA~2/ARMGNU~1/133167~1.3RE/bin/../lib/gcc/arm-none-eabi/13.3.1/thumb/v7e-m+fp/hard\libm.a(libm_a-s_ceil.o)
 .ARM.attributes
                0x000005ca       0x34 C:/PROGRA~2/ARMGNU~1/133167~1.3RE/bin/../lib/gcc/arm-none-eabi/13.3.1/thumb/v7e-m+fp/hard\libm.a(libm_a-kf_cos.o)
 .ARM.attributes
                0x000005fe       0x34 C:/PROGRA~2/ARMGNU~1/133167~1.3RE/bin/../lib/gcc/arm-none-eabi/13.3.1/thumb/v7e-m+fp/hard\libm.a(libm_a-kf_sin.o)
 .ARM.attributes
                0x00000632       0x34 C:/PROGRA~2/ARMGNU~1/133167~1.3RE/bin/../lib/gcc/arm-none-eabi/13.3.1/thumb/v7e-m+fp/hard\libm.a(libm_a-kf_tan.o)
 .ARM.attributes
                0x00000666       0x34 C:/PROGRA~2/ARMGNU~1/133167~1.3RE/bin/../lib/gcc/arm-none-eabi/13.3.1/thumb/v7e-m+fp/hard\libm.a(libm_a-ef_atan2.o)
 .ARM.attributes
                0x0000069a       0x34 C:/PROGRA~2/ARMGNU~1/133167~1.3RE/bin/../lib/gcc/arm-none-eabi/13.3.1/thumb/v7e-m+fp/hard\libm.a(libm_a-ef_rem_pio2.o)
 .ARM.attributes
                0x000006ce       0x34 C:/PROGRA~2/ARMGNU~1/133167~1.3RE/bin/../lib/gcc/arm-none-eabi/13.3.1/thumb/v7e-m+fp/hard\libm.a(libm_a-sf_atan.o)
 .ARM.attributes
                0x00000702       0x34 C:/PROGRA~2/ARMGNU~1/133167~1.3RE/bin/../lib/gcc/arm-none-eabi/13.3.1/thumb/v7e-m+fp/hard\libm.a(libm_a-kf_rem_pio2.o)
 .ARM.attributes
                0x00000736       0x34 C:/PROGRA~2/ARMGNU~1/133167~1.3RE/bin/../lib/gcc/arm-none-eabi/13.3.1/thumb/v7e-m+fp/hard\libm.a(libm_a-sf_scalbn.o)
 .ARM.attributes
                0x0000076a       0x34 C:/PROGRA~2/ARMGNU~1/133167~1.3RE/bin/../lib/gcc/arm-none-eabi/13.3.1/thumb/v7e-m+fp/hard\libm.a(libm_a-sf_floor.o)
 .ARM.attributes
                0x0000079e       0x22 C:/PROGRA~2/ARMGNU~1/133167~1.3RE/bin/../lib/gcc/arm-none-eabi/13.3.1/thumb/v7e-m+fp/hard\libgcc.a(_arm_cmpdf2.o)

.debug_frame    0x00000000     0x1854
 .debug_frame   0x00000000      0x6b8 CMakeFiles\ddd.dir\src\main.c.obj
 .debug_frame   0x000006b8      0x644 CMakeFiles\ddd.dir\engine\3dmath.c.obj
 .debug_frame   0x00000cfc       0x38 CMakeFiles\ddd.dir\engine\actor.c.obj
 .debug_frame   0x00000d34       0xc0 CMakeFiles\ddd.dir\engine\camera.c.obj
 .debug_frame   0x00000df4       0x2c CMakeFiles\ddd.dir\engine\fsm.c.obj
 .debug_frame   0x00000e20      0x1e8 CMakeFiles\ddd.dir\engine\render.c.obj
 .debug_frame   0x00001008       0x3c CMakeFiles\ddd.dir\engine\scene.c.obj
 .debug_frame   0x00001044       0x28 CMakeFiles\ddd.dir\engine\symbols.c.obj
 .debug_frame   0x0000106c       0x5c CMakeFiles\ddd.dir\C_\Users\shrin\Documents\PlaydateSDK\C_API\buildsupport\setup.c.obj
 .debug_frame   0x000010c8       0xac C:/PROGRA~2/ARMGNU~1/133167~1.3RE/bin/../lib/gcc/arm-none-eabi/13.3.1/thumb/v7e-m+fp/hard\libgcc.a(_arm_addsubdf3.o)
 .debug_frame   0x00001174       0x24 C:/PROGRA~2/ARMGNU~1/133167~1.3RE/bin/../lib/gcc/arm-none-eabi/13.3.1/thumb/v7e-m+fp/hard\libgcc.a(_arm_fixdfsi.o)
 .debug_frame   0x00001198       0x24 C:/PROGRA~2/ARMGNU~1/133167~1.3RE/bin/../lib/gcc/arm-none-eabi/13.3.1/thumb/v7e-m+fp/hard\libgcc.a(_arm_truncdfsf2.o)
 .debug_frame   0x000011bc       0x40 C:/PROGRA~2/ARMGNU~1/133167~1.3RE/bin/../lib/gcc/arm-none-eabi/13.3.1/thumb/v7e-m+fp/hard\libg.a(libc_a-itoa.o)
 .debug_frame   0x000011fc       0x30 C:/PROGRA~2/ARMGNU~1/133167~1.3RE/bin/../lib/gcc/arm-none-eabi/13.3.1/thumb/v7e-m+fp/hard\libg.a(libc_a-malloc.o)
 .debug_frame   0x0000122c       0x3c C:/PROGRA~2/ARMGNU~1/133167~1.3RE/bin/../lib/gcc/arm-none-eabi/13.3.1/thumb/v7e-m+fp/hard\libg.a(libc_a-rand.o)
 .debug_frame   0x00001268       0x4c C:/PROGRA~2/ARMGNU~1/133167~1.3RE/bin/../lib/gcc/arm-none-eabi/13.3.1/thumb/v7e-m+fp/hard\libg.a(libc_a-utoa.o)
 .debug_frame   0x000012b4       0x44 C:/PROGRA~2/ARMGNU~1/133167~1.3RE/bin/../lib/gcc/arm-none-eabi/13.3.1/thumb/v7e-m+fp/hard\libg.a(libc_a-qsort.o)
 .debug_frame   0x000012f8       0x40 C:/PROGRA~2/ARMGNU~1/133167~1.3RE/bin/../lib/gcc/arm-none-eabi/13.3.1/thumb/v7e-m+fp/hard\libg.a(libc_a-memmove.o)
 .debug_frame   0x00001338       0x2c C:/PROGRA~2/ARMGNU~1/133167~1.3RE/bin/../lib/gcc/arm-none-eabi/13.3.1/thumb/v7e-m+fp/hard\libg.a(libc_a-memset.o)
 .debug_frame   0x00001364       0x20 C:/PROGRA~2/ARMGNU~1/133167~1.3RE/bin/../lib/gcc/arm-none-eabi/13.3.1/thumb/v7e-m+fp/hard\libg.a(libc_a-stpcpy.o)
 .debug_frame   0x00001384       0x20 C:/PROGRA~2/ARMGNU~1/133167~1.3RE/bin/../lib/gcc/arm-none-eabi/13.3.1/thumb/v7e-m+fp/hard\libg.a(libc_a-strcpy.o)
 .debug_frame   0x000013a4      0x13c C:/PROGRA~2/ARMGNU~1/133167~1.3RE/bin/../lib/gcc/arm-none-eabi/13.3.1/thumb/v7e-m+fp/hard\libg.a(libc_a-findfp.o)
 .debug_frame   0x000014e0       0x20 C:/PROGRA~2/ARMGNU~1/133167~1.3RE/bin/../lib/gcc/arm-none-eabi/13.3.1/thumb/v7e-m+fp/hard\libm.a(libm_a-wf_atan2.o)
 .debug_frame   0x00001500       0x34 C:/PROGRA~2/ARMGNU~1/133167~1.3RE/bin/../lib/gcc/arm-none-eabi/13.3.1/thumb/v7e-m+fp/hard\libm.a(libm_a-sf_cos.o)
 .debug_frame   0x00001534       0x20 C:/PROGRA~2/ARMGNU~1/133167~1.3RE/bin/../lib/gcc/arm-none-eabi/13.3.1/thumb/v7e-m+fp/hard\libm.a(libm_a-sf_fabs.o)
 .debug_frame   0x00001554       0x34 C:/PROGRA~2/ARMGNU~1/133167~1.3RE/bin/../lib/gcc/arm-none-eabi/13.3.1/thumb/v7e-m+fp/hard\libm.a(libm_a-sf_sin.o)
 .debug_frame   0x00001588       0x30 C:/PROGRA~2/ARMGNU~1/133167~1.3RE/bin/../lib/gcc/arm-none-eabi/13.3.1/thumb/v7e-m+fp/hard\libm.a(libm_a-sf_tan.o)
 .debug_frame   0x000015b8       0x30 C:/PROGRA~2/ARMGNU~1/133167~1.3RE/bin/../lib/gcc/arm-none-eabi/13.3.1/thumb/v7e-m+fp/hard\libm.a(libm_a-s_ceil.o)
 .debug_frame   0x000015e8       0x20 C:/PROGRA~2/ARMGNU~1/133167~1.3RE/bin/../lib/gcc/arm-none-eabi/13.3.1/thumb/v7e-m+fp/hard\libm.a(libm_a-kf_cos.o)
 .debug_frame   0x00001608       0x20 C:/PROGRA~2/ARMGNU~1/133167~1.3RE/bin/../lib/gcc/arm-none-eabi/13.3.1/thumb/v7e-m+fp/hard\libm.a(libm_a-kf_sin.o)
 .debug_frame   0x00001628       0x28 C:/PROGRA~2/ARMGNU~1/133167~1.3RE/bin/../lib/gcc/arm-none-eabi/13.3.1/thumb/v7e-m+fp/hard\libm.a(libm_a-kf_tan.o)
 .debug_frame   0x00001650       0x44 C:/PROGRA~2/ARMGNU~1/133167~1.3RE/bin/../lib/gcc/arm-none-eabi/13.3.1/thumb/v7e-m+fp/hard\libm.a(libm_a-ef_atan2.o)
 .debug_frame   0x00001694       0x34 C:/PROGRA~2/ARMGNU~1/133167~1.3RE/bin/../lib/gcc/arm-none-eabi/13.3.1/thumb/v7e-m+fp/hard\libm.a(libm_a-ef_rem_pio2.o)
 .debug_frame   0x000016c8       0x2c C:/PROGRA~2/ARMGNU~1/133167~1.3RE/bin/../lib/gcc/arm-none-eabi/13.3.1/thumb/v7e-m+fp/hard\libm.a(libm_a-sf_atan.o)
 .debug_frame   0x000016f4       0x5c C:/PROGRA~2/ARMGNU~1/133167~1.3RE/bin/../lib/gcc/arm-none-eabi/13.3.1/thumb/v7e-m+fp/hard\libm.a(libm_a-kf_rem_pio2.o)
 .debug_frame   0x00001750       0x20 C:/PROGRA~2/ARMGNU~1/133167~1.3RE/bin/../lib/gcc/arm-none-eabi/13.3.1/thumb/v7e-m+fp/hard\libm.a(libm_a-sf_scalbn.o)
 .debug_frame   0x00001770       0x20 C:/PROGRA~2/ARMGNU~1/133167~1.3RE/bin/../lib/gcc/arm-none-eabi/13.3.1/thumb/v7e-m+fp/hard\libm.a(libm_a-sf_floor.o)
 .debug_frame   0x00001790       0xc4 C:/PROGRA~2/ARMGNU~1/133167~1.3RE/bin/../lib/gcc/arm-none-eabi/13.3.1/thumb/v7e-m+fp/hard\libgcc.a(_arm_cmpdf2.o)

.debug_line_str
                0x00000000      0x1b0
 .debug_line_str
                0x00000000      0x1b0 C:/PROGRA~2/ARMGNU~1/13C7F1~1.2RE/bin/../lib/gcc/arm-none-eabi/13.2.1/thumb/v7e-m+fp/hard\libgcc.a(_arm_addsubdf3.o)
                                 0xce (size before relaxing)
 .debug_line_str
                0x000001b0       0xce C:/PROGRA~2/ARMGNU~1/13C7F1~1.2RE/bin/../lib/gcc/arm-none-eabi/13.2.1/thumb/v7e-m+fp/hard\libgcc.a(_arm_fixdfsi.o)
 .debug_line_str
                0x000001b0       0xce C:/PROGRA~2/ARMGNU~1/13C7F1~1.2RE/bin/../lib/gcc/arm-none-eabi/13.2.1/thumb/v7e-m+fp/hard\libgcc.a(_arm_truncdfsf2.o)
 .debug_line_str
                0x000001b0       0xe2 C:/PROGRA~2/ARMGNU~1/13C7F1~1.2RE/bin/../lib/gcc/arm-none-eabi/13.2.1/thumb/v7e-m+fp/hard\libg.a(libc_a-strlen.o)
 .debug_line_str
                0x000001b0       0xce C:/PROGRA~2/ARMGNU~1/13C7F1~1.2RE/bin/../lib/gcc/arm-none-eabi/13.2.1/thumb/v7e-m+fp/hard\libgcc.a(_arm_cmpdf2.o)

Cross Reference Table

Symbol                                            File
ActiveCamera                                      CMakeFiles\ddd.dir\src\main.c.obj
ActiveLure                                        CMakeFiles\ddd.dir\src\main.c.obj
ActiveScene                                       CMakeFiles\ddd.dir\src\main.c.obj
Actor_drawMesh                                    CMakeFiles\ddd.dir\engine\render.c.obj
                                                  CMakeFiles\ddd.dir\src\main.c.obj
Actor_updateTransform                             CMakeFiles\ddd.dir\engine\actor.c.obj
                                                  CMakeFiles\ddd.dir\engine\scene.c.obj
Camera_getProjectionMatrix                        CMakeFiles\ddd.dir\engine\camera.c.obj
                                                  CMakeFiles\ddd.dir\src\main.c.obj
Camera_getRotationMatrix                          CMakeFiles\ddd.dir\engine\camera.c.obj
                                                  CMakeFiles\ddd.dir\src\main.c.obj
Camera_worldToScreenPos                           CMakeFiles\ddd.dir\engine\camera.c.obj
                                                  CMakeFiles\ddd.dir\engine\render.c.obj
DELTA_TIME                                        CMakeFiles\ddd.dir\src\main.c.obj
                                                  CMakeFiles\ddd.dir\engine\camera.c.obj
DebugScene                                        CMakeFiles\ddd.dir\src\main.c.obj
DefaultLure                                       CMakeFiles\ddd.dir\src\main.c.obj
DefaultScene                                      CMakeFiles\ddd.dir\src\main.c.obj
DefaultView                                       CMakeFiles\ddd.dir\src\main.c.obj
FONT_MONTSERRAT_BLACK_24                          CMakeFiles\ddd.dir\src\main.c.obj
FONT_MONTSERRAT_BLACK_ITALIC_24                   CMakeFiles\ddd.dir\src\main.c.obj
FONT_MONTSERRAT_BOLD_14                           CMakeFiles\ddd.dir\src\main.c.obj
FishingScene                                      CMakeFiles\ddd.dir\src\main.c.obj
GLOBAL_ORIGIN                                     CMakeFiles\ddd.dir\src\main.c.obj
GLOBAL_UNIT                                       CMakeFiles\ddd.dir\src\main.c.obj
GLOBAL_UP                                         CMakeFiles\ddd.dir\src\main.c.obj
Gradient_init                                     CMakeFiles\ddd.dir\src\main.c.obj
Gradient_sample                                   CMakeFiles\ddd.dir\src\main.c.obj
Gradient_tick                                     CMakeFiles\ddd.dir\src\main.c.obj
Grid512Long                                       CMakeFiles\ddd.dir\src\main.c.obj
LakeView                                          CMakeFiles\ddd.dir\src\main.c.obj
Line_worldDraw                                    CMakeFiles\ddd.dir\engine\render.c.obj
LookTarget_setTarget                              CMakeFiles\ddd.dir\engine\camera.c.obj
                                                  CMakeFiles\ddd.dir\src\main.c.obj
LookTarget_tick                                   CMakeFiles\ddd.dir\engine\camera.c.obj
                                                  CMakeFiles\ddd.dir\engine\scene.c.obj
                                                  CMakeFiles\ddd.dir\src\main.c.obj
Matrix3_add                                       CMakeFiles\ddd.dir\engine\3dmath.c.obj
Matrix3_apply                                     CMakeFiles\ddd.dir\engine\3dmath.c.obj
                                                  CMakeFiles\ddd.dir\engine\render.c.obj
Matrix3_fromQuaternion                            CMakeFiles\ddd.dir\engine\3dmath.c.obj
Matrix3_getRotationX                              CMakeFiles\ddd.dir\engine\3dmath.c.obj
                                                  CMakeFiles\ddd.dir\engine\camera.c.obj
Matrix3_getRotationY                              CMakeFiles\ddd.dir\engine\3dmath.c.obj
                                                  CMakeFiles\ddd.dir\engine\camera.c.obj
Matrix3_getRotationZ                              CMakeFiles\ddd.dir\engine\3dmath.c.obj
                                                  CMakeFiles\ddd.dir\engine\camera.c.obj
Matrix3_lerp                                      CMakeFiles\ddd.dir\engine\3dmath.c.obj
Matrix3_lookAt                                    CMakeFiles\ddd.dir\engine\3dmath.c.obj
                                                  CMakeFiles\ddd.dir\engine\actor.c.obj
                                                  CMakeFiles\ddd.dir\src\main.c.obj
Matrix3_multiply                                  CMakeFiles\ddd.dir\engine\3dmath.c.obj
                                                  CMakeFiles\ddd.dir\engine\camera.c.obj
Matrix3_multiplyScalar                            CMakeFiles\ddd.dir\engine\3dmath.c.obj
Matrix3_rotationFromAngles                        CMakeFiles\ddd.dir\engine\3dmath.c.obj
Matrix4_apply                                     CMakeFiles\ddd.dir\engine\3dmath.c.obj
                                                  CMakeFiles\ddd.dir\engine\render.c.obj
                                                  CMakeFiles\ddd.dir\engine\camera.c.obj
Matrix4_from3                                     CMakeFiles\ddd.dir\engine\3dmath.c.obj
Matrix4_getMatrixTransform                        CMakeFiles\ddd.dir\engine\3dmath.c.obj
                                                  CMakeFiles\ddd.dir\engine\actor.c.obj
Matrix4_getQuaternionTransform                    CMakeFiles\ddd.dir\engine\3dmath.c.obj
                                                  CMakeFiles\ddd.dir\engine\actor.c.obj
Matrix4_getTransform                              CMakeFiles\ddd.dir\engine\3dmath.c.obj
Matrix4_multiply                                  CMakeFiles\ddd.dir\engine\3dmath.c.obj
PTR_Camera_worldToScreenPos                       CMakeFiles\ddd.dir\engine\camera.c.obj
                                                  CMakeFiles\ddd.dir\engine\render.c.obj
PTR_Matrix3_apply                                 CMakeFiles\ddd.dir\engine\3dmath.c.obj
                                                  CMakeFiles\ddd.dir\engine\render.c.obj
PTR_Matrix4_apply                                 CMakeFiles\ddd.dir\engine\3dmath.c.obj
                                                  CMakeFiles\ddd.dir\engine\camera.c.obj
Quaternion_LookAt                                 CMakeFiles\ddd.dir\engine\3dmath.c.obj
Quaternion_fromAngleAxis                          CMakeFiles\ddd.dir\engine\3dmath.c.obj
Quaternion_fromVector3                            CMakeFiles\ddd.dir\engine\3dmath.c.obj
                                                  CMakeFiles\ddd.dir\engine\actor.c.obj
Quaternion_normalize                              CMakeFiles\ddd.dir\engine\3dmath.c.obj
SINE_GRADIENT                                     CMakeFiles\ddd.dir\src\main.c.obj
SINE_GRADIENT_OFFSET                              CMakeFiles\ddd.dir\src\main.c.obj
Scene_update                                      CMakeFiles\ddd.dir\engine\scene.c.obj
                                                  CMakeFiles\ddd.dir\src\main.c.obj
TICKER_FONT                                       CMakeFiles\ddd.dir\src\main.c.obj
TICKER_SPEED                                      CMakeFiles\ddd.dir\src\main.c.obj
TICK_LASTCRANKREADING                             CMakeFiles\ddd.dir\src\main.c.obj
TIME_SCALE                                        CMakeFiles\ddd.dir\src\main.c.obj
UnderwaterView                                    CMakeFiles\ddd.dir\src\main.c.obj
Vector3_add                                       CMakeFiles\ddd.dir\engine\3dmath.c.obj
                                                  CMakeFiles\ddd.dir\src\main.c.obj
Vector3_applyQuaternion                           CMakeFiles\ddd.dir\engine\3dmath.c.obj
Vector3_cross                                     CMakeFiles\ddd.dir\engine\3dmath.c.obj
Vector3_dot                                       CMakeFiles\ddd.dir\engine\3dmath.c.obj
                                                  CMakeFiles\ddd.dir\engine\render.c.obj
Vector3_fromQuaternion                            CMakeFiles\ddd.dir\engine\3dmath.c.obj
Vector3_getForward                                CMakeFiles\ddd.dir\engine\3dmath.c.obj
                                                  CMakeFiles\ddd.dir\src\main.c.obj
Vector3_getLeft                                   CMakeFiles\ddd.dir\engine\3dmath.c.obj
                                                  CMakeFiles\ddd.dir\src\main.c.obj
Vector3_getUp                                     CMakeFiles\ddd.dir\engine\3dmath.c.obj
                                                  CMakeFiles\ddd.dir\src\main.c.obj
Vector3_length                                    CMakeFiles\ddd.dir\engine\3dmath.c.obj
                                                  CMakeFiles\ddd.dir\engine\render.c.obj
Vector3_lengthSquared                             CMakeFiles\ddd.dir\engine\3dmath.c.obj
                                                  CMakeFiles\ddd.dir\src\main.c.obj
Vector3_lerp                                      CMakeFiles\ddd.dir\engine\3dmath.c.obj
                                                  CMakeFiles\ddd.dir\engine\camera.c.obj
Vector3_make                                      CMakeFiles\ddd.dir\engine\symbols.c.obj
                                                  CMakeFiles\ddd.dir\engine\3dmath.c.obj
Vector3_multiply                                  CMakeFiles\ddd.dir\engine\3dmath.c.obj
Vector3_multiplyScalar                            CMakeFiles\ddd.dir\engine\3dmath.c.obj
                                                  CMakeFiles\ddd.dir\src\main.c.obj
Vector3_normalize                                 CMakeFiles\ddd.dir\engine\3dmath.c.obj
                                                  CMakeFiles\ddd.dir\engine\actor.c.obj
                                                  CMakeFiles\ddd.dir\src\main.c.obj
Vector3_subtract                                  CMakeFiles\ddd.dir\engine\3dmath.c.obj
                                                  CMakeFiles\ddd.dir\engine\render.c.obj
                                                  CMakeFiles\ddd.dir\engine\actor.c.obj
                                                  CMakeFiles\ddd.dir\src\main.c.obj
YPlane_render                                     CMakeFiles\ddd.dir\engine\render.c.obj
                                                  CMakeFiles\ddd.dir\src\main.c.obj
__adddf3                                          C:/PROGRA~2/ARMGNU~1/13C7F1~1.2RE/bin/../lib/gcc/arm-none-eabi/13.2.1/thumb/v7e-m+fp/hard\libgcc.a(_arm_addsubdf3.o)
__aeabi_cdcmpeq                                   C:/PROGRA~2/ARMGNU~1/13C7F1~1.2RE/bin/../lib/gcc/arm-none-eabi/13.2.1/thumb/v7e-m+fp/hard\libgcc.a(_arm_cmpdf2.o)
__aeabi_cdcmple                                   C:/PROGRA~2/ARMGNU~1/13C7F1~1.2RE/bin/../lib/gcc/arm-none-eabi/13.2.1/thumb/v7e-m+fp/hard\libgcc.a(_arm_cmpdf2.o)
__aeabi_cdrcmple                                  C:/PROGRA~2/ARMGNU~1/13C7F1~1.2RE/bin/../lib/gcc/arm-none-eabi/13.2.1/thumb/v7e-m+fp/hard\libgcc.a(_arm_cmpdf2.o)
__aeabi_d2f                                       C:/PROGRA~2/ARMGNU~1/13C7F1~1.2RE/bin/../lib/gcc/arm-none-eabi/13.2.1/thumb/v7e-m+fp/hard\libgcc.a(_arm_truncdfsf2.o)
                                                  CMakeFiles\ddd.dir\engine\3dmath.c.obj
                                                  CMakeFiles\ddd.dir\src\main.c.obj
__aeabi_d2iz                                      C:/PROGRA~2/ARMGNU~1/13C7F1~1.2RE/bin/../lib/gcc/arm-none-eabi/13.2.1/thumb/v7e-m+fp/hard\libgcc.a(_arm_fixdfsi.o)
                                                  CMakeFiles\ddd.dir\src\main.c.obj
__aeabi_dadd                                      C:/PROGRA~2/ARMGNU~1/13C7F1~1.2RE/bin/../lib/gcc/arm-none-eabi/13.2.1/thumb/v7e-m+fp/hard\libgcc.a(_arm_addsubdf3.o)
                                                  C:/PROGRA~2/ARMGNU~1/13C7F1~1.2RE/bin/../lib/gcc/arm-none-eabi/13.2.1/thumb/v7e-m+fp/hard\libm.a(libm_a-s_ceil.o)
                                                  CMakeFiles\ddd.dir\src\main.c.obj
__aeabi_dcmpeq                                    C:/PROGRA~2/ARMGNU~1/13C7F1~1.2RE/bin/../lib/gcc/arm-none-eabi/13.2.1/thumb/v7e-m+fp/hard\libgcc.a(_arm_cmpdf2.o)
__aeabi_dcmpge                                    C:/PROGRA~2/ARMGNU~1/13C7F1~1.2RE/bin/../lib/gcc/arm-none-eabi/13.2.1/thumb/v7e-m+fp/hard\libgcc.a(_arm_cmpdf2.o)
__aeabi_dcmpgt                                    C:/PROGRA~2/ARMGNU~1/13C7F1~1.2RE/bin/../lib/gcc/arm-none-eabi/13.2.1/thumb/v7e-m+fp/hard\libgcc.a(_arm_cmpdf2.o)
                                                  C:/PROGRA~2/ARMGNU~1/13C7F1~1.2RE/bin/../lib/gcc/arm-none-eabi/13.2.1/thumb/v7e-m+fp/hard\libm.a(libm_a-s_ceil.o)
__aeabi_dcmple                                    C:/PROGRA~2/ARMGNU~1/13C7F1~1.2RE/bin/../lib/gcc/arm-none-eabi/13.2.1/thumb/v7e-m+fp/hard\libgcc.a(_arm_cmpdf2.o)
__aeabi_dcmplt                                    C:/PROGRA~2/ARMGNU~1/13C7F1~1.2RE/bin/../lib/gcc/arm-none-eabi/13.2.1/thumb/v7e-m+fp/hard\libgcc.a(_arm_cmpdf2.o)
__aeabi_drsub                                     C:/PROGRA~2/ARMGNU~1/13C7F1~1.2RE/bin/../lib/gcc/arm-none-eabi/13.2.1/thumb/v7e-m+fp/hard\libgcc.a(_arm_addsubdf3.o)
__aeabi_dsub                                      C:/PROGRA~2/ARMGNU~1/13C7F1~1.2RE/bin/../lib/gcc/arm-none-eabi/13.2.1/thumb/v7e-m+fp/hard\libgcc.a(_arm_addsubdf3.o)
                                                  CMakeFiles\ddd.dir\engine\3dmath.c.obj
                                                  CMakeFiles\ddd.dir\src\main.c.obj
__aeabi_f2d                                       C:/PROGRA~2/ARMGNU~1/13C7F1~1.2RE/bin/../lib/gcc/arm-none-eabi/13.2.1/thumb/v7e-m+fp/hard\libgcc.a(_arm_addsubdf3.o)
                                                  CMakeFiles\ddd.dir\engine\3dmath.c.obj
                                                  CMakeFiles\ddd.dir\src\main.c.obj
__aeabi_i2d                                       C:/PROGRA~2/ARMGNU~1/13C7F1~1.2RE/bin/../lib/gcc/arm-none-eabi/13.2.1/thumb/v7e-m+fp/hard\libgcc.a(_arm_addsubdf3.o)
__aeabi_l2d                                       C:/PROGRA~2/ARMGNU~1/13C7F1~1.2RE/bin/../lib/gcc/arm-none-eabi/13.2.1/thumb/v7e-m+fp/hard\libgcc.a(_arm_addsubdf3.o)
__aeabi_ui2d                                      C:/PROGRA~2/ARMGNU~1/13C7F1~1.2RE/bin/../lib/gcc/arm-none-eabi/13.2.1/thumb/v7e-m+fp/hard\libgcc.a(_arm_addsubdf3.o)
__aeabi_ul2d                                      C:/PROGRA~2/ARMGNU~1/13C7F1~1.2RE/bin/../lib/gcc/arm-none-eabi/13.2.1/thumb/v7e-m+fp/hard\libgcc.a(_arm_addsubdf3.o)
__cmpdf2                                          C:/PROGRA~2/ARMGNU~1/13C7F1~1.2RE/bin/../lib/gcc/arm-none-eabi/13.2.1/thumb/v7e-m+fp/hard\libgcc.a(_arm_cmpdf2.o)
__eqdf2                                           C:/PROGRA~2/ARMGNU~1/13C7F1~1.2RE/bin/../lib/gcc/arm-none-eabi/13.2.1/thumb/v7e-m+fp/hard\libgcc.a(_arm_cmpdf2.o)
__errno                                           C:/PROGRA~2/ARMGNU~1/13C7F1~1.2RE/bin/../lib/gcc/arm-none-eabi/13.2.1/thumb/v7e-m+fp/hard\libc.a(libc_a-errno.o)
                                                  C:/PROGRA~2/ARMGNU~1/13C7F1~1.2RE/bin/../lib/gcc/arm-none-eabi/13.2.1/thumb/v7e-m+fp/hard\libm.a(libm_a-wf_sqrt.o)
                                                  C:/PROGRA~2/ARMGNU~1/13C7F1~1.2RE/bin/../lib/gcc/arm-none-eabi/13.2.1/thumb/v7e-m+fp/hard\libm.a(libm_a-wf_acos.o)
__extendsfdf2                                     C:/PROGRA~2/ARMGNU~1/13C7F1~1.2RE/bin/../lib/gcc/arm-none-eabi/13.2.1/thumb/v7e-m+fp/hard\libgcc.a(_arm_addsubdf3.o)
__fixdfsi                                         C:/PROGRA~2/ARMGNU~1/13C7F1~1.2RE/bin/../lib/gcc/arm-none-eabi/13.2.1/thumb/v7e-m+fp/hard\libgcc.a(_arm_fixdfsi.o)
__floatdidf                                       C:/PROGRA~2/ARMGNU~1/13C7F1~1.2RE/bin/../lib/gcc/arm-none-eabi/13.2.1/thumb/v7e-m+fp/hard\libgcc.a(_arm_addsubdf3.o)
__floatsidf                                       C:/PROGRA~2/ARMGNU~1/13C7F1~1.2RE/bin/../lib/gcc/arm-none-eabi/13.2.1/thumb/v7e-m+fp/hard\libgcc.a(_arm_addsubdf3.o)
__floatundidf                                     C:/PROGRA~2/ARMGNU~1/13C7F1~1.2RE/bin/../lib/gcc/arm-none-eabi/13.2.1/thumb/v7e-m+fp/hard\libgcc.a(_arm_addsubdf3.o)
__floatunsidf                                     C:/PROGRA~2/ARMGNU~1/13C7F1~1.2RE/bin/../lib/gcc/arm-none-eabi/13.2.1/thumb/v7e-m+fp/hard\libgcc.a(_arm_addsubdf3.o)
__fp_lock_all                                     C:/PROGRA~2/ARMGNU~1/13C7F1~1.2RE/bin/../lib/gcc/arm-none-eabi/13.2.1/thumb/v7e-m+fp/hard\libg.a(libc_a-findfp.o)
__fp_unlock_all                                   C:/PROGRA~2/ARMGNU~1/13C7F1~1.2RE/bin/../lib/gcc/arm-none-eabi/13.2.1/thumb/v7e-m+fp/hard\libg.a(libc_a-findfp.o)
__gedf2                                           C:/PROGRA~2/ARMGNU~1/13C7F1~1.2RE/bin/../lib/gcc/arm-none-eabi/13.2.1/thumb/v7e-m+fp/hard\libgcc.a(_arm_cmpdf2.o)
__gtdf2                                           C:/PROGRA~2/ARMGNU~1/13C7F1~1.2RE/bin/../lib/gcc/arm-none-eabi/13.2.1/thumb/v7e-m+fp/hard\libgcc.a(_arm_cmpdf2.o)
__ieee754_acosf                                   C:/PROGRA~2/ARMGNU~1/13C7F1~1.2RE/bin/../lib/gcc/arm-none-eabi/13.2.1/thumb/v7e-m+fp/hard\libm.a(libm_a-ef_acos.o)
                                                  C:/PROGRA~2/ARMGNU~1/13C7F1~1.2RE/bin/../lib/gcc/arm-none-eabi/13.2.1/thumb/v7e-m+fp/hard\libm.a(libm_a-wf_acos.o)
__ieee754_atan2f                                  C:/PROGRA~2/ARMGNU~1/13C7F1~1.2RE/bin/../lib/gcc/arm-none-eabi/13.2.1/thumb/v7e-m+fp/hard\libm.a(libm_a-ef_atan2.o)
                                                  C:/PROGRA~2/ARMGNU~1/13C7F1~1.2RE/bin/../lib/gcc/arm-none-eabi/13.2.1/thumb/v7e-m+fp/hard\libm.a(libm_a-wf_atan2.o)
__ieee754_rem_pio2f                               C:/PROGRA~2/ARMGNU~1/13C7F1~1.2RE/bin/../lib/gcc/arm-none-eabi/13.2.1/thumb/v7e-m+fp/hard\libm.a(libm_a-ef_rem_pio2.o)
                                                  C:/PROGRA~2/ARMGNU~1/13C7F1~1.2RE/bin/../lib/gcc/arm-none-eabi/13.2.1/thumb/v7e-m+fp/hard\libm.a(libm_a-sf_tan.o)
                                                  C:/PROGRA~2/ARMGNU~1/13C7F1~1.2RE/bin/../lib/gcc/arm-none-eabi/13.2.1/thumb/v7e-m+fp/hard\libm.a(libm_a-sf_sin.o)
                                                  C:/PROGRA~2/ARMGNU~1/13C7F1~1.2RE/bin/../lib/gcc/arm-none-eabi/13.2.1/thumb/v7e-m+fp/hard\libm.a(libm_a-sf_cos.o)
__ieee754_sqrtf                                   C:/PROGRA~2/ARMGNU~1/13C7F1~1.2RE/bin/../lib/gcc/arm-none-eabi/13.2.1/thumb/v7e-m+fp/hard\libm.a(libm_a-ef_sqrt.o)
                                                  C:/PROGRA~2/ARMGNU~1/13C7F1~1.2RE/bin/../lib/gcc/arm-none-eabi/13.2.1/thumb/v7e-m+fp/hard\libm.a(libm_a-ef_acos.o)
                                                  C:/PROGRA~2/ARMGNU~1/13C7F1~1.2RE/bin/../lib/gcc/arm-none-eabi/13.2.1/thumb/v7e-m+fp/hard\libm.a(libm_a-wf_sqrt.o)
__itoa                                            C:/PROGRA~2/ARMGNU~1/13C7F1~1.2RE/bin/../lib/gcc/arm-none-eabi/13.2.1/thumb/v7e-m+fp/hard\libg.a(libc_a-itoa.o)
__kernel_cosf                                     C:/PROGRA~2/ARMGNU~1/13C7F1~1.2RE/bin/../lib/gcc/arm-none-eabi/13.2.1/thumb/v7e-m+fp/hard\libm.a(libm_a-kf_cos.o)
                                                  C:/PROGRA~2/ARMGNU~1/13C7F1~1.2RE/bin/../lib/gcc/arm-none-eabi/13.2.1/thumb/v7e-m+fp/hard\libm.a(libm_a-sf_sin.o)
                                                  C:/PROGRA~2/ARMGNU~1/13C7F1~1.2RE/bin/../lib/gcc/arm-none-eabi/13.2.1/thumb/v7e-m+fp/hard\libm.a(libm_a-sf_cos.o)
__kernel_rem_pio2f                                C:/PROGRA~2/ARMGNU~1/13C7F1~1.2RE/bin/../lib/gcc/arm-none-eabi/13.2.1/thumb/v7e-m+fp/hard\libm.a(libm_a-kf_rem_pio2.o)
                                                  C:/PROGRA~2/ARMGNU~1/13C7F1~1.2RE/bin/../lib/gcc/arm-none-eabi/13.2.1/thumb/v7e-m+fp/hard\libm.a(libm_a-ef_rem_pio2.o)
__kernel_sinf                                     C:/PROGRA~2/ARMGNU~1/13C7F1~1.2RE/bin/../lib/gcc/arm-none-eabi/13.2.1/thumb/v7e-m+fp/hard\libm.a(libm_a-kf_sin.o)
                                                  C:/PROGRA~2/ARMGNU~1/13C7F1~1.2RE/bin/../lib/gcc/arm-none-eabi/13.2.1/thumb/v7e-m+fp/hard\libm.a(libm_a-sf_sin.o)
                                                  C:/PROGRA~2/ARMGNU~1/13C7F1~1.2RE/bin/../lib/gcc/arm-none-eabi/13.2.1/thumb/v7e-m+fp/hard\libm.a(libm_a-sf_cos.o)
__kernel_tanf                                     C:/PROGRA~2/ARMGNU~1/13C7F1~1.2RE/bin/../lib/gcc/arm-none-eabi/13.2.1/thumb/v7e-m+fp/hard\libm.a(libm_a-kf_tan.o)
                                                  C:/PROGRA~2/ARMGNU~1/13C7F1~1.2RE/bin/../lib/gcc/arm-none-eabi/13.2.1/thumb/v7e-m+fp/hard\libm.a(libm_a-sf_tan.o)
__ledf2                                           C:/PROGRA~2/ARMGNU~1/13C7F1~1.2RE/bin/../lib/gcc/arm-none-eabi/13.2.1/thumb/v7e-m+fp/hard\libgcc.a(_arm_cmpdf2.o)
__lock___arc4random_mutex                         C:/PROGRA~2/ARMGNU~1/13C7F1~1.2RE/bin/../lib/gcc/arm-none-eabi/13.2.1/thumb/v7e-m+fp/hard\libg.a(libc_a-lock.o)
__lock___at_quick_exit_mutex                      C:/PROGRA~2/ARMGNU~1/13C7F1~1.2RE/bin/../lib/gcc/arm-none-eabi/13.2.1/thumb/v7e-m+fp/hard\libg.a(libc_a-lock.o)
__lock___atexit_recursive_mutex                   C:/PROGRA~2/ARMGNU~1/13C7F1~1.2RE/bin/../lib/gcc/arm-none-eabi/13.2.1/thumb/v7e-m+fp/hard\libg.a(libc_a-lock.o)
__lock___dd_hash_mutex                            C:/PROGRA~2/ARMGNU~1/13C7F1~1.2RE/bin/../lib/gcc/arm-none-eabi/13.2.1/thumb/v7e-m+fp/hard\libg.a(libc_a-lock.o)
__lock___env_recursive_mutex                      C:/PROGRA~2/ARMGNU~1/13C7F1~1.2RE/bin/../lib/gcc/arm-none-eabi/13.2.1/thumb/v7e-m+fp/hard\libg.a(libc_a-lock.o)
__lock___malloc_recursive_mutex                   C:/PROGRA~2/ARMGNU~1/13C7F1~1.2RE/bin/../lib/gcc/arm-none-eabi/13.2.1/thumb/v7e-m+fp/hard\libg.a(libc_a-lock.o)
__lock___sfp_recursive_mutex                      C:/PROGRA~2/ARMGNU~1/13C7F1~1.2RE/bin/../lib/gcc/arm-none-eabi/13.2.1/thumb/v7e-m+fp/hard\libg.a(libc_a-lock.o)
                                                  C:/PROGRA~2/ARMGNU~1/13C7F1~1.2RE/bin/../lib/gcc/arm-none-eabi/13.2.1/thumb/v7e-m+fp/hard\libg.a(libc_a-findfp.o)
__lock___tz_mutex                                 C:/PROGRA~2/ARMGNU~1/13C7F1~1.2RE/bin/../lib/gcc/arm-none-eabi/13.2.1/thumb/v7e-m+fp/hard\libg.a(libc_a-lock.o)
__ltdf2                                           C:/PROGRA~2/ARMGNU~1/13C7F1~1.2RE/bin/../lib/gcc/arm-none-eabi/13.2.1/thumb/v7e-m+fp/hard\libgcc.a(_arm_cmpdf2.o)
__nedf2                                           C:/PROGRA~2/ARMGNU~1/13C7F1~1.2RE/bin/../lib/gcc/arm-none-eabi/13.2.1/thumb/v7e-m+fp/hard\libgcc.a(_arm_cmpdf2.o)
__retarget_lock_acquire                           C:/PROGRA~2/ARMGNU~1/13C7F1~1.2RE/bin/../lib/gcc/arm-none-eabi/13.2.1/thumb/v7e-m+fp/hard\libg.a(libc_a-lock.o)
__retarget_lock_acquire_recursive                 C:/PROGRA~2/ARMGNU~1/13C7F1~1.2RE/bin/../lib/gcc/arm-none-eabi/13.2.1/thumb/v7e-m+fp/hard\libg.a(libc_a-lock.o)
                                                  C:/PROGRA~2/ARMGNU~1/13C7F1~1.2RE/bin/../lib/gcc/arm-none-eabi/13.2.1/thumb/v7e-m+fp/hard\libg.a(libc_a-fflush.o)
                                                  C:/PROGRA~2/ARMGNU~1/13C7F1~1.2RE/bin/../lib/gcc/arm-none-eabi/13.2.1/thumb/v7e-m+fp/hard\libg.a(libc_a-fclose.o)
                                                  C:/PROGRA~2/ARMGNU~1/13C7F1~1.2RE/bin/../lib/gcc/arm-none-eabi/13.2.1/thumb/v7e-m+fp/hard\libg.a(libc_a-findfp.o)
__retarget_lock_close                             C:/PROGRA~2/ARMGNU~1/13C7F1~1.2RE/bin/../lib/gcc/arm-none-eabi/13.2.1/thumb/v7e-m+fp/hard\libg.a(libc_a-lock.o)
__retarget_lock_close_recursive                   C:/PROGRA~2/ARMGNU~1/13C7F1~1.2RE/bin/../lib/gcc/arm-none-eabi/13.2.1/thumb/v7e-m+fp/hard\libg.a(libc_a-lock.o)
                                                  C:/PROGRA~2/ARMGNU~1/13C7F1~1.2RE/bin/../lib/gcc/arm-none-eabi/13.2.1/thumb/v7e-m+fp/hard\libg.a(libc_a-fclose.o)
__retarget_lock_init                              C:/PROGRA~2/ARMGNU~1/13C7F1~1.2RE/bin/../lib/gcc/arm-none-eabi/13.2.1/thumb/v7e-m+fp/hard\libg.a(libc_a-lock.o)
__retarget_lock_init_recursive                    C:/PROGRA~2/ARMGNU~1/13C7F1~1.2RE/bin/../lib/gcc/arm-none-eabi/13.2.1/thumb/v7e-m+fp/hard\libg.a(libc_a-lock.o)
                                                  C:/PROGRA~2/ARMGNU~1/13C7F1~1.2RE/bin/../lib/gcc/arm-none-eabi/13.2.1/thumb/v7e-m+fp/hard\libg.a(libc_a-findfp.o)
__retarget_lock_release                           C:/PROGRA~2/ARMGNU~1/13C7F1~1.2RE/bin/../lib/gcc/arm-none-eabi/13.2.1/thumb/v7e-m+fp/hard\libg.a(libc_a-lock.o)
__retarget_lock_release_recursive                 C:/PROGRA~2/ARMGNU~1/13C7F1~1.2RE/bin/../lib/gcc/arm-none-eabi/13.2.1/thumb/v7e-m+fp/hard\libg.a(libc_a-lock.o)
                                                  C:/PROGRA~2/ARMGNU~1/13C7F1~1.2RE/bin/../lib/gcc/arm-none-eabi/13.2.1/thumb/v7e-m+fp/hard\libg.a(libc_a-fflush.o)
                                                  C:/PROGRA~2/ARMGNU~1/13C7F1~1.2RE/bin/../lib/gcc/arm-none-eabi/13.2.1/thumb/v7e-m+fp/hard\libg.a(libc_a-fclose.o)
                                                  C:/PROGRA~2/ARMGNU~1/13C7F1~1.2RE/bin/../lib/gcc/arm-none-eabi/13.2.1/thumb/v7e-m+fp/hard\libg.a(libc_a-findfp.o)
__retarget_lock_try_acquire                       C:/PROGRA~2/ARMGNU~1/13C7F1~1.2RE/bin/../lib/gcc/arm-none-eabi/13.2.1/thumb/v7e-m+fp/hard\libg.a(libc_a-lock.o)
__retarget_lock_try_acquire_recursive             C:/PROGRA~2/ARMGNU~1/13C7F1~1.2RE/bin/../lib/gcc/arm-none-eabi/13.2.1/thumb/v7e-m+fp/hard\libg.a(libc_a-lock.o)
__sclose                                          C:/PROGRA~2/ARMGNU~1/13C7F1~1.2RE/bin/../lib/gcc/arm-none-eabi/13.2.1/thumb/v7e-m+fp/hard\libg.a(libc_a-stdio.o)
                                                  C:/PROGRA~2/ARMGNU~1/13C7F1~1.2RE/bin/../lib/gcc/arm-none-eabi/13.2.1/thumb/v7e-m+fp/hard\libg.a(libc_a-findfp.o)
__seofread                                        C:/PROGRA~2/ARMGNU~1/13C7F1~1.2RE/bin/../lib/gcc/arm-none-eabi/13.2.1/thumb/v7e-m+fp/hard\libg.a(libc_a-stdio.o)
__sf                                              C:/PROGRA~2/ARMGNU~1/13C7F1~1.2RE/bin/../lib/gcc/arm-none-eabi/13.2.1/thumb/v7e-m+fp/hard\libg.a(libc_a-findfp.o)
                                                  C:/PROGRA~2/ARMGNU~1/13C7F1~1.2RE/bin/../lib/gcc/arm-none-eabi/13.2.1/thumb/v7e-m+fp/hard\libg.a(libc_a-impure.o)
__sflush_r                                        C:/PROGRA~2/ARMGNU~1/13C7F1~1.2RE/bin/../lib/gcc/arm-none-eabi/13.2.1/thumb/v7e-m+fp/hard\libg.a(libc_a-fflush.o)
                                                  C:/PROGRA~2/ARMGNU~1/13C7F1~1.2RE/bin/../lib/gcc/arm-none-eabi/13.2.1/thumb/v7e-m+fp/hard\libg.a(libc_a-fclose.o)
__sfp                                             C:/PROGRA~2/ARMGNU~1/13C7F1~1.2RE/bin/../lib/gcc/arm-none-eabi/13.2.1/thumb/v7e-m+fp/hard\libg.a(libc_a-findfp.o)
__sfp_lock_acquire                                C:/PROGRA~2/ARMGNU~1/13C7F1~1.2RE/bin/../lib/gcc/arm-none-eabi/13.2.1/thumb/v7e-m+fp/hard\libg.a(libc_a-findfp.o)
                                                  C:/PROGRA~2/ARMGNU~1/13C7F1~1.2RE/bin/../lib/gcc/arm-none-eabi/13.2.1/thumb/v7e-m+fp/hard\libg.a(libc_a-fclose.o)
__sfp_lock_release                                C:/PROGRA~2/ARMGNU~1/13C7F1~1.2RE/bin/../lib/gcc/arm-none-eabi/13.2.1/thumb/v7e-m+fp/hard\libg.a(libc_a-findfp.o)
                                                  C:/PROGRA~2/ARMGNU~1/13C7F1~1.2RE/bin/../lib/gcc/arm-none-eabi/13.2.1/thumb/v7e-m+fp/hard\libg.a(libc_a-fclose.o)
__sglue                                           C:/PROGRA~2/ARMGNU~1/13C7F1~1.2RE/bin/../lib/gcc/arm-none-eabi/13.2.1/thumb/v7e-m+fp/hard\libg.a(libc_a-findfp.o)
                                                  C:/PROGRA~2/ARMGNU~1/13C7F1~1.2RE/bin/../lib/gcc/arm-none-eabi/13.2.1/thumb/v7e-m+fp/hard\libg.a(libc_a-fflush.o)
__sinit                                           C:/PROGRA~2/ARMGNU~1/13C7F1~1.2RE/bin/../lib/gcc/arm-none-eabi/13.2.1/thumb/v7e-m+fp/hard\libg.a(libc_a-findfp.o)
                                                  C:/PROGRA~2/ARMGNU~1/13C7F1~1.2RE/bin/../lib/gcc/arm-none-eabi/13.2.1/thumb/v7e-m+fp/hard\libg.a(libc_a-fflush.o)
                                                  C:/PROGRA~2/ARMGNU~1/13C7F1~1.2RE/bin/../lib/gcc/arm-none-eabi/13.2.1/thumb/v7e-m+fp/hard\libg.a(libc_a-fclose.o)
__sread                                           C:/PROGRA~2/ARMGNU~1/13C7F1~1.2RE/bin/../lib/gcc/arm-none-eabi/13.2.1/thumb/v7e-m+fp/hard\libg.a(libc_a-stdio.o)
                                                  C:/PROGRA~2/ARMGNU~1/13C7F1~1.2RE/bin/../lib/gcc/arm-none-eabi/13.2.1/thumb/v7e-m+fp/hard\libg.a(libc_a-findfp.o)
__sseek                                           C:/PROGRA~2/ARMGNU~1/13C7F1~1.2RE/bin/../lib/gcc/arm-none-eabi/13.2.1/thumb/v7e-m+fp/hard\libg.a(libc_a-stdio.o)
                                                  C:/PROGRA~2/ARMGNU~1/13C7F1~1.2RE/bin/../lib/gcc/arm-none-eabi/13.2.1/thumb/v7e-m+fp/hard\libg.a(libc_a-findfp.o)
__stdio_exit_handler                              C:/PROGRA~2/ARMGNU~1/13C7F1~1.2RE/bin/../lib/gcc/arm-none-eabi/13.2.1/thumb/v7e-m+fp/hard\libg.a(libc_a-findfp.o)
__subdf3                                          C:/PROGRA~2/ARMGNU~1/13C7F1~1.2RE/bin/../lib/gcc/arm-none-eabi/13.2.1/thumb/v7e-m+fp/hard\libgcc.a(_arm_addsubdf3.o)
__swrite                                          C:/PROGRA~2/ARMGNU~1/13C7F1~1.2RE/bin/../lib/gcc/arm-none-eabi/13.2.1/thumb/v7e-m+fp/hard\libg.a(libc_a-stdio.o)
                                                  C:/PROGRA~2/ARMGNU~1/13C7F1~1.2RE/bin/../lib/gcc/arm-none-eabi/13.2.1/thumb/v7e-m+fp/hard\libg.a(libc_a-findfp.o)
__truncdfsf2                                      C:/PROGRA~2/ARMGNU~1/13C7F1~1.2RE/bin/../lib/gcc/arm-none-eabi/13.2.1/thumb/v7e-m+fp/hard\libgcc.a(_arm_truncdfsf2.o)
__utoa                                            C:/PROGRA~2/ARMGNU~1/13C7F1~1.2RE/bin/../lib/gcc/arm-none-eabi/13.2.1/thumb/v7e-m+fp/hard\libg.a(libc_a-utoa.o)
                                                  C:/PROGRA~2/ARMGNU~1/13C7F1~1.2RE/bin/../lib/gcc/arm-none-eabi/13.2.1/thumb/v7e-m+fp/hard\libg.a(libc_a-itoa.o)
_close                                            C:/PROGRA~2/ARMGNU~1/13C7F1~1.2RE/bin/../lib/gcc/arm-none-eabi/13.2.1/thumb/v7e-m+fp/hard\libg.a(libc_a-closer.o)
_close_r                                          C:/PROGRA~2/ARMGNU~1/13C7F1~1.2RE/bin/../lib/gcc/arm-none-eabi/13.2.1/thumb/v7e-m+fp/hard\libg.a(libc_a-closer.o)
                                                  C:/PROGRA~2/ARMGNU~1/13C7F1~1.2RE/bin/../lib/gcc/arm-none-eabi/13.2.1/thumb/v7e-m+fp/hard\libg.a(libc_a-stdio.o)
_fclose_r                                         C:/PROGRA~2/ARMGNU~1/13C7F1~1.2RE/bin/../lib/gcc/arm-none-eabi/13.2.1/thumb/v7e-m+fp/hard\libg.a(libc_a-fclose.o)
                                                  C:/PROGRA~2/ARMGNU~1/13C7F1~1.2RE/bin/../lib/gcc/arm-none-eabi/13.2.1/thumb/v7e-m+fp/hard\libg.a(libc_a-findfp.o)
_fflush_r                                         C:/PROGRA~2/ARMGNU~1/13C7F1~1.2RE/bin/../lib/gcc/arm-none-eabi/13.2.1/thumb/v7e-m+fp/hard\libg.a(libc_a-fflush.o)
_free_r                                           CMakeFiles\ddd.dir\C_\Users\shrin\Documents\PlaydateSDK\C_API\buildsupport\setup.c.obj
                                                  C:/PROGRA~2/ARMGNU~1/133167~1.3RE/bin/../lib/gcc/arm-none-eabi/13.3.1/thumb/v7e-m+fp/hard\libg.a(libc_a-fflush.o)
                                                  C:/PROGRA~2/ARMGNU~1/133167~1.3RE/bin/../lib/gcc/arm-none-eabi/13.3.1/thumb/v7e-m+fp/hard\libg.a(libc_a-fclose.o)
                                                  C:/PROGRA~2/ARMGNU~1/133167~1.3RE/bin/../lib/gcc/arm-none-eabi/13.3.1/thumb/v7e-m+fp/hard\libg.a(libc_a-reent.o)
                                                  C:/PROGRA~2/ARMGNU~1/133167~1.3RE/bin/../lib/gcc/arm-none-eabi/13.3.1/thumb/v7e-m+fp/hard\libg.a(libc_a-malloc.o)
_fwalk_sglue                                      C:/PROGRA~2/ARMGNU~1/133167~1.3RE/bin/../lib/gcc/arm-none-eabi/13.3.1/thumb/v7e-m+fp/hard\libg.a(libc_a-fwalk.o)
                                                  C:/PROGRA~2/ARMGNU~1/133167~1.3RE/bin/../lib/gcc/arm-none-eabi/13.3.1/thumb/v7e-m+fp/hard\libg.a(libc_a-fflush.o)
                                                  C:/PROGRA~2/ARMGNU~1/133167~1.3RE/bin/../lib/gcc/arm-none-eabi/13.3.1/thumb/v7e-m+fp/hard\libg.a(libc_a-findfp.o)
_impure_data                                      C:/PROGRA~2/ARMGNU~1/133167~1.3RE/bin/../lib/gcc/arm-none-eabi/13.3.1/thumb/v7e-m+fp/hard\libg.a(libc_a-impure.o)
                                                  C:/PROGRA~2/ARMGNU~1/133167~1.3RE/bin/../lib/gcc/arm-none-eabi/13.3.1/thumb/v7e-m+fp/hard\libg.a(libc_a-fflush.o)
                                                  C:/PROGRA~2/ARMGNU~1/133167~1.3RE/bin/../lib/gcc/arm-none-eabi/13.3.1/thumb/v7e-m+fp/hard\libg.a(libc_a-findfp.o)
_impure_ptr                                       C:/PROGRA~2/ARMGNU~1/133167~1.3RE/bin/../lib/gcc/arm-none-eabi/13.3.1/thumb/v7e-m+fp/hard\libg.a(libc_a-impure.o)
                                                  C:/PROGRA~2/ARMGNU~1/133167~1.3RE/bin/../lib/gcc/arm-none-eabi/13.3.1/thumb/v7e-m+fp/hard\libc.a(libc_a-errno.o)
                                                  C:/PROGRA~2/ARMGNU~1/133167~1.3RE/bin/../lib/gcc/arm-none-eabi/13.3.1/thumb/v7e-m+fp/hard\libg.a(libc_a-fflush.o)
                                                  C:/PROGRA~2/ARMGNU~1/133167~1.3RE/bin/../lib/gcc/arm-none-eabi/13.3.1/thumb/v7e-m+fp/hard\libg.a(libc_a-fclose.o)
                                                  C:/PROGRA~2/ARMGNU~1/133167~1.3RE/bin/../lib/gcc/arm-none-eabi/13.3.1/thumb/v7e-m+fp/hard\libg.a(libc_a-reent.o)
                                                  C:/PROGRA~2/ARMGNU~1/133167~1.3RE/bin/../lib/gcc/arm-none-eabi/13.3.1/thumb/v7e-m+fp/hard\libg.a(libc_a-rand.o)
                                                  C:/PROGRA~2/ARMGNU~1/133167~1.3RE/bin/../lib/gcc/arm-none-eabi/13.3.1/thumb/v7e-m+fp/hard\libg.a(libc_a-malloc.o)
_lseek                                            C:/PROGRA~2/ARMGNU~1/133167~1.3RE/bin/../lib/gcc/arm-none-eabi/13.3.1/thumb/v7e-m+fp/hard\libg.a(libc_a-lseekr.o)
_lseek_r                                          C:/PROGRA~2/ARMGNU~1/133167~1.3RE/bin/../lib/gcc/arm-none-eabi/13.3.1/thumb/v7e-m+fp/hard\libg.a(libc_a-lseekr.o)
                                                  C:/PROGRA~2/ARMGNU~1/133167~1.3RE/bin/../lib/gcc/arm-none-eabi/13.3.1/thumb/v7e-m+fp/hard\libg.a(libc_a-stdio.o)
_malloc_r                                         CMakeFiles\ddd.dir\C_\Users\shrin\Documents\PlaydateSDK\C_API\buildsupport\setup.c.obj
                                                  C:/PROGRA~2/ARMGNU~1/13C7F1~1.2RE/bin/../lib/gcc/arm-none-eabi/13.2.1/thumb/v7e-m+fp/hard\libg.a(libc_a-findfp.o)