Archive member included to satisfy reference by file (symbol)

C:/PROGRA~2/ARMGNU~1/13C7F1~1.2RE/bin/../lib/gcc/arm-none-eabi/13.2.1/thumb/v7e-m+fp/hard\libgcc.a(_arm_addsubdf3.o)
                              CMakeFiles\ddd.dir\ddd\3dmath.c.obj (__aeabi_dsub)
C:/PROGRA~2/ARMGNU~1/13C7F1~1.2RE/bin/../lib/gcc/arm-none-eabi/13.2.1/thumb/v7e-m+fp/hard\libgcc.a(_arm_truncdfsf2.o)
                              CMakeFiles\ddd.dir\ddd\3dmath.c.obj (__aeabi_d2f)
C:/PROGRA~2/ARMGNU~1/13C7F1~1.2RE/bin/../lib/gcc/arm-none-eabi/13.2.1/thumb/v7e-m+fp/hard\libg.a(libc_a-malloc.o)
                              CMakeFiles\ddd.dir\src\main.c.obj (malloc)
C:/PROGRA~2/ARMGNU~1/13C7F1~1.2RE/bin/../lib/gcc/arm-none-eabi/13.2.1/thumb/v7e-m+fp/hard\libg.a(libc_a-qsort.o)
                              CMakeFiles\ddd.dir\ddd\render.c.obj (qsort)
C:/PROGRA~2/ARMGNU~1/13C7F1~1.2RE/bin/../lib/gcc/arm-none-eabi/13.2.1/thumb/v7e-m+fp/hard\libg.a(libc_a-memset.o)
                              CMakeFiles\ddd.dir\ddd\3dmath.c.obj (memset)
C:/PROGRA~2/ARMGNU~1/13C7F1~1.2RE/bin/../lib/gcc/arm-none-eabi/13.2.1/thumb/v7e-m+fp/hard\libg.a(libc_a-impure.o)
                              C:/PROGRA~2/ARMGNU~1/13C7F1~1.2RE/bin/../lib/gcc/arm-none-eabi/13.2.1/thumb/v7e-m+fp/hard\libg.a(libc_a-malloc.o) (_impure_ptr)
C:/PROGRA~2/ARMGNU~1/13C7F1~1.2RE/bin/../lib/gcc/arm-none-eabi/13.2.1/thumb/v7e-m+fp/hard\libg.a(libc_a-findfp.o)
                              C:/PROGRA~2/ARMGNU~1/13C7F1~1.2RE/bin/../lib/gcc/arm-none-eabi/13.2.1/thumb/v7e-m+fp/hard\libg.a(libc_a-impure.o) (__sf)
C:/PROGRA~2/ARMGNU~1/13C7F1~1.2RE/bin/../lib/gcc/arm-none-eabi/13.2.1/thumb/v7e-m+fp/hard\libg.a(libc_a-fwalk.o)
                              C:/PROGRA~2/ARMGNU~1/13C7F1~1.2RE/bin/../lib/gcc/arm-none-eabi/13.2.1/thumb/v7e-m+fp/hard\libg.a(libc_a-findfp.o) (_fwalk_sglue)
C:/PROGRA~2/ARMGNU~1/13C7F1~1.2RE/bin/../lib/gcc/arm-none-eabi/13.2.1/thumb/v7e-m+fp/hard\libg.a(libc_a-stdio.o)
                              C:/PROGRA~2/ARMGNU~1/13C7F1~1.2RE/bin/../lib/gcc/arm-none-eabi/13.2.1/thumb/v7e-m+fp/hard\libg.a(libc_a-findfp.o) (__sread)
C:/PROGRA~2/ARMGNU~1/13C7F1~1.2RE/bin/../lib/gcc/arm-none-eabi/13.2.1/thumb/v7e-m+fp/hard\libg.a(libc_a-closer.o)
                              C:/PROGRA~2/ARMGNU~1/13C7F1~1.2RE/bin/../lib/gcc/arm-none-eabi/13.2.1/thumb/v7e-m+fp/hard\libg.a(libc_a-stdio.o) (_close_r)
C:/PROGRA~2/ARMGNU~1/13C7F1~1.2RE/bin/../lib/gcc/arm-none-eabi/13.2.1/thumb/v7e-m+fp/hard\libg.a(libc_a-reent.o)
                              C:/PROGRA~2/ARMGNU~1/13C7F1~1.2RE/bin/../lib/gcc/arm-none-eabi/13.2.1/thumb/v7e-m+fp/hard\libg.a(libc_a-closer.o) (errno)
C:/PROGRA~2/ARMGNU~1/13C7F1~1.2RE/bin/../lib/gcc/arm-none-eabi/13.2.1/thumb/v7e-m+fp/hard\libg.a(libc_a-lseekr.o)
                              C:/PROGRA~2/ARMGNU~1/13C7F1~1.2RE/bin/../lib/gcc/arm-none-eabi/13.2.1/thumb/v7e-m+fp/hard\libg.a(libc_a-stdio.o) (_lseek_r)
C:/PROGRA~2/ARMGNU~1/13C7F1~1.2RE/bin/../lib/gcc/arm-none-eabi/13.2.1/thumb/v7e-m+fp/hard\libg.a(libc_a-readr.o)
                              C:/PROGRA~2/ARMGNU~1/13C7F1~1.2RE/bin/../lib/gcc/arm-none-eabi/13.2.1/thumb/v7e-m+fp/hard\libg.a(libc_a-stdio.o) (_read_r)
C:/PROGRA~2/ARMGNU~1/13C7F1~1.2RE/bin/../lib/gcc/arm-none-eabi/13.2.1/thumb/v7e-m+fp/hard\libg.a(libc_a-writer.o)
                              C:/PROGRA~2/ARMGNU~1/13C7F1~1.2RE/bin/../lib/gcc/arm-none-eabi/13.2.1/thumb/v7e-m+fp/hard\libg.a(libc_a-stdio.o) (_write_r)
C:/PROGRA~2/ARMGNU~1/13C7F1~1.2RE/bin/../lib/gcc/arm-none-eabi/13.2.1/thumb/v7e-m+fp/hard\libg.a(libc_a-lock.o)
                              C:/PROGRA~2/ARMGNU~1/13C7F1~1.2RE/bin/../lib/gcc/arm-none-eabi/13.2.1/thumb/v7e-m+fp/hard\libg.a(libc_a-findfp.o) (__retarget_lock_init_recursive)
C:/PROGRA~2/ARMGNU~1/13C7F1~1.2RE/bin/../lib/gcc/arm-none-eabi/13.2.1/thumb/v7e-m+fp/hard\libg.a(libc_a-fclose.o)
                              C:/PROGRA~2/ARMGNU~1/13C7F1~1.2RE/bin/../lib/gcc/arm-none-eabi/13.2.1/thumb/v7e-m+fp/hard\libg.a(libc_a-findfp.o) (_fclose_r)
C:/PROGRA~2/ARMGNU~1/13C7F1~1.2RE/bin/../lib/gcc/arm-none-eabi/13.2.1/thumb/v7e-m+fp/hard\libg.a(libc_a-fflush.o)
                              C:/PROGRA~2/ARMGNU~1/13C7F1~1.2RE/bin/../lib/gcc/arm-none-eabi/13.2.1/thumb/v7e-m+fp/hard\libg.a(libc_a-fclose.o) (__sflush_r)
C:/PROGRA~2/ARMGNU~1/13C7F1~1.2RE/bin/../lib/gcc/arm-none-eabi/13.2.1/thumb/v7e-m+fp/hard\libm.a(libm_a-wf_acos.o)
                              CMakeFiles\ddd.dir\ddd\3dmath.c.obj (acosf)
C:/PROGRA~2/ARMGNU~1/13C7F1~1.2RE/bin/../lib/gcc/arm-none-eabi/13.2.1/thumb/v7e-m+fp/hard\libm.a(libm_a-wf_atan2.o)
                              CMakeFiles\ddd.dir\src\main.c.obj (atan2f)
C:/PROGRA~2/ARMGNU~1/13C7F1~1.2RE/bin/../lib/gcc/arm-none-eabi/13.2.1/thumb/v7e-m+fp/hard\libm.a(libm_a-wf_sqrt.o)
                              CMakeFiles\ddd.dir\ddd\3dmath.c.obj (sqrtf)
C:/PROGRA~2/ARMGNU~1/13C7F1~1.2RE/bin/../lib/gcc/arm-none-eabi/13.2.1/thumb/v7e-m+fp/hard\libm.a(libm_a-sf_cos.o)
[...]
Memory Configuration

Name             Origin             Length             Attributes
*default*        0x00000000         0xffffffff

Linker script and memory map

LOAD CMakeFiles\ddd.dir\src\main.c.obj
LOAD CMakeFiles\ddd.dir\ddd\3dmath.c.obj
LOAD CMakeFiles\ddd.dir\ddd\camera.c.obj
LOAD CMakeFiles\ddd.dir\ddd\gameobject.c.obj
LOAD CMakeFiles\ddd.dir\ddd\quaternion.c.obj
LOAD CMakeFiles\ddd.dir\ddd\render.c.obj
LOAD CMakeFiles\ddd.dir\ddd\scene.c.obj
LOAD CMakeFiles\ddd.dir\ddd\symbols.c.obj
LOAD CMakeFiles\ddd.dir\C_\Users\shrin\Documents\PlaydateSDK\C_API\buildsupport\setup.c.obj
START GROUP
LOAD C:/PROGRA~2/ARMGNU~1/13C7F1~1.2RE/bin/../lib/gcc/arm-none-eabi/13.2.1/thumb/v7e-m+fp/hard\libgcc.a
LOAD C:/PROGRA~2/ARMGNU~1/13C7F1~1.2RE/bin/../lib/gcc/arm-none-eabi/13.2.1/thumb/v7e-m+fp/hard\libg.a
LOAD C:/PROGRA~2/ARMGNU~1/13C7F1~1.2RE/bin/../lib/gcc/arm-none-eabi/13.2.1/thumb/v7e-m+fp/hard\libc.a
END GROUP
START GROUP
LOAD C:/PROGRA~2/ARMGNU~1/13C7F1~1.2RE/bin/../lib/gcc/arm-none-eabi/13.2.1/thumb/v7e-m+fp/hard\libgcc.a
LOAD C:/PROGRA~2/ARMGNU~1/13C7F1~1.2RE/bin/../lib/gcc/arm-none-eabi/13.2.1/thumb/v7e-m+fp/hard\libc.a
LOAD C:/PROGRA~2/ARMGNU~1/13C7F1~1.2RE/bin/../lib/gcc/arm-none-eabi/13.2.1/thumb/v7e-m+fp/hard\libm.a
END GROUP

.text           0x00000000     0x3b84
 *(.text)
 *(.text.*)
 .text.test_update
                0x00000000       0x20 CMakeFiles\ddd.dir\src\main.c.obj
                0x00000000                test_update
 .text.test2_update
                0x00000020       0x1c CMakeFiles\ddd.dir\src\main.c.obj
                0x00000020                test2_update
 *fill*         0x0000003c        0x4 
 .text.test3_update
                0x00000040       0x1c CMakeFiles\ddd.dir\src\main.c.obj
                0x00000040                test3_update
 *fill*         0x0000005c        0x4 
 .text.test_scene_init
                0x00000060       0xa0 CMakeFiles\ddd.dir\src\main.c.obj
                0x00000060                test_scene_init
 .text.test_scene_update
                0x00000100        0x4 CMakeFiles\ddd.dir\src\main.c.obj
                0x00000100                test_scene_update
 *fill*         0x00000104        0xc 
 .text.terrain_update
                0x00000110        0x4 CMakeFiles\ddd.dir\src\main.c.obj
                0x00000110                terrain_update
 *fill*         0x00000114        0xc 
 .text.test_vertShader
                0x00000120       0x60 CMakeFiles\ddd.dir\src\main.c.obj
                0x00000120                test_vertShader
 .text.eventHandler
                0x00000180      0x224 CMakeFiles\ddd.dir\src\main.c.obj
                0x00000180                eventHandler
 *fill*         0x000003a4        0xc 
 .text.handleButtons
                0x000003b0       0xc0 CMakeFiles\ddd.dir\src\main.c.obj
                0x000003b0                handleButtons
 .text.camera_update
                0x00000470      0x2c8 CMakeFiles\ddd.dir\src\main.c.obj
                0x00000470                camera_update
 *fill*         0x00000738        0x8 
 .text.update   0x00000740       0xdc CMakeFiles\ddd.dir\src\main.c.obj
 *fill*         0x0000081c        0x4 
 .text.Vector3_dot
                0x00000820       0x18 CMakeFiles\ddd.dir\ddd\3dmath.c.obj
                0x00000820                Vector3_dot
 *fill*         0x00000838        0x8 
 .text.Vector3_add
                0x00000840       0x2c CMakeFiles\ddd.dir\ddd\3dmath.c.obj
                0x00000840                Vector3_add
 *fill*         0x0000086c        0x4 
 .text.Vector3_subtract
                0x00000870       0x2c CMakeFiles\ddd.dir\ddd\3dmath.c.obj
                0x00000870                Vector3_subtract
 *fill*         0x0000089c        0x4 
 .text.Vector3_multiplyScalar
                0x000008a0       0x20 CMakeFiles\ddd.dir\ddd\3dmath.c.obj
                0x000008a0                Vector3_multiplyScalar
 .text.pnormal  0x000008c0       0x78 CMakeFiles\ddd.dir\ddd\3dmath.c.obj
                0x000008c0                pnormal
 *fill*         0x00000938        0x8 
 .text.Vector3_getForward
                0x00000940       0x58 CMakeFiles\ddd.dir\ddd\3dmath.c.obj
                0x00000940                Vector3_getForward
 *fill*         0x00000998        0x8 
 .text.Vector3_getUp
                0x000009a0       0x58 CMakeFiles\ddd.dir\ddd\3dmath.c.obj
                0x000009a0                Vector3_getUp
 *fill*         0x000009f8        0x8 
 .text.Vector3_getLeft
                0x00000a00       0x40 CMakeFiles\ddd.dir\ddd\3dmath.c.obj
                0x00000a00                Vector3_getLeft
 .text.Matrix3_multiply
                0x00000a40      0x170 CMakeFiles\ddd.dir\ddd\3dmath.c.obj
                0x00000a40                Matrix3_multiply
 .text.Matrix3_apply
                0x00000bb0       0x74 CMakeFiles\ddd.dir\ddd\3dmath.c.obj
                0x00000bb0                Matrix3_apply
 *fill*         0x00000c24        0xc 
 .text.PTR_Matrix3_apply
                0x00000c30       0x7c CMakeFiles\ddd.dir\ddd\3dmath.c.obj
                0x00000c30                PTR_Matrix3_apply
 *fill*         0x00000cac        0x4 
 .text.Matrix3_getRotationX
                0x00000cb0       0x4c CMakeFiles\ddd.dir\ddd\3dmath.c.obj
                0x00000cb0                Matrix3_getRotationX
 *fill*         0x00000cfc        0x4 
 .text.Matrix3_getRotationY
                0x00000d00       0x4c CMakeFiles\ddd.dir\ddd\3dmath.c.obj
                0x00000d00                Matrix3_getRotationY
 *fill*         0x00000d4c        0x4 
 .text.Matrix3_getRotationZ
                0x00000d50       0x4c CMakeFiles\ddd.dir\ddd\3dmath.c.obj
                0x00000d50                Matrix3_getRotationZ
 *fill*         0x00000d9c        0x4 
 .text.Matrix3_lookAt
                0x00000da0       0xe0 CMakeFiles\ddd.dir\ddd\3dmath.c.obj
                0x00000da0                Matrix3_lookAt
 .text.Matrix4_getTransform
                0x00000e80      0x114 CMakeFiles\ddd.dir\ddd\3dmath.c.obj
                0x00000e80                Matrix4_getTransform
 *fill*         0x00000f94        0xc 
 .text.Matrix4_apply
                0x00000fa0       0xac CMakeFiles\ddd.dir\ddd\3dmath.c.obj
                0x00000fa0                Matrix4_apply
 *fill*         0x0000104c        0x4 
 .text.PTR_Matrix4_apply
                0x00001050       0xb4 CMakeFiles\ddd.dir\ddd\3dmath.c.obj
                0x00001050                PTR_Matrix4_apply
 *fill*         0x00001104        0xc 
 .text.Camera_getProjectionMatrix
                0x00001110       0x6c CMakeFiles\ddd.dir\ddd\camera.c.obj
                0x00001110                Camera_getProjectionMatrix
 *fill*         0x0000117c        0x4 
 .text.Camera_worldToScreenPos
                0x00001180       0x58 CMakeFiles\ddd.dir\ddd\camera.c.obj
                0x00001180                Camera_worldToScreenPos
 *fill*         0x000011d8        0x8 
 .text.PTR_Camera_worldToScreenPos
                0x000011e0       0x4c CMakeFiles\ddd.dir\ddd\camera.c.obj
                0x000011e0                PTR_Camera_worldToScreenPos
 *fill*         0x0000122c        0x4 
 .text.Camera_setRotation
                0x00001230      0x104 CMakeFiles\ddd.dir\ddd\camera.c.obj
                0x00001230                Camera_setRotation
 *fill*         0x00001334        0xc 
 .text.GameObject_updateTransform
                0x00001340       0x5c CMakeFiles\ddd.dir\ddd\gameobject.c.obj
                0x00001340                GameObject_updateTransform
 *fill*         0x0000139c        0x4 
 .text.compare_zdepth
                0x000013a0       0x18 CMakeFiles\ddd.dir\ddd\render.c.obj
                0x000013a0                compare_zdepth
 *fill*         0x000013b8        0x8 
 .text.api_drawFragment.part.0
                0x000013c0       0xd0 CMakeFiles\ddd.dir\ddd\render.c.obj
 .text.Line_worldDraw
                0x00001490      0x108 CMakeFiles\ddd.dir\ddd\render.c.obj
                0x00001490                Line_worldDraw
 *fill*         0x00001598        0x8 
 .text.YPlane_render
                0x000015a0       0xec CMakeFiles\ddd.dir\ddd\render.c.obj
                0x000015a0                YPlane_render
 *fill*         0x0000168c        0x4 
 .text.sortTri  0x00001690       0x78 CMakeFiles\ddd.dir\ddd\render.c.obj
                0x00001690                sortTri
 *fill*         0x00001708        0x8 
 .text.api_fillRange
                0x00001710       0xb0 CMakeFiles\ddd.dir\ddd\render.c.obj
                0x00001710                api_fillRange
 .text.api_fillTriangle
                0x000017c0      0x1f8 CMakeFiles\ddd.dir\ddd\render.c.obj
                0x000017c0                api_fillTriangle
 *fill*         0x000019b8        0x8 
 .text.GameObject_drawMesh
                0x000019c0      0x3e0 CMakeFiles\ddd.dir\ddd\render.c.obj
                0x000019c0                GameObject_drawMesh
 .text.Scene_addGameObject
                0x00001da0       0x40 CMakeFiles\ddd.dir\ddd\scene.c.obj
                0x00001da0                Scene_addGameObject
 .text.Scene_update
                0x00001de0       0x38 CMakeFiles\ddd.dir\ddd\scene.c.obj
                0x00001de0                Scene_update
 *fill*         0x00001e18        0x8 
 .text.Vector3_make
                0x00001e20        0x8 CMakeFiles\ddd.dir\ddd\symbols.c.obj
                0x00001e20                Vector3_make
 *fill*         0x00001e28        0x8 
 .text.eventHandlerShim
                0x00001e30       0x1c CMakeFiles\ddd.dir\C_\Users\shrin\Documents\PlaydateSDK\C_API\buildsupport\setup.c.obj
                0x00001e30                eventHandlerShim
 *fill*         0x00001e4c        0x4 
 .text._malloc_r
                0x00001e50        0xc CMakeFiles\ddd.dir\C_\Users\shrin\Documents\PlaydateSDK\C_API\buildsupport\setup.c.obj
                0x00001e50                _malloc_r
 .text.malloc   0x00001e5c       0x10 C:/PROGRA~2/ARMGNU~1/13C7F1~1.2RE/bin/../lib/gcc/arm-none-eabi/13.2.1/thumb/v7e-m+fp/hard\libg.a(libc_a-malloc.o)
                0x00001e5c                malloc
 .text.qsort    0x00001e6c      0x628 C:/PROGRA~2/ARMGNU~1/13C7F1~1.2RE/bin/../lib/gcc/arm-none-eabi/13.2.1/thumb/v7e-m+fp/hard\libg.a(libc_a-qsort.o)
                0x00001e6c                qsort
 .text.memset   0x00002494       0xa4 C:/PROGRA~2/ARMGNU~1/13C7F1~1.2RE/bin/../lib/gcc/arm-none-eabi/13.2.1/thumb/v7e-m+fp/hard\libg.a(libc_a-memset.o)
                0x00002494                memset
 .text.atan2f   0x00002538        0x4 C:/PROGRA~2/ARMGNU~1/13C7F1~1.2RE/bin/../lib/gcc/arm-none-eabi/13.2.1/thumb/v7e-m+fp/hard\libm.a(libm_a-wf_atan2.o)
                0x00002538                atan2f
 .text.cosf     0x0000253c       0x70 C:/PROGRA~2/ARMGNU~1/13C7F1~1.2RE/bin/../lib/gcc/arm-none-eabi/13.2.1/thumb/v7e-m+fp/hard\libm.a(libm_a-sf_cos.o)
                0x0000253c                cosf
 .text.fabsf    0x000025ac       0x10 C:/PROGRA~2/ARMGNU~1/13C7F1~1.2RE/bin/../lib/gcc/arm-none-eabi/13.2.1/thumb/v7e-m+fp/hard\libm.a(libm_a-sf_fabs.o)
                0x000025ac                fabsf
 .text.sinf     0x000025bc       0x74 C:/PROGRA~2/ARMGNU~1/13C7F1~1.2RE/bin/../lib/gcc/arm-none-eabi/13.2.1/thumb/v7e-m+fp/hard\libm.a(libm_a-sf_sin.o)
                0x000025bc                sinf
 .text.tanf     0x00002630       0x54 C:/PROGRA~2/ARMGNU~1/13C7F1~1.2RE/bin/../lib/gcc/arm-none-eabi/13.2.1/thumb/v7e-m+fp/hard\libm.a(libm_a-sf_tan.o)
                0x00002630                tanf
 .text.__kernel_cosf
                0x00002684      0x104 C:/PROGRA~2/ARMGNU~1/13C7F1~1.2RE/bin/../lib/gcc/arm-none-eabi/13.2.1/thumb/v7e-m+fp/hard\libm.a(libm_a-kf_cos.o)
                0x00002684                __kernel_cosf
 .text.__kernel_sinf
                0x00002788       0x90 C:/PROGRA~2/ARMGNU~1/13C7F1~1.2RE/bin/../lib/gcc/arm-none-eabi/13.2.1/thumb/v7e-m+fp/hard\libm.a(libm_a-kf_sin.o)
                0x00002788                __kernel_sinf
 .text.__kernel_tanf
                0x00002818      0x1c0 C:/PROGRA~2/ARMGNU~1/13C7F1~1.2RE/bin/../lib/gcc/arm-none-eabi/13.2.1/thumb/v7e-m+fp/hard\libm.a(libm_a-kf_tan.o)
                0x00002818                __kernel_tanf
 .text.__ieee754_atan2f
                0x000029d8      0x150 C:/PROGRA~2/ARMGNU~1/13C7F1~1.2RE/bin/../lib/gcc/arm-none-eabi/13.2.1/thumb/v7e-m+fp/hard\libm.a(libm_a-ef_atan2.o)
                0x000029d8                __ieee754_atan2f
 .text.__ieee754_rem_pio2f
                0x00002b28      0x260 C:/PROGRA~2/ARMGNU~1/13C7F1~1.2RE/bin/../lib/gcc/arm-none-eabi/13.2.1/thumb/v7e-m+fp/hard\libm.a(libm_a-ef_rem_pio2.o)
                0x00002b28                __ieee754_rem_pio2f
 .text.atanf    0x00002d88      0x1ac C:/PROGRA~2/ARMGNU~1/13C7F1~1.2RE/bin/../lib/gcc/arm-none-eabi/13.2.1/thumb/v7e-m+fp/hard\libm.a(libm_a-sf_atan.o)
                0x00002d88                atanf
 .text.__kernel_rem_pio2f
                0x00002f34      0x63c C:/PROGRA~2/ARMGNU~1/13C7F1~1.2RE/bin/../lib/gcc/arm-none-eabi/13.2.1/thumb/v7e-m+fp/hard\libm.a(libm_a-kf_rem_pio2.o)
                0x00002f34                __kernel_rem_pio2f
 .text.scalbnf  0x00003570       0xe4 C:/PROGRA~2/ARMGNU~1/13C7F1~1.2RE/bin/../lib/gcc/arm-none-eabi/13.2.1/thumb/v7e-m+fp/hard\libm.a(libm_a-sf_scalbn.o)
                0x00003570                scalbnf
 .text.floorf   0x00003654       0x94 C:/PROGRA~2/ARMGNU~1/13C7F1~1.2RE/bin/../lib/gcc/arm-none-eabi/13.2.1/thumb/v7e-m+fp/hard\libm.a(libm_a-sf_floor.o)
                0x00003654                floorf
 *(.init)
 *(.fini)
 *crtbegin.o(.ctors)
 *crtbegin?.o(.ctors)
 *(EXCLUDE_FILE(*crtend.o *crtend?.o) .ctors)
 *(SORT_BY_NAME(.ctors.*))
 *(.ctors)
 *crtbegin.o(.dtors)
 *crtbegin?.o(.dtors)
 *(EXCLUDE_FILE(*crtend.o *crtend?.o) .dtors)
 *(SORT_BY_NAME(.dtors.*))
 *(.dtors)
 *(.rodata*)
 .rodata.eventHandler.str1.4
                0x000036e8       0x85 CMakeFiles\ddd.dir\src\main.c.obj
                                 0x5c (size before relaxing)
 .rodata.str1.4
                0x0000376d       0x29 CMakeFiles\ddd.dir\src\main.c.obj
 *fill*         0x0000376d        0x3 
 .rodata.GLOBAL_ORIGIN
                0x00003770        0xc CMakeFiles\ddd.dir\src\main.c.obj
                0x00003770                GLOBAL_ORIGIN
 .rodata.CSWTCH.9
                0x0000377c        0xc C:/PROGRA~2/ARMGNU~1/13C7F1~1.2RE/bin/../lib/gcc/arm-none-eabi/13.2.1/thumb/v7e-m+fp/hard\libm.a(libm_a-ef_atan2.o)
 .rodata.CSWTCH.8
                0x00003788        0xc C:/PROGRA~2/ARMGNU~1/13C7F1~1.2RE/bin/../lib/gcc/arm-none-eabi/13.2.1/thumb/v7e-m+fp/hard\libm.a(libm_a-ef_atan2.o)
 .rodata.npio2_hw
                0x00003794       0x80 C:/PROGRA~2/ARMGNU~1/13C7F1~1.2RE/bin/../lib/gcc/arm-none-eabi/13.2.1/thumb/v7e-m+fp/hard\libm.a(libm_a-ef_rem_pio2.o)
 .rodata.two_over_pi
                0x00003814      0x318 C:/PROGRA~2/ARMGNU~1/13C7F1~1.2RE/bin/../lib/gcc/arm-none-eabi/13.2.1/thumb/v7e-m+fp/hard\libm.a(libm_a-ef_rem_pio2.o)
 .rodata.atanlo
                0x00003b2c       0x10 C:/PROGRA~2/ARMGNU~1/13C7F1~1.2RE/bin/../lib/gcc/arm-none-eabi/13.2.1/thumb/v7e-m+fp/hard\libm.a(libm_a-sf_atan.o)
 .rodata.atanhi
                0x00003b3c       0x10 C:/PROGRA~2/ARMGNU~1/13C7F1~1.2RE/bin/../lib/gcc/arm-none-eabi/13.2.1/thumb/v7e-m+fp/hard\libm.a(libm_a-sf_atan.o)
 .rodata.PIo2   0x00003b4c       0x2c C:/PROGRA~2/ARMGNU~1/13C7F1~1.2RE/bin/../lib/gcc/arm-none-eabi/13.2.1/thumb/v7e-m+fp/hard\libm.a(libm_a-kf_rem_pio2.o)
 .rodata.init_jk
                0x00003b78        0xc C:/PROGRA~2/ARMGNU~1/13C7F1~1.2RE/bin/../lib/gcc/arm-none-eabi/13.2.1/thumb/v7e-m+fp/hard\libm.a(libm_a-kf_rem_pio2.o)
 *(.eh_frame*)

.glue_7         0x00003b84        0x0
 .glue_7        0x00003b84        0x0 linker stubs

.glue_7t        0x00003b84        0x0
 .glue_7t       0x00003b84        0x0 linker stubs

.vfp11_veneer   0x00003b84        0x0
 .vfp11_veneer  0x00003b84        0x0 linker stubs

.v4_bx          0x00003b84        0x0
 .v4_bx         0x00003b84        0x0 linker stubs

.iplt           0x00003b84        0x0
 .iplt          0x00003b84        0x0 CMakeFiles\ddd.dir\src\main.c.obj

.rel.dyn        0x00003b84        0x0
 .rel.iplt      0x00003b84        0x0 CMakeFiles\ddd.dir\src\main.c.obj

.data           0x00003b88     0x3830
                0x00003b88                        __etext = .
                0x00003b88                        __data_start__ = .
 *(vtable)
 *(.data*)
 .data.DefaultScene
                0x00003b88        0x4 CMakeFiles\ddd.dir\src\main.c.obj
                0x00003b88                DefaultScene
 .data.fontpath
                0x00003b8c        0x4 CMakeFiles\ddd.dir\src\main.c.obj
                0x00003b8c                fontpath
 .data.__compound_literal.4
                0x00003b90        0x4 CMakeFiles\ddd.dir\src\main.c.obj
 .data.camera_default
                0x00003b94      0x150 CMakeFiles\ddd.dir\src\main.c.obj
                0x00003b94                camera_default
 .data.object_terrain
                0x00003ce4       0xa4 CMakeFiles\ddd.dir\src\main.c.obj
                0x00003ce4                object_terrain
 .data.object_test3
                0x00003d88       0xa4 CMakeFiles\ddd.dir\src\main.c.obj
                0x00003d88                object_test3
 .data.object_test2
                0x00003e2c       0xa4 CMakeFiles\ddd.dir\src\main.c.obj
                0x00003e2c                object_test2
 .data.object_test
                0x00003ed0       0xa4 CMakeFiles\ddd.dir\src\main.c.obj
                0x00003ed0                object_test
 .data.TestScene
                0x00003f74      0x434 CMakeFiles\ddd.dir\src\main.c.obj
                0x00003f74                TestScene
 .data.terrain1
                0x000043a8       0x54 CMakeFiles\ddd.dir\src\main.c.obj
                0x000043a8                terrain1
 .data.__compound_literal.3
                0x000043fc      0xc00 CMakeFiles\ddd.dir\src\main.c.obj
 .data.__compound_literal.2
                0x00004ffc      0xd8c CMakeFiles\ddd.dir\src\main.c.obj
 .data.blahaj_tri
                0x00005d88       0x54 CMakeFiles\ddd.dir\src\main.c.obj
                0x00005d88                blahaj_tri
 .data.__compound_literal.1
                0x00005ddc      0x9a8 CMakeFiles\ddd.dir\src\main.c.obj
 .data.__compound_literal.0
                0x00006784      0x9c0 CMakeFiles\ddd.dir\src\main.c.obj
 .data.grid_points
                0x00007144       0x48 CMakeFiles\ddd.dir\ddd\render.c.obj
                0x00007144                grid_points
 .data.patterns
                0x0000718c      0x108 CMakeFiles\ddd.dir\ddd\render.c.obj
 .data._impure_ptr
                0x00007294        0x4 C:/PROGRA~2/ARMGNU~1/13C7F1~1.2RE/bin/../lib/gcc/arm-none-eabi/13.2.1/thumb/v7e-m+fp/hard\libg.a(libc_a-impure.o)
                0x00007294                _impure_ptr
 .data._impure_data
                0x00007298      0x120 C:/PROGRA~2/ARMGNU~1/13C7F1~1.2RE/bin/../lib/gcc/arm-none-eabi/13.2.1/thumb/v7e-m+fp/hard\libg.a(libc_a-impure.o)
                0x00007298                _impure_data
                0x000073b8                        . = ALIGN (0x4)
                [!provide]                        PROVIDE (__preinit_array_start = .)
 *(.preinit_array)
                [!provide]                        PROVIDE (__preinit_array_end = .)
                0x000073b8                        . = ALIGN (0x4)
                [!provide]                        PROVIDE (__init_array_start = .)
 *(SORT_BY_NAME(.init_array.*))
 *(.init_array)
                [!provide]                        PROVIDE (__init_array_end = .)
                0x000073b8                        . = ALIGN (0x4)
                [!provide]                        PROVIDE (__fini_array_start = .)
 *(SORT_BY_NAME(.fini_array.*))
 *(.fini_array)
                [!provide]                        PROVIDE (__fini_array_end = .)
                0x000073b8                        . = ALIGN (0x4)
                0x000073b8                        __data_end__ = .

.igot.plt       0x000073b8        0x0
 .igot.plt      0x000073b8        0x0 CMakeFiles\ddd.dir\src\main.c.obj

.bss            0x000073b8      0x368
                0x000073b8                        . = ALIGN (0x4)
                0x000073b8                        __bss_start__ = .
 *(.bss*)
 .bss.isRotateRight
                0x000073b8        0x1 CMakeFiles\ddd.dir\src\main.c.obj
                0x000073b8                isRotateRight
 .bss.isRotateLeft
                0x000073b9        0x1 CMakeFiles\ddd.dir\src\main.c.obj
                0x000073b9                isRotateLeft
 .bss.isRight   0x000073ba        0x1 CMakeFiles\ddd.dir\src\main.c.obj
                0x000073ba                isRight
 .bss.isLeft    0x000073bb        0x1 CMakeFiles\ddd.dir\src\main.c.obj
                0x000073bb                isLeft
 .bss.isBackward
                0x000073bc        0x1 CMakeFiles\ddd.dir\src\main.c.obj
                0x000073bc                isBackward
 .bss.isForward
                0x000073bd        0x1 CMakeFiles\ddd.dir\src\main.c.obj
                0x000073bd                isForward
 .bss.isDown    0x000073be        0x1 CMakeFiles\ddd.dir\src\main.c.obj
                0x000073be                isDown
 .bss.isUp      0x000073bf        0x1 CMakeFiles\ddd.dir\src\main.c.obj
                0x000073bf                isUp
 .bss.camera_velocity
                0x000073c0        0xc CMakeFiles\ddd.dir\src\main.c.obj
                0x000073c0                camera_velocity
 .bss.ActiveScene
                0x000073cc        0x4 CMakeFiles\ddd.dir\src\main.c.obj
                0x000073cc                ActiveScene
 .bss.frame     0x000073d0        0x4 CMakeFiles\ddd.dir\src\main.c.obj
                0x000073d0                frame
 .bss.font      0x000073d4        0x4 CMakeFiles\ddd.dir\src\main.c.obj
                0x000073d4                font
 .bss.SINE_GRADIENT_OFFSET
                0x000073d8        0x4 CMakeFiles\ddd.dir\src\main.c.obj
                0x000073d8                SINE_GRADIENT_OFFSET
 .bss.SINE_GRADIENT
                0x000073dc      0x200 CMakeFiles\ddd.dir\src\main.c.obj
                0x000073dc                SINE_GRADIENT
 .bss.deltaTime
                0x000075dc        0x4 CMakeFiles\ddd.dir\src\main.c.obj
                0x000075dc                deltaTime
 .bss.pd        0x000075e0        0x4 CMakeFiles\ddd.dir\src\main.c.obj
                0x000075e0                pd
 .bss.pdrealloc
                0x000075e4        0x4 CMakeFiles\ddd.dir\C_\Users\shrin\Documents\PlaydateSDK\C_API\buildsupport\setup.c.obj
 .bss.__sf      0x000075e8      0x138 C:/PROGRA~2/ARMGNU~1/13C7F1~1.2RE/bin/../lib/gcc/arm-none-eabi/13.2.1/thumb/v7e-m+fp/hard\libg.a(libc_a-findfp.o)
                0x000075e8                __sf
 *(COMMON)
 *(COM)
                0x00007720                        . = ALIGN (0x4)
                0x00007720                        __bss_end__ = .

/DISCARD/
 *(.ARM.exidx)
OUTPUT(ddd.elf elf32-littlearm)
LOAD linker stubs

.debug_info     0x00000000    0x17384
 .debug_info    0x00000000     0x6bdf CMakeFiles\ddd.dir\src\main.c.obj
 .debug_info    0x00006bdf     0x1a30 CMakeFiles\ddd.dir\ddd\3dmath.c.obj
 .debug_info    0x0000860f      0x67d CMakeFiles\ddd.dir\ddd\camera.c.obj
 .debug_info    0x00008c8c      0x469 CMakeFiles\ddd.dir\ddd\gameobject.c.obj
 .debug_info    0x000090f5     0x7772 CMakeFiles\ddd.dir\ddd\render.c.obj
 .debug_info    0x00010867      0x480 CMakeFiles\ddd.dir\ddd\scene.c.obj
 .debug_info    0x00010ce7      0x207 CMakeFiles\ddd.dir\ddd\symbols.c.obj
 .debug_info    0x00010eee     0x6496 CMakeFiles\ddd.dir\C_\Users\shrin\Documents\PlaydateSDK\C_API\buildsupport\setup.c.obj

.debug_abbrev   0x00000000     0x1800
 .debug_abbrev  0x00000000      0x5cf CMakeFiles\ddd.dir\src\main.c.obj
 .debug_abbrev  0x000005cf      0x3e5 CMakeFiles\ddd.dir\ddd\3dmath.c.obj
 .debug_abbrev  0x000009b4      0x1f7 CMakeFiles\ddd.dir\ddd\camera.c.obj
 .debug_abbrev  0x00000bab      0x139 CMakeFiles\ddd.dir\ddd\gameobject.c.obj
 .debug_abbrev  0x00000ce4      0x5ee CMakeFiles\ddd.dir\ddd\render.c.obj
 .debug_abbrev  0x000012d2      0x172 CMakeFiles\ddd.dir\ddd\scene.c.obj
 .debug_abbrev  0x00001444       0xbc CMakeFiles\ddd.dir\ddd\symbols.c.obj
 .debug_abbrev  0x00001500      0x300 CMakeFiles\ddd.dir\C_\Users\shrin\Documents\PlaydateSDK\C_API\buildsupport\setup.c.obj

.debug_loc      0x00000000     0x4d05
 .debug_loc     0x00000000      0x7d4 CMakeFiles\ddd.dir\src\main.c.obj
 .debug_loc     0x000007d4     0x1fa6 CMakeFiles\ddd.dir\ddd\3dmath.c.obj
 .debug_loc     0x0000277a      0x3e5 CMakeFiles\ddd.dir\ddd\camera.c.obj
 .debug_loc     0x00002b5f       0x5b CMakeFiles\ddd.dir\ddd\gameobject.c.obj
 .debug_loc     0x00002bba     0x1d20 CMakeFiles\ddd.dir\ddd\render.c.obj
 .debug_loc     0x000048da      0x195 CMakeFiles\ddd.dir\ddd\scene.c.obj
 .debug_loc     0x00004a6f       0x2c CMakeFiles\ddd.dir\ddd\symbols.c.obj
 .debug_loc     0x00004a9b      0x26a CMakeFiles\ddd.dir\C_\Users\shrin\Documents\PlaydateSDK\C_API\buildsupport\setup.c.obj

.debug_aranges  0x00000000      0x358
 .debug_aranges
                0x00000000       0xa0 CMakeFiles\ddd.dir\src\main.c.obj
 .debug_aranges
                0x000000a0      0x140 CMakeFiles\ddd.dir\ddd\3dmath.c.obj
 .debug_aranges
                0x000001e0       0x38 CMakeFiles\ddd.dir\ddd\camera.c.obj
 .debug_aranges
                0x00000218       0x20 CMakeFiles\ddd.dir\ddd\gameobject.c.obj
 .debug_aranges
                0x00000238       0x98 CMakeFiles\ddd.dir\ddd\render.c.obj
 .debug_aranges
                0x000002d0       0x30 CMakeFiles\ddd.dir\ddd\scene.c.obj
 .debug_aranges
                0x00000300       0x20 CMakeFiles\ddd.dir\ddd\symbols.c.obj
 .debug_aranges
                0x00000320       0x38 CMakeFiles\ddd.dir\C_\Users\shrin\Documents\PlaydateSDK\C_API\buildsupport\setup.c.obj

.debug_ranges   0x00000000      0x8b8
 .debug_ranges  0x00000000      0x158 CMakeFiles\ddd.dir\src\main.c.obj
 .debug_ranges  0x00000158      0x358 CMakeFiles\ddd.dir\ddd\3dmath.c.obj
 .debug_ranges  0x000004b0       0x28 CMakeFiles\ddd.dir\ddd\camera.c.obj
 .debug_ranges  0x000004d8       0x10 CMakeFiles\ddd.dir\ddd\gameobject.c.obj
 .debug_ranges  0x000004e8      0x340 CMakeFiles\ddd.dir\ddd\render.c.obj
 .debug_ranges  0x00000828       0x58 CMakeFiles\ddd.dir\ddd\scene.c.obj
 .debug_ranges  0x00000880       0x10 CMakeFiles\ddd.dir\ddd\symbols.c.obj
 .debug_ranges  0x00000890       0x28 CMakeFiles\ddd.dir\C_\Users\shrin\Documents\PlaydateSDK\C_API\buildsupport\setup.c.obj

.debug_line     0x00000000     0x37d9
 .debug_line    0x00000000      0xcac CMakeFiles\ddd.dir\src\main.c.obj
 .debug_line    0x00000cac     0x10df CMakeFiles\ddd.dir\ddd\3dmath.c.obj
 .debug_line    0x00001d8b      0x260 CMakeFiles\ddd.dir\ddd\camera.c.obj
 .debug_line    0x00001feb      0x146 CMakeFiles\ddd.dir\ddd\gameobject.c.obj
 .debug_line    0x00002131     0x106d CMakeFiles\ddd.dir\ddd\render.c.obj
 .debug_line    0x0000319e      0x234 CMakeFiles\ddd.dir\ddd\scene.c.obj
 .debug_line    0x000033d2       0x8d CMakeFiles\ddd.dir\ddd\symbols.c.obj
 .debug_line    0x0000345f      0x37a CMakeFiles\ddd.dir\C_\Users\shrin\Documents\PlaydateSDK\C_API\buildsupport\setup.c.obj

.debug_str      0x00000000     0x38af
 .debug_str     0x00000000     0x38af CMakeFiles\ddd.dir\src\main.c.obj
                               0x30b5 (size before relaxing)
 .debug_str     0x000038af      0x677 CMakeFiles\ddd.dir\ddd\3dmath.c.obj
 .debug_str     0x000038af      0x45e CMakeFiles\ddd.dir\ddd\camera.c.obj
 .debug_str     0x000038af      0x37e CMakeFiles\ddd.dir\ddd\gameobject.c.obj
 .debug_str     0x000038af     0x2f2e CMakeFiles\ddd.dir\ddd\render.c.obj
 .debug_str     0x000038af      0x39c CMakeFiles\ddd.dir\ddd\scene.c.obj
 .debug_str     0x000038af      0x257 CMakeFiles\ddd.dir\ddd\symbols.c.obj
 .debug_str     0x000038af     0x2e7e CMakeFiles\ddd.dir\C_\Users\shrin\Documents\PlaydateSDK\C_API\buildsupport\setup.c.obj

.comment        0x00000000       0x44
 .comment       0x00000000       0x44 CMakeFiles\ddd.dir\src\main.c.obj
                                 0x45 (size before relaxing)
 .comment       0x00000044       0x45 CMakeFiles\ddd.dir\ddd\3dmath.c.obj
 .comment       0x00000044       0x45 CMakeFiles\ddd.dir\ddd\camera.c.obj
 .comment       0x00000044       0x45 CMakeFiles\ddd.dir\ddd\gameobject.c.obj
 .comment       0x00000044       0x45 CMakeFiles\ddd.dir\ddd\render.c.obj
 .comment       0x00000044       0x45 CMakeFiles\ddd.dir\ddd\scene.c.obj
 .comment       0x00000044       0x45 CMakeFiles\ddd.dir\ddd\symbols.c.obj
 .comment       0x00000044       0x45 CMakeFiles\ddd.dir\C_\Users\shrin\Documents\PlaydateSDK\C_API\buildsupport\setup.c.obj

.ARM.attributes
                0x00000000       0x34
 .ARM.attributes
                0x00000000       0x34 CMakeFiles\ddd.dir\src\main.c.obj
 .ARM.attributes
                0x00000034       0x34 CMakeFiles\ddd.dir\ddd\3dmath.c.obj
 .ARM.attributes
                0x00000068       0x34 CMakeFiles\ddd.dir\ddd\camera.c.obj
 .ARM.attributes
                0x0000009c       0x34 CMakeFiles\ddd.dir\ddd\gameobject.c.obj
 .ARM.attributes
                0x000000d0       0x34 CMakeFiles\ddd.dir\ddd\render.c.obj
 .ARM.attributes
                0x00000104       0x34 CMakeFiles\ddd.dir\ddd\scene.c.obj
 .ARM.attributes
                0x00000138       0x34 CMakeFiles\ddd.dir\ddd\symbols.c.obj
 .ARM.attributes
                0x0000016c       0x34 CMakeFiles\ddd.dir\C_\Users\shrin\Documents\PlaydateSDK\C_API\buildsupport\setup.c.obj
 .ARM.attributes
                0x000001a0       0x34 C:/PROGRA~2/ARMGNU~1/13C7F1~1.2RE/bin/../lib/gcc/arm-none-eabi/13.2.1/thumb/v7e-m+fp/hard\libg.a(libc_a-malloc.o)
 .ARM.attributes
                0x000001d4       0x34 C:/PROGRA~2/ARMGNU~1/13C7F1~1.2RE/bin/../lib/gcc/arm-none-eabi/13.2.1/thumb/v7e-m+fp/hard\libg.a(libc_a-qsort.o)
 .ARM.attributes
                0x00000208       0x34 C:/PROGRA~2/ARMGNU~1/13C7F1~1.2RE/bin/../lib/gcc/arm-none-eabi/13.2.1/thumb/v7e-m+fp/hard\libg.a(libc_a-memset.o)
 .ARM.attributes
                0x0000023c       0x34 C:/PROGRA~2/ARMGNU~1/13C7F1~1.2RE/bin/../lib/gcc/arm-none-eabi/13.2.1/thumb/v7e-m+fp/hard\libg.a(libc_a-impure.o)
 .ARM.attributes
                0x00000270       0x34 C:/PROGRA~2/ARMGNU~1/13C7F1~1.2RE/bin/../lib/gcc/arm-none-eabi/13.2.1/thumb/v7e-m+fp/hard\libg.a(libc_a-findfp.o)
 .ARM.attributes
                0x000002a4       0x34 C:/PROGRA~2/ARMGNU~1/13C7F1~1.2RE/bin/../lib/gcc/arm-none-eabi/13.2.1/thumb/v7e-m+fp/hard\libm.a(libm_a-wf_atan2.o)
 .ARM.attributes
                0x000002d8       0x34 C:/PROGRA~2/ARMGNU~1/13C7F1~1.2RE/bin/../lib/gcc/arm-none-eabi/13.2.1/thumb/v7e-m+fp/hard\libm.a(libm_a-sf_cos.o)
 .ARM.attributes
                0x0000030c       0x34 C:/PROGRA~2/ARMGNU~1/13C7F1~1.2RE/bin/../lib/gcc/arm-none-eabi/13.2.1/thumb/v7e-m+fp/hard\libm.a(libm_a-sf_fabs.o)
 .ARM.attributes
                0x00000340       0x34 C:/PROGRA~2/ARMGNU~1/13C7F1~1.2RE/bin/../lib/gcc/arm-none-eabi/13.2.1/thumb/v7e-m+fp/hard\libm.a(libm_a-sf_sin.o)
 .ARM.attributes
                0x00000374       0x34 C:/PROGRA~2/ARMGNU~1/13C7F1~1.2RE/bin/../lib/gcc/arm-none-eabi/13.2.1/thumb/v7e-m+fp/hard\libm.a(libm_a-sf_tan.o)
 .ARM.attributes
                0x000003a8       0x34 C:/PROGRA~2/ARMGNU~1/13C7F1~1.2RE/bin/../lib/gcc/arm-none-eabi/13.2.1/thumb/v7e-m+fp/hard\libm.a(libm_a-kf_cos.o)
 .ARM.attributes
                0x000003dc       0x34 C:/PROGRA~2/ARMGNU~1/13C7F1~1.2RE/bin/../lib/gcc/arm-none-eabi/13.2.1/thumb/v7e-m+fp/hard\libm.a(libm_a-kf_sin.o)
 .ARM.attributes
                0x00000410       0x34 C:/PROGRA~2/ARMGNU~1/13C7F1~1.2RE/bin/../lib/gcc/arm-none-eabi/13.2.1/thumb/v7e-m+fp/hard\libm.a(libm_a-kf_tan.o)
 .ARM.attributes
                0x00000444       0x34 C:/PROGRA~2/ARMGNU~1/13C7F1~1.2RE/bin/../lib/gcc/arm-none-eabi/13.2.1/thumb/v7e-m+fp/hard\libm.a(libm_a-ef_atan2.o)
 .ARM.attributes
                0x00000478       0x34 C:/PROGRA~2/ARMGNU~1/13C7F1~1.2RE/bin/../lib/gcc/arm-none-eabi/13.2.1/thumb/v7e-m+fp/hard\libm.a(libm_a-ef_rem_pio2.o)
 .ARM.attributes
                0x000004ac       0x34 C:/PROGRA~2/ARMGNU~1/13C7F1~1.2RE/bin/../lib/gcc/arm-none-eabi/13.2.1/thumb/v7e-m+fp/hard\libm.a(libm_a-sf_atan.o)
 .ARM.attributes
                0x000004e0       0x34 C:/PROGRA~2/ARMGNU~1/13C7F1~1.2RE/bin/../lib/gcc/arm-none-eabi/13.2.1/thumb/v7e-m+fp/hard\libm.a(libm_a-kf_rem_pio2.o)
 .ARM.attributes
                0x00000514       0x34 C:/PROGRA~2/ARMGNU~1/13C7F1~1.2RE/bin/../lib/gcc/arm-none-eabi/13.2.1/thumb/v7e-m+fp/hard\libm.a(libm_a-sf_scalbn.o)
 .ARM.attributes
                0x00000548       0x34 C:/PROGRA~2/ARMGNU~1/13C7F1~1.2RE/bin/../lib/gcc/arm-none-eabi/13.2.1/thumb/v7e-m+fp/hard\libm.a(libm_a-sf_floor.o)

.debug_frame    0x00000000      0xfec
 .debug_frame   0x00000000      0x1c8 CMakeFiles\ddd.dir\src\main.c.obj
 .debug_frame   0x000001c8      0x59c CMakeFiles\ddd.dir\ddd\3dmath.c.obj
 .debug_frame   0x00000764       0x98 CMakeFiles\ddd.dir\ddd\camera.c.obj
 .debug_frame   0x000007fc       0x30 CMakeFiles\ddd.dir\ddd\gameobject.c.obj
 .debug_frame   0x0000082c      0x278 CMakeFiles\ddd.dir\ddd\render.c.obj
 .debug_frame   0x00000aa4       0x68 CMakeFiles\ddd.dir\ddd\scene.c.obj
 .debug_frame   0x00000b0c       0x28 CMakeFiles\ddd.dir\ddd\symbols.c.obj
 .debug_frame   0x00000b34       0x5c CMakeFiles\ddd.dir\C_\Users\shrin\Documents\PlaydateSDK\C_API\buildsupport\setup.c.obj
 .debug_frame   0x00000b90       0x30 C:/PROGRA~2/ARMGNU~1/13C7F1~1.2RE/bin/../lib/gcc/arm-none-eabi/13.2.1/thumb/v7e-m+fp/hard\libg.a(libc_a-malloc.o)
 .debug_frame   0x00000bc0       0x44 C:/PROGRA~2/ARMGNU~1/13C7F1~1.2RE/bin/../lib/gcc/arm-none-eabi/13.2.1/thumb/v7e-m+fp/hard\libg.a(libc_a-qsort.o)
 .debug_frame   0x00000c04       0x2c C:/PROGRA~2/ARMGNU~1/13C7F1~1.2RE/bin/../lib/gcc/arm-none-eabi/13.2.1/thumb/v7e-m+fp/hard\libg.a(libc_a-memset.o)
 .debug_frame   0x00000c30      0x13c C:/PROGRA~2/ARMGNU~1/13C7F1~1.2RE/bin/../lib/gcc/arm-none-eabi/13.2.1/thumb/v7e-m+fp/hard\libg.a(libc_a-findfp.o)
 .debug_frame   0x00000d6c       0x20 C:/PROGRA~2/ARMGNU~1/13C7F1~1.2RE/bin/../lib/gcc/arm-none-eabi/13.2.1/thumb/v7e-m+fp/hard\libm.a(libm_a-wf_atan2.o)
 .debug_frame   0x00000d8c       0x34 C:/PROGRA~2/ARMGNU~1/13C7F1~1.2RE/bin/../lib/gcc/arm-none-eabi/13.2.1/thumb/v7e-m+fp/hard\libm.a(libm_a-sf_cos.o)
 .debug_frame   0x00000dc0       0x20 C:/PROGRA~2/ARMGNU~1/13C7F1~1.2RE/bin/../lib/gcc/arm-none-eabi/13.2.1/thumb/v7e-m+fp/hard\libm.a(libm_a-sf_fabs.o)
 .debug_frame   0x00000de0       0x34 C:/PROGRA~2/ARMGNU~1/13C7F1~1.2RE/bin/../lib/gcc/arm-none-eabi/13.2.1/thumb/v7e-m+fp/hard\libm.a(libm_a-sf_sin.o)
 .debug_frame   0x00000e14       0x30 C:/PROGRA~2/ARMGNU~1/13C7F1~1.2RE/bin/../lib/gcc/arm-none-eabi/13.2.1/thumb/v7e-m+fp/hard\libm.a(libm_a-sf_tan.o)
 .debug_frame   0x00000e44       0x20 C:/PROGRA~2/ARMGNU~1/13C7F1~1.2RE/bin/../lib/gcc/arm-none-eabi/13.2.1/thumb/v7e-m+fp/hard\libm.a(libm_a-kf_cos.o)
 .debug_frame   0x00000e64       0x20 C:/PROGRA~2/ARMGNU~1/13C7F1~1.2RE/bin/../lib/gcc/arm-none-eabi/13.2.1/thumb/v7e-m+fp/hard\libm.a(libm_a-kf_sin.o)
 .debug_frame   0x00000e84       0x28 C:/PROGRA~2/ARMGNU~1/13C7F1~1.2RE/bin/../lib/gcc/arm-none-eabi/13.2.1/thumb/v7e-m+fp/hard\libm.a(libm_a-kf_tan.o)
 .debug_frame   0x00000eac       0x44 C:/PROGRA~2/ARMGNU~1/13C7F1~1.2RE/bin/../lib/gcc/arm-none-eabi/13.2.1/thumb/v7e-m+fp/hard\libm.a(libm_a-ef_atan2.o)
 .debug_frame   0x00000ef0       0x34 C:/PROGRA~2/ARMGNU~1/13C7F1~1.2RE/bin/../lib/gcc/arm-none-eabi/13.2.1/thumb/v7e-m+fp/hard\libm.a(libm_a-ef_rem_pio2.o)
 .debug_frame   0x00000f24       0x2c C:/PROGRA~2/ARMGNU~1/13C7F1~1.2RE/bin/../lib/gcc/arm-none-eabi/13.2.1/thumb/v7e-m+fp/hard\libm.a(libm_a-sf_atan.o)
 .debug_frame   0x00000f50       0x5c C:/PROGRA~2/ARMGNU~1/13C7F1~1.2RE/bin/../lib/gcc/arm-none-eabi/13.2.1/thumb/v7e-m+fp/hard\libm.a(libm_a-kf_rem_pio2.o)
 .debug_frame   0x00000fac       0x20 C:/PROGRA~2/ARMGNU~1/13C7F1~1.2RE/bin/../lib/gcc/arm-none-eabi/13.2.1/thumb/v7e-m+fp/hard\libm.a(libm_a-sf_scalbn.o)
 .debug_frame   0x00000fcc       0x20 C:/PROGRA~2/ARMGNU~1/13C7F1~1.2RE/bin/../lib/gcc/arm-none-eabi/13.2.1/thumb/v7e-m+fp/hard\libm.a(libm_a-sf_floor.o)

Cross Reference Table

Symbol                                            File
ActiveScene                                       CMakeFiles\ddd.dir\src\main.c.obj
Camera_getProjectionMatrix                        CMakeFiles\ddd.dir\ddd\camera.c.obj
                                                  CMakeFiles\ddd.dir\src\main.c.obj
Camera_setRotation                                CMakeFiles\ddd.dir\ddd\camera.c.obj
                                                  CMakeFiles\ddd.dir\src\main.c.obj
Camera_worldToScreenPos                           CMakeFiles\ddd.dir\ddd\camera.c.obj
                                                  CMakeFiles\ddd.dir\ddd\render.c.obj
DefaultScene                                      CMakeFiles\ddd.dir\src\main.c.obj
GLOBAL_ORIGIN                                     CMakeFiles\ddd.dir\src\main.c.obj
GLOBAL_UP                                         CMakeFiles\ddd.dir\src\main.c.obj
GameObject_drawMesh                               CMakeFiles\ddd.dir\ddd\render.c.obj
                                                  CMakeFiles\ddd.dir\src\main.c.obj
GameObject_render                                 CMakeFiles\ddd.dir\ddd\render.c.obj
GameObject_updateTransform                        CMakeFiles\ddd.dir\ddd\gameobject.c.obj
                                                  CMakeFiles\ddd.dir\ddd\scene.c.obj
Gradient_init                                     CMakeFiles\ddd.dir\src\main.c.obj
Gradient_sample                                   CMakeFiles\ddd.dir\src\main.c.obj
Gradient_tick                                     CMakeFiles\ddd.dir\src\main.c.obj
Grid_render                                       CMakeFiles\ddd.dir\ddd\render.c.obj
Line_worldDraw                                    CMakeFiles\ddd.dir\ddd\render.c.obj
Matrix3_apply                                     CMakeFiles\ddd.dir\ddd\3dmath.c.obj
                                                  CMakeFiles\ddd.dir\ddd\render.c.obj
Matrix3_getDeterminant                            CMakeFiles\ddd.dir\ddd\3dmath.c.obj
Matrix3_getRotationX                              CMakeFiles\ddd.dir\ddd\3dmath.c.obj
                                                  CMakeFiles\ddd.dir\ddd\camera.c.obj
Matrix3_getRotationY                              CMakeFiles\ddd.dir\ddd\3dmath.c.obj
                                                  CMakeFiles\ddd.dir\ddd\camera.c.obj
Matrix3_getRotationZ                              CMakeFiles\ddd.dir\ddd\3dmath.c.obj
                                                  CMakeFiles\ddd.dir\ddd\camera.c.obj
Matrix3_lookAt                                    CMakeFiles\ddd.dir\ddd\3dmath.c.obj
                                                  CMakeFiles\ddd.dir\src\main.c.obj
Matrix3_make                                      CMakeFiles\ddd.dir\ddd\3dmath.c.obj
Matrix3_makeTranslate                             CMakeFiles\ddd.dir\ddd\3dmath.c.obj
Matrix3_multiply                                  CMakeFiles\ddd.dir\ddd\3dmath.c.obj
                                                  CMakeFiles\ddd.dir\ddd\camera.c.obj
Matrix3_rotationFromAngles                        CMakeFiles\ddd.dir\ddd\3dmath.c.obj
Matrix4_apply                                     CMakeFiles\ddd.dir\ddd\3dmath.c.obj
                                                  CMakeFiles\ddd.dir\ddd\render.c.obj
                                                  CMakeFiles\ddd.dir\ddd\camera.c.obj
Matrix4_getRotationX                              CMakeFiles\ddd.dir\ddd\3dmath.c.obj
Matrix4_getRotationY                              CMakeFiles\ddd.dir\ddd\3dmath.c.obj
Matrix4_getRotationZ                              CMakeFiles\ddd.dir\ddd\3dmath.c.obj
Matrix4_getTransform                              CMakeFiles\ddd.dir\ddd\3dmath.c.obj
                                                  CMakeFiles\ddd.dir\ddd\gameobject.c.obj
PTR_Camera_worldToScreenPos                       CMakeFiles\ddd.dir\ddd\camera.c.obj
                                                  CMakeFiles\ddd.dir\ddd\render.c.obj
PTR_Matrix3_apply                                 CMakeFiles\ddd.dir\ddd\3dmath.c.obj
                                                  CMakeFiles\ddd.dir\ddd\render.c.obj
PTR_Matrix4_apply                                 CMakeFiles\ddd.dir\ddd\3dmath.c.obj
                                                  CMakeFiles\ddd.dir\ddd\camera.c.obj
Quaternion_LookAt                                 CMakeFiles\ddd.dir\ddd\3dmath.c.obj
Quaternion_fromAngleAxis                          CMakeFiles\ddd.dir\ddd\3dmath.c.obj
Quaternion_fromVector3                            CMakeFiles\ddd.dir\ddd\3dmath.c.obj
Quaternion_normalize                              CMakeFiles\ddd.dir\ddd\3dmath.c.obj
SINE_GRADIENT                                     CMakeFiles\ddd.dir\src\main.c.obj
SINE_GRADIENT_OFFSET                              CMakeFiles\ddd.dir\src\main.c.obj
Scene_addGameObject                               CMakeFiles\ddd.dir\ddd\scene.c.obj
                                                  CMakeFiles\ddd.dir\src\main.c.obj
Scene_removeGameObject                            CMakeFiles\ddd.dir\ddd\scene.c.obj
Scene_update                                      CMakeFiles\ddd.dir\ddd\scene.c.obj
                                                  CMakeFiles\ddd.dir\src\main.c.obj
TestScene                                         CMakeFiles\ddd.dir\src\main.c.obj
Triangle_draw                                     CMakeFiles\ddd.dir\ddd\render.c.obj
Vector3_add                                       CMakeFiles\ddd.dir\ddd\3dmath.c.obj
                                                  CMakeFiles\ddd.dir\src\main.c.obj
Vector3_applyQuaternion                           CMakeFiles\ddd.dir\ddd\3dmath.c.obj
Vector3_cross                                     CMakeFiles\ddd.dir\ddd\3dmath.c.obj
Vector3_dot                                       CMakeFiles\ddd.dir\ddd\3dmath.c.obj
                                                  CMakeFiles\ddd.dir\ddd\render.c.obj
Vector3_fromQuaternion                            CMakeFiles\ddd.dir\ddd\3dmath.c.obj
Vector3_getForward                                CMakeFiles\ddd.dir\ddd\3dmath.c.obj
                                                  CMakeFiles\ddd.dir\src\main.c.obj
Vector3_getLeft                                   CMakeFiles\ddd.dir\ddd\3dmath.c.obj
                                                  CMakeFiles\ddd.dir\src\main.c.obj
Vector3_getUp                                     CMakeFiles\ddd.dir\ddd\3dmath.c.obj
                                                  CMakeFiles\ddd.dir\src\main.c.obj
Vector3_length                                    CMakeFiles\ddd.dir\ddd\3dmath.c.obj
Vector3_lengthSquared                             CMakeFiles\ddd.dir\ddd\3dmath.c.obj
Vector3_make                                      CMakeFiles\ddd.dir\ddd\symbols.c.obj
                                                  CMakeFiles\ddd.dir\ddd\3dmath.c.obj
Vector3_multiply                                  CMakeFiles\ddd.dir\ddd\3dmath.c.obj
Vector3_multiplyScalar                            CMakeFiles\ddd.dir\ddd\3dmath.c.obj
                                                  CMakeFiles\ddd.dir\src\main.c.obj
Vector3_normalize                                 CMakeFiles\ddd.dir\ddd\3dmath.c.obj
Vector3_subtract                                  CMakeFiles\ddd.dir\ddd\3dmath.c.obj
                                                  CMakeFiles\ddd.dir\ddd\render.c.obj
                                                  CMakeFiles\ddd.dir\src\main.c.obj
YPlane_render                                     CMakeFiles\ddd.dir\ddd\render.c.obj
                                                  CMakeFiles\ddd.dir\src\main.c.obj
__adddf3                                          C:/PROGRA~2/ARMGNU~1/13C7F1~1.2RE/bin/../lib/gcc/arm-none-eabi/13.2.1/thumb/v7e-m+fp/hard\libgcc.a(_arm_addsubdf3.o)
__aeabi_d2f                                       C:/PROGRA~2/ARMGNU~1/13C7F1~1.2RE/bin/../lib/gcc/arm-none-eabi/13.2.1/thumb/v7e-m+fp/hard\libgcc.a(_arm_truncdfsf2.o)
                                                  CMakeFiles\ddd.dir\ddd\3dmath.c.obj
__aeabi_dadd                                      C:/PROGRA~2/ARMGNU~1/13C7F1~1.2RE/bin/../lib/gcc/arm-none-eabi/13.2.1/thumb/v7e-m+fp/hard\libgcc.a(_arm_addsubdf3.o)
__aeabi_drsub                                     C:/PROGRA~2/ARMGNU~1/13C7F1~1.2RE/bin/../lib/gcc/arm-none-eabi/13.2.1/thumb/v7e-m+fp/hard\libgcc.a(_arm_addsubdf3.o)
__aeabi_dsub                                      C:/PROGRA~2/ARMGNU~1/13C7F1~1.2RE/bin/../lib/gcc/arm-none-eabi/13.2.1/thumb/v7e-m+fp/hard\libgcc.a(_arm_addsubdf3.o)
                                                  CMakeFiles\ddd.dir\ddd\3dmath.c.obj
__aeabi_f2d                                       C:/PROGRA~2/ARMGNU~1/13C7F1~1.2RE/bin/../lib/gcc/arm-none-eabi/13.2.1/thumb/v7e-m+fp/hard\libgcc.a(_arm_addsubdf3.o)
                                                  CMakeFiles\ddd.dir\ddd\3dmath.c.obj
__aeabi_i2d                                       C:/PROGRA~2/ARMGNU~1/13C7F1~1.2RE/bin/../lib/gcc/arm-none-eabi/13.2.1/thumb/v7e-m+fp/hard\libgcc.a(_arm_addsubdf3.o)
__aeabi_l2d                                       C:/PROGRA~2/ARMGNU~1/13C7F1~1.2RE/bin/../lib/gcc/arm-none-eabi/13.2.1/thumb/v7e-m+fp/hard\libgcc.a(_arm_addsubdf3.o)
__aeabi_ui2d                                      C:/PROGRA~2/ARMGNU~1/13C7F1~1.2RE/bin/../lib/gcc/arm-none-eabi/13.2.1/thumb/v7e-m+fp/hard\libgcc.a(_arm_addsubdf3.o)
__aeabi_ul2d                                      C:/PROGRA~2/ARMGNU~1/13C7F1~1.2RE/bin/../lib/gcc/arm-none-eabi/13.2.1/thumb/v7e-m+fp/hard\libgcc.a(_arm_addsubdf3.o)
__errno                                           C:/PROGRA~2/ARMGNU~1/13C7F1~1.2RE/bin/../lib/gcc/arm-none-eabi/13.2.1/thumb/v7e-m+fp/hard\libc.a(libc_a-errno.o)
                                                  C:/PROGRA~2/ARMGNU~1/13C7F1~1.2RE/bin/../lib/gcc/arm-none-eabi/13.2.1/thumb/v7e-m+fp/hard\libm.a(libm_a-wf_sqrt.o)
                                                  C:/PROGRA~2/ARMGNU~1/13C7F1~1.2RE/bin/../lib/gcc/arm-none-eabi/13.2.1/thumb/v7e-m+fp/hard\libm.a(libm_a-wf_acos.o)
__extendsfdf2                                     C:/PROGRA~2/ARMGNU~1/13C7F1~1.2RE/bin/../lib/gcc/arm-none-eabi/13.2.1/thumb/v7e-m+fp/hard\libgcc.a(_arm_addsubdf3.o)
__floatdidf                                       C:/PROGRA~2/ARMGNU~1/13C7F1~1.2RE/bin/../lib/gcc/arm-none-eabi/13.2.1/thumb/v7e-m+fp/hard\libgcc.a(_arm_addsubdf3.o)
__floatsidf                                       C:/PROGRA~2/ARMGNU~1/13C7F1~1.2RE/bin/../lib/gcc/arm-none-eabi/13.2.1/thumb/v7e-m+fp/hard\libgcc.a(_arm_addsubdf3.o)
__floatundidf                                     C:/PROGRA~2/ARMGNU~1/13C7F1~1.2RE/bin/../lib/gcc/arm-none-eabi/13.2.1/thumb/v7e-m+fp/hard\libgcc.a(_arm_addsubdf3.o)
__floatunsidf                                     C:/PROGRA~2/ARMGNU~1/13C7F1~1.2RE/bin/../lib/gcc/arm-none-eabi/13.2.1/thumb/v7e-m+fp/hard\libgcc.a(_arm_addsubdf3.o)
__fp_lock_all                                     C:/PROGRA~2/ARMGNU~1/13C7F1~1.2RE/bin/../lib/gcc/arm-none-eabi/13.2.1/thumb/v7e-m+fp/hard\libg.a(libc_a-findfp.o)
__fp_unlock_all                                   C:/PROGRA~2/ARMGNU~1/13C7F1~1.2RE/bin/../lib/gcc/arm-none-eabi/13.2.1/thumb/v7e-m+fp/hard\libg.a(libc_a-findfp.o)
__ieee754_acosf                                   C:/PROGRA~2/ARMGNU~1/13C7F1~1.2RE/bin/../lib/gcc/arm-none-eabi/13.2.1/thumb/v7e-m+fp/hard\libm.a(libm_a-ef_acos.o)
                                                  C:/PROGRA~2/ARMGNU~1/13C7F1~1.2RE/bin/../lib/gcc/arm-none-eabi/13.2.1/thumb/v7e-m+fp/hard\libm.a(libm_a-wf_acos.o)
__ieee754_atan2f                                  C:/PROGRA~2/ARMGNU~1/13C7F1~1.2RE/bin/../lib/gcc/arm-none-eabi/13.2.1/thumb/v7e-m+fp/hard\libm.a(libm_a-ef_atan2.o)
                                                  C:/PROGRA~2/ARMGNU~1/13C7F1~1.2RE/bin/../lib/gcc/arm-none-eabi/13.2.1/thumb/v7e-m+fp/hard\libm.a(libm_a-wf_atan2.o)
__ieee754_rem_pio2f                               C:/PROGRA~2/ARMGNU~1/13C7F1~1.2RE/bin/../lib/gcc/arm-none-eabi/13.2.1/thumb/v7e-m+fp/hard\libm.a(libm_a-ef_rem_pio2.o)
                                                  C:/PROGRA~2/ARMGNU~1/13C7F1~1.2RE/bin/../lib/gcc/arm-none-eabi/13.2.1/thumb/v7e-m+fp/hard\libm.a(libm_a-sf_tan.o)
                                                  C:/PROGRA~2/ARMGNU~1/13C7F1~1.2RE/bin/../lib/gcc/arm-none-eabi/13.2.1/thumb/v7e-m+fp/hard\libm.a(libm_a-sf_sin.o)
                                                  C:/PROGRA~2/ARMGNU~1/13C7F1~1.2RE/bin/../lib/gcc/arm-none-eabi/13.2.1/thumb/v7e-m+fp/hard\libm.a(libm_a-sf_cos.o)
__ieee754_sqrtf                                   C:/PROGRA~2/ARMGNU~1/13C7F1~1.2RE/bin/../lib/gcc/arm-none-eabi/13.2.1/thumb/v7e-m+fp/hard\libm.a(libm_a-ef_sqrt.o)
                                                  C:/PROGRA~2/ARMGNU~1/13C7F1~1.2RE/bin/../lib/gcc/arm-none-eabi/13.2.1/thumb/v7e-m+fp/hard\libm.a(libm_a-ef_acos.o)
                                                  C:/PROGRA~2/ARMGNU~1/13C7F1~1.2RE/bin/../lib/gcc/arm-none-eabi/13.2.1/thumb/v7e-m+fp/hard\libm.a(libm_a-wf_sqrt.o)
__kernel_cosf                                     C:/PROGRA~2/ARMGNU~1/13C7F1~1.2RE/bin/../lib/gcc/arm-none-eabi/13.2.1/thumb/v7e-m+fp/hard\libm.a(libm_a-kf_cos.o)
                                                  C:/PROGRA~2/ARMGNU~1/13C7F1~1.2RE/bin/../lib/gcc/arm-none-eabi/13.2.1/thumb/v7e-m+fp/hard\libm.a(libm_a-sf_sin.o)
                                                  C:/PROGRA~2/ARMGNU~1/13C7F1~1.2RE/bin/../lib/gcc/arm-none-eabi/13.2.1/thumb/v7e-m+fp/hard\libm.a(libm_a-sf_cos.o)
__kernel_rem_pio2f                                C:/PROGRA~2/ARMGNU~1/13C7F1~1.2RE/bin/../lib/gcc/arm-none-eabi/13.2.1/thumb/v7e-m+fp/hard\libm.a(libm_a-kf_rem_pio2.o)
                                                  C:/PROGRA~2/ARMGNU~1/13C7F1~1.2RE/bin/../lib/gcc/arm-none-eabi/13.2.1/thumb/v7e-m+fp/hard\libm.a(libm_a-ef_rem_pio2.o)
__kernel_sinf                                     C:/PROGRA~2/ARMGNU~1/13C7F1~1.2RE/bin/../lib/gcc/arm-none-eabi/13.2.1/thumb/v7e-m+fp/hard\libm.a(libm_a-kf_sin.o)
                                                  C:/PROGRA~2/ARMGNU~1/13C7F1~1.2RE/bin/../lib/gcc/arm-none-eabi/13.2.1/thumb/v7e-m+fp/hard\libm.a(libm_a-sf_sin.o)
                                                  C:/PROGRA~2/ARMGNU~1/13C7F1~1.2RE/bin/../lib/gcc/arm-none-eabi/13.2.1/thumb/v7e-m+fp/hard\libm.a(libm_a-sf_cos.o)
__kernel_tanf                                     C:/PROGRA~2/ARMGNU~1/13C7F1~1.2RE/bin/../lib/gcc/arm-none-eabi/13.2.1/thumb/v7e-m+fp/hard\libm.a(libm_a-kf_tan.o)
                                                  C:/PROGRA~2/ARMGNU~1/13C7F1~1.2RE/bin/../lib/gcc/arm-none-eabi/13.2.1/thumb/v7e-m+fp/hard\libm.a(libm_a-sf_tan.o)
__lock___arc4random_mutex                         C:/PROGRA~2/ARMGNU~1/13C7F1~1.2RE/bin/../lib/gcc/arm-none-eabi/13.2.1/thumb/v7e-m+fp/hard\libg.a(libc_a-lock.o)
__lock___at_quick_exit_mutex                      C:/PROGRA~2/ARMGNU~1/13C7F1~1.2RE/bin/../lib/gcc/arm-none-eabi/13.2.1/thumb/v7e-m+fp/hard\libg.a(libc_a-lock.o)
__lock___atexit_recursive_mutex                   C:/PROGRA~2/ARMGNU~1/13C7F1~1.2RE/bin/../lib/gcc/arm-none-eabi/13.2.1/thumb/v7e-m+fp/hard\libg.a(libc_a-lock.o)
__lock___dd_hash_mutex                            C:/PROGRA~2/ARMGNU~1/13C7F1~1.2RE/bin/../lib/gcc/arm-none-eabi/13.2.1/thumb/v7e-m+fp/hard\libg.a(libc_a-lock.o)
__lock___env_recursive_mutex                      C:/PROGRA~2/ARMGNU~1/13C7F1~1.2RE/bin/../lib/gcc/arm-none-eabi/13.2.1/thumb/v7e-m+fp/hard\libg.a(libc_a-lock.o)
__lock___malloc_recursive_mutex                   C:/PROGRA~2/ARMGNU~1/13C7F1~1.2RE/bin/../lib/gcc/arm-none-eabi/13.2.1/thumb/v7e-m+fp/hard\libg.a(libc_a-lock.o)
__lock___sfp_recursive_mutex                      C:/PROGRA~2/ARMGNU~1/13C7F1~1.2RE/bin/../lib/gcc/arm-none-eabi/13.2.1/thumb/v7e-m+fp/hard\libg.a(libc_a-lock.o)
                                                  C:/PROGRA~2/ARMGNU~1/13C7F1~1.2RE/bin/../lib/gcc/arm-none-eabi/13.2.1/thumb/v7e-m+fp/hard\libg.a(libc_a-findfp.o)
__lock___tz_mutex                                 C:/PROGRA~2/ARMGNU~1/13C7F1~1.2RE/bin/../lib/gcc/arm-none-eabi/13.2.1/thumb/v7e-m+fp/hard\libg.a(libc_a-lock.o)
__retarget_lock_acquire                           C:/PROGRA~2/ARMGNU~1/13C7F1~1.2RE/bin/../lib/gcc/arm-none-eabi/13.2.1/thumb/v7e-m+fp/hard\libg.a(libc_a-lock.o)
__retarget_lock_acquire_recursive                 C:/PROGRA~2/ARMGNU~1/13C7F1~1.2RE/bin/../lib/gcc/arm-none-eabi/13.2.1/thumb/v7e-m+fp/hard\libg.a(libc_a-lock.o)
                                                  C:/PROGRA~2/ARMGNU~1/13C7F1~1.2RE/bin/../lib/gcc/arm-none-eabi/13.2.1/thumb/v7e-m+fp/hard\libg.a(libc_a-fflush.o)
                                                  C:/PROGRA~2/ARMGNU~1/13C7F1~1.2RE/bin/../lib/gcc/arm-none-eabi/13.2.1/thumb/v7e-m+fp/hard\libg.a(libc_a-fclose.o)
                                                  C:/PROGRA~2/ARMGNU~1/13C7F1~1.2RE/bin/../lib/gcc/arm-none-eabi/13.2.1/thumb/v7e-m+fp/hard\libg.a(libc_a-findfp.o)
__retarget_lock_close                             C:/PROGRA~2/ARMGNU~1/13C7F1~1.2RE/bin/../lib/gcc/arm-none-eabi/13.2.1/thumb/v7e-m+fp/hard\libg.a(libc_a-lock.o)
__retarget_lock_close_recursive                   C:/PROGRA~2/ARMGNU~1/13C7F1~1.2RE/bin/../lib/gcc/arm-none-eabi/13.2.1/thumb/v7e-m+fp/hard\libg.a(libc_a-lock.o)
                                                  C:/PROGRA~2/ARMGNU~1/13C7F1~1.2RE/bin/../lib/gcc/arm-none-eabi/13.2.1/thumb/v7e-m+fp/hard\libg.a(libc_a-fclose.o)
__retarget_lock_init                              C:/PROGRA~2/ARMGNU~1/13C7F1~1.2RE/bin/../lib/gcc/arm-none-eabi/13.2.1/thumb/v7e-m+fp/hard\libg.a(libc_a-lock.o)
__retarget_lock_init_recursive                    C:/PROGRA~2/ARMGNU~1/13C7F1~1.2RE/bin/../lib/gcc/arm-none-eabi/13.2.1/thumb/v7e-m+fp/hard\libg.a(libc_a-lock.o)
                                                  C:/PROGRA~2/ARMGNU~1/13C7F1~1.2RE/bin/../lib/gcc/arm-none-eabi/13.2.1/thumb/v7e-m+fp/hard\libg.a(libc_a-findfp.o)
__retarget_lock_release                           C:/PROGRA~2/ARMGNU~1/13C7F1~1.2RE/bin/../lib/gcc/arm-none-eabi/13.2.1/thumb/v7e-m+fp/hard\libg.a(libc_a-lock.o)
__retarget_lock_release_recursive                 C:/PROGRA~2/ARMGNU~1/13C7F1~1.2RE/bin/../lib/gcc/arm-none-eabi/13.2.1/thumb/v7e-m+fp/hard\libg.a(libc_a-lock.o)
                                                  C:/PROGRA~2/ARMGNU~1/13C7F1~1.2RE/bin/../lib/gcc/arm-none-eabi/13.2.1/thumb/v7e-m+fp/hard\libg.a(libc_a-fflush.o)
                                                  C:/PROGRA~2/ARMGNU~1/13C7F1~1.2RE/bin/../lib/gcc/arm-none-eabi/13.2.1/thumb/v7e-m+fp/hard\libg.a(libc_a-fclose.o)
                                                  C:/PROGRA~2/ARMGNU~1/13C7F1~1.2RE/bin/../lib/gcc/arm-none-eabi/13.2.1/thumb/v7e-m+fp/hard\libg.a(libc_a-findfp.o)
__retarget_lock_try_acquire                       C:/PROGRA~2/ARMGNU~1/13C7F1~1.2RE/bin/../lib/gcc/arm-none-eabi/13.2.1/thumb/v7e-m+fp/hard\libg.a(libc_a-lock.o)
__retarget_lock_try_acquire_recursive             C:/PROGRA~2/ARMGNU~1/13C7F1~1.2RE/bin/../lib/gcc/arm-none-eabi/13.2.1/thumb/v7e-m+fp/hard\libg.a(libc_a-lock.o)
__sclose                                          C:/PROGRA~2/ARMGNU~1/13C7F1~1.2RE/bin/../lib/gcc/arm-none-eabi/13.2.1/thumb/v7e-m+fp/hard\libg.a(libc_a-stdio.o)
                                                  C:/PROGRA~2/ARMGNU~1/13C7F1~1.2RE/bin/../lib/gcc/arm-none-eabi/13.2.1/thumb/v7e-m+fp/hard\libg.a(libc_a-findfp.o)
__seofread                                        C:/PROGRA~2/ARMGNU~1/13C7F1~1.2RE/bin/../lib/gcc/arm-none-eabi/13.2.1/thumb/v7e-m+fp/hard\libg.a(libc_a-stdio.o)
__sf                                              C:/PROGRA~2/ARMGNU~1/13C7F1~1.2RE/bin/../lib/gcc/arm-none-eabi/13.2.1/thumb/v7e-m+fp/hard\libg.a(libc_a-findfp.o)
                                                  C:/PROGRA~2/ARMGNU~1/13C7F1~1.2RE/bin/../lib/gcc/arm-none-eabi/13.2.1/thumb/v7e-m+fp/hard\libg.a(libc_a-impure.o)
__sflush_r                                        C:/PROGRA~2/ARMGNU~1/13C7F1~1.2RE/bin/../lib/gcc/arm-none-eabi/13.2.1/thumb/v7e-m+fp/hard\libg.a(libc_a-fflush.o)
                                                  C:/PROGRA~2/ARMGNU~1/13C7F1~1.2RE/bin/../lib/gcc/arm-none-eabi/13.2.1/thumb/v7e-m+fp/hard\libg.a(libc_a-fclose.o)
__sfp                                             C:/PROGRA~2/ARMGNU~1/13C7F1~1.2RE/bin/../lib/gcc/arm-none-eabi/13.2.1/thumb/v7e-m+fp/hard\libg.a(libc_a-findfp.o)
__sfp_lock_acquire                                C:/PROGRA~2/ARMGNU~1/13C7F1~1.2RE/bin/../lib/gcc/arm-none-eabi/13.2.1/thumb/v7e-m+fp/hard\libg.a(libc_a-findfp.o)
                                                  C:/PROGRA~2/ARMGNU~1/13C7F1~1.2RE/bin/../lib/gcc/arm-none-eabi/13.2.1/thumb/v7e-m+fp/hard\libg.a(libc_a-fclose.o)
__sfp_lock_release                                C:/PROGRA~2/ARMGNU~1/13C7F1~1.2RE/bin/../lib/gcc/arm-none-eabi/13.2.1/thumb/v7e-m+fp/hard\libg.a(libc_a-findfp.o)
                                                  C:/PROGRA~2/ARMGNU~1/13C7F1~1.2RE/bin/../lib/gcc/arm-none-eabi/13.2.1/thumb/v7e-m+fp/hard\libg.a(libc_a-fclose.o)
__sglue                                           C:/PROGRA~2/ARMGNU~1/13C7F1~1.2RE/bin/../lib/gcc/arm-none-eabi/13.2.1/thumb/v7e-m+fp/hard\libg.a(libc_a-findfp.o)
                                                  C:/PROGRA~2/ARMGNU~1/13C7F1~1.2RE/bin/../lib/gcc/arm-none-eabi/13.2.1/thumb/v7e-m+fp/hard\libg.a(libc_a-fflush.o)
__sinit                                           C:/PROGRA~2/ARMGNU~1/13C7F1~1.2RE/bin/../lib/gcc/arm-none-eabi/13.2.1/thumb/v7e-m+fp/hard\libg.a(libc_a-findfp.o)
                                                  C:/PROGRA~2/ARMGNU~1/13C7F1~1.2RE/bin/../lib/gcc/arm-none-eabi/13.2.1/thumb/v7e-m+fp/hard\libg.a(libc_a-fflush.o)
                                                  C:/PROGRA~2/ARMGNU~1/13C7F1~1.2RE/bin/../lib/gcc/arm-none-eabi/13.2.1/thumb/v7e-m+fp/hard\libg.a(libc_a-fclose.o)
__sread                                           C:/PROGRA~2/ARMGNU~1/13C7F1~1.2RE/bin/../lib/gcc/arm-none-eabi/13.2.1/thumb/v7e-m+fp/hard\libg.a(libc_a-stdio.o)
                                                  C:/PROGRA~2/ARMGNU~1/13C7F1~1.2RE/bin/../lib/gcc/arm-none-eabi/13.2.1/thumb/v7e-m+fp/hard\libg.a(libc_a-findfp.o)
__sseek                                           C:/PROGRA~2/ARMGNU~1/13C7F1~1.2RE/bin/../lib/gcc/arm-none-eabi/13.2.1/thumb/v7e-m+fp/hard\libg.a(libc_a-stdio.o)
                                                  C:/PROGRA~2/ARMGNU~1/13C7F1~1.2RE/bin/../lib/gcc/arm-none-eabi/13.2.1/thumb/v7e-m+fp/hard\libg.a(libc_a-findfp.o)
__stdio_exit_handler                              C:/PROGRA~2/ARMGNU~1/13C7F1~1.2RE/bin/../lib/gcc/arm-none-eabi/13.2.1/thumb/v7e-m+fp/hard\libg.a(libc_a-findfp.o)
__subdf3                                          C:/PROGRA~2/ARMGNU~1/13C7F1~1.2RE/bin/../lib/gcc/arm-none-eabi/13.2.1/thumb/v7e-m+fp/hard\libgcc.a(_arm_addsubdf3.o)
__swrite                                          C:/PROGRA~2/ARMGNU~1/13C7F1~1.2RE/bin/../lib/gcc/arm-none-eabi/13.2.1/thumb/v7e-m+fp/hard\libg.a(libc_a-stdio.o)
                                                  C:/PROGRA~2/ARMGNU~1/13C7F1~1.2RE/bin/../lib/gcc/arm-none-eabi/13.2.1/thumb/v7e-m+fp/hard\libg.a(libc_a-findfp.o)
__truncdfsf2                                      C:/PROGRA~2/ARMGNU~1/13C7F1~1.2RE/bin/../lib/gcc/arm-none-eabi/13.2.1/thumb/v7e-m+fp/hard\libgcc.a(_arm_truncdfsf2.o)
_close                                            C:/PROGRA~2/ARMGNU~1/13C7F1~1.2RE/bin/../lib/gcc/arm-none-eabi/13.2.1/thumb/v7e-m+fp/hard\libg.a(libc_a-closer.o)
_close_r                                          C:/PROGRA~2/ARMGNU~1/13C7F1~1.2RE/bin/../lib/gcc/arm-none-eabi/13.2.1/thumb/v7e-m+fp/hard\libg.a(libc_a-closer.o)
                                                  C:/PROGRA~2/ARMGNU~1/13C7F1~1.2RE/bin/../lib/gcc/arm-none-eabi/13.2.1/thumb/v7e-m+fp/hard\libg.a(libc_a-stdio.o)
_edge                                             CMakeFiles\ddd.dir\ddd\render.c.obj
_fclose_r                                         C:/PROGRA~2/ARMGNU~1/13C7F1~1.2RE/bin/../lib/gcc/arm-none-eabi/13.2.1/thumb/v7e-m+fp/hard\libg.a(libc_a-fclose.o)
                                                  C:/PROGRA~2/ARMGNU~1/13C7F1~1.2RE/bin/../lib/gcc/arm-none-eabi/13.2.1/thumb/v7e-m+fp/hard\libg.a(libc_a-findfp.o)
_fflush_r                                         C:/PROGRA~2/ARMGNU~1/13C7F1~1.2RE/bin/../lib/gcc/arm-none-eabi/13.2.1/thumb/v7e-m+fp/hard\libg.a(libc_a-fflush.o)
_free_r                                           CMakeFiles\ddd.dir\C_\Users\shrin\Documents\PlaydateSDK\C_API\buildsupport\setup.c.obj
                                                  C:/PROGRA~2/ARMGNU~1/13C7F1~1.2RE/bin/../lib/gcc/arm-none-eabi/13.2.1/thumb/v7e-m+fp/hard\libg.a(libc_a-fflush.o)
                                                  C:/PROGRA~2/ARMGNU~1/13C7F1~1.2RE/bin/../lib/gcc/arm-none-eabi/13.2.1/thumb/v7e-m+fp/hard\libg.a(libc_a-fclose.o)
                                                  C:/PROGRA~2/ARMGNU~1/13C7F1~1.2RE/bin/../lib/gcc/arm-none-eabi/13.2.1/thumb/v7e-m+fp/hard\libg.a(libc_a-reent.o)
                                                  C:/PROGRA~2/ARMGNU~1/13C7F1~1.2RE/bin/../lib/gcc/arm-none-eabi/13.2.1/thumb/v7e-m+fp/hard\libg.a(libc_a-malloc.o)
_fwalk_sglue                                      C:/PROGRA~2/ARMGNU~1/13C7F1~1.2RE/bin/../lib/gcc/arm-none-eabi/13.2.1/thumb/v7e-m+fp/hard\libg.a(libc_a-fwalk.o)
                                                  C:/PROGRA~2/ARMGNU~1/13C7F1~1.2RE/bin/../lib/gcc/arm-none-eabi/13.2.1/thumb/v7e-m+fp/hard\libg.a(libc_a-fflush.o)
                                                  C:/PROGRA~2/ARMGNU~1/13C7F1~1.2RE/bin/../lib/gcc/arm-none-eabi/13.2.1/thumb/v7e-m+fp/hard\libg.a(libc_a-findfp.o)
_impure_data                                      C:/PROGRA~2/ARMGNU~1/13C7F1~1.2RE/bin/../lib/gcc/arm-none-eabi/13.2.1/thumb/v7e-m+fp/hard\libg.a(libc_a-impure.o)
                                                  C:/PROGRA~2/ARMGNU~1/13C7F1~1.2RE/bin/../lib/gcc/arm-none-eabi/13.2.1/thumb/v7e-m+fp/hard\libg.a(libc_a-fflush.o)
                                                  C:/PROGRA~2/ARMGNU~1/13C7F1~1.2RE/bin/../lib/gcc/arm-none-eabi/13.2.1/thumb/v7e-m+fp/hard\libg.a(libc_a-findfp.o)
_impure_ptr                                       C:/PROGRA~2/ARMGNU~1/13C7F1~1.2RE/bin/../lib/gcc/arm-none-eabi/13.2.1/thumb/v7e-m+fp/hard\libg.a(libc_a-impure.o)
                                                  C:/PROGRA~2/ARMGNU~1/13C7F1~1.2RE/bin/../lib/gcc/arm-none-eabi/13.2.1/thumb/v7e-m+fp/hard\libc.a(libc_a-errno.o)
                                                  C:/PROGRA~2/ARMGNU~1/13C7F1~1.2RE/bin/../lib/gcc/arm-none-eabi/13.2.1/thumb/v7e-m+fp/hard\libg.a(libc_a-fflush.o)
                                                  C:/PROGRA~2/ARMGNU~1/13C7F1~1.2RE/bin/../lib/gcc/arm-none-eabi/13.2.1/thumb/v7e-m+fp/hard\libg.a(libc_a-fclose.o)
                                                  C:/PROGRA~2/ARMGNU~1/13C7F1~1.2RE/bin/../lib/gcc/arm-none-eabi/13.2.1/thumb/v7e-m+fp/hard\libg.a(libc_a-reent.o)
                                                  C:/PROGRA~2/ARMGNU~1/13C7F1~1.2RE/bin/../lib/gcc/arm-none-eabi/13.2.1/thumb/v7e-m+fp/hard\libg.a(libc_a-malloc.o)
_lseek                                            C:/PROGRA~2/ARMGNU~1/13C7F1~1.2RE/bin/../lib/gcc/arm-none-eabi/13.2.1/thumb/v7e-m+fp/hard\libg.a(libc_a-lseekr.o)
_lseek_r                                          C:/PROGRA~2/ARMGNU~1/13C7F1~1.2RE/bin/../lib/gcc/arm-none-eabi/13.2.1/thumb/v7e-m+fp/hard\libg.a(libc_a-lseekr.o)
                                                  C:/PROGRA~2/ARMGNU~1/13C7F1~1.2RE/bin/../lib/gcc/arm-none-eabi/13.2.1/thumb/v7e-m+fp/hard\libg.a(libc_a-stdio.o)
_malloc_r                                         CMakeFiles\ddd.dir\C_\Users\shrin\Documents\PlaydateSDK\C_API\buildsupport\setup.c.obj
                                                  C:/PROGRA~2/ARMGNU~1/13C7F1~1.2RE/bin/../lib/gcc/arm-none-eabi/13.2.1/thumb/v7e-m+fp/hard\libg.a(libc_a-findfp.o)
                                                  C:/PROGRA~2/ARMGNU~1/13C7F1~1.2RE/bin/../lib/gcc/arm-none-eabi/13.2.1/thumb/v7e-m+fp/hard\libg.a(libc_a-malloc.o)
_read                                             C:/PROGRA~2/ARMGNU~1/13C7F1~1.2RE/bin/../lib/gcc/arm-none-eabi/13.2.1/thumb/v7e-m+fp/hard\libg.a(libc_a-readr.o)
_read_r                                           C:/PROGRA~2/ARMGNU~1/13C7F1~1.2RE/bin/../lib/gcc/arm-none-eabi/13.2.1/thumb/v7e-m+fp/hard\libg.a(libc_a-readr.o)
                                                  C:/PROGRA~2/ARMGNU~1/13C7F1~1.2RE/bin/../lib/gcc/arm-none-eabi/13.2.1/thumb/v7e-m+fp/hard\libg.a(libc_a-stdio.o)
_realloc_r                                        CMakeFiles\ddd.dir\C_\Users\shrin\Documents\PlaydateSDK\C_API\buildsupport\setup.c.obj
_reclaim_reent                                    C:/PROGRA~2/ARMGNU~1/13C7F1~1.2RE/bin/../lib/gcc/arm-none-eabi/13.2.1/thumb/v7e-m+fp/hard\libg.a(libc_a-reent.o)
_write                                            C:/PROGRA~2/ARMGNU~1/13C7F1~1.2RE/bin/../lib/gcc/arm-none-eabi/13.2.1/thumb/v7e-m+fp/hard\libg.a(libc_a-writer.o)
_write_r                                          C:/PROGRA~2/ARMGNU~1/13C7F1~1.2RE/bin/../lib/gcc/arm-none-eabi/13.2.1/thumb/v7e-m+fp/hard\libg.a(libc_a-writer.o)
                                                  C:/PROGRA~2/ARMGNU~1/13C7F1~1.2RE/bin/../lib/gcc/arm-none-eabi/13.2.1/thumb/v7e-m+fp/hard\libg.a(libc_a-stdio.o)
acosf                                             C:/PROGRA~2/ARMGNU~1/13C7F1~1.2RE/bin/../lib/gcc/arm-none-eabi/13.2.1/thumb/v7e-m+fp/hard\libm.a(libm_a-wf_acos.o)
                                                  CMakeFiles\ddd.dir\ddd\3dmath.c.obj
api_drawFragment                                  CMakeFiles\ddd.dir\ddd\render.c.obj
api_drawMaskPattern                               CMakeFiles\ddd.dir\ddd\render.c.obj
api_fillRange                                     CMakeFiles\ddd.dir\ddd\render.c.obj
api_fillTriangle                                  CMakeFiles\ddd.dir\ddd\render.c.obj
api_slope                                         CMakeFiles\ddd.dir\ddd\render.c.obj
api_swap                                          CMakeFiles\ddd.dir\ddd\render.c.obj
atan2f                                            C:/PROGRA~2/ARMGNU~1/13C7F1~1.2RE/bin/../lib/gcc/arm-none-eabi/13.2.1/thumb/v7e-m+fp/hard\libm.a(libm_a-wf_atan2.o)
                                                  CMakeFiles\ddd.dir\ddd\3dmath.c.obj
                                                  CMakeFiles\ddd.dir\src\main.c.obj
atanf                                             C:/PROGRA~2/ARMGNU~1/13C7F1~1.2RE/bin/../lib/gcc/arm-none-eabi/13.2.1/thumb/v7e-m+fp/hard\libm.a(libm_a-sf_atan.o)
                                                  C:/PROGRA~2/ARMGNU~1/13C7F1~1.2RE/bin/../lib/gcc/arm-none-eabi/13.2.1/thumb/v7e-m+fp/hard\libm.a(libm_a-ef_atan2.o)
blahaj_tri                                        CMakeFiles\ddd.dir\src\main.c.obj
bluenoise_table                                   CMakeFiles\ddd.dir\ddd\render.c.obj
camera_default                                    CMakeFiles\ddd.dir\src\main.c.obj
camera_update                                     CMakeFiles\ddd.dir\src\main.c.obj
camera_velocity                                   CMakeFiles\ddd.dir\src\main.c.obj
compare_zdepth                                    CMakeFiles\ddd.dir\ddd\render.c.obj
cosf                                              C:/PROGRA~2/ARMGNU~1/13C7F1~1.2RE/bin/../lib/gcc/arm-none-eabi/13.2.1/thumb/v7e-m+fp/hard\libm.a(libm_a-sf_cos.o)
                                                  CMakeFiles\ddd.dir\ddd\3dmath.c.obj
cube2_update                                      CMakeFiles\ddd.dir\src\main.c.obj
cube_update                                       CMakeFiles\ddd.dir\src\main.c.obj
deltaTime                                         CMakeFiles\ddd.dir\src\main.c.obj
errno                                             C:/PROGRA~2/ARMGNU~1/13C7F1~1.2RE/bin/../lib/gcc/arm-none-eabi/13.2.1/thumb/v7e-m+fp/hard\libg.a(libc_a-reent.o)
                                                  C:/PROGRA~2/ARMGNU~1/13C7F1~1.2RE/bin/../lib/gcc/arm-none-eabi/13.2.1/thumb/v7e-m+fp/hard\libg.a(libc_a-writer.o)
                                                  C:/PROGRA~2/ARMGNU~1/13C7F1~1.2RE/bin/../lib/gcc/arm-none-eabi/13.2.1/thumb/v7e-m+fp/hard\libg.a(libc_a-readr.o)
                                                  C:/PROGRA~2/ARMGNU~1/13C7F1~1.2RE/bin/../lib/gcc/arm-none-eabi/13.2.1/thumb/v7e-m+fp/hard\libg.a(libc_a-lseekr.o)
                                                  C:/PROGRA~2/ARMGNU~1/13C7F1~1.2RE/bin/../lib/gcc/arm-none-eabi/13.2.1/thumb/v7e-m+fp/hard\libg.a(libc_a-closer.o)
eventHandler                                      CMakeFiles\ddd.dir\src\main.c.obj
                                                  CMakeFiles\ddd.dir\C_\Users\shrin\Documents\PlaydateSDK\C_API\buildsupport\setup.c.obj
eventHandlerShim                                  CMakeFiles\ddd.dir\C_\Users\shrin\Documents\PlaydateSDK\C_API\buildsupport\setup.c.obj
fabsf                                             C:/PROGRA~2/ARMGNU~1/13C7F1~1.2RE/bin/../lib/gcc/arm-none-eabi/13.2.1/thumb/v7e-m+fp/hard\libm.a(libm_a-sf_fabs.o)
                                                  C:/PROGRA~2/ARMGNU~1/13C7F1~1.2RE/bin/../lib/gcc/arm-none-eabi/13.2.1/thumb/v7e-m+fp/hard\libm.a(libm_a-sf_atan.o)
                                                  C:/PROGRA~2/ARMGNU~1/13C7F1~1.2RE/bin/../lib/gcc/arm-none-eabi/13.2.1/thumb/v7e-m+fp/hard\libm.a(libm_a-ef_rem_pio2.o)
                                                  C:/PROGRA~2/ARMGNU~1/13C7F1~1.2RE/bin/../lib/gcc/arm-none-eabi/13.2.1/thumb/v7e-m+fp/hard\libm.a(libm_a-ef_atan2.o)
                                                  C:/PROGRA~2/ARMGNU~1/13C7F1~1.2RE/bin/../lib/gcc/arm-none-eabi/13.2.1/thumb/v7e-m+fp/hard\libm.a(libm_a-kf_tan.o)
                                                  C:/PROGRA~2/ARMGNU~1/13C7F1~1.2RE/bin/../lib/gcc/arm-none-eabi/13.2.1/thumb/v7e-m+fp/hard\libm.a(libm_a-wf_acos.o)
fast_atan2                                        CMakeFiles\ddd.dir\ddd\3dmath.c.obj
fclose                                            C:/PROGRA~2/ARMGNU~1/13C7F1~1.2RE/bin/../lib/gcc/arm-none-eabi/13.2.1/thumb/v7e-m+fp/hard\libg.a(libc_a-fclose.o)
fflush                                            C:/PROGRA~2/ARMGNU~1/13C7F1~1.2RE/bin/../lib/gcc/arm-none-eabi/13.2.1/thumb/v7e-m+fp/hard\libg.a(libc_a-fflush.o)
floorf                                            C:/PROGRA~2/ARMGNU~1/13C7F1~1.2RE/bin/../lib/gcc/arm-none-eabi/13.2.1/thumb/v7e-m+fp/hard\libm.a(libm_a-sf_floor.o)
                                                  C:/PROGRA~2/ARMGNU~1/13C7F1~1.2RE/bin/../lib/gcc/arm-none-eabi/13.2.1/thumb/v7e-m+fp/hard\libm.a(libm_a-kf_rem_pio2.o)
font                                              CMakeFiles\ddd.dir\src\main.c.obj
fontpath                                          CMakeFiles\ddd.dir\src\main.c.obj
frame                                             CMakeFiles\ddd.dir\src\main.c.obj
free                                              C:/PROGRA~2/ARMGNU~1/13C7F1~1.2RE/bin/../lib/gcc/arm-none-eabi/13.2.1/thumb/v7e-m+fp/hard\libg.a(libc_a-malloc.o)
grid_points                                       CMakeFiles\ddd.dir\ddd\render.c.obj
handleButtons                                     CMakeFiles\ddd.dir\src\main.c.obj
isBackward                                        CMakeFiles\ddd.dir\src\main.c.obj
isDown                                            CMakeFiles\ddd.dir\src\main.c.obj
isForward                                         CMakeFiles\ddd.dir\src\main.c.obj
isLeft                                            CMakeFiles\ddd.dir\src\main.c.obj
isRight                                           CMakeFiles\ddd.dir\src\main.c.obj
isRotateLeft                                      CMakeFiles\ddd.dir\src\main.c.obj
isRotateRight                                     CMakeFiles\ddd.dir\src\main.c.obj
isUp                                              CMakeFiles\ddd.dir\src\main.c.obj
loadScene                                         CMakeFiles\ddd.dir\src\main.c.obj
malloc                                            C:/PROGRA~2/ARMGNU~1/13C7F1~1.2RE/bin/../lib/gcc/arm-none-eabi/13.2.1/thumb/v7e-m+fp/hard\libg.a(libc_a-malloc.o)
                                                  CMakeFiles\ddd.dir\src\main.c.obj
memset                                            C:/PROGRA~2/ARMGNU~1/13C7F1~1.2RE/bin/../lib/gcc/arm-none-eabi/13.2.1/thumb/v7e-m+fp/hard\libg.a(libc_a-memset.o)
                                                  C:/PROGRA~2/ARMGNU~1/13C7F1~1.2RE/bin/../lib/gcc/arm-none-eabi/13.2.1/thumb/v7e-m+fp/hard\libg.a(libc_a-findfp.o)
                                                  CMakeFiles\ddd.dir\ddd\render.c.obj
                                                  CMakeFiles\ddd.dir\ddd\camera.c.obj
                                                  CMakeFiles\ddd.dir\ddd\3dmath.c.obj
nanf                                              C:/PROGRA~2/ARMGNU~1/13C7F1~1.2RE/bin/../lib/gcc/arm-none-eabi/13.2.1/thumb/v7e-m+fp/hard\libm.a(libm_a-sf_nan.o)
                                                  C:/PROGRA~2/ARMGNU~1/13C7F1~1.2RE/bin/../lib/gcc/arm-none-eabi/13.2.1/thumb/v7e-m+fp/hard\libm.a(libm_a-wf_acos.o)
object_terrain                                    CMakeFiles\ddd.dir\src\main.c.obj
object_test                                       CMakeFiles\ddd.dir\src\main.c.obj
object_test2                                      CMakeFiles\ddd.dir\src\main.c.obj
object_test3                                      CMakeFiles\ddd.dir\src\main.c.obj
pd                                                CMakeFiles\ddd.dir\src\main.c.obj
                                                  CMakeFiles\ddd.dir\ddd\render.c.obj
pnormal                                           CMakeFiles\ddd.dir\ddd\3dmath.c.obj
                                                  CMakeFiles\ddd.dir\ddd\render.c.obj
qsort                                             C:/PROGRA~2/ARMGNU~1/13C7F1~1.2RE/bin/../lib/gcc/arm-none-eabi/13.2.1/thumb/v7e-m+fp/hard\libg.a(libc_a-qsort.o)
                                                  CMakeFiles\ddd.dir\ddd\render.c.obj
scalbnf                                           C:/PROGRA~2/ARMGNU~1/13C7F1~1.2RE/bin/../lib/gcc/arm-none-eabi/13.2.1/thumb/v7e-m+fp/hard\libm.a(libm_a-sf_scalbn.o)
                                                  C:/PROGRA~2/ARMGNU~1/13C7F1~1.2RE/bin/../lib/gcc/arm-none-eabi/13.2.1/thumb/v7e-m+fp/hard\libm.a(libm_a-kf_rem_pio2.o)
sinf                                              C:/PROGRA~2/ARMGNU~1/13C7F1~1.2RE/bin/../lib/gcc/arm-none-eabi/13.2.1/thumb/v7e-m+fp/hard\libm.a(libm_a-sf_sin.o)
                                                  CMakeFiles\ddd.dir\ddd\3dmath.c.obj
                                                  CMakeFiles\ddd.dir\src\main.c.obj
sortTri                                           CMakeFiles\ddd.dir\ddd\render.c.obj
sqrtf                                             C:/PROGRA~2/ARMGNU~1/13C7F1~1.2RE/bin/../lib/gcc/arm-none-eabi/13.2.1/thumb/v7e-m+fp/hard\libm.a(libm_a-wf_sqrt.o)
                                                  CMakeFiles\ddd.dir\ddd\3dmath.c.obj
tanf                                              C:/PROGRA~2/ARMGNU~1/13C7F1~1.2RE/bin/../lib/gcc/arm-none-eabi/13.2.1/thumb/v7e-m+fp/hard\libm.a(libm_a-sf_tan.o)
                                                  CMakeFiles\ddd.dir\ddd\camera.c.obj
terrain1                                          CMakeFiles\ddd.dir\src\main.c.obj
terrain_update                                    CMakeFiles\ddd.dir\src\main.c.obj
test2_update                                      CMakeFiles\ddd.dir\src\main.c.obj
test3_update                                      CMakeFiles\ddd.dir\src\main.c.obj
test_scene_init                                   CMakeFiles\ddd.dir\src\main.c.obj
test_scene_update                                 CMakeFiles\ddd.dir\src\main.c.obj
test_update                                       CMakeFiles\ddd.dir\src\main.c.obj
test_vertShader                                   CMakeFiles\ddd.dir\src\main.c.obj
