Archive member included to satisfy reference by file (symbol)

C:/PROGRA~2/ARMGNU~1/13C7F1~1.2RE/bin/../lib/gcc/arm-none-eabi/13.2.1/thumb/v7e-m+fp/hard\libg.a(libc_a-malloc.o)
                              CMakeFiles\ddd.dir\src\main.c.obj (malloc)
C:/PROGRA~2/ARMGNU~1/13C7F1~1.2RE/bin/../lib/gcc/arm-none-eabi/13.2.1/thumb/v7e-m+fp/hard\libg.a(libc_a-qsort.o)
                              CMakeFiles\ddd.dir\ddd\render.c.obj (qsort)
C:/PROGRA~2/ARMGNU~1/13C7F1~1.2RE/bin/../lib/gcc/arm-none-eabi/13.2.1/thumb/v7e-m+fp/hard\libg.a(libc_a-memset.o)
                              CMakeFiles\ddd.dir\ddd\3dmath.c.obj (memset)
C:/PROGRA~2/ARMGNU~1/13C7F1~1.2RE/bin/../lib/gcc/arm-none-eabi/13.2.1/thumb/v7e-m+fp/hard\libg.a(libc_a-impure.o)
                              C:/PROGRA~2/ARMGNU~1/13C7F1~1.2RE/bin/../lib/gcc/arm-none-eabi/13.2.1/thumb/v7e-m+fp/hard\libg.a(libc_a-malloc.o) (_impure_ptr)
C:/PROGRA~2/ARMGNU~1/13C7F1~1.2RE/bin/../lib/gcc/arm-none-eabi/13.2.1/thumb/v7e-m+fp/hard\libg.a(libc_a-findfp.o)
                              C:/PROGRA~2/ARMGNU~1/13C7F1~1.2RE/bin/../lib/gcc/arm-none-eabi/13.2.1/thumb/v7e-m+fp/hard\libg.a(libc_a-impure.o) (__sf)
C:/PROGRA~2/ARMGNU~1/13C7F1~1.2RE/bin/../lib/gcc/arm-none-eabi/13.2.1/thumb/v7e-m+fp/hard\libg.a(libc_a-fwalk.o)
                              C:/PROGRA~2/ARMGNU~1/13C7F1~1.2RE/bin/../lib/gcc/arm-none-eabi/13.2.1/thumb/v7e-m+fp/hard\libg.a(libc_a-findfp.o) (_fwalk_sglue)
C:/PROGRA~2/ARMGNU~1/13C7F1~1.2RE/bin/../lib/gcc/arm-none-eabi/13.2.1/thumb/v7e-m+fp/hard\libg.a(libc_a-stdio.o)
                              C:/PROGRA~2/ARMGNU~1/13C7F1~1.2RE/bin/../lib/gcc/arm-none-eabi/13.2.1/thumb/v7e-m+fp/hard\libg.a(libc_a-findfp.o) (__sread)
C:/PROGRA~2/ARMGNU~1/13C7F1~1.2RE/bin/../lib/gcc/arm-none-eabi/13.2.1/thumb/v7e-m+fp/hard\libg.a(libc_a-closer.o)
                              C:/PROGRA~2/ARMGNU~1/13C7F1~1.2RE/bin/../lib/gcc/arm-none-eabi/13.2.1/thumb/v7e-m+fp/hard\libg.a(libc_a-stdio.o) (_close_r)
C:/PROGRA~2/ARMGNU~1/13C7F1~1.2RE/bin/../lib/gcc/arm-none-eabi/13.2.1/thumb/v7e-m+fp/hard\libg.a(libc_a-reent.o)
                              C:/PROGRA~2/ARMGNU~1/13C7F1~1.2RE/bin/../lib/gcc/arm-none-eabi/13.2.1/thumb/v7e-m+fp/hard\libg.a(libc_a-closer.o) (errno)
C:/PROGRA~2/ARMGNU~1/13C7F1~1.2RE/bin/../lib/gcc/arm-none-eabi/13.2.1/thumb/v7e-m+fp/hard\libg.a(libc_a-lseekr.o)
                              C:/PROGRA~2/ARMGNU~1/13C7F1~1.2RE/bin/../lib/gcc/arm-none-eabi/13.2.1/thumb/v7e-m+fp/hard\libg.a(libc_a-stdio.o) (_lseek_r)
C:/PROGRA~2/ARMGNU~1/13C7F1~1.2RE/bin/../lib/gcc/arm-none-eabi/13.2.1/thumb/v7e-m+fp/hard\libg.a(libc_a-readr.o)
                              C:/PROGRA~2/ARMGNU~1/13C7F1~1.2RE/bin/../lib/gcc/arm-none-eabi/13.2.1/thumb/v7e-m+fp/hard\libg.a(libc_a-stdio.o) (_read_r)
C:/PROGRA~2/ARMGNU~1/13C7F1~1.2RE/bin/../lib/gcc/arm-none-eabi/13.2.1/thumb/v7e-m+fp/hard\libg.a(libc_a-writer.o)
                              C:/PROGRA~2/ARMGNU~1/13C7F1~1.2RE/bin/../lib/gcc/arm-none-eabi/13.2.1/thumb/v7e-m+fp/hard\libg.a(libc_a-stdio.o) (_write_r)
C:/PROGRA~2/ARMGNU~1/13C7F1~1.2RE/bin/../lib/gcc/arm-none-eabi/13.2.1/thumb/v7e-m+fp/hard\libg.a(libc_a-lock.o)
                              C:/PROGRA~2/ARMGNU~1/13C7F1~1.2RE/bin/../lib/gcc/arm-none-eabi/13.2.1/thumb/v7e-m+fp/hard\libg.a(libc_a-findfp.o) (__retarget_lock_init_recursive)
C:/PROGRA~2/ARMGNU~1/13C7F1~1.2RE/bin/../lib/gcc/arm-none-eabi/13.2.1/thumb/v7e-m+fp/hard\libg.a(libc_a-fclose.o)
                              C:/PROGRA~2/ARMGNU~1/13C7F1~1.2RE/bin/../lib/gcc/arm-none-eabi/13.2.1/thumb/v7e-m+fp/hard\libg.a(libc_a-findfp.o) (_fclose_r)
C:/PROGRA~2/ARMGNU~1/13C7F1~1.2RE/bin/../lib/gcc/arm-none-eabi/13.2.1/thumb/v7e-m+fp/hard\libg.a(libc_a-fflush.o)
                              C:/PROGRA~2/ARMGNU~1/13C7F1~1.2RE/bin/../lib/gcc/arm-none-eabi/13.2.1/thumb/v7e-m+fp/hard\libg.a(libc_a-fclose.o) (__sflush_r)
C:/PROGRA~2/ARMGNU~1/13C7F1~1.2RE/bin/../lib/gcc/arm-none-eabi/13.2.1/thumb/v7e-m+fp/hard\libm.a(libm_a-sf_cos.o)
                              CMakeFiles\ddd.dir\ddd\3dmath.c.obj (cosf)
C:/PROGRA~2/ARMGNU~1/13C7F1~1.2RE/bin/../lib/gcc/arm-none-eabi/13.2.1/thumb/v7e-m+fp/hard\libm.a(libm_a-sf_sin.o)
                              CMakeFiles\ddd.dir\src\main.c.obj (sinf)
C:/PROGRA~2/ARMGNU~1/13C7F1~1.2RE/bin/../lib/gcc/arm-none-eabi/13.2.1/thumb/v7e-m+fp/hard\libm.a(libm_a-sf_tan.o)
                              CMakeFiles\ddd.dir\ddd\camera.c.obj (tanf)
C:/PROGRA~2/ARMGNU~1/13C7F1~1.2RE/bin/../lib/gcc/arm-none-eabi/13.2.1/thumb/v7e-m+fp/hard\libm.a(libm_a-kf_cos.o)
                              C:/PROGRA~2/ARMGNU~1/13C7F1~1.2RE/bin/../lib/gcc/arm-none-eabi/13.2.1/thumb/v7e-m+fp/hard\libm.a(libm_a-sf_cos.o) (__kernel_cosf)
C:/PROGRA~2/ARMGNU~1/13C7F1~1.2RE/bin/../lib/gcc/arm-none-eabi/13.2.1/thumb/v7e-m+fp/hard\libm.a(libm_a-kf_sin.o)
                              C:/PROGRA~2/ARMGNU~1/13C7F1~1.2RE/bin/../lib/gcc/arm-none-eabi/13.2.1/thumb/v7e-m+fp/hard\libm.a(libm_a-sf_cos.o) (__kernel_sinf)
[...]
Memory Configuration

Name             Origin             Length             Attributes
*default*        0x00000000         0xffffffff

Linker script and memory map

LOAD CMakeFiles\ddd.dir\src\main.c.obj
LOAD CMakeFiles\ddd.dir\ddd\3dmath.c.obj
LOAD CMakeFiles\ddd.dir\ddd\camera.c.obj
LOAD CMakeFiles\ddd.dir\ddd\gameobject.c.obj
LOAD CMakeFiles\ddd.dir\ddd\quaternion.c.obj
LOAD CMakeFiles\ddd.dir\ddd\render.c.obj
LOAD CMakeFiles\ddd.dir\ddd\scene.c.obj
LOAD CMakeFiles\ddd.dir\ddd\symbols.c.obj
LOAD CMakeFiles\ddd.dir\C_\Users\shrin\Documents\PlaydateSDK\C_API\buildsupport\setup.c.obj
START GROUP
LOAD C:/PROGRA~2/ARMGNU~1/13C7F1~1.2RE/bin/../lib/gcc/arm-none-eabi/13.2.1/thumb/v7e-m+fp/hard\libgcc.a
LOAD C:/PROGRA~2/ARMGNU~1/13C7F1~1.2RE/bin/../lib/gcc/arm-none-eabi/13.2.1/thumb/v7e-m+fp/hard\libg.a
LOAD C:/PROGRA~2/ARMGNU~1/13C7F1~1.2RE/bin/../lib/gcc/arm-none-eabi/13.2.1/thumb/v7e-m+fp/hard\libc.a
END GROUP
START GROUP
LOAD C:/PROGRA~2/ARMGNU~1/13C7F1~1.2RE/bin/../lib/gcc/arm-none-eabi/13.2.1/thumb/v7e-m+fp/hard\libgcc.a
LOAD C:/PROGRA~2/ARMGNU~1/13C7F1~1.2RE/bin/../lib/gcc/arm-none-eabi/13.2.1/thumb/v7e-m+fp/hard\libc.a
LOAD C:/PROGRA~2/ARMGNU~1/13C7F1~1.2RE/bin/../lib/gcc/arm-none-eabi/13.2.1/thumb/v7e-m+fp/hard\libm.a
END GROUP

.text           0x00000000     0x3650
 *(.text)
 *(.text.*)
 .text.cube_update
                0x00000000       0x44 CMakeFiles\ddd.dir\src\main.c.obj
                0x00000000                cube_update
 *fill*         0x00000044        0xc 
 .text.cube2_update
                0x00000050        0x4 CMakeFiles\ddd.dir\src\main.c.obj
                0x00000050                cube2_update
 *fill*         0x00000054        0xc 
 .text.test_update
                0x00000060       0x1c CMakeFiles\ddd.dir\src\main.c.obj
                0x00000060                test_update
 *fill*         0x0000007c        0x4 
 .text.test2_update
                0x00000080       0x1c CMakeFiles\ddd.dir\src\main.c.obj
                0x00000080                test2_update
 *fill*         0x0000009c        0x4 
 .text.test3_update
                0x000000a0       0x1c CMakeFiles\ddd.dir\src\main.c.obj
                0x000000a0                test3_update
 *fill*         0x000000bc        0x4 
 .text.test_scene_init
                0x000000c0       0xc4 CMakeFiles\ddd.dir\src\main.c.obj
                0x000000c0                test_scene_init
 *fill*         0x00000184        0xc 
 .text.test_scene_update
                0x00000190        0x4 CMakeFiles\ddd.dir\src\main.c.obj
                0x00000190                test_scene_update
 *fill*         0x00000194        0xc 
 .text.terrain_update
                0x000001a0        0x4 CMakeFiles\ddd.dir\src\main.c.obj
                0x000001a0                terrain_update
 *fill*         0x000001a4        0xc 
 .text.test_vertShader
                0x000001b0       0x60 CMakeFiles\ddd.dir\src\main.c.obj
                0x000001b0                test_vertShader
 .text.eventHandler
                0x00000210      0x228 CMakeFiles\ddd.dir\src\main.c.obj
                0x00000210                eventHandler
 *fill*         0x00000438        0x8 
 .text.handleButtons
                0x00000440       0xa4 CMakeFiles\ddd.dir\src\main.c.obj
                0x00000440                handleButtons
 *fill*         0x000004e4        0xc 
 .text.camera_update
                0x000004f0      0x284 CMakeFiles\ddd.dir\src\main.c.obj
                0x000004f0                camera_update
 *fill*         0x00000774        0xc 
 .text.update   0x00000780       0xc8 CMakeFiles\ddd.dir\src\main.c.obj
 *fill*         0x00000848        0x8 
 .text.Vector3_dot
                0x00000850       0x18 CMakeFiles\ddd.dir\ddd\3dmath.c.obj
                0x00000850                Vector3_dot
 *fill*         0x00000868        0x8 
 .text.Vector3_add
                0x00000870       0x2c CMakeFiles\ddd.dir\ddd\3dmath.c.obj
                0x00000870                Vector3_add
 *fill*         0x0000089c        0x4 
 .text.Vector3_subtract
                0x000008a0       0x2c CMakeFiles\ddd.dir\ddd\3dmath.c.obj
                0x000008a0                Vector3_subtract
 *fill*         0x000008cc        0x4 
 .text.Vector3_multiplyScalar
                0x000008d0       0x20 CMakeFiles\ddd.dir\ddd\3dmath.c.obj
                0x000008d0                Vector3_multiplyScalar
 .text.pnormal  0x000008f0       0x78 CMakeFiles\ddd.dir\ddd\3dmath.c.obj
                0x000008f0                pnormal
 *fill*         0x00000968        0x8 
 .text.Vector3_getForward
                0x00000970       0x58 CMakeFiles\ddd.dir\ddd\3dmath.c.obj
                0x00000970                Vector3_getForward
 *fill*         0x000009c8        0x8 
 .text.Vector3_getLeft
                0x000009d0       0x40 CMakeFiles\ddd.dir\ddd\3dmath.c.obj
                0x000009d0                Vector3_getLeft
 .text.Matrix3_apply
                0x00000a10       0x74 CMakeFiles\ddd.dir\ddd\3dmath.c.obj
                0x00000a10                Matrix3_apply
 *fill*         0x00000a84        0xc 
 .text.PTR_Matrix3_apply
                0x00000a90       0x7c CMakeFiles\ddd.dir\ddd\3dmath.c.obj
                0x00000a90                PTR_Matrix3_apply
 *fill*         0x00000b0c        0x4 
 .text.Matrix3_getRotationX
                0x00000b10       0x4c CMakeFiles\ddd.dir\ddd\3dmath.c.obj
                0x00000b10                Matrix3_getRotationX
 *fill*         0x00000b5c        0x4 
 .text.Matrix3_getRotationY
                0x00000b60       0x4c CMakeFiles\ddd.dir\ddd\3dmath.c.obj
                0x00000b60                Matrix3_getRotationY
 *fill*         0x00000bac        0x4 
 .text.Matrix3_getRotationZ
                0x00000bb0       0x4c CMakeFiles\ddd.dir\ddd\3dmath.c.obj
                0x00000bb0                Matrix3_getRotationZ
 *fill*         0x00000bfc        0x4 
 .text.Matrix4_getTransform
                0x00000c00      0x114 CMakeFiles\ddd.dir\ddd\3dmath.c.obj
                0x00000c00                Matrix4_getTransform
 *fill*         0x00000d14        0xc 
 .text.Matrix4_apply
                0x00000d20       0xac CMakeFiles\ddd.dir\ddd\3dmath.c.obj
                0x00000d20                Matrix4_apply
 *fill*         0x00000dcc        0x4 
 .text.PTR_Matrix4_apply
                0x00000dd0       0xb4 CMakeFiles\ddd.dir\ddd\3dmath.c.obj
                0x00000dd0                PTR_Matrix4_apply
 *fill*         0x00000e84        0xc 
 .text.Camera_getProjectionMatrix
                0x00000e90       0x7c CMakeFiles\ddd.dir\ddd\camera.c.obj
                0x00000e90                Camera_getProjectionMatrix
 *fill*         0x00000f0c        0x4 
 .text.Camera_worldToScreenPos
                0x00000f10       0x58 CMakeFiles\ddd.dir\ddd\camera.c.obj
                0x00000f10                Camera_worldToScreenPos
 *fill*         0x00000f68        0x8 
 .text.PTR_Camera_worldToScreenPos
                0x00000f70       0x40 CMakeFiles\ddd.dir\ddd\camera.c.obj
                0x00000f70                PTR_Camera_worldToScreenPos
 .text.Camera_setRotation
                0x00000fb0       0xa8 CMakeFiles\ddd.dir\ddd\camera.c.obj
                0x00000fb0                Camera_setRotation
 *fill*         0x00001058        0x8 
 .text.GameObject_updateTransform
                0x00001060       0x5c CMakeFiles\ddd.dir\ddd\gameobject.c.obj
                0x00001060                GameObject_updateTransform
 *fill*         0x000010bc        0x4 
 .text.compare_zdepth
                0x000010c0       0x18 CMakeFiles\ddd.dir\ddd\render.c.obj
                0x000010c0                compare_zdepth
 *fill*         0x000010d8        0x8 
 .text.api_drawFragment.part.0
                0x000010e0       0xd0 CMakeFiles\ddd.dir\ddd\render.c.obj
 .text.Line_worldDraw
                0x000011b0      0x194 CMakeFiles\ddd.dir\ddd\render.c.obj
                0x000011b0                Line_worldDraw
 *fill*         0x00001344        0xc 
 .text.YPlane_render
                0x00001350      0x104 CMakeFiles\ddd.dir\ddd\render.c.obj
                0x00001350                YPlane_render
 *fill*         0x00001454        0xc 
 .text.sortTri  0x00001460       0x78 CMakeFiles\ddd.dir\ddd\render.c.obj
                0x00001460                sortTri
 *fill*         0x000014d8        0x8 
 .text.api_fillRange
                0x000014e0       0xb0 CMakeFiles\ddd.dir\ddd\render.c.obj
                0x000014e0                api_fillRange
 .text.api_fillTriangle
                0x00001590      0x1f8 CMakeFiles\ddd.dir\ddd\render.c.obj
                0x00001590                api_fillTriangle
 *fill*         0x00001788        0x8 
 .text.GameObject_drawMesh
                0x00001790      0x414 CMakeFiles\ddd.dir\ddd\render.c.obj
                0x00001790                GameObject_drawMesh
 *fill*         0x00001ba4        0xc 
 .text.Scene_addGameObject
                0x00001bb0       0x3c CMakeFiles\ddd.dir\ddd\scene.c.obj
                0x00001bb0                Scene_addGameObject
 *fill*         0x00001bec        0x4 
 .text.Scene_update
                0x00001bf0       0x40 CMakeFiles\ddd.dir\ddd\scene.c.obj
                0x00001bf0                Scene_update
 .text.Vector3_make
                0x00001c30        0x8 CMakeFiles\ddd.dir\ddd\symbols.c.obj
                0x00001c30                Vector3_make
 *fill*         0x00001c38        0x8 
 .text.eventHandlerShim
                0x00001c40       0x1c CMakeFiles\ddd.dir\C_\Users\shrin\Documents\PlaydateSDK\C_API\buildsupport\setup.c.obj
                0x00001c40                eventHandlerShim
 *fill*         0x00001c5c        0x4 
 .text._malloc_r
                0x00001c60        0xc CMakeFiles\ddd.dir\C_\Users\shrin\Documents\PlaydateSDK\C_API\buildsupport\setup.c.obj
                0x00001c60                _malloc_r
 .text.malloc   0x00001c6c       0x10 C:/PROGRA~2/ARMGNU~1/13C7F1~1.2RE/bin/../lib/gcc/arm-none-eabi/13.2.1/thumb/v7e-m+fp/hard\libg.a(libc_a-malloc.o)
                0x00001c6c                malloc
 .text.qsort    0x00001c7c      0x628 C:/PROGRA~2/ARMGNU~1/13C7F1~1.2RE/bin/../lib/gcc/arm-none-eabi/13.2.1/thumb/v7e-m+fp/hard\libg.a(libc_a-qsort.o)
                0x00001c7c                qsort
 .text.memset   0x000022a4       0xa4 C:/PROGRA~2/ARMGNU~1/13C7F1~1.2RE/bin/../lib/gcc/arm-none-eabi/13.2.1/thumb/v7e-m+fp/hard\libg.a(libc_a-memset.o)
                0x000022a4                memset
 .text.cosf     0x00002348       0x70 C:/PROGRA~2/ARMGNU~1/13C7F1~1.2RE/bin/../lib/gcc/arm-none-eabi/13.2.1/thumb/v7e-m+fp/hard\libm.a(libm_a-sf_cos.o)
                0x00002348                cosf
 .text.sinf     0x000023b8       0x74 C:/PROGRA~2/ARMGNU~1/13C7F1~1.2RE/bin/../lib/gcc/arm-none-eabi/13.2.1/thumb/v7e-m+fp/hard\libm.a(libm_a-sf_sin.o)
                0x000023b8                sinf
 .text.tanf     0x0000242c       0x54 C:/PROGRA~2/ARMGNU~1/13C7F1~1.2RE/bin/../lib/gcc/arm-none-eabi/13.2.1/thumb/v7e-m+fp/hard\libm.a(libm_a-sf_tan.o)
                0x0000242c                tanf
 .text.__kernel_cosf
                0x00002480      0x104 C:/PROGRA~2/ARMGNU~1/13C7F1~1.2RE/bin/../lib/gcc/arm-none-eabi/13.2.1/thumb/v7e-m+fp/hard\libm.a(libm_a-kf_cos.o)
                0x00002480                __kernel_cosf
 .text.__kernel_sinf
                0x00002584       0x90 C:/PROGRA~2/ARMGNU~1/13C7F1~1.2RE/bin/../lib/gcc/arm-none-eabi/13.2.1/thumb/v7e-m+fp/hard\libm.a(libm_a-kf_sin.o)
                0x00002584                __kernel_sinf
 .text.__kernel_tanf
                0x00002614      0x1c0 C:/PROGRA~2/ARMGNU~1/13C7F1~1.2RE/bin/../lib/gcc/arm-none-eabi/13.2.1/thumb/v7e-m+fp/hard\libm.a(libm_a-kf_tan.o)
                0x00002614                __kernel_tanf
 .text.__ieee754_rem_pio2f
                0x000027d4      0x260 C:/PROGRA~2/ARMGNU~1/13C7F1~1.2RE/bin/../lib/gcc/arm-none-eabi/13.2.1/thumb/v7e-m+fp/hard\libm.a(libm_a-ef_rem_pio2.o)
                0x000027d4                __ieee754_rem_pio2f
 .text.fabsf    0x00002a34       0x10 C:/PROGRA~2/ARMGNU~1/13C7F1~1.2RE/bin/../lib/gcc/arm-none-eabi/13.2.1/thumb/v7e-m+fp/hard\libm.a(libm_a-sf_fabs.o)
                0x00002a34                fabsf
 .text.__kernel_rem_pio2f
                0x00002a44      0x63c C:/PROGRA~2/ARMGNU~1/13C7F1~1.2RE/bin/../lib/gcc/arm-none-eabi/13.2.1/thumb/v7e-m+fp/hard\libm.a(libm_a-kf_rem_pio2.o)
                0x00002a44                __kernel_rem_pio2f
 .text.scalbnf  0x00003080       0xe4 C:/PROGRA~2/ARMGNU~1/13C7F1~1.2RE/bin/../lib/gcc/arm-none-eabi/13.2.1/thumb/v7e-m+fp/hard\libm.a(libm_a-sf_scalbn.o)
                0x00003080                scalbnf
 .text.floorf   0x00003164       0x94 C:/PROGRA~2/ARMGNU~1/13C7F1~1.2RE/bin/../lib/gcc/arm-none-eabi/13.2.1/thumb/v7e-m+fp/hard\libm.a(libm_a-sf_floor.o)
                0x00003164                floorf
 *(.init)
 *(.fini)
 *crtbegin.o(.ctors)
 *crtbegin?.o(.ctors)
 *(EXCLUDE_FILE(*crtend.o *crtend?.o) .ctors)
 *(SORT_BY_NAME(.ctors.*))
 *(.ctors)
 *crtbegin.o(.dtors)
 *crtbegin?.o(.dtors)
 *(EXCLUDE_FILE(*crtend.o *crtend?.o) .dtors)
 *(SORT_BY_NAME(.dtors.*))
 *(.dtors)
 *(.rodata*)
 .rodata.eventHandler.str1.4
                0x000031f8       0x85 CMakeFiles\ddd.dir\src\main.c.obj
                                 0x5c (size before relaxing)
 .rodata.str1.4
                0x0000327d       0x29 CMakeFiles\ddd.dir\src\main.c.obj
 *fill*         0x0000327d        0x3 
 .rodata.npio2_hw
                0x00003280       0x80 C:/PROGRA~2/ARMGNU~1/13C7F1~1.2RE/bin/../lib/gcc/arm-none-eabi/13.2.1/thumb/v7e-m+fp/hard\libm.a(libm_a-ef_rem_pio2.o)
 .rodata.two_over_pi
                0x00003300      0x318 C:/PROGRA~2/ARMGNU~1/13C7F1~1.2RE/bin/../lib/gcc/arm-none-eabi/13.2.1/thumb/v7e-m+fp/hard\libm.a(libm_a-ef_rem_pio2.o)
 .rodata.PIo2   0x00003618       0x2c C:/PROGRA~2/ARMGNU~1/13C7F1~1.2RE/bin/../lib/gcc/arm-none-eabi/13.2.1/thumb/v7e-m+fp/hard\libm.a(libm_a-kf_rem_pio2.o)
 .rodata.init_jk
                0x00003644        0xc C:/PROGRA~2/ARMGNU~1/13C7F1~1.2RE/bin/../lib/gcc/arm-none-eabi/13.2.1/thumb/v7e-m+fp/hard\libm.a(libm_a-kf_rem_pio2.o)
 *(.eh_frame*)

.glue_7         0x00003650        0x0
 .glue_7        0x00003650        0x0 linker stubs

.glue_7t        0x00003650        0x0
 .glue_7t       0x00003650        0x0 linker stubs

.vfp11_veneer   0x00003650        0x0
 .vfp11_veneer  0x00003650        0x0 linker stubs

.v4_bx          0x00003650        0x0
 .v4_bx         0x00003650        0x0 linker stubs

.iplt           0x00003650        0x0
 .iplt          0x00003650        0x0 CMakeFiles\ddd.dir\src\main.c.obj

.rel.dyn        0x00003650        0x0
 .rel.iplt      0x00003650        0x0 CMakeFiles\ddd.dir\src\main.c.obj

.data           0x00003650     0x3a78
                0x00003650                        __etext = .
                0x00003650                        __data_start__ = .
 *(vtable)
 *(.data*)
 .data.DefaultScene
                0x00003650        0x4 CMakeFiles\ddd.dir\src\main.c.obj
                0x00003650                DefaultScene
 .data.fontpath
                0x00003654        0x4 CMakeFiles\ddd.dir\src\main.c.obj
                0x00003654                fontpath
 .data.__compound_literal.14
                0x00003658        0x4 CMakeFiles\ddd.dir\src\main.c.obj
 .data.camera_default
                0x0000365c      0x150 CMakeFiles\ddd.dir\src\main.c.obj
                0x0000365c                camera_default
 .data.object_terrain
                0x000037ac       0xa4 CMakeFiles\ddd.dir\src\main.c.obj
                0x000037ac                object_terrain
 .data.object_test3
                0x00003850       0xa4 CMakeFiles\ddd.dir\src\main.c.obj
                0x00003850                object_test3
 .data.object_test2
                0x000038f4       0xa4 CMakeFiles\ddd.dir\src\main.c.obj
                0x000038f4                object_test2
 .data.object_test
                0x00003998       0xa4 CMakeFiles\ddd.dir\src\main.c.obj
                0x00003998                object_test
 .data.object_cube
                0x00003a3c       0xa4 CMakeFiles\ddd.dir\src\main.c.obj
                0x00003a3c                object_cube
 .data.object_cube2
                0x00003ae0       0xa4 CMakeFiles\ddd.dir\src\main.c.obj
                0x00003ae0                object_cube2
 .data.TestScene
                0x00003b84      0x434 CMakeFiles\ddd.dir\src\main.c.obj
                0x00003b84                TestScene
 .data.terrain1
                0x00003fb8       0x54 CMakeFiles\ddd.dir\src\main.c.obj
                0x00003fb8                terrain1
 .data.__compound_literal.13
                0x0000400c      0xc00 CMakeFiles\ddd.dir\src\main.c.obj
 .data.__compound_literal.12
                0x00004c0c      0xd8c CMakeFiles\ddd.dir\src\main.c.obj
 .data.blahaj_tri
                0x00005998       0x54 CMakeFiles\ddd.dir\src\main.c.obj
                0x00005998                blahaj_tri
 .data.__compound_literal.11
                0x000059ec      0x9a8 CMakeFiles\ddd.dir\src\main.c.obj
 .data.__compound_literal.10
                0x00006394      0x9c0 CMakeFiles\ddd.dir\src\main.c.obj
 .data.mesh_cube
                0x00006d54       0x54 CMakeFiles\ddd.dir\src\main.c.obj
                0x00006d54                mesh_cube
 .data.__compound_literal.1
                0x00006da8       0x48 CMakeFiles\ddd.dir\src\main.c.obj
 .data.__compound_literal.0
                0x00006df0       0x60 CMakeFiles\ddd.dir\src\main.c.obj
 .data.grid_points
                0x00006e50       0x48 CMakeFiles\ddd.dir\ddd\render.c.obj
                0x00006e50                grid_points
 .data.patterns
                0x00006e98      0x108 CMakeFiles\ddd.dir\ddd\render.c.obj
 .data._impure_ptr
                0x00006fa0        0x4 C:/PROGRA~2/ARMGNU~1/13C7F1~1.2RE/bin/../lib/gcc/arm-none-eabi/13.2.1/thumb/v7e-m+fp/hard\libg.a(libc_a-impure.o)
                0x00006fa0                _impure_ptr
 *fill*         0x00006fa4        0x4 
 .data._impure_data
                0x00006fa8      0x120 C:/PROGRA~2/ARMGNU~1/13C7F1~1.2RE/bin/../lib/gcc/arm-none-eabi/13.2.1/thumb/v7e-m+fp/hard\libg.a(libc_a-impure.o)
                0x00006fa8                _impure_data
                0x000070c8                        . = ALIGN (0x4)
                [!provide]                        PROVIDE (__preinit_array_start = .)
 *(.preinit_array)
                [!provide]                        PROVIDE (__preinit_array_end = .)
                0x000070c8                        . = ALIGN (0x4)
                [!provide]                        PROVIDE (__init_array_start = .)
 *(SORT_BY_NAME(.init_array.*))
 *(.init_array)
                [!provide]                        PROVIDE (__init_array_end = .)
                0x000070c8                        . = ALIGN (0x4)
                [!provide]                        PROVIDE (__fini_array_start = .)
 *(SORT_BY_NAME(.fini_array.*))
 *(.fini_array)
                [!provide]                        PROVIDE (__fini_array_end = .)
                0x000070c8                        . = ALIGN (0x4)
                0x000070c8                        __data_end__ = .

.igot.plt       0x000070c8        0x0
 .igot.plt      0x000070c8        0x0 CMakeFiles\ddd.dir\src\main.c.obj

.bss            0x000070c8      0x364
                0x000070c8                        . = ALIGN (0x4)
                0x000070c8                        __bss_start__ = .
 *(.bss*)
 .bss.isRotateRight
                0x000070c8        0x1 CMakeFiles\ddd.dir\src\main.c.obj
                0x000070c8                isRotateRight
 .bss.isRotateLeft
                0x000070c9        0x1 CMakeFiles\ddd.dir\src\main.c.obj
                0x000070c9                isRotateLeft
 .bss.isRight   0x000070ca        0x1 CMakeFiles\ddd.dir\src\main.c.obj
                0x000070ca                isRight
 .bss.isLeft    0x000070cb        0x1 CMakeFiles\ddd.dir\src\main.c.obj
                0x000070cb                isLeft
 .bss.isBackward
                0x000070cc        0x1 CMakeFiles\ddd.dir\src\main.c.obj
                0x000070cc                isBackward
 .bss.isForward
                0x000070cd        0x1 CMakeFiles\ddd.dir\src\main.c.obj
                0x000070cd                isForward
 .bss.isDown    0x000070ce        0x1 CMakeFiles\ddd.dir\src\main.c.obj
                0x000070ce                isDown
 .bss.isUp      0x000070cf        0x1 CMakeFiles\ddd.dir\src\main.c.obj
                0x000070cf                isUp
 .bss.camera_velocity
                0x000070d0        0xc CMakeFiles\ddd.dir\src\main.c.obj
                0x000070d0                camera_velocity
 .bss.ActiveScene
                0x000070dc        0x4 CMakeFiles\ddd.dir\src\main.c.obj
                0x000070dc                ActiveScene
 .bss.frame     0x000070e0        0x4 CMakeFiles\ddd.dir\src\main.c.obj
                0x000070e0                frame
 .bss.font      0x000070e4        0x4 CMakeFiles\ddd.dir\src\main.c.obj
                0x000070e4                font
 .bss.pd        0x000070e8        0x4 CMakeFiles\ddd.dir\src\main.c.obj
                0x000070e8                pd
 .bss.SINE_GRADIENT_OFFSET
                0x000070ec        0x4 CMakeFiles\ddd.dir\src\main.c.obj
                0x000070ec                SINE_GRADIENT_OFFSET
 .bss.SINE_GRADIENT
                0x000070f0      0x200 CMakeFiles\ddd.dir\src\main.c.obj
                0x000070f0                SINE_GRADIENT
 .bss.pdrealloc
                0x000072f0        0x4 CMakeFiles\ddd.dir\C_\Users\shrin\Documents\PlaydateSDK\C_API\buildsupport\setup.c.obj
 .bss.__sf      0x000072f4      0x138 C:/PROGRA~2/ARMGNU~1/13C7F1~1.2RE/bin/../lib/gcc/arm-none-eabi/13.2.1/thumb/v7e-m+fp/hard\libg.a(libc_a-findfp.o)
                0x000072f4                __sf
 *(COMMON)
 *(COM)
                0x0000742c                        . = ALIGN (0x4)
                0x0000742c                        __bss_end__ = .

/DISCARD/
 *(.ARM.exidx)
OUTPUT(ddd.elf elf32-littlearm)
LOAD linker stubs

.debug_info     0x00000000    0x21e9b
 .debug_info    0x00000000     0x6b96 CMakeFiles\ddd.dir\src\main.c.obj
 .debug_info    0x00006b96      0xedb CMakeFiles\ddd.dir\ddd\3dmath.c.obj
 .debug_info    0x00007a71      0x632 CMakeFiles\ddd.dir\ddd\camera.c.obj
 .debug_info    0x000080a3     0x5ea5 CMakeFiles\ddd.dir\ddd\gameobject.c.obj
 .debug_info    0x0000df48     0x7998 CMakeFiles\ddd.dir\ddd\render.c.obj
 .debug_info    0x000158e0     0x5f1e CMakeFiles\ddd.dir\ddd\scene.c.obj
 .debug_info    0x0001b7fe      0x207 CMakeFiles\ddd.dir\ddd\symbols.c.obj
 .debug_info    0x0001ba05     0x6496 CMakeFiles\ddd.dir\C_\Users\shrin\Documents\PlaydateSDK\C_API\buildsupport\setup.c.obj

.debug_abbrev   0x00000000     0x19d3
 .debug_abbrev  0x00000000      0x5a5 CMakeFiles\ddd.dir\src\main.c.obj
 .debug_abbrev  0x000005a5      0x348 CMakeFiles\ddd.dir\ddd\3dmath.c.obj
 .debug_abbrev  0x000008ed      0x1f7 CMakeFiles\ddd.dir\ddd\camera.c.obj
 .debug_abbrev  0x00000ae4      0x253 CMakeFiles\ddd.dir\ddd\gameobject.c.obj
 .debug_abbrev  0x00000d37      0x5e2 CMakeFiles\ddd.dir\ddd\render.c.obj
 .debug_abbrev  0x00001319      0x2fe CMakeFiles\ddd.dir\ddd\scene.c.obj
 .debug_abbrev  0x00001617       0xbc CMakeFiles\ddd.dir\ddd\symbols.c.obj
 .debug_abbrev  0x000016d3      0x300 CMakeFiles\ddd.dir\C_\Users\shrin\Documents\PlaydateSDK\C_API\buildsupport\setup.c.obj

.debug_loc      0x00000000     0x3b9f
 .debug_loc     0x00000000      0x7b5 CMakeFiles\ddd.dir\src\main.c.obj
 .debug_loc     0x000007b5      0xd4e CMakeFiles\ddd.dir\ddd\3dmath.c.obj
 .debug_loc     0x00001503      0x3d4 CMakeFiles\ddd.dir\ddd\camera.c.obj
 .debug_loc     0x000018d7       0x5b CMakeFiles\ddd.dir\ddd\gameobject.c.obj
 .debug_loc     0x00001932     0x1de1 CMakeFiles\ddd.dir\ddd\render.c.obj
 .debug_loc     0x00003713      0x1f6 CMakeFiles\ddd.dir\ddd\scene.c.obj
 .debug_loc     0x00003909       0x2c CMakeFiles\ddd.dir\ddd\symbols.c.obj
 .debug_loc     0x00003935      0x26a CMakeFiles\ddd.dir\C_\Users\shrin\Documents\PlaydateSDK\C_API\buildsupport\setup.c.obj

.debug_aranges  0x00000000      0x318
 .debug_aranges
                0x00000000       0xa0 CMakeFiles\ddd.dir\src\main.c.obj
 .debug_aranges
                0x000000a0       0xf8 CMakeFiles\ddd.dir\ddd\3dmath.c.obj
 .debug_aranges
                0x00000198       0x40 CMakeFiles\ddd.dir\ddd\camera.c.obj
 .debug_aranges
                0x000001d8       0x20 CMakeFiles\ddd.dir\ddd\gameobject.c.obj
 .debug_aranges
                0x000001f8       0x98 CMakeFiles\ddd.dir\ddd\render.c.obj
 .debug_aranges
                0x00000290       0x30 CMakeFiles\ddd.dir\ddd\scene.c.obj
 .debug_aranges
                0x000002c0       0x20 CMakeFiles\ddd.dir\ddd\symbols.c.obj
 .debug_aranges
                0x000002e0       0x38 CMakeFiles\ddd.dir\C_\Users\shrin\Documents\PlaydateSDK\C_API\buildsupport\setup.c.obj

.debug_ranges   0x00000000      0x698
 .debug_ranges  0x00000000      0x160 CMakeFiles\ddd.dir\src\main.c.obj
 .debug_ranges  0x00000160      0x118 CMakeFiles\ddd.dir\ddd\3dmath.c.obj
 .debug_ranges  0x00000278       0x30 CMakeFiles\ddd.dir\ddd\camera.c.obj
 .debug_ranges  0x000002a8       0x10 CMakeFiles\ddd.dir\ddd\gameobject.c.obj
 .debug_ranges  0x000002b8      0x350 CMakeFiles\ddd.dir\ddd\render.c.obj
 .debug_ranges  0x00000608       0x58 CMakeFiles\ddd.dir\ddd\scene.c.obj
 .debug_ranges  0x00000660       0x10 CMakeFiles\ddd.dir\ddd\symbols.c.obj
 .debug_ranges  0x00000670       0x28 CMakeFiles\ddd.dir\C_\Users\shrin\Documents\PlaydateSDK\C_API\buildsupport\setup.c.obj

.debug_line     0x00000000     0x33f5
 .debug_line    0x00000000      0xcfe CMakeFiles\ddd.dir\src\main.c.obj
 .debug_line    0x00000cfe      0x97e CMakeFiles\ddd.dir\ddd\3dmath.c.obj
 .debug_line    0x0000167c      0x238 CMakeFiles\ddd.dir\ddd\camera.c.obj
 .debug_line    0x000018b4      0x2bf CMakeFiles\ddd.dir\ddd\gameobject.c.obj
 .debug_line    0x00001b73     0x10cb CMakeFiles\ddd.dir\ddd\render.c.obj
 .debug_line    0x00002c3e      0x3b0 CMakeFiles\ddd.dir\ddd\scene.c.obj
 .debug_line    0x00002fee       0x8d CMakeFiles\ddd.dir\ddd\symbols.c.obj
 .debug_line    0x0000307b      0x37a CMakeFiles\ddd.dir\C_\Users\shrin\Documents\PlaydateSDK\C_API\buildsupport\setup.c.obj

.debug_str      0x00000000     0x3713
 .debug_str     0x00000000     0x3713 CMakeFiles\ddd.dir\src\main.c.obj
                               0x307b (size before relaxing)
 .debug_str     0x00003713      0x4b4 CMakeFiles\ddd.dir\ddd\3dmath.c.obj
 .debug_str     0x00003713      0x451 CMakeFiles\ddd.dir\ddd\camera.c.obj
 .debug_str     0x00003713     0x2bbc CMakeFiles\ddd.dir\ddd\gameobject.c.obj
 .debug_str     0x00003713     0x2f24 CMakeFiles\ddd.dir\ddd\render.c.obj
 .debug_str     0x00003713     0x2bda CMakeFiles\ddd.dir\ddd\scene.c.obj
 .debug_str     0x00003713      0x257 CMakeFiles\ddd.dir\ddd\symbols.c.obj
 .debug_str     0x00003713     0x2e7e CMakeFiles\ddd.dir\C_\Users\shrin\Documents\PlaydateSDK\C_API\buildsupport\setup.c.obj

.comment        0x00000000       0x44
 .comment       0x00000000       0x44 CMakeFiles\ddd.dir\src\main.c.obj
                                 0x45 (size before relaxing)
 .comment       0x00000044       0x45 CMakeFiles\ddd.dir\ddd\3dmath.c.obj
 .comment       0x00000044       0x45 CMakeFiles\ddd.dir\ddd\camera.c.obj
 .comment       0x00000044       0x45 CMakeFiles\ddd.dir\ddd\gameobject.c.obj
 .comment       0x00000044       0x45 CMakeFiles\ddd.dir\ddd\render.c.obj
 .comment       0x00000044       0x45 CMakeFiles\ddd.dir\ddd\scene.c.obj
 .comment       0x00000044       0x45 CMakeFiles\ddd.dir\ddd\symbols.c.obj
 .comment       0x00000044       0x45 CMakeFiles\ddd.dir\C_\Users\shrin\Documents\PlaydateSDK\C_API\buildsupport\setup.c.obj

.ARM.attributes
                0x00000000       0x34
 .ARM.attributes
                0x00000000       0x34 CMakeFiles\ddd.dir\src\main.c.obj
 .ARM.attributes
                0x00000034       0x34 CMakeFiles\ddd.dir\ddd\3dmath.c.obj
 .ARM.attributes
                0x00000068       0x34 CMakeFiles\ddd.dir\ddd\camera.c.obj
 .ARM.attributes
                0x0000009c       0x34 CMakeFiles\ddd.dir\ddd\gameobject.c.obj
 .ARM.attributes
                0x000000d0       0x34 CMakeFiles\ddd.dir\ddd\render.c.obj
 .ARM.attributes
                0x00000104       0x34 CMakeFiles\ddd.dir\ddd\scene.c.obj
 .ARM.attributes
                0x00000138       0x34 CMakeFiles\ddd.dir\ddd\symbols.c.obj
 .ARM.attributes
                0x0000016c       0x34 CMakeFiles\ddd.dir\C_\Users\shrin\Documents\PlaydateSDK\C_API\buildsupport\setup.c.obj
 .ARM.attributes
                0x000001a0       0x34 C:/PROGRA~2/ARMGNU~1/13C7F1~1.2RE/bin/../lib/gcc/arm-none-eabi/13.2.1/thumb/v7e-m+fp/hard\libg.a(libc_a-malloc.o)
 .ARM.attributes
                0x000001d4       0x34 C:/PROGRA~2/ARMGNU~1/13C7F1~1.2RE/bin/../lib/gcc/arm-none-eabi/13.2.1/thumb/v7e-m+fp/hard\libg.a(libc_a-qsort.o)
 .ARM.attributes
                0x00000208       0x34 C:/PROGRA~2/ARMGNU~1/13C7F1~1.2RE/bin/../lib/gcc/arm-none-eabi/13.2.1/thumb/v7e-m+fp/hard\libg.a(libc_a-memset.o)
 .ARM.attributes
                0x0000023c       0x34 C:/PROGRA~2/ARMGNU~1/13C7F1~1.2RE/bin/../lib/gcc/arm-none-eabi/13.2.1/thumb/v7e-m+fp/hard\libg.a(libc_a-impure.o)
 .ARM.attributes
                0x00000270       0x34 C:/PROGRA~2/ARMGNU~1/13C7F1~1.2RE/bin/../lib/gcc/arm-none-eabi/13.2.1/thumb/v7e-m+fp/hard\libg.a(libc_a-findfp.o)
 .ARM.attributes
                0x000002a4       0x34 C:/PROGRA~2/ARMGNU~1/13C7F1~1.2RE/bin/../lib/gcc/arm-none-eabi/13.2.1/thumb/v7e-m+fp/hard\libm.a(libm_a-sf_cos.o)
 .ARM.attributes
                0x000002d8       0x34 C:/PROGRA~2/ARMGNU~1/13C7F1~1.2RE/bin/../lib/gcc/arm-none-eabi/13.2.1/thumb/v7e-m+fp/hard\libm.a(libm_a-sf_sin.o)
 .ARM.attributes
                0x0000030c       0x34 C:/PROGRA~2/ARMGNU~1/13C7F1~1.2RE/bin/../lib/gcc/arm-none-eabi/13.2.1/thumb/v7e-m+fp/hard\libm.a(libm_a-sf_tan.o)
 .ARM.attributes
                0x00000340       0x34 C:/PROGRA~2/ARMGNU~1/13C7F1~1.2RE/bin/../lib/gcc/arm-none-eabi/13.2.1/thumb/v7e-m+fp/hard\libm.a(libm_a-kf_cos.o)
 .ARM.attributes
                0x00000374       0x34 C:/PROGRA~2/ARMGNU~1/13C7F1~1.2RE/bin/../lib/gcc/arm-none-eabi/13.2.1/thumb/v7e-m+fp/hard\libm.a(libm_a-kf_sin.o)
 .ARM.attributes
                0x000003a8       0x34 C:/PROGRA~2/ARMGNU~1/13C7F1~1.2RE/bin/../lib/gcc/arm-none-eabi/13.2.1/thumb/v7e-m+fp/hard\libm.a(libm_a-kf_tan.o)
 .ARM.attributes
                0x000003dc       0x34 C:/PROGRA~2/ARMGNU~1/13C7F1~1.2RE/bin/../lib/gcc/arm-none-eabi/13.2.1/thumb/v7e-m+fp/hard\libm.a(libm_a-ef_rem_pio2.o)
 .ARM.attributes
                0x00000410       0x34 C:/PROGRA~2/ARMGNU~1/13C7F1~1.2RE/bin/../lib/gcc/arm-none-eabi/13.2.1/thumb/v7e-m+fp/hard\libm.a(libm_a-sf_fabs.o)
 .ARM.attributes
                0x00000444       0x34 C:/PROGRA~2/ARMGNU~1/13C7F1~1.2RE/bin/../lib/gcc/arm-none-eabi/13.2.1/thumb/v7e-m+fp/hard\libm.a(libm_a-kf_rem_pio2.o)
 .ARM.attributes
                0x00000478       0x34 C:/PROGRA~2/ARMGNU~1/13C7F1~1.2RE/bin/../lib/gcc/arm-none-eabi/13.2.1/thumb/v7e-m+fp/hard\libm.a(libm_a-sf_scalbn.o)
 .ARM.attributes
                0x000004ac       0x34 C:/PROGRA~2/ARMGNU~1/13C7F1~1.2RE/bin/../lib/gcc/arm-none-eabi/13.2.1/thumb/v7e-m+fp/hard\libm.a(libm_a-sf_floor.o)

.debug_frame    0x00000000      0xd70
 .debug_frame   0x00000000      0x1c4 CMakeFiles\ddd.dir\src\main.c.obj
 .debug_frame   0x000001c4      0x390 CMakeFiles\ddd.dir\ddd\3dmath.c.obj
 .debug_frame   0x00000554       0xa8 CMakeFiles\ddd.dir\ddd\camera.c.obj
 .debug_frame   0x000005fc       0x30 CMakeFiles\ddd.dir\ddd\gameobject.c.obj
 .debug_frame   0x0000062c      0x288 CMakeFiles\ddd.dir\ddd\render.c.obj
 .debug_frame   0x000008b4       0x6c CMakeFiles\ddd.dir\ddd\scene.c.obj
 .debug_frame   0x00000920       0x28 CMakeFiles\ddd.dir\ddd\symbols.c.obj
 .debug_frame   0x00000948       0x5c CMakeFiles\ddd.dir\C_\Users\shrin\Documents\PlaydateSDK\C_API\buildsupport\setup.c.obj
 .debug_frame   0x000009a4       0x30 C:/PROGRA~2/ARMGNU~1/13C7F1~1.2RE/bin/../lib/gcc/arm-none-eabi/13.2.1/thumb/v7e-m+fp/hard\libg.a(libc_a-malloc.o)
 .debug_frame   0x000009d4       0x44 C:/PROGRA~2/ARMGNU~1/13C7F1~1.2RE/bin/../lib/gcc/arm-none-eabi/13.2.1/thumb/v7e-m+fp/hard\libg.a(libc_a-qsort.o)
 .debug_frame   0x00000a18       0x2c C:/PROGRA~2/ARMGNU~1/13C7F1~1.2RE/bin/../lib/gcc/arm-none-eabi/13.2.1/thumb/v7e-m+fp/hard\libg.a(libc_a-memset.o)
 .debug_frame   0x00000a44      0x13c C:/PROGRA~2/ARMGNU~1/13C7F1~1.2RE/bin/../lib/gcc/arm-none-eabi/13.2.1/thumb/v7e-m+fp/hard\libg.a(libc_a-findfp.o)
 .debug_frame   0x00000b80       0x34 C:/PROGRA~2/ARMGNU~1/13C7F1~1.2RE/bin/../lib/gcc/arm-none-eabi/13.2.1/thumb/v7e-m+fp/hard\libm.a(libm_a-sf_cos.o)
 .debug_frame   0x00000bb4       0x34 C:/PROGRA~2/ARMGNU~1/13C7F1~1.2RE/bin/../lib/gcc/arm-none-eabi/13.2.1/thumb/v7e-m+fp/hard\libm.a(libm_a-sf_sin.o)
 .debug_frame   0x00000be8       0x30 C:/PROGRA~2/ARMGNU~1/13C7F1~1.2RE/bin/../lib/gcc/arm-none-eabi/13.2.1/thumb/v7e-m+fp/hard\libm.a(libm_a-sf_tan.o)
 .debug_frame   0x00000c18       0x20 C:/PROGRA~2/ARMGNU~1/13C7F1~1.2RE/bin/../lib/gcc/arm-none-eabi/13.2.1/thumb/v7e-m+fp/hard\libm.a(libm_a-kf_cos.o)
 .debug_frame   0x00000c38       0x20 C:/PROGRA~2/ARMGNU~1/13C7F1~1.2RE/bin/../lib/gcc/arm-none-eabi/13.2.1/thumb/v7e-m+fp/hard\libm.a(libm_a-kf_sin.o)
 .debug_frame   0x00000c58       0x28 C:/PROGRA~2/ARMGNU~1/13C7F1~1.2RE/bin/../lib/gcc/arm-none-eabi/13.2.1/thumb/v7e-m+fp/hard\libm.a(libm_a-kf_tan.o)
 .debug_frame   0x00000c80       0x34 C:/PROGRA~2/ARMGNU~1/13C7F1~1.2RE/bin/../lib/gcc/arm-none-eabi/13.2.1/thumb/v7e-m+fp/hard\libm.a(libm_a-ef_rem_pio2.o)
 .debug_frame   0x00000cb4       0x20 C:/PROGRA~2/ARMGNU~1/13C7F1~1.2RE/bin/../lib/gcc/arm-none-eabi/13.2.1/thumb/v7e-m+fp/hard\libm.a(libm_a-sf_fabs.o)
 .debug_frame   0x00000cd4       0x5c C:/PROGRA~2/ARMGNU~1/13C7F1~1.2RE/bin/../lib/gcc/arm-none-eabi/13.2.1/thumb/v7e-m+fp/hard\libm.a(libm_a-kf_rem_pio2.o)
 .debug_frame   0x00000d30       0x20 C:/PROGRA~2/ARMGNU~1/13C7F1~1.2RE/bin/../lib/gcc/arm-none-eabi/13.2.1/thumb/v7e-m+fp/hard\libm.a(libm_a-sf_scalbn.o)
 .debug_frame   0x00000d50       0x20 C:/PROGRA~2/ARMGNU~1/13C7F1~1.2RE/bin/../lib/gcc/arm-none-eabi/13.2.1/thumb/v7e-m+fp/hard\libm.a(libm_a-sf_floor.o)

Cross Reference Table

Symbol                                            File
ActiveScene                                       CMakeFiles\ddd.dir\src\main.c.obj
Camera_getProjectionMatrix                        CMakeFiles\ddd.dir\ddd\camera.c.obj
                                                  CMakeFiles\ddd.dir\src\main.c.obj
Camera_setRotation                                CMakeFiles\ddd.dir\ddd\camera.c.obj
                                                  CMakeFiles\ddd.dir\src\main.c.obj
Camera_worldPosition                              CMakeFiles\ddd.dir\ddd\camera.c.obj
Camera_worldToScreenPos                           CMakeFiles\ddd.dir\ddd\camera.c.obj
                                                  CMakeFiles\ddd.dir\ddd\render.c.obj
DefaultScene                                      CMakeFiles\ddd.dir\src\main.c.obj
GameObject_drawMesh                               CMakeFiles\ddd.dir\ddd\render.c.obj
                                                  CMakeFiles\ddd.dir\src\main.c.obj
GameObject_render                                 CMakeFiles\ddd.dir\ddd\render.c.obj
GameObject_updateTransform                        CMakeFiles\ddd.dir\ddd\gameobject.c.obj
                                                  CMakeFiles\ddd.dir\ddd\scene.c.obj
Gradient_init                                     CMakeFiles\ddd.dir\src\main.c.obj
Gradient_sample                                   CMakeFiles\ddd.dir\src\main.c.obj
Gradient_tick                                     CMakeFiles\ddd.dir\src\main.c.obj
Grid_render                                       CMakeFiles\ddd.dir\ddd\render.c.obj
Line_worldDraw                                    CMakeFiles\ddd.dir\ddd\render.c.obj
Matrix3_apply                                     CMakeFiles\ddd.dir\ddd\3dmath.c.obj
                                                  CMakeFiles\ddd.dir\ddd\render.c.obj
Matrix3_getDeterminant                            CMakeFiles\ddd.dir\ddd\3dmath.c.obj
Matrix3_getRotationX                              CMakeFiles\ddd.dir\ddd\3dmath.c.obj
                                                  CMakeFiles\ddd.dir\ddd\camera.c.obj
Matrix3_getRotationY                              CMakeFiles\ddd.dir\ddd\3dmath.c.obj
                                                  CMakeFiles\ddd.dir\ddd\camera.c.obj
Matrix3_getRotationZ                              CMakeFiles\ddd.dir\ddd\3dmath.c.obj
                                                  CMakeFiles\ddd.dir\ddd\camera.c.obj
Matrix3_make                                      CMakeFiles\ddd.dir\ddd\3dmath.c.obj
Matrix3_makeTranslate                             CMakeFiles\ddd.dir\ddd\3dmath.c.obj
Matrix3_multiply                                  CMakeFiles\ddd.dir\ddd\3dmath.c.obj
Matrix4_apply                                     CMakeFiles\ddd.dir\ddd\3dmath.c.obj
                                                  CMakeFiles\ddd.dir\ddd\render.c.obj
                                                  CMakeFiles\ddd.dir\ddd\camera.c.obj
Matrix4_fromQuaternion                            CMakeFiles\ddd.dir\ddd\3dmath.c.obj
Matrix4_getRotationX                              CMakeFiles\ddd.dir\ddd\3dmath.c.obj
Matrix4_getRotationY                              CMakeFiles\ddd.dir\ddd\3dmath.c.obj
Matrix4_getRotationZ                              CMakeFiles\ddd.dir\ddd\3dmath.c.obj
Matrix4_getTransform                              CMakeFiles\ddd.dir\ddd\3dmath.c.obj
                                                  CMakeFiles\ddd.dir\ddd\render.c.obj
                                                  CMakeFiles\ddd.dir\ddd\gameobject.c.obj
PTR_Camera_worldToScreenPos                       CMakeFiles\ddd.dir\ddd\camera.c.obj
                                                  CMakeFiles\ddd.dir\ddd\render.c.obj
PTR_Matrix3_apply                                 CMakeFiles\ddd.dir\ddd\3dmath.c.obj
                                                  CMakeFiles\ddd.dir\ddd\render.c.obj
PTR_Matrix4_apply                                 CMakeFiles\ddd.dir\ddd\3dmath.c.obj
                                                  CMakeFiles\ddd.dir\ddd\camera.c.obj
SINE_GRADIENT                                     CMakeFiles\ddd.dir\src\main.c.obj
SINE_GRADIENT_OFFSET                              CMakeFiles\ddd.dir\src\main.c.obj
Scene_addGameObject                               CMakeFiles\ddd.dir\ddd\scene.c.obj
                                                  CMakeFiles\ddd.dir\src\main.c.obj
Scene_removeGameObject                            CMakeFiles\ddd.dir\ddd\scene.c.obj
Scene_update                                      CMakeFiles\ddd.dir\ddd\scene.c.obj
                                                  CMakeFiles\ddd.dir\src\main.c.obj
TestScene                                         CMakeFiles\ddd.dir\src\main.c.obj
Triangle_draw                                     CMakeFiles\ddd.dir\ddd\render.c.obj
Vector3_add                                       CMakeFiles\ddd.dir\ddd\3dmath.c.obj
                                                  CMakeFiles\ddd.dir\src\main.c.obj
Vector3_dot                                       CMakeFiles\ddd.dir\ddd\3dmath.c.obj
                                                  CMakeFiles\ddd.dir\ddd\render.c.obj
Vector3_getForward                                CMakeFiles\ddd.dir\ddd\3dmath.c.obj
                                                  CMakeFiles\ddd.dir\src\main.c.obj
Vector3_getLeft                                   CMakeFiles\ddd.dir\ddd\3dmath.c.obj
                                                  CMakeFiles\ddd.dir\src\main.c.obj
Vector3_getUp                                     CMakeFiles\ddd.dir\ddd\3dmath.c.obj
Vector3_length                                    CMakeFiles\ddd.dir\ddd\3dmath.c.obj
Vector3_lengthSquared                             CMakeFiles\ddd.dir\ddd\3dmath.c.obj
Vector3_make                                      CMakeFiles\ddd.dir\ddd\symbols.c.obj
                                                  CMakeFiles\ddd.dir\ddd\3dmath.c.obj
Vector3_multiply                                  CMakeFiles\ddd.dir\ddd\3dmath.c.obj
Vector3_multiplyScalar                            CMakeFiles\ddd.dir\ddd\3dmath.c.obj
                                                  CMakeFiles\ddd.dir\src\main.c.obj
Vector3_normalize                                 CMakeFiles\ddd.dir\ddd\3dmath.c.obj
Vector3_subtract                                  CMakeFiles\ddd.dir\ddd\3dmath.c.obj
                                                  CMakeFiles\ddd.dir\ddd\render.c.obj
YPlane_render                                     CMakeFiles\ddd.dir\ddd\render.c.obj
                                                  CMakeFiles\ddd.dir\src\main.c.obj
__fp_lock_all                                     C:/PROGRA~2/ARMGNU~1/13C7F1~1.2RE/bin/../lib/gcc/arm-none-eabi/13.2.1/thumb/v7e-m+fp/hard\libg.a(libc_a-findfp.o)
__fp_unlock_all                                   C:/PROGRA~2/ARMGNU~1/13C7F1~1.2RE/bin/../lib/gcc/arm-none-eabi/13.2.1/thumb/v7e-m+fp/hard\libg.a(libc_a-findfp.o)
__ieee754_rem_pio2f                               C:/PROGRA~2/ARMGNU~1/13C7F1~1.2RE/bin/../lib/gcc/arm-none-eabi/13.2.1/thumb/v7e-m+fp/hard\libm.a(libm_a-ef_rem_pio2.o)
                                                  C:/PROGRA~2/ARMGNU~1/13C7F1~1.2RE/bin/../lib/gcc/arm-none-eabi/13.2.1/thumb/v7e-m+fp/hard\libm.a(libm_a-sf_tan.o)
                                                  C:/PROGRA~2/ARMGNU~1/13C7F1~1.2RE/bin/../lib/gcc/arm-none-eabi/13.2.1/thumb/v7e-m+fp/hard\libm.a(libm_a-sf_sin.o)
                                                  C:/PROGRA~2/ARMGNU~1/13C7F1~1.2RE/bin/../lib/gcc/arm-none-eabi/13.2.1/thumb/v7e-m+fp/hard\libm.a(libm_a-sf_cos.o)
__kernel_cosf                                     C:/PROGRA~2/ARMGNU~1/13C7F1~1.2RE/bin/../lib/gcc/arm-none-eabi/13.2.1/thumb/v7e-m+fp/hard\libm.a(libm_a-kf_cos.o)
                                                  C:/PROGRA~2/ARMGNU~1/13C7F1~1.2RE/bin/../lib/gcc/arm-none-eabi/13.2.1/thumb/v7e-m+fp/hard\libm.a(libm_a-sf_sin.o)
                                                  C:/PROGRA~2/ARMGNU~1/13C7F1~1.2RE/bin/../lib/gcc/arm-none-eabi/13.2.1/thumb/v7e-m+fp/hard\libm.a(libm_a-sf_cos.o)
__kernel_rem_pio2f                                C:/PROGRA~2/ARMGNU~1/13C7F1~1.2RE/bin/../lib/gcc/arm-none-eabi/13.2.1/thumb/v7e-m+fp/hard\libm.a(libm_a-kf_rem_pio2.o)
                                                  C:/PROGRA~2/ARMGNU~1/13C7F1~1.2RE/bin/../lib/gcc/arm-none-eabi/13.2.1/thumb/v7e-m+fp/hard\libm.a(libm_a-ef_rem_pio2.o)
__kernel_sinf                                     C:/PROGRA~2/ARMGNU~1/13C7F1~1.2RE/bin/../lib/gcc/arm-none-eabi/13.2.1/thumb/v7e-m+fp/hard\libm.a(libm_a-kf_sin.o)
                                                  C:/PROGRA~2/ARMGNU~1/13C7F1~1.2RE/bin/../lib/gcc/arm-none-eabi/13.2.1/thumb/v7e-m+fp/hard\libm.a(libm_a-sf_sin.o)
                                                  C:/PROGRA~2/ARMGNU~1/13C7F1~1.2RE/bin/../lib/gcc/arm-none-eabi/13.2.1/thumb/v7e-m+fp/hard\libm.a(libm_a-sf_cos.o)
__kernel_tanf                                     C:/PROGRA~2/ARMGNU~1/13C7F1~1.2RE/bin/../lib/gcc/arm-none-eabi/13.2.1/thumb/v7e-m+fp/hard\libm.a(libm_a-kf_tan.o)
                                                  C:/PROGRA~2/ARMGNU~1/13C7F1~1.2RE/bin/../lib/gcc/arm-none-eabi/13.2.1/thumb/v7e-m+fp/hard\libm.a(libm_a-sf_tan.o)
__lock___arc4random_mutex                         C:/PROGRA~2/ARMGNU~1/13C7F1~1.2RE/bin/../lib/gcc/arm-none-eabi/13.2.1/thumb/v7e-m+fp/hard\libg.a(libc_a-lock.o)
__lock___at_quick_exit_mutex                      C:/PROGRA~2/ARMGNU~1/13C7F1~1.2RE/bin/../lib/gcc/arm-none-eabi/13.2.1/thumb/v7e-m+fp/hard\libg.a(libc_a-lock.o)
__lock___atexit_recursive_mutex                   C:/PROGRA~2/ARMGNU~1/13C7F1~1.2RE/bin/../lib/gcc/arm-none-eabi/13.2.1/thumb/v7e-m+fp/hard\libg.a(libc_a-lock.o)
__lock___dd_hash_mutex                            C:/PROGRA~2/ARMGNU~1/13C7F1~1.2RE/bin/../lib/gcc/arm-none-eabi/13.2.1/thumb/v7e-m+fp/hard\libg.a(libc_a-lock.o)
__lock___env_recursive_mutex                      C:/PROGRA~2/ARMGNU~1/13C7F1~1.2RE/bin/../lib/gcc/arm-none-eabi/13.2.1/thumb/v7e-m+fp/hard\libg.a(libc_a-lock.o)
__lock___malloc_recursive_mutex                   C:/PROGRA~2/ARMGNU~1/13C7F1~1.2RE/bin/../lib/gcc/arm-none-eabi/13.2.1/thumb/v7e-m+fp/hard\libg.a(libc_a-lock.o)
__lock___sfp_recursive_mutex                      C:/PROGRA~2/ARMGNU~1/13C7F1~1.2RE/bin/../lib/gcc/arm-none-eabi/13.2.1/thumb/v7e-m+fp/hard\libg.a(libc_a-lock.o)
                                                  C:/PROGRA~2/ARMGNU~1/13C7F1~1.2RE/bin/../lib/gcc/arm-none-eabi/13.2.1/thumb/v7e-m+fp/hard\libg.a(libc_a-findfp.o)
__lock___tz_mutex                                 C:/PROGRA~2/ARMGNU~1/13C7F1~1.2RE/bin/../lib/gcc/arm-none-eabi/13.2.1/thumb/v7e-m+fp/hard\libg.a(libc_a-lock.o)
__retarget_lock_acquire                           C:/PROGRA~2/ARMGNU~1/13C7F1~1.2RE/bin/../lib/gcc/arm-none-eabi/13.2.1/thumb/v7e-m+fp/hard\libg.a(libc_a-lock.o)
__retarget_lock_acquire_recursive                 C:/PROGRA~2/ARMGNU~1/13C7F1~1.2RE/bin/../lib/gcc/arm-none-eabi/13.2.1/thumb/v7e-m+fp/hard\libg.a(libc_a-lock.o)
                                                  C:/PROGRA~2/ARMGNU~1/13C7F1~1.2RE/bin/../lib/gcc/arm-none-eabi/13.2.1/thumb/v7e-m+fp/hard\libg.a(libc_a-fflush.o)
                                                  C:/PROGRA~2/ARMGNU~1/13C7F1~1.2RE/bin/../lib/gcc/arm-none-eabi/13.2.1/thumb/v7e-m+fp/hard\libg.a(libc_a-fclose.o)
                                                  C:/PROGRA~2/ARMGNU~1/13C7F1~1.2RE/bin/../lib/gcc/arm-none-eabi/13.2.1/thumb/v7e-m+fp/hard\libg.a(libc_a-findfp.o)
__retarget_lock_close                             C:/PROGRA~2/ARMGNU~1/13C7F1~1.2RE/bin/../lib/gcc/arm-none-eabi/13.2.1/thumb/v7e-m+fp/hard\libg.a(libc_a-lock.o)
__retarget_lock_close_recursive                   C:/PROGRA~2/ARMGNU~1/13C7F1~1.2RE/bin/../lib/gcc/arm-none-eabi/13.2.1/thumb/v7e-m+fp/hard\libg.a(libc_a-lock.o)
                                                  C:/PROGRA~2/ARMGNU~1/13C7F1~1.2RE/bin/../lib/gcc/arm-none-eabi/13.2.1/thumb/v7e-m+fp/hard\libg.a(libc_a-fclose.o)
__retarget_lock_init                              C:/PROGRA~2/ARMGNU~1/13C7F1~1.2RE/bin/../lib/gcc/arm-none-eabi/13.2.1/thumb/v7e-m+fp/hard\libg.a(libc_a-lock.o)
__retarget_lock_init_recursive                    C:/PROGRA~2/ARMGNU~1/13C7F1~1.2RE/bin/../lib/gcc/arm-none-eabi/13.2.1/thumb/v7e-m+fp/hard\libg.a(libc_a-lock.o)
                                                  C:/PROGRA~2/ARMGNU~1/13C7F1~1.2RE/bin/../lib/gcc/arm-none-eabi/13.2.1/thumb/v7e-m+fp/hard\libg.a(libc_a-findfp.o)
__retarget_lock_release                           C:/PROGRA~2/ARMGNU~1/13C7F1~1.2RE/bin/../lib/gcc/arm-none-eabi/13.2.1/thumb/v7e-m+fp/hard\libg.a(libc_a-lock.o)
__retarget_lock_release_recursive                 C:/PROGRA~2/ARMGNU~1/13C7F1~1.2RE/bin/../lib/gcc/arm-none-eabi/13.2.1/thumb/v7e-m+fp/hard\libg.a(libc_a-lock.o)
                                                  C:/PROGRA~2/ARMGNU~1/13C7F1~1.2RE/bin/../lib/gcc/arm-none-eabi/13.2.1/thumb/v7e-m+fp/hard\libg.a(libc_a-fflush.o)
                                                  C:/PROGRA~2/ARMGNU~1/13C7F1~1.2RE/bin/../lib/gcc/arm-none-eabi/13.2.1/thumb/v7e-m+fp/hard\libg.a(libc_a-fclose.o)
                                                  C:/PROGRA~2/ARMGNU~1/13C7F1~1.2RE/bin/../lib/gcc/arm-none-eabi/13.2.1/thumb/v7e-m+fp/hard\libg.a(libc_a-findfp.o)
__retarget_lock_try_acquire                       C:/PROGRA~2/ARMGNU~1/13C7F1~1.2RE/bin/../lib/gcc/arm-none-eabi/13.2.1/thumb/v7e-m+fp/hard\libg.a(libc_a-lock.o)
__retarget_lock_try_acquire_recursive             C:/PROGRA~2/ARMGNU~1/13C7F1~1.2RE/bin/../lib/gcc/arm-none-eabi/13.2.1/thumb/v7e-m+fp/hard\libg.a(libc_a-lock.o)
__sclose                                          C:/PROGRA~2/ARMGNU~1/13C7F1~1.2RE/bin/../lib/gcc/arm-none-eabi/13.2.1/thumb/v7e-m+fp/hard\libg.a(libc_a-stdio.o)
                                                  C:/PROGRA~2/ARMGNU~1/13C7F1~1.2RE/bin/../lib/gcc/arm-none-eabi/13.2.1/thumb/v7e-m+fp/hard\libg.a(libc_a-findfp.o)
__seofread                                        C:/PROGRA~2/ARMGNU~1/13C7F1~1.2RE/bin/../lib/gcc/arm-none-eabi/13.2.1/thumb/v7e-m+fp/hard\libg.a(libc_a-stdio.o)
__sf                                              C:/PROGRA~2/ARMGNU~1/13C7F1~1.2RE/bin/../lib/gcc/arm-none-eabi/13.2.1/thumb/v7e-m+fp/hard\libg.a(libc_a-findfp.o)
                                                  C:/PROGRA~2/ARMGNU~1/13C7F1~1.2RE/bin/../lib/gcc/arm-none-eabi/13.2.1/thumb/v7e-m+fp/hard\libg.a(libc_a-impure.o)
__sflush_r                                        C:/PROGRA~2/ARMGNU~1/13C7F1~1.2RE/bin/../lib/gcc/arm-none-eabi/13.2.1/thumb/v7e-m+fp/hard\libg.a(libc_a-fflush.o)
                                                  C:/PROGRA~2/ARMGNU~1/13C7F1~1.2RE/bin/../lib/gcc/arm-none-eabi/13.2.1/thumb/v7e-m+fp/hard\libg.a(libc_a-fclose.o)
__sfp                                             C:/PROGRA~2/ARMGNU~1/13C7F1~1.2RE/bin/../lib/gcc/arm-none-eabi/13.2.1/thumb/v7e-m+fp/hard\libg.a(libc_a-findfp.o)
__sfp_lock_acquire                                C:/PROGRA~2/ARMGNU~1/13C7F1~1.2RE/bin/../lib/gcc/arm-none-eabi/13.2.1/thumb/v7e-m+fp/hard\libg.a(libc_a-findfp.o)
                                                  C:/PROGRA~2/ARMGNU~1/13C7F1~1.2RE/bin/../lib/gcc/arm-none-eabi/13.2.1/thumb/v7e-m+fp/hard\libg.a(libc_a-fclose.o)
__sfp_lock_release                                C:/PROGRA~2/ARMGNU~1/13C7F1~1.2RE/bin/../lib/gcc/arm-none-eabi/13.2.1/thumb/v7e-m+fp/hard\libg.a(libc_a-findfp.o)
                                                  C:/PROGRA~2/ARMGNU~1/13C7F1~1.2RE/bin/../lib/gcc/arm-none-eabi/13.2.1/thumb/v7e-m+fp/hard\libg.a(libc_a-fclose.o)
__sglue                                           C:/PROGRA~2/ARMGNU~1/13C7F1~1.2RE/bin/../lib/gcc/arm-none-eabi/13.2.1/thumb/v7e-m+fp/hard\libg.a(libc_a-findfp.o)
                                                  C:/PROGRA~2/ARMGNU~1/13C7F1~1.2RE/bin/../lib/gcc/arm-none-eabi/13.2.1/thumb/v7e-m+fp/hard\libg.a(libc_a-fflush.o)
__sinit                                           C:/PROGRA~2/ARMGNU~1/13C7F1~1.2RE/bin/../lib/gcc/arm-none-eabi/13.2.1/thumb/v7e-m+fp/hard\libg.a(libc_a-findfp.o)
                                                  C:/PROGRA~2/ARMGNU~1/13C7F1~1.2RE/bin/../lib/gcc/arm-none-eabi/13.2.1/thumb/v7e-m+fp/hard\libg.a(libc_a-fflush.o)
                                                  C:/PROGRA~2/ARMGNU~1/13C7F1~1.2RE/bin/../lib/gcc/arm-none-eabi/13.2.1/thumb/v7e-m+fp/hard\libg.a(libc_a-fclose.o)
__sread                                           C:/PROGRA~2/ARMGNU~1/13C7F1~1.2RE/bin/../lib/gcc/arm-none-eabi/13.2.1/thumb/v7e-m+fp/hard\libg.a(libc_a-stdio.o)
                                                  C:/PROGRA~2/ARMGNU~1/13C7F1~1.2RE/bin/../lib/gcc/arm-none-eabi/13.2.1/thumb/v7e-m+fp/hard\libg.a(libc_a-findfp.o)
__sseek                                           C:/PROGRA~2/ARMGNU~1/13C7F1~1.2RE/bin/../lib/gcc/arm-none-eabi/13.2.1/thumb/v7e-m+fp/hard\libg.a(libc_a-stdio.o)
                                                  C:/PROGRA~2/ARMGNU~1/13C7F1~1.2RE/bin/../lib/gcc/arm-none-eabi/13.2.1/thumb/v7e-m+fp/hard\libg.a(libc_a-findfp.o)
__stdio_exit_handler                              C:/PROGRA~2/ARMGNU~1/13C7F1~1.2RE/bin/../lib/gcc/arm-none-eabi/13.2.1/thumb/v7e-m+fp/hard\libg.a(libc_a-findfp.o)
__swrite                                          C:/PROGRA~2/ARMGNU~1/13C7F1~1.2RE/bin/../lib/gcc/arm-none-eabi/13.2.1/thumb/v7e-m+fp/hard\libg.a(libc_a-stdio.o)
                                                  C:/PROGRA~2/ARMGNU~1/13C7F1~1.2RE/bin/../lib/gcc/arm-none-eabi/13.2.1/thumb/v7e-m+fp/hard\libg.a(libc_a-findfp.o)
_close                                            C:/PROGRA~2/ARMGNU~1/13C7F1~1.2RE/bin/../lib/gcc/arm-none-eabi/13.2.1/thumb/v7e-m+fp/hard\libg.a(libc_a-closer.o)
_close_r                                          C:/PROGRA~2/ARMGNU~1/13C7F1~1.2RE/bin/../lib/gcc/arm-none-eabi/13.2.1/thumb/v7e-m+fp/hard\libg.a(libc_a-closer.o)
                                                  C:/PROGRA~2/ARMGNU~1/13C7F1~1.2RE/bin/../lib/gcc/arm-none-eabi/13.2.1/thumb/v7e-m+fp/hard\libg.a(libc_a-stdio.o)
_edge                                             CMakeFiles\ddd.dir\ddd\render.c.obj
_fclose_r                                         C:/PROGRA~2/ARMGNU~1/13C7F1~1.2RE/bin/../lib/gcc/arm-none-eabi/13.2.1/thumb/v7e-m+fp/hard\libg.a(libc_a-fclose.o)
                                                  C:/PROGRA~2/ARMGNU~1/13C7F1~1.2RE/bin/../lib/gcc/arm-none-eabi/13.2.1/thumb/v7e-m+fp/hard\libg.a(libc_a-findfp.o)
_fflush_r                                         C:/PROGRA~2/ARMGNU~1/13C7F1~1.2RE/bin/../lib/gcc/arm-none-eabi/13.2.1/thumb/v7e-m+fp/hard\libg.a(libc_a-fflush.o)
_free_r                                           CMakeFiles\ddd.dir\C_\Users\shrin\Documents\PlaydateSDK\C_API\buildsupport\setup.c.obj
                                                  C:/PROGRA~2/ARMGNU~1/13C7F1~1.2RE/bin/../lib/gcc/arm-none-eabi/13.2.1/thumb/v7e-m+fp/hard\libg.a(libc_a-fflush.o)
                                                  C:/PROGRA~2/ARMGNU~1/13C7F1~1.2RE/bin/../lib/gcc/arm-none-eabi/13.2.1/thumb/v7e-m+fp/hard\libg.a(libc_a-fclose.o)
                                                  C:/PROGRA~2/ARMGNU~1/13C7F1~1.2RE/bin/../lib/gcc/arm-none-eabi/13.2.1/thumb/v7e-m+fp/hard\libg.a(libc_a-reent.o)
                                                  C:/PROGRA~2/ARMGNU~1/13C7F1~1.2RE/bin/../lib/gcc/arm-none-eabi/13.2.1/thumb/v7e-m+fp/hard\libg.a(libc_a-malloc.o)
_fwalk_sglue                                      C:/PROGRA~2/ARMGNU~1/13C7F1~1.2RE/bin/../lib/gcc/arm-none-eabi/13.2.1/thumb/v7e-m+fp/hard\libg.a(libc_a-fwalk.o)
                                                  C:/PROGRA~2/ARMGNU~1/13C7F1~1.2RE/bin/../lib/gcc/arm-none-eabi/13.2.1/thumb/v7e-m+fp/hard\libg.a(libc_a-fflush.o)
                                                  C:/PROGRA~2/ARMGNU~1/13C7F1~1.2RE/bin/../lib/gcc/arm-none-eabi/13.2.1/thumb/v7e-m+fp/hard\libg.a(libc_a-findfp.o)
_impure_data                                      C:/PROGRA~2/ARMGNU~1/13C7F1~1.2RE/bin/../lib/gcc/arm-none-eabi/13.2.1/thumb/v7e-m+fp/hard\libg.a(libc_a-impure.o)
                                                  C:/PROGRA~2/ARMGNU~1/13C7F1~1.2RE/bin/../lib/gcc/arm-none-eabi/13.2.1/thumb/v7e-m+fp/hard\libg.a(libc_a-fflush.o)
                                                  C:/PROGRA~2/ARMGNU~1/13C7F1~1.2RE/bin/../lib/gcc/arm-none-eabi/13.2.1/thumb/v7e-m+fp/hard\libg.a(libc_a-findfp.o)
_impure_ptr                                       C:/PROGRA~2/ARMGNU~1/13C7F1~1.2RE/bin/../lib/gcc/arm-none-eabi/13.2.1/thumb/v7e-m+fp/hard\libg.a(libc_a-impure.o)
                                                  C:/PROGRA~2/ARMGNU~1/13C7F1~1.2RE/bin/../lib/gcc/arm-none-eabi/13.2.1/thumb/v7e-m+fp/hard\libg.a(libc_a-fflush.o)
                                                  C:/PROGRA~2/ARMGNU~1/13C7F1~1.2RE/bin/../lib/gcc/arm-none-eabi/13.2.1/thumb/v7e-m+fp/hard\libg.a(libc_a-fclose.o)
                                                  C:/PROGRA~2/ARMGNU~1/13C7F1~1.2RE/bin/../lib/gcc/arm-none-eabi/13.2.1/thumb/v7e-m+fp/hard\libg.a(libc_a-reent.o)
                                                  C:/PROGRA~2/ARMGNU~1/13C7F1~1.2RE/bin/../lib/gcc/arm-none-eabi/13.2.1/thumb/v7e-m+fp/hard\libg.a(libc_a-malloc.o)
_lseek                                            C:/PROGRA~2/ARMGNU~1/13C7F1~1.2RE/bin/../lib/gcc/arm-none-eabi/13.2.1/thumb/v7e-m+fp/hard\libg.a(libc_a-lseekr.o)
_lseek_r                                          C:/PROGRA~2/ARMGNU~1/13C7F1~1.2RE/bin/../lib/gcc/arm-none-eabi/13.2.1/thumb/v7e-m+fp/hard\libg.a(libc_a-lseekr.o)
                                                  C:/PROGRA~2/ARMGNU~1/13C7F1~1.2RE/bin/../lib/gcc/arm-none-eabi/13.2.1/thumb/v7e-m+fp/hard\libg.a(libc_a-stdio.o)
_malloc_r                                         CMakeFiles\ddd.dir\C_\Users\shrin\Documents\PlaydateSDK\C_API\buildsupport\setup.c.obj
                                                  C:/PROGRA~2/ARMGNU~1/13C7F1~1.2RE/bin/../lib/gcc/arm-none-eabi/13.2.1/thumb/v7e-m+fp/hard\libg.a(libc_a-findfp.o)
                                                  C:/PROGRA~2/ARMGNU~1/13C7F1~1.2RE/bin/../lib/gcc/arm-none-eabi/13.2.1/thumb/v7e-m+fp/hard\libg.a(libc_a-malloc.o)
_read                                             C:/PROGRA~2/ARMGNU~1/13C7F1~1.2RE/bin/../lib/gcc/arm-none-eabi/13.2.1/thumb/v7e-m+fp/hard\libg.a(libc_a-readr.o)
_read_r                                           C:/PROGRA~2/ARMGNU~1/13C7F1~1.2RE/bin/../lib/gcc/arm-none-eabi/13.2.1/thumb/v7e-m+fp/hard\libg.a(libc_a-readr.o)
                                                  C:/PROGRA~2/ARMGNU~1/13C7F1~1.2RE/bin/../lib/gcc/arm-none-eabi/13.2.1/thumb/v7e-m+fp/hard\libg.a(libc_a-stdio.o)
_realloc_r                                        CMakeFiles\ddd.dir\C_\Users\shrin\Documents\PlaydateSDK\C_API\buildsupport\setup.c.obj
_reclaim_reent                                    C:/PROGRA~2/ARMGNU~1/13C7F1~1.2RE/bin/../lib/gcc/arm-none-eabi/13.2.1/thumb/v7e-m+fp/hard\libg.a(libc_a-reent.o)
_write                                            C:/PROGRA~2/ARMGNU~1/13C7F1~1.2RE/bin/../lib/gcc/arm-none-eabi/13.2.1/thumb/v7e-m+fp/hard\libg.a(libc_a-writer.o)
_write_r                                          C:/PROGRA~2/ARMGNU~1/13C7F1~1.2RE/bin/../lib/gcc/arm-none-eabi/13.2.1/thumb/v7e-m+fp/hard\libg.a(libc_a-writer.o)
                                                  C:/PROGRA~2/ARMGNU~1/13C7F1~1.2RE/bin/../lib/gcc/arm-none-eabi/13.2.1/thumb/v7e-m+fp/hard\libg.a(libc_a-stdio.o)
api_drawFragment                                  CMakeFiles\ddd.dir\ddd\render.c.obj
api_drawMaskPattern                               CMakeFiles\ddd.dir\ddd\render.c.obj
api_fillRange                                     CMakeFiles\ddd.dir\ddd\render.c.obj
api_fillTriangle                                  CMakeFiles\ddd.dir\ddd\render.c.obj
api_slope                                         CMakeFiles\ddd.dir\ddd\render.c.obj
api_swap                                          CMakeFiles\ddd.dir\ddd\render.c.obj
blahaj_tri                                        CMakeFiles\ddd.dir\src\main.c.obj
bluenoise_table                                   CMakeFiles\ddd.dir\ddd\render.c.obj
camera_default                                    CMakeFiles\ddd.dir\src\main.c.obj
camera_update                                     CMakeFiles\ddd.dir\src\main.c.obj
camera_velocity                                   CMakeFiles\ddd.dir\src\main.c.obj
compare_zdepth                                    CMakeFiles\ddd.dir\ddd\render.c.obj
cosf                                              C:/PROGRA~2/ARMGNU~1/13C7F1~1.2RE/bin/../lib/gcc/arm-none-eabi/13.2.1/thumb/v7e-m+fp/hard\libm.a(libm_a-sf_cos.o)
                                                  CMakeFiles\ddd.dir\ddd\3dmath.c.obj
cube2                                             CMakeFiles\ddd.dir\src\main.c.obj
cube2_update                                      CMakeFiles\ddd.dir\src\main.c.obj
cube_update                                       CMakeFiles\ddd.dir\src\main.c.obj
errno                                             C:/PROGRA~2/ARMGNU~1/13C7F1~1.2RE/bin/../lib/gcc/arm-none-eabi/13.2.1/thumb/v7e-m+fp/hard\libg.a(libc_a-reent.o)
                                                  C:/PROGRA~2/ARMGNU~1/13C7F1~1.2RE/bin/../lib/gcc/arm-none-eabi/13.2.1/thumb/v7e-m+fp/hard\libg.a(libc_a-writer.o)
                                                  C:/PROGRA~2/ARMGNU~1/13C7F1~1.2RE/bin/../lib/gcc/arm-none-eabi/13.2.1/thumb/v7e-m+fp/hard\libg.a(libc_a-readr.o)
                                                  C:/PROGRA~2/ARMGNU~1/13C7F1~1.2RE/bin/../lib/gcc/arm-none-eabi/13.2.1/thumb/v7e-m+fp/hard\libg.a(libc_a-lseekr.o)
                                                  C:/PROGRA~2/ARMGNU~1/13C7F1~1.2RE/bin/../lib/gcc/arm-none-eabi/13.2.1/thumb/v7e-m+fp/hard\libg.a(libc_a-closer.o)
eventHandler                                      CMakeFiles\ddd.dir\src\main.c.obj
                                                  CMakeFiles\ddd.dir\C_\Users\shrin\Documents\PlaydateSDK\C_API\buildsupport\setup.c.obj
eventHandlerShim                                  CMakeFiles\ddd.dir\C_\Users\shrin\Documents\PlaydateSDK\C_API\buildsupport\setup.c.obj
fabsf                                             C:/PROGRA~2/ARMGNU~1/13C7F1~1.2RE/bin/../lib/gcc/arm-none-eabi/13.2.1/thumb/v7e-m+fp/hard\libm.a(libm_a-sf_fabs.o)
                                                  C:/PROGRA~2/ARMGNU~1/13C7F1~1.2RE/bin/../lib/gcc/arm-none-eabi/13.2.1/thumb/v7e-m+fp/hard\libm.a(libm_a-ef_rem_pio2.o)
                                                  C:/PROGRA~2/ARMGNU~1/13C7F1~1.2RE/bin/../lib/gcc/arm-none-eabi/13.2.1/thumb/v7e-m+fp/hard\libm.a(libm_a-kf_tan.o)
fclose                                            C:/PROGRA~2/ARMGNU~1/13C7F1~1.2RE/bin/../lib/gcc/arm-none-eabi/13.2.1/thumb/v7e-m+fp/hard\libg.a(libc_a-fclose.o)
fflush                                            C:/PROGRA~2/ARMGNU~1/13C7F1~1.2RE/bin/../lib/gcc/arm-none-eabi/13.2.1/thumb/v7e-m+fp/hard\libg.a(libc_a-fflush.o)
fish2                                             CMakeFiles\ddd.dir\src\main.c.obj
floorf                                            C:/PROGRA~2/ARMGNU~1/13C7F1~1.2RE/bin/../lib/gcc/arm-none-eabi/13.2.1/thumb/v7e-m+fp/hard\libm.a(libm_a-sf_floor.o)
                                                  C:/PROGRA~2/ARMGNU~1/13C7F1~1.2RE/bin/../lib/gcc/arm-none-eabi/13.2.1/thumb/v7e-m+fp/hard\libm.a(libm_a-kf_rem_pio2.o)
font                                              CMakeFiles\ddd.dir\src\main.c.obj
fontpath                                          CMakeFiles\ddd.dir\src\main.c.obj
frame                                             CMakeFiles\ddd.dir\src\main.c.obj
free                                              C:/PROGRA~2/ARMGNU~1/13C7F1~1.2RE/bin/../lib/gcc/arm-none-eabi/13.2.1/thumb/v7e-m+fp/hard\libg.a(libc_a-malloc.o)
goodfish                                          CMakeFiles\ddd.dir\src\main.c.obj
grid_points                                       CMakeFiles\ddd.dir\ddd\render.c.obj
handleButtons                                     CMakeFiles\ddd.dir\src\main.c.obj
isBackward                                        CMakeFiles\ddd.dir\src\main.c.obj
isDown                                            CMakeFiles\ddd.dir\src\main.c.obj
isForward                                         CMakeFiles\ddd.dir\src\main.c.obj
isLeft                                            CMakeFiles\ddd.dir\src\main.c.obj
isRight                                           CMakeFiles\ddd.dir\src\main.c.obj
isRotateLeft                                      CMakeFiles\ddd.dir\src\main.c.obj
isRotateRight                                     CMakeFiles\ddd.dir\src\main.c.obj
isUp                                              CMakeFiles\ddd.dir\src\main.c.obj
loadScene                                         CMakeFiles\ddd.dir\src\main.c.obj
malloc                                            C:/PROGRA~2/ARMGNU~1/13C7F1~1.2RE/bin/../lib/gcc/arm-none-eabi/13.2.1/thumb/v7e-m+fp/hard\libg.a(libc_a-malloc.o)
                                                  CMakeFiles\ddd.dir\src\main.c.obj
memset                                            C:/PROGRA~2/ARMGNU~1/13C7F1~1.2RE/bin/../lib/gcc/arm-none-eabi/13.2.1/thumb/v7e-m+fp/hard\libg.a(libc_a-memset.o)
                                                  C:/PROGRA~2/ARMGNU~1/13C7F1~1.2RE/bin/../lib/gcc/arm-none-eabi/13.2.1/thumb/v7e-m+fp/hard\libg.a(libc_a-findfp.o)
                                                  CMakeFiles\ddd.dir\ddd\render.c.obj
                                                  CMakeFiles\ddd.dir\ddd\camera.c.obj
                                                  CMakeFiles\ddd.dir\ddd\3dmath.c.obj
mesh_cube                                         CMakeFiles\ddd.dir\src\main.c.obj
object_cube                                       CMakeFiles\ddd.dir\src\main.c.obj
object_cube2                                      CMakeFiles\ddd.dir\src\main.c.obj
object_terrain                                    CMakeFiles\ddd.dir\src\main.c.obj
object_test                                       CMakeFiles\ddd.dir\src\main.c.obj
object_test2                                      CMakeFiles\ddd.dir\src\main.c.obj
object_test3                                      CMakeFiles\ddd.dir\src\main.c.obj
pd                                                CMakeFiles\ddd.dir\src\main.c.obj
pnormal                                           CMakeFiles\ddd.dir\ddd\3dmath.c.obj
                                                  CMakeFiles\ddd.dir\ddd\render.c.obj
qsort                                             C:/PROGRA~2/ARMGNU~1/13C7F1~1.2RE/bin/../lib/gcc/arm-none-eabi/13.2.1/thumb/v7e-m+fp/hard\libg.a(libc_a-qsort.o)
                                                  CMakeFiles\ddd.dir\ddd\render.c.obj
scalbnf                                           C:/PROGRA~2/ARMGNU~1/13C7F1~1.2RE/bin/../lib/gcc/arm-none-eabi/13.2.1/thumb/v7e-m+fp/hard\libm.a(libm_a-sf_scalbn.o)
                                                  C:/PROGRA~2/ARMGNU~1/13C7F1~1.2RE/bin/../lib/gcc/arm-none-eabi/13.2.1/thumb/v7e-m+fp/hard\libm.a(libm_a-kf_rem_pio2.o)
sinf                                              C:/PROGRA~2/ARMGNU~1/13C7F1~1.2RE/bin/../lib/gcc/arm-none-eabi/13.2.1/thumb/v7e-m+fp/hard\libm.a(libm_a-sf_sin.o)
                                                  CMakeFiles\ddd.dir\ddd\3dmath.c.obj
                                                  CMakeFiles\ddd.dir\src\main.c.obj
sortTri                                           CMakeFiles\ddd.dir\ddd\render.c.obj
tanf                                              C:/PROGRA~2/ARMGNU~1/13C7F1~1.2RE/bin/../lib/gcc/arm-none-eabi/13.2.1/thumb/v7e-m+fp/hard\libm.a(libm_a-sf_tan.o)
                                                  CMakeFiles\ddd.dir\ddd\camera.c.obj
terrain1                                          CMakeFiles\ddd.dir\src\main.c.obj
terrain_update                                    CMakeFiles\ddd.dir\src\main.c.obj
test2_update                                      CMakeFiles\ddd.dir\src\main.c.obj
test3_update                                      CMakeFiles\ddd.dir\src\main.c.obj
test_scene_init                                   CMakeFiles\ddd.dir\src\main.c.obj
test_scene_update                                 CMakeFiles\ddd.dir\src\main.c.obj
test_update                                       CMakeFiles\ddd.dir\src\main.c.obj
test_vertShader                                   CMakeFiles\ddd.dir\src\main.c.obj
toa_head                                          CMakeFiles\ddd.dir\src\main.c.obj
